2026-03-13T17:10:45.7560260Z (Worker pid=399) WARNING 03-13 17:10:45 [__init__.py:204] min_p and logit_bias parameters won't work with speculative decoding.
2026-03-13T17:10:45.7640377Z (Worker pid=399) INFO 03-13 17:10:45 [base.py:106] Offloader set to NoopOffloader
2026-03-13T17:10:45.7753404Z (Worker pid=399) WARNING 03-13 17:10:45 [__init__.py:204] min_p and logit_bias parameters won't work with speculative decoding.
2026-03-13T17:10:45.7780698Z (Worker pid=399) (Worker_DP0_TP2_EP2 pid=399) INFO 03-13 17:10:45 [model_runner_v1.py:2512] Starting to load model /root/.cache/modelscope/hub/models/vllm-ascend/DeepSeek-V3___2-W8A8...
2026-03-13T17:10:45.8161450Z (Worker pid=821) INFO 03-13 17:10:45 [cpu_binding.py:320] [cpu_bind_mode] mode=global_slice rank=6 visible_npus=[8, 9, 10, 11, 12, 13, 14, 15]
2026-03-13T17:10:45.8171297Z (Worker pid=821) INFO 03-13 17:10:45 [cpu_binding.py:367] The CPU allocation plan is as follows:
2026-03-13T17:10:45.8182622Z (Worker pid=821) INFO 03-13 17:10:45 [cpu_binding.py:372] NPU14: main=[282 283 284 285 286 287 288 289 290 291 292 293 294 295 296 297]  acl=[298]  release=[[299]]
2026-03-13T17:10:45.8713489Z (Worker pid=821) INFO 03-13 17:10:45 [cpu_binding.py:383] The 'migratepages' command is not available, skipping memory binding.
2026-03-13T17:10:45.9008532Z (Worker pid=821) WARNING 03-13 17:10:45 [__init__.py:204] min_p and logit_bias parameters won't work with speculative decoding.
2026-03-13T17:10:45.9074864Z (Worker pid=821) INFO 03-13 17:10:45 [base.py:106] Offloader set to NoopOffloader
2026-03-13T17:10:45.9104855Z (Worker pid=607) INFO 03-13 17:10:45 [cpu_binding.py:320] [cpu_bind_mode] mode=global_slice rank=4 visible_npus=[8, 9, 10, 11, 12, 13, 14, 15]
2026-03-13T17:10:45.9117084Z (Worker pid=607) INFO 03-13 17:10:45 [cpu_binding.py:367] The CPU allocation plan is as follows:
2026-03-13T17:10:45.9128170Z (Worker pid=607) INFO 03-13 17:10:45 [cpu_binding.py:372] NPU12: main=[242 243 244 245 246 247 248 249 250 251 252 253 254 255 256 257]  acl=[258]  release=[[259]]
2026-03-13T17:10:45.9218363Z (Worker pid=821) WARNING 03-13 17:10:45 [__init__.py:204] min_p and logit_bias parameters won't work with speculative decoding.
2026-03-13T17:10:45.9230824Z (Worker pid=821) (Worker_DP1_TP6_EP14 pid=821) INFO 03-13 17:10:45 [model_runner_v1.py:2512] Starting to load model /root/.cache/modelscope/hub/models/vllm-ascend/DeepSeek-V3___2-W8A8...
2026-03-13T17:10:45.9510481Z (Worker pid=501) INFO 03-13 17:10:45 [cpu_binding.py:320] [cpu_bind_mode] mode=global_slice rank=3 visible_npus=[8, 9, 10, 11, 12, 13, 14, 15]
2026-03-13T17:10:45.9533161Z (Worker pid=501) INFO 03-13 17:10:45 [cpu_binding.py:367] The CPU allocation plan is as follows:
2026-03-13T17:10:45.9543793Z (Worker pid=501) INFO 03-13 17:10:45 [cpu_binding.py:372] NPU11: main=[222 223 224 225 226 227 228 229 230 231 232 233 234 235 236 237]  acl=[238]  release=[[239]]
2026-03-13T17:10:45.9674388Z (Worker pid=607) INFO 03-13 17:10:45 [cpu_binding.py:383] The 'migratepages' command is not available, skipping memory binding.
2026-03-13T17:10:46.0010292Z (Worker pid=607) WARNING 03-13 17:10:45 [__init__.py:204] min_p and logit_bias parameters won't work with speculative decoding.
2026-03-13T17:10:46.0041131Z (Worker pid=607) INFO 03-13 17:10:46 [base.py:106] Offloader set to NoopOffloader
2026-03-13T17:10:46.0126212Z (Worker pid=501) INFO 03-13 17:10:46 [cpu_binding.py:383] The 'migratepages' command is not available, skipping memory binding.
2026-03-13T17:10:46.0150016Z (Worker pid=607) WARNING 03-13 17:10:46 [__init__.py:204] min_p and logit_bias parameters won't work with speculative decoding.
2026-03-13T17:10:46.0168093Z (Worker pid=607) (Worker_DP1_TP4_EP12 pid=607) INFO 03-13 17:10:46 [model_runner_v1.py:2512] Starting to load model /root/.cache/modelscope/hub/models/vllm-ascend/DeepSeek-V3___2-W8A8...
2026-03-13T17:10:46.0625165Z (Worker pid=501) WARNING 03-13 17:10:46 [__init__.py:204] min_p and logit_bias parameters won't work with speculative decoding.
2026-03-13T17:10:46.0746437Z (Worker pid=501) INFO 03-13 17:10:46 [base.py:106] Offloader set to NoopOffloader
2026-03-13T17:10:46.0934105Z (Worker pid=501) WARNING 03-13 17:10:46 [__init__.py:204] min_p and logit_bias parameters won't work with speculative decoding.
2026-03-13T17:10:46.1088577Z (Worker pid=501) (Worker_DP1_TP3_EP11 pid=501) INFO 03-13 17:10:46 [model_runner_v1.py:2512] Starting to load model /root/.cache/modelscope/hub/models/vllm-ascend/DeepSeek-V3___2-W8A8...
2026-03-13T17:10:46.1349733Z (Worker pid=927) (Worker_DP0_TP7_EP7 pid=927) INFO 03-13 17:10:46 [layer.py:456] [EP Rank 7/32] Expert parallelism is enabled. Expert placement strategy: linear. Local/global number of experts: 8/256. Experts local to global index map: 0->56, 1->57, 2->58, 3->59, 4->60, 5->61, 6->62, 7->63.
2026-03-13T17:10:46.1424555Z (Worker pid=505) (Worker_DP0_TP3_EP3 pid=505) INFO 03-13 17:10:46 [layer.py:456] [EP Rank 3/32] Expert parallelism is enabled. Expert placement strategy: linear. Local/global number of experts: 8/256. Experts local to global index map: 0->24, 1->25, 2->26, 3->27, 4->28, 5->29, 6->30, 7->31.
2026-03-13T17:10:46.1599728Z (Worker pid=395) (Worker_DP1_TP2_EP10 pid=395) INFO 03-13 17:10:46 [layer.py:456] [EP Rank 10/32] Expert parallelism is enabled. Expert placement strategy: linear. Local/global number of experts: 8/256. Experts local to global index map: 0->80, 1->81, 2->82, 3->83, 4->84, 5->85, 6->86, 7->87.
2026-03-13T17:10:46.2919704Z (Worker pid=230) INFO 03-13 17:10:46 [cpu_binding.py:320] [cpu_bind_mode] mode=global_slice rank=0 visible_npus=[8, 9, 10, 11, 12, 13, 14, 15]
2026-03-13T17:10:46.2930117Z (Worker pid=230) INFO 03-13 17:10:46 [cpu_binding.py:367] The CPU allocation plan is as follows:
2026-03-13T17:10:46.2941699Z (Worker pid=230) INFO 03-13 17:10:46 [cpu_binding.py:372] NPU8: main=[162 163 164 165 166 167 168 169 170 171 172 173 174 175 176 177]  acl=[178]  release=[[179]]
2026-03-13T17:10:46.3546871Z (Worker pid=230) INFO 03-13 17:10:46 [cpu_binding.py:383] The 'migratepages' command is not available, skipping memory binding.
2026-03-13T17:10:46.3890847Z (Worker pid=230) WARNING 03-13 17:10:46 [__init__.py:204] min_p and logit_bias parameters won't work with speculative decoding.
2026-03-13T17:10:46.3969049Z (Worker pid=230) INFO 03-13 17:10:46 [base.py:106] Offloader set to NoopOffloader
2026-03-13T17:10:46.4006019Z (Worker pid=820) INFO 03-13 17:10:46 [cpu_binding.py:320] [cpu_bind_mode] mode=global_slice rank=6 visible_npus=[0, 1, 2, 3, 4, 5, 6, 7]
2026-03-13T17:10:46.4031752Z (Worker pid=820) INFO 03-13 17:10:46 [cpu_binding.py:367] The CPU allocation plan is as follows:
2026-03-13T17:10:46.4042862Z (Worker pid=820) INFO 03-13 17:10:46 [cpu_binding.py:372] NPU6: main=[122 123 124 125 126 127 128 129 130 131 132 133 134 135 136 137]  acl=[138]  release=[[139]]
2026-03-13T17:10:46.4076347Z (Worker pid=230) WARNING 03-13 17:10:46 [__init__.py:204] min_p and logit_bias parameters won't work with speculative decoding.
2026-03-13T17:10:46.4099248Z (Worker pid=230) (Worker_DP1_TP0_EP8 pid=230) INFO 03-13 17:10:46 [model_runner_v1.py:2512] Starting to load model /root/.cache/modelscope/hub/models/vllm-ascend/DeepSeek-V3___2-W8A8...
2026-03-13T17:10:46.4214801Z (Worker pid=294) (Worker_DP0_TP1_EP1 pid=294) INFO 03-13 17:10:46 [layer.py:456] [EP Rank 1/32] Expert parallelism is enabled. Expert placement strategy: linear. Local/global number of experts: 8/256. Experts local to global index map: 0->8, 1->9, 2->10, 3->11, 4->12, 5->13, 6->14, 7->15.
2026-03-13T17:10:46.4240248Z (Worker pid=717) (Worker_DP0_TP5_EP5 pid=717) INFO 03-13 17:10:46 [layer.py:456] [EP Rank 5/32] Expert parallelism is enabled. Expert placement strategy: linear. Local/global number of experts: 8/256. Experts local to global index map: 0->40, 1->41, 2->42, 3->43, 4->44, 5->45, 6->46, 7->47.
2026-03-13T17:10:46.4575645Z (Worker pid=820) INFO 03-13 17:10:46 [cpu_binding.py:383] The 'migratepages' command is not available, skipping memory binding.
2026-03-13T17:10:46.4873080Z (Worker pid=820) WARNING 03-13 17:10:46 [__init__.py:204] min_p and logit_bias parameters won't work with speculative decoding.
2026-03-13T17:10:46.4954519Z (Worker pid=820) INFO 03-13 17:10:46 [base.py:106] Offloader set to NoopOffloader
2026-03-13T17:10:46.4976636Z (Worker pid=611) INFO 03-13 17:10:46 [cpu_binding.py:320] [cpu_bind_mode] mode=global_slice rank=4 visible_npus=[0, 1, 2, 3, 4, 5, 6, 7]
2026-03-13T17:10:46.4987388Z (Worker pid=611) INFO 03-13 17:10:46 [cpu_binding.py:367] The CPU allocation plan is as follows:
2026-03-13T17:10:46.4999399Z (Worker pid=611) INFO 03-13 17:10:46 [cpu_binding.py:372] NPU4: main=[82 83 84 85 86 87 88 89 90 91 92 93 94 95 96 97]  acl=[98]  release=[[99]]
2026-03-13T17:10:46.5088670Z (Worker pid=820) WARNING 03-13 17:10:46 [__init__.py:204] min_p and logit_bias parameters won't work with speculative decoding.
2026-03-13T17:10:46.5112619Z (Worker pid=820) (Worker_DP0_TP6_EP6 pid=820) INFO 03-13 17:10:46 [model_runner_v1.py:2512] Starting to load model /root/.cache/modelscope/hub/models/vllm-ascend/DeepSeek-V3___2-W8A8...
2026-03-13T17:10:46.5441775Z (Worker pid=611) INFO 03-13 17:10:46 [cpu_binding.py:383] The 'migratepages' command is not available, skipping memory binding.
2026-03-13T17:10:46.5815729Z (Worker pid=611) WARNING 03-13 17:10:46 [__init__.py:204] min_p and logit_bias parameters won't work with speculative decoding.
2026-03-13T17:10:46.5891856Z (Worker pid=611) INFO 03-13 17:10:46 [base.py:106] Offloader set to NoopOffloader
2026-03-13T17:10:46.5994024Z (Worker pid=611) WARNING 03-13 17:10:46 [__init__.py:204] min_p and logit_bias parameters won't work with speculative decoding.
2026-03-13T17:10:46.6025659Z (Worker pid=611) (Worker_DP0_TP4_EP4 pid=611) INFO 03-13 17:10:46 [model_runner_v1.py:2512] Starting to load model /root/.cache/modelscope/hub/models/vllm-ascend/DeepSeek-V3___2-W8A8...
2026-03-13T17:10:46.6268608Z (Worker pid=821) (Worker_DP1_TP6_EP14 pid=821) INFO 03-13 17:10:46 [layer.py:456] [EP Rank 14/32] Expert parallelism is enabled. Expert placement strategy: linear. Local/global number of experts: 8/256. Experts local to global index map: 0->112, 1->113, 2->114, 3->115, 4->116, 5->117, 6->118, 7->119.
2026-03-13T17:10:46.7269799Z (Worker pid=607) (Worker_DP1_TP4_EP12 pid=607) INFO 03-13 17:10:46 [layer.py:456] [EP Rank 12/32] Expert parallelism is enabled. Expert placement strategy: linear. Local/global number of experts: 8/256. Experts local to global index map: 0->96, 1->97, 2->98, 3->99, 4->100, 5->101, 6->102, 7->103.
2026-03-13T17:10:46.8141629Z (Worker pid=291) INFO 03-13 17:10:46 [cpu_binding.py:320] [cpu_bind_mode] mode=global_slice rank=1 visible_npus=[8, 9, 10, 11, 12, 13, 14, 15]
2026-03-13T17:10:46.8152231Z (Worker pid=291) INFO 03-13 17:10:46 [cpu_binding.py:367] The CPU allocation plan is as follows:
2026-03-13T17:10:46.8163996Z (Worker pid=291) INFO 03-13 17:10:46 [cpu_binding.py:372] NPU9: main=[182 183 184 185 186 187 188 189 190 191 192 193 194 195 196 197]  acl=[198]  release=[[199]]
2026-03-13T17:10:46.8683837Z (Worker pid=291) INFO 03-13 17:10:46 [cpu_binding.py:383] The 'migratepages' command is not available, skipping memory binding.
2026-03-13T17:10:46.8883097Z (Worker pid=229) INFO 03-13 17:10:46 [cpu_binding.py:320] [cpu_bind_mode] mode=global_slice rank=0 visible_npus=[0, 1, 2, 3, 4, 5, 6, 7]
2026-03-13T17:10:46.8893053Z (Worker pid=229) INFO 03-13 17:10:46 [cpu_binding.py:367] The CPU allocation plan is as follows:
2026-03-13T17:10:46.8903533Z (Worker pid=229) INFO 03-13 17:10:46 [cpu_binding.py:372] NPU0: main=[2 3 4 5 6 7 8 9 10 11 12 13 14 15 16 17]  acl=[18]  release=[[19]]
2026-03-13T17:10:46.8994639Z (Worker pid=291) WARNING 03-13 17:10:46 [__init__.py:204] min_p and logit_bias parameters won't work with speculative decoding.
2026-03-13T17:10:46.9084749Z (Worker pid=291) INFO 03-13 17:10:46 [base.py:106] Offloader set to NoopOffloader
2026-03-13T17:10:46.9205140Z (Worker pid=291) WARNING 03-13 17:10:46 [__init__.py:204] min_p and logit_bias parameters won't work with speculative decoding.
2026-03-13T17:10:46.9348130Z (Worker pid=291) (Worker_DP1_TP1_EP9 pid=291) INFO 03-13 17:10:46 [model_runner_v1.py:2512] Starting to load model /root/.cache/modelscope/hub/models/vllm-ascend/DeepSeek-V3___2-W8A8...
2026-03-13T17:10:46.9431109Z (Worker pid=229) INFO 03-13 17:10:46 [cpu_binding.py:383] The 'migratepages' command is not available, skipping memory binding.
2026-03-13T17:10:46.9588488Z (Worker pid=399) (Worker_DP0_TP2_EP2 pid=399) INFO 03-13 17:10:46 [layer.py:456] [EP Rank 2/32] Expert parallelism is enabled. Expert placement strategy: linear. Local/global number of experts: 8/256. Experts local to global index map: 0->16, 1->17, 2->18, 3->19, 4->20, 5->21, 6->22, 7->23.
2026-03-13T17:10:46.9744045Z (Worker pid=229) WARNING 03-13 17:10:46 [__init__.py:204] min_p and logit_bias parameters won't work with speculative decoding.
2026-03-13T17:10:46.9825941Z (Worker pid=229) INFO 03-13 17:10:46 [base.py:106] Offloader set to NoopOffloader
2026-03-13T17:10:46.9935560Z (Worker pid=229) WARNING 03-13 17:10:46 [__init__.py:204] min_p and logit_bias parameters won't work with speculative decoding.
2026-03-13T17:10:46.9959069Z (Worker pid=229) (Worker_DP0_TP0_EP0 pid=229) INFO 03-13 17:10:46 [model_runner_v1.py:2512] Starting to load model /root/.cache/modelscope/hub/models/vllm-ascend/DeepSeek-V3___2-W8A8...
2026-03-13T17:10:47.4790148Z (Worker pid=230) (Worker_DP1_TP0_EP8 pid=230) INFO 03-13 17:10:47 [layer.py:456] [EP Rank 8/32] Expert parallelism is enabled. Expert placement strategy: linear. Local/global number of experts: 8/256. Experts local to global index map: 0->64, 1->65, 2->66, 3->67, 4->68, 5->69, 6->70, 7->71.
2026-03-13T17:10:47.5305055Z (Worker pid=501) (Worker_DP1_TP3_EP11 pid=501) INFO 03-13 17:10:47 [layer.py:456] [EP Rank 11/32] Expert parallelism is enabled. Expert placement strategy: linear. Local/global number of experts: 8/256. Experts local to global index map: 0->88, 1->89, 2->90, 3->91, 4->92, 5->93, 6->94, 7->95.
2026-03-13T17:10:47.6705537Z (Worker pid=611) (Worker_DP0_TP4_EP4 pid=611) INFO 03-13 17:10:47 [layer.py:456] [EP Rank 4/32] Expert parallelism is enabled. Expert placement strategy: linear. Local/global number of experts: 8/256. Experts local to global index map: 0->32, 1->33, 2->34, 3->35, 4->36, 5->37, 6->38, 7->39.
2026-03-13T17:10:47.6734959Z (Worker pid=820) (Worker_DP0_TP6_EP6 pid=820) INFO 03-13 17:10:47 [layer.py:456] [EP Rank 6/32] Expert parallelism is enabled. Expert placement strategy: linear. Local/global number of experts: 8/256. Experts local to global index map: 0->48, 1->49, 2->50, 3->51, 4->52, 5->53, 6->54, 7->55.
2026-03-13T17:10:47.9296329Z (Worker pid=291) (Worker_DP1_TP1_EP9 pid=291) INFO 03-13 17:10:47 [layer.py:456] [EP Rank 9/32] Expert parallelism is enabled. Expert placement strategy: linear. Local/global number of experts: 8/256. Experts local to global index map: 0->72, 1->73, 2->74, 3->75, 4->76, 5->77, 6->78, 7->79.
2026-03-13T17:10:48.0467904Z (Worker pid=229) (Worker_DP0_TP0_EP0 pid=229) INFO 03-13 17:10:48 [layer.py:456] [EP Rank 0/32] Expert parallelism is enabled. Expert placement strategy: linear. Local/global number of experts: 8/256. Experts local to global index map: 0->0, 1->1, 2->2, 3->3, 4->4, 5->5, 6->6, 7->7.
2026-03-13T17:10:48.6443400Z (Worker pid=229) (Worker_DP0_TP0_EP0 pid=229) INFO 03-13 17:10:48 [fused_moe.py:285] [EP Rank 0/32] Expert parallelism is enabled. Local/global number of experts: 8/256. Experts local to global index map: 0->0, 1->1, 2->2, 3->3, 4->4, 5->5, 6->6, 7->7.
2026-03-13T17:10:48.7847299Z (Worker pid=294) (Worker_DP0_TP1_EP1 pid=294) INFO 03-13 17:10:48 [fused_moe.py:285] [EP Rank 1/32] Expert parallelism is enabled. Local/global number of experts: 8/256. Experts local to global index map: 0->8, 1->9, 2->10, 3->11, 4->12, 5->13, 6->14, 7->15.
2026-03-13T17:10:48.8277042Z (Worker pid=927) (Worker_DP0_TP7_EP7 pid=927) INFO 03-13 17:10:48 [fused_moe.py:285] [EP Rank 7/32] Expert parallelism is enabled. Local/global number of experts: 8/256. Experts local to global index map: 0->56, 1->57, 2->58, 3->59, 4->60, 5->61, 6->62, 7->63.
2026-03-13T17:10:48.8319167Z (Worker pid=611) (Worker_DP0_TP4_EP4 pid=611) INFO 03-13 17:10:48 [fused_moe.py:285] [EP Rank 4/32] Expert parallelism is enabled. Local/global number of experts: 8/256. Experts local to global index map: 0->32, 1->33, 2->34, 3->35, 4->36, 5->37, 6->38, 7->39.
2026-03-13T17:10:48.8373200Z (Worker pid=230) (Worker_DP1_TP0_EP8 pid=230) INFO 03-13 17:10:48 [fused_moe.py:285] [EP Rank 8/32] Expert parallelism is enabled. Local/global number of experts: 8/256. Experts local to global index map: 0->64, 1->65, 2->66, 3->67, 4->68, 5->69, 6->70, 7->71.
2026-03-13T17:10:48.8385940Z (Worker pid=501) (Worker_DP1_TP3_EP11 pid=501) INFO 03-13 17:10:48 [fused_moe.py:285] [EP Rank 11/32] Expert parallelism is enabled. Local/global number of experts: 8/256. Experts local to global index map: 0->88, 1->89, 2->90, 3->91, 4->92, 5->93, 6->94, 7->95.
2026-03-13T17:10:48.8423364Z (Worker pid=399) (Worker_DP0_TP2_EP2 pid=399) INFO 03-13 17:10:48 [fused_moe.py:285] [EP Rank 2/32] Expert parallelism is enabled. Local/global number of experts: 8/256. Experts local to global index map: 0->16, 1->17, 2->18, 3->19, 4->20, 5->21, 6->22, 7->23.
2026-03-13T17:10:48.8524569Z (Worker pid=821) (Worker_DP1_TP6_EP14 pid=821) INFO 03-13 17:10:48 [fused_moe.py:285] [EP Rank 14/32] Expert parallelism is enabled. Local/global number of experts: 8/256. Experts local to global index map: 0->112, 1->113, 2->114, 3->115, 4->116, 5->117, 6->118, 7->119.
2026-03-13T17:10:48.8758227Z (Worker pid=820) (Worker_DP0_TP6_EP6 pid=820) INFO 03-13 17:10:48 [fused_moe.py:285] [EP Rank 6/32] Expert parallelism is enabled. Local/global number of experts: 8/256. Experts local to global index map: 0->48, 1->49, 2->50, 3->51, 4->52, 5->53, 6->54, 7->55.
2026-03-13T17:10:48.8831559Z (Worker pid=717) (Worker_DP0_TP5_EP5 pid=717) INFO 03-13 17:10:48 [fused_moe.py:285] [EP Rank 5/32] Expert parallelism is enabled. Local/global number of experts: 8/256. Experts local to global index map: 0->40, 1->41, 2->42, 3->43, 4->44, 5->45, 6->46, 7->47.
2026-03-13T17:10:48.8855650Z (Worker pid=713) (Worker_DP1_TP5_EP13 pid=713) INFO 03-13 17:10:48 [fused_moe.py:285] [EP Rank 13/32] Expert parallelism is enabled. Local/global number of experts: 8/256. Experts local to global index map: 0->104, 1->105, 2->106, 3->107, 4->108, 5->109, 6->110, 7->111.
2026-03-13T17:10:48.8866421Z (Worker pid=607) (Worker_DP1_TP4_EP12 pid=607) INFO 03-13 17:10:48 [fused_moe.py:285] [EP Rank 12/32] Expert parallelism is enabled. Local/global number of experts: 8/256. Experts local to global index map: 0->96, 1->97, 2->98, 3->99, 4->100, 5->101, 6->102, 7->103.
2026-03-13T17:10:48.8881532Z (Worker pid=291) (Worker_DP1_TP1_EP9 pid=291) INFO 03-13 17:10:48 [fused_moe.py:285] [EP Rank 9/32] Expert parallelism is enabled. Local/global number of experts: 8/256. Experts local to global index map: 0->72, 1->73, 2->74, 3->75, 4->76, 5->77, 6->78, 7->79.
2026-03-13T17:10:48.8934525Z (Worker pid=395) (Worker_DP1_TP2_EP10 pid=395) INFO 03-13 17:10:48 [fused_moe.py:285] [EP Rank 10/32] Expert parallelism is enabled. Local/global number of experts: 8/256. Experts local to global index map: 0->80, 1->81, 2->82, 3->83, 4->84, 5->85, 6->86, 7->87.
2026-03-13T17:10:48.9053878Z (Worker pid=505) (Worker_DP0_TP3_EP3 pid=505) INFO 03-13 17:10:48 [fused_moe.py:285] [EP Rank 3/32] Expert parallelism is enabled. Local/global number of experts: 8/256. Experts local to global index map: 0->24, 1->25, 2->26, 3->27, 4->28, 5->29, 6->30, 7->31.
2026-03-13T17:10:48.9064384Z (Worker pid=925) (Worker_DP1_TP7_EP15 pid=925) INFO 03-13 17:10:48 [fused_moe.py:285] [EP Rank 15/32] Expert parallelism is enabled. Local/global number of experts: 8/256. Experts local to global index map: 0->120, 1->121, 2->122, 3->123, 4->124, 5->125, 6->126, 7->127.
2026-03-13T17:10:49.1326446Z (Worker pid=399) (Worker_DP0_TP2_EP2 pid=399) INFO 03-13 17:10:49 [fused_moe.py:540] Sequence parallelism is enabled, shared experts are replicated for best performance.
2026-03-13T17:10:49.1760175Z (Worker pid=820) (Worker_DP0_TP6_EP6 pid=820) INFO 03-13 17:10:49 [fused_moe.py:540] Sequence parallelism is enabled, shared experts are replicated for best performance.
2026-03-13T17:10:49.1794092Z (Worker pid=607) (Worker_DP1_TP4_EP12 pid=607) INFO 03-13 17:10:49 [fused_moe.py:540] Sequence parallelism is enabled, shared experts are replicated for best performance.
2026-03-13T17:10:49.1805816Z (Worker pid=713) (Worker_DP1_TP5_EP13 pid=713) INFO 03-13 17:10:49 [fused_moe.py:540] Sequence parallelism is enabled, shared experts are replicated for best performance.
2026-03-13T17:10:49.1817387Z (Worker pid=927) (Worker_DP0_TP7_EP7 pid=927) INFO 03-13 17:10:49 [fused_moe.py:540] Sequence parallelism is enabled, shared experts are replicated for best performance.
2026-03-13T17:10:49.1872593Z (Worker pid=611) (Worker_DP0_TP4_EP4 pid=611) INFO 03-13 17:10:49 [fused_moe.py:540] Sequence parallelism is enabled, shared experts are replicated for best performance.
2026-03-13T17:10:49.1945133Z (Worker pid=230) (Worker_DP1_TP0_EP8 pid=230) INFO 03-13 17:10:49 [fused_moe.py:540] Sequence parallelism is enabled, shared experts are replicated for best performance.
2026-03-13T17:10:49.1975232Z (Worker pid=821) (Worker_DP1_TP6_EP14 pid=821) INFO 03-13 17:10:49 [fused_moe.py:540] Sequence parallelism is enabled, shared experts are replicated for best performance.
2026-03-13T17:10:49.1985637Z (Worker pid=501) (Worker_DP1_TP3_EP11 pid=501) INFO 03-13 17:10:49 [fused_moe.py:540] Sequence parallelism is enabled, shared experts are replicated for best performance.
2026-03-13T17:10:49.1997316Z (Worker pid=395) (Worker_DP1_TP2_EP10 pid=395) INFO 03-13 17:10:49 [fused_moe.py:540] Sequence parallelism is enabled, shared experts are replicated for best performance.
2026-03-13T17:10:49.2032046Z (Worker pid=291) (Worker_DP1_TP1_EP9 pid=291) INFO 03-13 17:10:49 [fused_moe.py:540] Sequence parallelism is enabled, shared experts are replicated for best performance.
2026-03-13T17:10:49.2042574Z (Worker pid=717) (Worker_DP0_TP5_EP5 pid=717) INFO 03-13 17:10:49 [fused_moe.py:540] Sequence parallelism is enabled, shared experts are replicated for best performance.
2026-03-13T17:10:49.2125566Z (Worker pid=505) (Worker_DP0_TP3_EP3 pid=505) INFO 03-13 17:10:49 [fused_moe.py:540] Sequence parallelism is enabled, shared experts are replicated for best performance.
2026-03-13T17:10:49.2181041Z (Worker pid=925) (Worker_DP1_TP7_EP15 pid=925) INFO 03-13 17:10:49 [fused_moe.py:540] Sequence parallelism is enabled, shared experts are replicated for best performance.
2026-03-13T17:10:49.2905730Z (Worker pid=294) (Worker_DP0_TP1_EP1 pid=294) INFO 03-13 17:10:49 [fused_moe.py:540] Sequence parallelism is enabled, shared experts are replicated for best performance.
2026-03-13T17:10:49.2933413Z (Worker pid=229) (Worker_DP0_TP0_EP0 pid=229) INFO 03-13 17:10:49 [fused_moe.py:540] Sequence parallelism is enabled, shared experts are replicated for best performance.
2026-03-13T17:10:56.5003348Z (Worker pid=505) (Worker_DP0_TP3_EP3 pid=505) INFO 03-13 17:10:56 [compilation.py:937] Using OOT custom backend for compilation.
2026-03-13T17:10:56.5746658Z (Worker pid=399) (Worker_DP0_TP2_EP2 pid=399) INFO 03-13 17:10:56 [compilation.py:937] Using OOT custom backend for compilation.
2026-03-13T17:10:56.8131949Z (Worker pid=229) (Worker_DP0_TP0_EP0 pid=229) INFO 03-13 17:10:56 [compilation.py:937] Using OOT custom backend for compilation.
2026-03-13T17:10:56.9204187Z (Worker pid=294) (Worker_DP0_TP1_EP1 pid=294) INFO 03-13 17:10:56 [compilation.py:937] Using OOT custom backend for compilation.
2026-03-13T17:10:56.9651143Z (Worker pid=229) (Worker_DP0_TP0_EP0 pid=229) 
2026-03-13T17:10:56.9651615Z Loading safetensors checkpoint shards:   0% Completed | 0/163 [00:00<?, ?it/s]
2026-03-13T17:10:57.0905709Z (Worker pid=607) (Worker_DP1_TP4_EP12 pid=607) INFO 03-13 17:10:57 [compilation.py:937] Using OOT custom backend for compilation.
2026-03-13T17:10:57.1341552Z (Worker pid=713) (Worker_DP1_TP5_EP13 pid=713) INFO 03-13 17:10:57 [compilation.py:937] Using OOT custom backend for compilation.
2026-03-13T17:10:57.2962952Z (Worker pid=717) (Worker_DP0_TP5_EP5 pid=717) INFO 03-13 17:10:57 [compilation.py:937] Using OOT custom backend for compilation.
2026-03-13T17:10:57.3130100Z (Worker pid=821) (Worker_DP1_TP6_EP14 pid=821) INFO 03-13 17:10:57 [compilation.py:937] Using OOT custom backend for compilation.
2026-03-13T17:10:57.3307230Z (Worker pid=501) (Worker_DP1_TP3_EP11 pid=501) INFO 03-13 17:10:57 [compilation.py:937] Using OOT custom backend for compilation.
2026-03-13T17:10:57.3761691Z (Worker pid=291) (Worker_DP1_TP1_EP9 pid=291) INFO 03-13 17:10:57 [compilation.py:937] Using OOT custom backend for compilation.
2026-03-13T17:10:57.3810996Z (Worker pid=611) (Worker_DP0_TP4_EP4 pid=611) INFO 03-13 17:10:57 [compilation.py:937] Using OOT custom backend for compilation.
2026-03-13T17:10:57.3985618Z (Worker pid=925) (Worker_DP1_TP7_EP15 pid=925) INFO 03-13 17:10:57 [compilation.py:937] Using OOT custom backend for compilation.
2026-03-13T17:10:57.4127535Z (Worker pid=395) (Worker_DP1_TP2_EP10 pid=395) INFO 03-13 17:10:57 [compilation.py:937] Using OOT custom backend for compilation.
2026-03-13T17:10:57.4585065Z (Worker pid=820) (Worker_DP0_TP6_EP6 pid=820) INFO 03-13 17:10:57 [compilation.py:937] Using OOT custom backend for compilation.
2026-03-13T17:10:57.4789533Z (Worker pid=230) (Worker_DP1_TP0_EP8 pid=230) INFO 03-13 17:10:57 [compilation.py:937] Using OOT custom backend for compilation.
2026-03-13T17:10:57.5582795Z (Worker pid=927) (Worker_DP0_TP7_EP7 pid=927) INFO 03-13 17:10:57 [compilation.py:937] Using OOT custom backend for compilation.
2026-03-13T17:11:02.3466009Z (Worker pid=229) (Worker_DP0_TP0_EP0 pid=229) 
2026-03-13T17:11:02.3466546Z Loading safetensors checkpoint shards:   1% Completed | 1/163 [00:05<14:31,  5.38s/it]
2026-03-13T17:11:03.8696451Z (Worker pid=229) (Worker_DP0_TP0_EP0 pid=229) 
2026-03-13T17:11:03.8696991Z Loading safetensors checkpoint shards:   1% Completed | 2/163 [00:06<08:20,  3.11s/it]
2026-03-13T17:11:05.4147368Z (Worker pid=229) (Worker_DP0_TP0_EP0 pid=229) 
2026-03-13T17:11:05.4147920Z Loading safetensors checkpoint shards:   2% Completed | 3/163 [00:08<06:23,  2.40s/it]
2026-03-13T17:11:08.4593013Z (Worker pid=229) (Worker_DP0_TP0_EP0 pid=229) 
2026-03-13T17:11:08.4593536Z Loading safetensors checkpoint shards:   2% Completed | 4/163 [00:11<07:01,  2.65s/it]
2026-03-13T17:11:09.9821203Z (Worker pid=229) (Worker_DP0_TP0_EP0 pid=229) 
2026-03-13T17:11:09.9821732Z Loading safetensors checkpoint shards:   3% Completed | 5/163 [00:13<05:54,  2.25s/it]
2026-03-13T17:11:12.4053909Z (Worker pid=229) (Worker_DP0_TP0_EP0 pid=229) 
2026-03-13T17:11:12.4054444Z Loading safetensors checkpoint shards:   4% Completed | 6/163 [00:15<06:01,  2.31s/it]
2026-03-13T17:11:14.0281865Z (Worker pid=229) (Worker_DP0_TP0_EP0 pid=229) 
2026-03-13T17:11:14.0282403Z Loading safetensors checkpoint shards:   4% Completed | 7/163 [00:17<05:24,  2.08s/it]
2026-03-13T17:11:15.5561731Z (Worker pid=229) (Worker_DP0_TP0_EP0 pid=229) 
2026-03-13T17:11:15.5562273Z Loading safetensors checkpoint shards:   5% Completed | 8/163 [00:18<04:55,  1.91s/it]
2026-03-13T17:11:17.9879314Z (Worker pid=229) (Worker_DP0_TP0_EP0 pid=229) 
2026-03-13T17:11:17.9879927Z Loading safetensors checkpoint shards:   6% Completed | 9/163 [00:21<05:18,  2.07s/it]
2026-03-13T17:11:19.7138932Z (Worker pid=229) (Worker_DP0_TP0_EP0 pid=229) 
2026-03-13T17:11:19.7139765Z Loading safetensors checkpoint shards:   6% Completed | 10/163 [00:22<05:00,  1.96s/it]
2026-03-13T17:11:21.1565938Z (Worker pid=229) (Worker_DP0_TP0_EP0 pid=229) 
2026-03-13T17:11:21.1566475Z Loading safetensors checkpoint shards:   7% Completed | 11/163 [00:24<04:34,  1.80s/it]
2026-03-13T17:11:24.0719248Z (Worker pid=229) (Worker_DP0_TP0_EP0 pid=229) 
2026-03-13T17:11:24.0719800Z Loading safetensors checkpoint shards:   7% Completed | 12/163 [00:27<05:23,  2.14s/it]
2026-03-13T17:11:25.6141531Z (Worker pid=229) (Worker_DP0_TP0_EP0 pid=229) 
2026-03-13T17:11:25.6142448Z Loading safetensors checkpoint shards:   8% Completed | 13/163 [00:28<04:54,  1.96s/it]
2026-03-13T17:11:27.4953586Z (Worker pid=229) (Worker_DP0_TP0_EP0 pid=229) 
2026-03-13T17:11:27.4954108Z Loading safetensors checkpoint shards:   9% Completed | 14/163 [00:30<04:48,  1.94s/it]
2026-03-13T17:11:30.1563876Z (Worker pid=229) (Worker_DP0_TP0_EP0 pid=229) 
2026-03-13T17:11:30.1564414Z Loading safetensors checkpoint shards:   9% Completed | 15/163 [00:33<05:18,  2.15s/it]
2026-03-13T17:11:31.6282470Z (Worker pid=229) (Worker_DP0_TP0_EP0 pid=229) 
2026-03-13T17:11:31.6283010Z Loading safetensors checkpoint shards:  10% Completed | 16/163 [00:34<04:46,  1.95s/it]
2026-03-13T17:11:34.0522058Z (Worker pid=229) (Worker_DP0_TP0_EP0 pid=229) 
2026-03-13T17:11:34.0522601Z Loading safetensors checkpoint shards:  10% Completed | 17/163 [00:37<05:05,  2.09s/it]
2026-03-13T17:11:35.6547619Z (Worker pid=229) (Worker_DP0_TP0_EP0 pid=229) 
2026-03-13T17:11:35.6548158Z Loading safetensors checkpoint shards:  11% Completed | 18/163 [00:38<04:42,  1.95s/it]
2026-03-13T17:11:37.1892799Z (Worker pid=229) (Worker_DP0_TP0_EP0 pid=229) 
2026-03-13T17:11:37.1893327Z Loading safetensors checkpoint shards:  12% Completed | 19/163 [00:40<04:22,  1.82s/it]
2026-03-13T17:11:40.0776989Z (Worker pid=229) (Worker_DP0_TP0_EP0 pid=229) 
2026-03-13T17:11:40.0777533Z Loading safetensors checkpoint shards:  12% Completed | 20/163 [00:43<05:06,  2.14s/it]
2026-03-13T17:11:41.6022513Z (Worker pid=229) (Worker_DP0_TP0_EP0 pid=229) 
2026-03-13T17:11:41.6023048Z Loading safetensors checkpoint shards:  13% Completed | 21/163 [00:44<04:37,  1.96s/it]
2026-03-13T17:11:43.0353342Z (Worker pid=229) (Worker_DP0_TP0_EP0 pid=229) 
2026-03-13T17:11:43.0353874Z Loading safetensors checkpoint shards:  13% Completed | 22/163 [00:46<04:13,  1.80s/it]
2026-03-13T17:11:46.2303681Z (Worker pid=229) (Worker_DP0_TP0_EP0 pid=229) 
2026-03-13T17:11:46.2304214Z Loading safetensors checkpoint shards:  14% Completed | 23/163 [00:49<05:10,  2.22s/it]
2026-03-13T17:11:47.7464951Z (Worker pid=229) (Worker_DP0_TP0_EP0 pid=229) 
2026-03-13T17:11:47.7465496Z Loading safetensors checkpoint shards:  15% Completed | 24/163 [00:50<04:39,  2.01s/it]
2026-03-13T17:11:49.9861554Z (Worker pid=229) (Worker_DP0_TP0_EP0 pid=229) 
2026-03-13T17:11:49.9862095Z Loading safetensors checkpoint shards:  15% Completed | 25/163 [00:53<04:46,  2.08s/it]
2026-03-13T17:11:51.7696673Z (Worker pid=229) (Worker_DP0_TP0_EP0 pid=229) 
2026-03-13T17:11:51.7697216Z Loading safetensors checkpoint shards:  16% Completed | 26/163 [00:54<04:32,  1.99s/it]
2026-03-13T17:11:53.2730433Z (Worker pid=229) (Worker_DP0_TP0_EP0 pid=229) 
2026-03-13T17:11:53.2730965Z Loading safetensors checkpoint shards:  17% Completed | 27/163 [00:56<04:10,  1.84s/it]
2026-03-13T17:11:55.6664955Z (Worker pid=229) (Worker_DP0_TP0_EP0 pid=229) 
2026-03-13T17:11:55.6665485Z Loading safetensors checkpoint shards:  17% Completed | 28/163 [00:58<04:31,  2.01s/it]
2026-03-13T17:11:57.6300468Z (Worker pid=229) (Worker_DP0_TP0_EP0 pid=229) 
2026-03-13T17:11:57.6301033Z Loading safetensors checkpoint shards:  18% Completed | 29/163 [01:00<04:27,  2.00s/it]
2026-03-13T17:11:59.1195436Z (Worker pid=229) (Worker_DP0_TP0_EP0 pid=229) 
2026-03-13T17:11:59.1195981Z Loading safetensors checkpoint shards:  18% Completed | 30/163 [01:02<04:05,  1.84s/it]
2026-03-13T17:12:02.1914443Z (Worker pid=229) (Worker_DP0_TP0_EP0 pid=229) 
2026-03-13T17:12:02.1914964Z Loading safetensors checkpoint shards:  19% Completed | 31/163 [01:05<04:51,  2.21s/it]
2026-03-13T17:12:03.6667388Z (Worker pid=229) (Worker_DP0_TP0_EP0 pid=229) 
2026-03-13T17:12:03.6667922Z Loading safetensors checkpoint shards:  20% Completed | 32/163 [01:06<04:20,  1.99s/it]
2026-03-13T17:12:05.8805451Z (Worker pid=229) (Worker_DP0_TP0_EP0 pid=229) 
2026-03-13T17:12:05.8805994Z Loading safetensors checkpoint shards:  20% Completed | 33/163 [01:08<04:27,  2.06s/it]
2026-03-13T17:12:07.6272850Z (Worker pid=229) (Worker_DP0_TP0_EP0 pid=229) 
2026-03-13T17:12:07.6273747Z Loading safetensors checkpoint shards:  21% Completed | 34/163 [01:10<04:13,  1.96s/it]
2026-03-13T17:12:09.3108503Z (Worker pid=229) (Worker_DP0_TP0_EP0 pid=229) 
2026-03-13T17:12:09.3109043Z Loading safetensors checkpoint shards:  21% Completed | 35/163 [01:12<04:00,  1.88s/it]
2026-03-13T17:12:11.8160055Z (Worker pid=229) (Worker_DP0_TP0_EP0 pid=229) 
2026-03-13T17:12:11.8160593Z Loading safetensors checkpoint shards:  22% Completed | 36/163 [01:14<04:22,  2.07s/it]
2026-03-13T17:12:13.5177419Z (Worker pid=229) (Worker_DP0_TP0_EP0 pid=229) 
2026-03-13T17:12:13.5177942Z Loading safetensors checkpoint shards:  23% Completed | 37/163 [01:16<04:06,  1.96s/it]
2026-03-13T17:12:15.0561147Z (Worker pid=229) (Worker_DP0_TP0_EP0 pid=229) 
2026-03-13T17:12:15.0561702Z Loading safetensors checkpoint shards:  23% Completed | 38/163 [01:18<03:49,  1.83s/it]
2026-03-13T17:12:18.1116264Z (Worker pid=229) (Worker_DP0_TP0_EP0 pid=229) 
2026-03-13T17:12:18.1116798Z Loading safetensors checkpoint shards:  24% Completed | 39/163 [01:21<04:32,  2.20s/it]
2026-03-13T17:12:19.8205157Z (Worker pid=229) (Worker_DP0_TP0_EP0 pid=229) 
2026-03-13T17:12:19.8205690Z Loading safetensors checkpoint shards:  25% Completed | 40/163 [01:22<04:12,  2.05s/it]
2026-03-13T17:12:21.4147428Z (Worker pid=229) (Worker_DP0_TP0_EP0 pid=229) 
2026-03-13T17:12:21.4147975Z Loading safetensors checkpoint shards:  25% Completed | 41/163 [01:24<03:53,  1.91s/it]
2026-03-13T17:12:24.6079386Z (Worker pid=229) (Worker_DP0_TP0_EP0 pid=229) 
2026-03-13T17:12:24.6080042Z Loading safetensors checkpoint shards:  26% Completed | 42/163 [01:27<04:38,  2.30s/it]
2026-03-13T17:12:26.2407908Z (Worker pid=229) (Worker_DP0_TP0_EP0 pid=229) 
2026-03-13T17:12:26.2408451Z Loading safetensors checkpoint shards:  26% Completed | 43/163 [01:29<04:11,  2.10s/it]
2026-03-13T17:12:28.8512519Z (Worker pid=229) (Worker_DP0_TP0_EP0 pid=229) 
2026-03-13T17:12:28.8513092Z Loading safetensors checkpoint shards:  27% Completed | 44/163 [01:31<04:27,  2.25s/it]
2026-03-13T17:12:30.7072147Z (Worker pid=229) (Worker_DP0_TP0_EP0 pid=229) 
2026-03-13T17:12:30.7072723Z Loading safetensors checkpoint shards:  28% Completed | 45/163 [01:33<04:11,  2.13s/it]
2026-03-13T17:12:32.5197833Z (Worker pid=229) (Worker_DP0_TP0_EP0 pid=229) 
2026-03-13T17:12:32.5198364Z Loading safetensors checkpoint shards:  28% Completed | 46/163 [01:35<03:58,  2.04s/it]
2026-03-13T17:12:35.4225442Z (Worker pid=229) (Worker_DP0_TP0_EP0 pid=229) 
2026-03-13T17:12:35.4225980Z Loading safetensors checkpoint shards:  29% Completed | 47/163 [01:38<04:26,  2.30s/it]
2026-03-13T17:12:37.2162892Z (Worker pid=229) (Worker_DP0_TP0_EP0 pid=229) 
2026-03-13T17:12:37.2163507Z Loading safetensors checkpoint shards:  29% Completed | 48/163 [01:40<04:06,  2.15s/it]
2026-03-13T17:12:38.8042160Z (Worker pid=229) (Worker_DP0_TP0_EP0 pid=229) 
2026-03-13T17:12:38.8042703Z Loading safetensors checkpoint shards:  30% Completed | 49/163 [01:41<03:45,  1.98s/it]
2026-03-13T17:12:42.1133244Z (Worker pid=229) (Worker_DP0_TP0_EP0 pid=229) 
2026-03-13T17:12:42.1133860Z Loading safetensors checkpoint shards:  31% Completed | 50/163 [01:45<04:28,  2.38s/it]
2026-03-13T17:12:43.6417180Z (Worker pid=229) (Worker_DP0_TP0_EP0 pid=229) 
2026-03-13T17:12:43.6417723Z Loading safetensors checkpoint shards:  31% Completed | 51/163 [01:46<03:57,  2.12s/it]
2026-03-13T17:12:46.2409688Z (Worker pid=229) (Worker_DP0_TP0_EP0 pid=229) 
2026-03-13T17:12:46.2410334Z Loading safetensors checkpoint shards:  32% Completed | 52/163 [01:49<04:11,  2.27s/it]
2026-03-13T17:12:48.0387527Z (Worker pid=229) (Worker_DP0_TP0_EP0 pid=229) 
2026-03-13T17:12:48.0388081Z Loading safetensors checkpoint shards:  33% Completed | 53/163 [01:51<03:53,  2.13s/it]
2026-03-13T17:12:49.7921693Z (Worker pid=229) (Worker_DP0_TP0_EP0 pid=229) 
2026-03-13T17:12:49.7922243Z Loading safetensors checkpoint shards:  33% Completed | 54/163 [01:52<03:39,  2.01s/it]
2026-03-13T17:12:52.6762005Z (Worker pid=229) (Worker_DP0_TP0_EP0 pid=229) 
2026-03-13T17:12:52.6762547Z Loading safetensors checkpoint shards:  34% Completed | 55/163 [01:55<04:05,  2.28s/it]
2026-03-13T17:12:54.3454275Z (Worker pid=229) (Worker_DP0_TP0_EP0 pid=229) 
2026-03-13T17:12:54.3454807Z Loading safetensors checkpoint shards:  34% Completed | 56/163 [01:57<03:43,  2.09s/it]
2026-03-13T17:12:55.9693436Z (Worker pid=229) (Worker_DP0_TP0_EP0 pid=229) 
2026-03-13T17:12:55.9694011Z Loading safetensors checkpoint shards:  35% Completed | 57/163 [01:59<03:26,  1.95s/it]
2026-03-13T17:12:59.0706652Z (Worker pid=229) (Worker_DP0_TP0_EP0 pid=229) 
2026-03-13T17:12:59.0707203Z Loading safetensors checkpoint shards:  36% Completed | 58/163 [02:02<04:01,  2.30s/it]
2026-03-13T17:13:00.8079739Z (Worker pid=229) (Worker_DP0_TP0_EP0 pid=229) 
2026-03-13T17:13:00.8080392Z Loading safetensors checkpoint shards:  36% Completed | 59/163 [02:03<03:41,  2.13s/it]
2026-03-13T17:13:03.3008233Z (Worker pid=229) (Worker_DP0_TP0_EP0 pid=229) 
2026-03-13T17:13:03.3008771Z Loading safetensors checkpoint shards:  37% Completed | 60/163 [02:06<03:50,  2.24s/it]
2026-03-13T17:13:06.0947797Z (Worker pid=229) (Worker_DP0_TP0_EP0 pid=229) 
2026-03-13T17:13:06.0948361Z Loading safetensors checkpoint shards:  37% Completed | 61/163 [02:09<04:05,  2.41s/it]
2026-03-13T17:13:07.3656125Z (Worker pid=229) (Worker_DP0_TP0_EP0 pid=229) 
2026-03-13T17:13:07.3656673Z Loading safetensors checkpoint shards:  38% Completed | 62/163 [02:10<03:28,  2.06s/it]
2026-03-13T17:13:10.3294382Z (Worker pid=229) (Worker_DP0_TP0_EP0 pid=229) 
2026-03-13T17:13:10.3294922Z Loading safetensors checkpoint shards:  39% Completed | 63/163 [02:13<03:53,  2.33s/it]
2026-03-13T17:13:12.1693973Z (Worker pid=229) (Worker_DP0_TP0_EP0 pid=229) 
2026-03-13T17:13:12.1694559Z Loading safetensors checkpoint shards:  39% Completed | 64/163 [02:15<03:36,  2.19s/it]
2026-03-13T17:13:13.7084777Z (Worker pid=229) (Worker_DP0_TP0_EP0 pid=229) 
2026-03-13T17:13:13.7085315Z Loading safetensors checkpoint shards:  40% Completed | 65/163 [02:16<03:15,  1.99s/it]
2026-03-13T17:13:16.8919288Z (Worker pid=229) (Worker_DP0_TP0_EP0 pid=229) 
2026-03-13T17:13:16.8920355Z Loading safetensors checkpoint shards:  40% Completed | 66/163 [02:19<03:47,  2.35s/it]
2026-03-13T17:13:18.5320770Z (Worker pid=229) (Worker_DP0_TP0_EP0 pid=229) 
2026-03-13T17:13:18.5321309Z Loading safetensors checkpoint shards:  41% Completed | 67/163 [02:21<03:25,  2.14s/it]
2026-03-13T17:13:20.1410200Z (Worker pid=229) (Worker_DP0_TP0_EP0 pid=229) 
2026-03-13T17:13:20.1410751Z Loading safetensors checkpoint shards:  42% Completed | 68/163 [02:23<03:07,  1.98s/it]
2026-03-13T17:13:23.6282094Z (Worker pid=229) (Worker_DP0_TP0_EP0 pid=229) 
2026-03-13T17:13:23.6282634Z Loading safetensors checkpoint shards:  42% Completed | 69/163 [02:26<03:48,  2.43s/it]
2026-03-13T17:13:25.2248961Z (Worker pid=229) (Worker_DP0_TP0_EP0 pid=229) 
2026-03-13T17:13:25.2249500Z Loading safetensors checkpoint shards:  43% Completed | 70/163 [02:28<03:22,  2.18s/it]
2026-03-13T17:13:27.8815220Z (Worker pid=229) (Worker_DP0_TP0_EP0 pid=229) 
2026-03-13T17:13:27.8815760Z Loading safetensors checkpoint shards:  44% Completed | 71/163 [02:30<03:33,  2.32s/it]
2026-03-13T17:13:29.6563660Z (Worker pid=229) (Worker_DP0_TP0_EP0 pid=229) 
2026-03-13T17:13:29.6564192Z Loading safetensors checkpoint shards:  44% Completed | 72/163 [02:32<03:16,  2.16s/it]
2026-03-13T17:13:31.4724259Z (Worker pid=229) (Worker_DP0_TP0_EP0 pid=229) 
2026-03-13T17:13:31.4724734Z Loading safetensors checkpoint shards:  45% Completed | 73/163 [02:34<03:05,  2.06s/it]
2026-03-13T17:13:34.6232691Z (Worker pid=229) (Worker_DP0_TP0_EP0 pid=229) 
2026-03-13T17:13:34.6233244Z Loading safetensors checkpoint shards:  45% Completed | 74/163 [02:37<03:32,  2.38s/it]
2026-03-13T17:13:36.2811961Z (Worker pid=229) (Worker_DP0_TP0_EP0 pid=229) 
2026-03-13T17:13:36.2812500Z Loading safetensors checkpoint shards:  46% Completed | 75/163 [02:39<03:10,  2.17s/it]
2026-03-13T17:13:37.8571371Z (Worker pid=229) (Worker_DP0_TP0_EP0 pid=229) 
2026-03-13T17:13:37.8571907Z Loading safetensors checkpoint shards:  47% Completed | 76/163 [02:40<02:53,  1.99s/it]
2026-03-13T17:13:41.1292931Z (Worker pid=229) (Worker_DP0_TP0_EP0 pid=229) 
2026-03-13T17:13:41.1293759Z Loading safetensors checkpoint shards:  47% Completed | 77/163 [02:44<03:24,  2.37s/it]
2026-03-13T17:13:42.6547536Z (Worker pid=229) (Worker_DP0_TP0_EP0 pid=229) 
2026-03-13T17:13:42.6548121Z Loading safetensors checkpoint shards:  48% Completed | 78/163 [02:45<03:00,  2.12s/it]
2026-03-13T17:13:44.9706710Z (Worker pid=229) (Worker_DP0_TP0_EP0 pid=229) 
2026-03-13T17:13:44.9707260Z Loading safetensors checkpoint shards:  48% Completed | 79/163 [02:48<03:02,  2.18s/it]
2026-03-13T17:13:46.7351269Z (Worker pid=229) (Worker_DP0_TP0_EP0 pid=229) 
2026-03-13T17:13:46.7351813Z Loading safetensors checkpoint shards:  49% Completed | 80/163 [02:49<02:50,  2.05s/it]
2026-03-13T17:13:48.4875997Z (Worker pid=229) (Worker_DP0_TP0_EP0 pid=229) 
2026-03-13T17:13:48.4876528Z Loading safetensors checkpoint shards:  50% Completed | 81/163 [02:51<02:41,  1.96s/it]
2026-03-13T17:13:51.4238230Z (Worker pid=229) (Worker_DP0_TP0_EP0 pid=229) 
2026-03-13T17:13:51.4238783Z Loading safetensors checkpoint shards:  50% Completed | 82/163 [02:54<03:02,  2.26s/it]
2026-03-13T17:13:53.0929653Z (Worker pid=229) (Worker_DP0_TP0_EP0 pid=229) 
2026-03-13T17:13:53.0930326Z Loading safetensors checkpoint shards:  51% Completed | 83/163 [02:56<02:46,  2.08s/it]
2026-03-13T17:13:54.5746698Z (Worker pid=229) (Worker_DP0_TP0_EP0 pid=229) 
2026-03-13T17:13:54.5747236Z Loading safetensors checkpoint shards:  52% Completed | 84/163 [02:57<02:30,  1.90s/it]
2026-03-13T17:13:57.5604727Z (Worker pid=229) (Worker_DP0_TP0_EP0 pid=229) 
2026-03-13T17:13:57.5605269Z Loading safetensors checkpoint shards:  52% Completed | 85/163 [03:00<02:53,  2.23s/it]
2026-03-13T17:13:59.2575336Z (Worker pid=229) (Worker_DP0_TP0_EP0 pid=229) 
2026-03-13T17:13:59.2575884Z Loading safetensors checkpoint shards:  53% Completed | 86/163 [03:02<02:39,  2.07s/it]
2026-03-13T17:14:00.9881529Z (Worker pid=229) (Worker_DP0_TP0_EP0 pid=229) 
2026-03-13T17:14:00.9882403Z Loading safetensors checkpoint shards:  53% Completed | 87/163 [03:04<02:29,  1.97s/it]
2026-03-13T17:14:03.9966664Z (Worker pid=229) (Worker_DP0_TP0_EP0 pid=229) 
2026-03-13T17:14:03.9967206Z Loading safetensors checkpoint shards:  54% Completed | 88/163 [03:07<02:50,  2.28s/it]
2026-03-13T17:14:05.6585060Z (Worker pid=229) (Worker_DP0_TP0_EP0 pid=229) 
2026-03-13T17:14:05.6585599Z Loading safetensors checkpoint shards:  55% Completed | 89/163 [03:08<02:34,  2.09s/it]
2026-03-13T17:14:08.2394659Z (Worker pid=229) (Worker_DP0_TP0_EP0 pid=229) 
2026-03-13T17:14:08.2395185Z Loading safetensors checkpoint shards:  55% Completed | 90/163 [03:11<02:43,  2.24s/it]
2026-03-13T17:14:09.9589398Z (Worker pid=229) (Worker_DP0_TP0_EP0 pid=229) 
2026-03-13T17:14:09.9590035Z Loading safetensors checkpoint shards:  56% Completed | 91/163 [03:12<02:30,  2.08s/it]
2026-03-13T17:14:11.6650619Z (Worker pid=229) (Worker_DP0_TP0_EP0 pid=229) 
2026-03-13T17:14:11.6651143Z Loading safetensors checkpoint shards:  56% Completed | 92/163 [03:14<02:19,  1.97s/it]
2026-03-13T17:14:14.4749024Z (Worker pid=229) (Worker_DP0_TP0_EP0 pid=229) 
2026-03-13T17:14:14.4749570Z Loading safetensors checkpoint shards:  57% Completed | 93/163 [03:17<02:35,  2.22s/it]
2026-03-13T17:14:16.2311353Z (Worker pid=229) (Worker_DP0_TP0_EP0 pid=229) 
2026-03-13T17:14:16.2311841Z Loading safetensors checkpoint shards:  58% Completed | 94/163 [03:19<02:23,  2.08s/it]
2026-03-13T17:14:17.8053274Z (Worker pid=229) (Worker_DP0_TP0_EP0 pid=229) 
2026-03-13T17:14:17.8053814Z Loading safetensors checkpoint shards:  58% Completed | 95/163 [03:20<02:11,  1.93s/it]
2026-03-13T17:14:20.9109948Z (Worker pid=229) (Worker_DP0_TP0_EP0 pid=229) 
2026-03-13T17:14:20.9110503Z Loading safetensors checkpoint shards:  59% Completed | 96/163 [03:23<02:32,  2.28s/it]
2026-03-13T17:14:22.4996896Z (Worker pid=229) (Worker_DP0_TP0_EP0 pid=229) 
2026-03-13T17:14:22.4997432Z Loading safetensors checkpoint shards:  60% Completed | 97/163 [03:25<02:16,  2.07s/it]
2026-03-13T17:14:24.7425779Z (Worker pid=229) (Worker_DP0_TP0_EP0 pid=229) 
2026-03-13T17:14:24.7426638Z Loading safetensors checkpoint shards:  60% Completed | 98/163 [03:27<02:18,  2.13s/it]
2026-03-13T17:14:26.6242190Z (Worker pid=229) (Worker_DP0_TP0_EP0 pid=229) 
2026-03-13T17:14:26.6242734Z Loading safetensors checkpoint shards:  61% Completed | 99/163 [03:29<02:11,  2.05s/it]
2026-03-13T17:14:28.2095817Z (Worker pid=229) (Worker_DP0_TP0_EP0 pid=229) 
2026-03-13T17:14:28.2096363Z Loading safetensors checkpoint shards:  61% Completed | 100/163 [03:31<02:00,  1.91s/it]
2026-03-13T17:14:30.8457998Z (Worker pid=229) (Worker_DP0_TP0_EP0 pid=229) 
2026-03-13T17:14:30.8458533Z Loading safetensors checkpoint shards:  62% Completed | 101/163 [03:33<02:11,  2.13s/it]
2026-03-13T17:14:32.7173155Z (Worker pid=229) (Worker_DP0_TP0_EP0 pid=229) 
2026-03-13T17:14:32.7173707Z Loading safetensors checkpoint shards:  63% Completed | 102/163 [03:35<02:05,  2.05s/it]
2026-03-13T17:14:34.2686606Z (Worker pid=229) (Worker_DP0_TP0_EP0 pid=229) 
2026-03-13T17:14:34.2687227Z Loading safetensors checkpoint shards:  63% Completed | 103/163 [03:37<01:54,  1.90s/it]
2026-03-13T17:14:37.1244251Z (Worker pid=229) (Worker_DP0_TP0_EP0 pid=229) 
2026-03-13T17:14:37.1244796Z Loading safetensors checkpoint shards:  64% Completed | 104/163 [03:40<02:09,  2.19s/it]
2026-03-13T17:14:38.6669369Z (Worker pid=229) (Worker_DP0_TP0_EP0 pid=229) 
2026-03-13T17:14:41.3507783Z Loading safetensors checkpoint shards:  64% Completed | 105/163 [03:41<01:55,  1.99s/it]
2026-03-13T17:14:41.3508334Z (Worker pid=229) (Worker_DP0_TP0_EP0 pid=229) 
2026-03-13T17:14:41.3508818Z Loading safetensors checkpoint shards:  65% Completed | 106/163 [03:44<02:05,  2.20s/it]
2026-03-13T17:14:43.2479547Z (Worker pid=229) (Worker_DP0_TP0_EP0 pid=229) 
2026-03-13T17:14:43.2480206Z Loading safetensors checkpoint shards:  66% Completed | 107/163 [03:46<01:58,  2.11s/it]
2026-03-13T17:14:44.9434360Z (Worker pid=229) (Worker_DP0_TP0_EP0 pid=229) 
2026-03-13T17:14:44.9434904Z Loading safetensors checkpoint shards:  66% Completed | 108/163 [03:47<01:49,  1.99s/it]
2026-03-13T17:14:47.5218552Z (Worker pid=229) (Worker_DP0_TP0_EP0 pid=229) 
2026-03-13T17:14:47.5219083Z Loading safetensors checkpoint shards:  67% Completed | 109/163 [03:50<01:56,  2.16s/it]
2026-03-13T17:14:49.2824750Z (Worker pid=229) (Worker_DP0_TP0_EP0 pid=229) 
2026-03-13T17:14:49.2825298Z Loading safetensors checkpoint shards:  67% Completed | 110/163 [03:52<01:48,  2.04s/it]
2026-03-13T17:14:50.8332595Z (Worker pid=229) (Worker_DP0_TP0_EP0 pid=229) 
2026-03-13T17:14:50.8333146Z Loading safetensors checkpoint shards:  68% Completed | 111/163 [03:53<01:38,  1.90s/it]
2026-03-13T17:14:53.6687254Z (Worker pid=229) (Worker_DP0_TP0_EP0 pid=229) 
2026-03-13T17:14:53.6687858Z Loading safetensors checkpoint shards:  69% Completed | 112/163 [03:56<01:51,  2.18s/it]
2026-03-13T17:14:55.3273045Z (Worker pid=229) (Worker_DP0_TP0_EP0 pid=229) 
2026-03-13T17:14:55.3273581Z Loading safetensors checkpoint shards:  69% Completed | 113/163 [03:58<01:41,  2.02s/it]
2026-03-13T17:14:56.7779374Z (Worker pid=229) (Worker_DP0_TP0_EP0 pid=229) 
2026-03-13T17:14:56.7780055Z Loading safetensors checkpoint shards:  70% Completed | 114/163 [03:59<01:30,  1.85s/it]
2026-03-13T17:14:59.9616624Z (Worker pid=229) (Worker_DP0_TP0_EP0 pid=229) 
2026-03-13T17:14:59.9617170Z Loading safetensors checkpoint shards:  71% Completed | 115/163 [04:02<01:48,  2.25s/it]
2026-03-13T17:15:01.5674182Z (Worker pid=229) (Worker_DP0_TP0_EP0 pid=229) 
2026-03-13T17:15:01.5674740Z Loading safetensors checkpoint shards:  71% Completed | 116/163 [04:04<01:36,  2.06s/it]
2026-03-13T17:15:04.0261604Z (Worker pid=229) (Worker_DP0_TP0_EP0 pid=229) 
2026-03-13T17:15:04.0262154Z Loading safetensors checkpoint shards:  72% Completed | 117/163 [04:07<01:40,  2.18s/it]
2026-03-13T17:15:05.7899677Z (Worker pid=229) (Worker_DP0_TP0_EP0 pid=229) 
2026-03-13T17:15:05.7900325Z Loading safetensors checkpoint shards:  72% Completed | 118/163 [04:08<01:32,  2.05s/it]
2026-03-13T17:15:07.4072721Z (Worker pid=229) (Worker_DP0_TP0_EP0 pid=229) 
2026-03-13T17:15:07.4073557Z Loading safetensors checkpoint shards:  73% Completed | 119/163 [04:10<01:24,  1.92s/it]
2026-03-13T17:15:10.2940720Z (Worker pid=229) (Worker_DP0_TP0_EP0 pid=229) 
2026-03-13T17:15:10.2941268Z Loading safetensors checkpoint shards:  74% Completed | 120/163 [04:13<01:35,  2.21s/it]
2026-03-13T17:15:11.9186726Z (Worker pid=229) (Worker_DP0_TP0_EP0 pid=229) 
2026-03-13T17:15:11.9187273Z Loading safetensors checkpoint shards:  74% Completed | 121/163 [04:14<01:25,  2.04s/it]
2026-03-13T17:15:13.3468758Z (Worker pid=229) (Worker_DP0_TP0_EP0 pid=229) 
2026-03-13T17:15:13.3469304Z Loading safetensors checkpoint shards:  75% Completed | 122/163 [04:16<01:15,  1.85s/it]
2026-03-13T17:15:16.4304096Z (Worker pid=229) (Worker_DP0_TP0_EP0 pid=229) 
2026-03-13T17:15:16.4304638Z Loading safetensors checkpoint shards:  75% Completed | 123/163 [04:19<01:28,  2.22s/it]
2026-03-13T17:15:18.1393745Z (Worker pid=229) (Worker_DP0_TP0_EP0 pid=229) 
2026-03-13T17:15:18.1394313Z Loading safetensors checkpoint shards:  76% Completed | 124/163 [04:21<01:20,  2.07s/it]
2026-03-13T17:15:20.4876032Z (Worker pid=229) (Worker_DP0_TP0_EP0 pid=229) 
