2026-03-14T10:19:58.5009929Z [Gloo] Rank 15 is connected to 15 peer ranks. Expected number of connected peer ranks is : 15
2026-03-14T10:19:58.5010350Z [Gloo] Rank 14 is connected to 15 peer ranks. Expected number of connected peer ranks is : 15
2026-03-14T10:19:58.5323933Z [Gloo] Rank 1 is connected to 7 peer ranks. Expected number of connected peer ranks is : 7
2026-03-14T10:19:58.5324347Z [Gloo] Rank 4 is connected to 7 peer ranks. Expected number of connected peer ranks is : 7
2026-03-14T10:19:58.5324865Z [Gloo] Rank 3 is connected to 7 peer ranks. Expected number of connected peer ranks is : 7
2026-03-14T10:19:58.5325318Z [Gloo] Rank 7 is connected to 7 peer ranks. Expected number of connected peer ranks is : 7
2026-03-14T10:19:58.5325726Z [Gloo] Rank 2 is connected to 7 peer ranks. Expected number of connected peer ranks is : 7
2026-03-14T10:19:58.5326129Z [Gloo] Rank 0 is connected to 7 peer ranks. Expected number of connected peer ranks is : 7
2026-03-14T10:19:58.5326595Z [Gloo] Rank 0 is connected to 7 peer ranks. Expected number of connected peer ranks is : 7
2026-03-14T10:19:58.5327004Z [Gloo] Rank 5 is connected to 7 peer ranks. Expected number of connected peer ranks is : 7
2026-03-14T10:19:58.5327381Z [Gloo] Rank 7 is connected to 7 peer ranks. Expected number of connected peer ranks is : 7
2026-03-14T10:19:58.5327770Z [Gloo] Rank 6 is connected to 7 peer ranks. Expected number of connected peer ranks is : 7
2026-03-14T10:19:58.5328171Z [Gloo] Rank 4 is connected to 7 peer ranks. Expected number of connected peer ranks is : 7
2026-03-14T10:19:58.5328560Z [Gloo] Rank 1 is connected to 7 peer ranks. Expected number of connected peer ranks is : 7
2026-03-14T10:19:58.5328955Z [Gloo] Rank 2 is connected to 7 peer ranks. Expected number of connected peer ranks is : 7
2026-03-14T10:19:58.5329368Z [Gloo] Rank 3 is connected to 7 peer ranks. Expected number of connected peer ranks is : 7
2026-03-14T10:19:58.5329755Z [Gloo] Rank 6 is connected to 7 peer ranks. Expected number of connected peer ranks is : 7
2026-03-14T10:19:58.5330151Z [Gloo] Rank 5 is connected to 7 peer ranks. Expected number of connected peer ranks is : 7
2026-03-14T10:19:58.5394370Z [Gloo] Rank 0 is connected to 0 peer ranks. Expected number of connected peer ranks is : 0
2026-03-14T10:19:58.5394775Z [Gloo] Rank 0 is connected to 0 peer ranks. Expected number of connected peer ranks is : 0
2026-03-14T10:19:58.5395183Z [Gloo] Rank 0 is connected to 0 peer ranks. Expected number of connected peer ranks is : 0
2026-03-14T10:19:58.5395583Z [Gloo] Rank 0 is connected to 0 peer ranks. Expected number of connected peer ranks is : 0
2026-03-14T10:19:58.5395980Z [Gloo] Rank 0 is connected to 0 peer ranks. Expected number of connected peer ranks is : 0
2026-03-14T10:19:58.5396375Z [Gloo] Rank 0 is connected to 0 peer ranks. Expected number of connected peer ranks is : 0
2026-03-14T10:19:58.5396993Z [Gloo] Rank 0 is connected to 0 peer ranks. Expected number of connected peer ranks is : 0
2026-03-14T10:19:58.5397394Z [Gloo] Rank 0 is connected to 0 peer ranks. Expected number of connected peer ranks is : 0
2026-03-14T10:19:58.5420706Z [Gloo] Rank 0 is connected to 0 peer ranks. Expected number of connected peer ranks is : 0
2026-03-14T10:19:58.5421110Z [Gloo] Rank 0 is connected to 0 peer ranks. Expected number of connected peer ranks is : 0
2026-03-14T10:19:58.5421494Z [Gloo] Rank 0 is connected to 0 peer ranks. Expected number of connected peer ranks is : 0
2026-03-14T10:19:58.5421898Z [Gloo] Rank 0 is connected to 0 peer ranks. Expected number of connected peer ranks is : 0
2026-03-14T10:19:58.5422424Z [Gloo] Rank 0 is connected to 0 peer ranks. Expected number of connected peer ranks is : 0
2026-03-14T10:19:58.5422819Z [Gloo] Rank 0 is connected to 0 peer ranks. Expected number of connected peer ranks is : 0
2026-03-14T10:19:58.5423225Z [Gloo] Rank 0 is connected to 0 peer ranks. Expected number of connected peer ranks is : 0
2026-03-14T10:19:58.5423617Z [Gloo] Rank 0 is connected to 0 peer ranks. Expected number of connected peer ranks is : 0
2026-03-14T10:19:58.5444180Z [Gloo] Rank 0 is connected to 0 peer ranks. Expected number of connected peer ranks is : 0
2026-03-14T10:19:58.5444592Z [Gloo] Rank 0 is connected to 0 peer ranks. Expected number of connected peer ranks is : 0
2026-03-14T10:19:58.5444987Z [Gloo] Rank 0 is connected to 0 peer ranks. Expected number of connected peer ranks is : 0
2026-03-14T10:19:58.5445388Z [Gloo] Rank 0 is connected to 0 peer ranks. Expected number of connected peer ranks is : 0
2026-03-14T10:19:58.5445855Z [Gloo] Rank 0 is connected to 0 peer ranks. Expected number of connected peer ranks is : 0
2026-03-14T10:19:58.5446250Z [Gloo] Rank 0 is connected to 0 peer ranks. Expected number of connected peer ranks is : 0
2026-03-14T10:19:58.5446703Z [Gloo] Rank 0 is connected to 0 peer ranks. Expected number of connected peer ranks is : 0
2026-03-14T10:19:58.5447102Z [Gloo] Rank 0 is connected to 0 peer ranks. Expected number of connected peer ranks is : 0
2026-03-14T10:19:58.6303577Z [Gloo] Rank 0 is connected to 0 peer ranks. Expected number of connected peer ranks is : 0
2026-03-14T10:19:58.6303996Z [Gloo] Rank 0 is connected to 0 peer ranks. Expected number of connected peer ranks is : 0
2026-03-14T10:19:58.6304396Z [Gloo] Rank 0 is connected to 0 peer ranks. Expected number of connected peer ranks is : 0
2026-03-14T10:19:58.6304788Z [Gloo] Rank 0 is connected to 0 peer ranks. Expected number of connected peer ranks is : 0
2026-03-14T10:19:58.6305183Z [Gloo] Rank 0 is connected to 0 peer ranks. Expected number of connected peer ranks is : 0
2026-03-14T10:19:58.6305583Z [Gloo] Rank 0 is connected to 0 peer ranks. Expected number of connected peer ranks is : 0
2026-03-14T10:19:58.6305975Z [Gloo] Rank 0 is connected to 0 peer ranks. Expected number of connected peer ranks is : 0
2026-03-14T10:19:58.6306369Z [Gloo] Rank 0 is connected to 0 peer ranks. Expected number of connected peer ranks is : 0
2026-03-14T10:19:58.6329113Z [Gloo] Rank 0 is connected to 0 peer ranks. Expected number of connected peer ranks is : 0
2026-03-14T10:19:58.6329529Z [Gloo] Rank 0 is connected to 0 peer ranks. Expected number of connected peer ranks is : 0
2026-03-14T10:19:58.6329925Z [Gloo] Rank 0 is connected to 0 peer ranks. Expected number of connected peer ranks is : 0
2026-03-14T10:19:58.6330316Z [Gloo] Rank 0 is connected to 0 peer ranks. Expected number of connected peer ranks is : 0
2026-03-14T10:19:58.6330709Z [Gloo] Rank 0 is connected to 0 peer ranks. Expected number of connected peer ranks is : 0
2026-03-14T10:19:58.6331117Z [Gloo] Rank 0 is connected to 0 peer ranks. Expected number of connected peer ranks is : 0
2026-03-14T10:19:58.6331522Z [Gloo] Rank 0 is connected to 0 peer ranks. Expected number of connected peer ranks is : 0
2026-03-14T10:19:58.6338217Z [Gloo] Rank 0 is connected to 0 peer ranks. Expected number of connected peer ranks is : 0
2026-03-14T10:19:58.6348925Z [Gloo] Rank 0 is connected to 0 peer ranks. Expected number of connected peer ranks is : 0
2026-03-14T10:19:58.6349325Z [Gloo] Rank 0 is connected to 0 peer ranks. Expected number of connected peer ranks is : 0
2026-03-14T10:19:58.6349717Z [Gloo] Rank 0 is connected to 0 peer ranks. Expected number of connected peer ranks is : 0
2026-03-14T10:19:58.6350170Z [Gloo] Rank 0 is connected to 0 peer ranks. Expected number of connected peer ranks is : 0
2026-03-14T10:19:58.6350567Z [Gloo] Rank 0 is connected to 0 peer ranks. Expected number of connected peer ranks is : 0
2026-03-14T10:19:58.6350973Z [Gloo] Rank 0 is connected to 0 peer ranks. Expected number of connected peer ranks is : 0
2026-03-14T10:19:58.6352117Z [Gloo] Rank 0 is connected to 0 peer ranks. Expected number of connected peer ranks is : 0
2026-03-14T10:19:58.6353384Z [Gloo] Rank 0 is connected to 0 peer ranks. Expected number of connected peer ranks is : 0
2026-03-14T10:19:58.6380538Z [Gloo] Rank 1 is connected to 1 peer ranks. Expected number of connected peer ranks is : 1
2026-03-14T10:19:58.6380933Z [Gloo] Rank 0 is connected to 1 peer ranks. Expected number of connected peer ranks is : 1
2026-03-14T10:19:58.6381384Z [Gloo] Rank 0 is connected to 1 peer ranks. Expected number of connected peer ranks is : 1
2026-03-14T10:19:58.6381782Z [Gloo] Rank 0 is connected to 1 peer ranks. Expected number of connected peer ranks is : 1
2026-03-14T10:19:58.6382257Z [Gloo] Rank 0 is connected to 1 peer ranks. Expected number of connected peer ranks is : 1
2026-03-14T10:19:58.6382654Z [Gloo] Rank 1 is connected to 1 peer ranks. Expected number of connected peer ranks is : 1
2026-03-14T10:19:58.6383143Z [Gloo] Rank 0 is connected to 1 peer ranks. Expected number of connected peer ranks is : 1
2026-03-14T10:19:58.6383541Z [Gloo] Rank 1 is connected to 1 peer ranks. Expected number of connected peer ranks is : 1
2026-03-14T10:19:58.6383942Z [Gloo] Rank 1 is connected to 1 peer ranks. Expected number of connected peer ranks is : 1
2026-03-14T10:19:58.6384329Z [Gloo] Rank 1 is connected to 1 peer ranks. Expected number of connected peer ranks is : 1
2026-03-14T10:19:58.6384724Z [Gloo] Rank 1 is connected to 1 peer ranks. Expected number of connected peer ranks is : 1
2026-03-14T10:19:58.6385120Z [Gloo] Rank 0 is connected to 1 peer ranks. Expected number of connected peer ranks is : 1
2026-03-14T10:19:58.6385515Z [Gloo] Rank 1 is connected to 1 peer ranks. Expected number of connected peer ranks is : 1
2026-03-14T10:19:58.6385910Z [Gloo] Rank 0 is connected to 1 peer ranks. Expected number of connected peer ranks is : 1
2026-03-14T10:19:58.6386300Z [Gloo] Rank 0 is connected to 1 peer ranks. Expected number of connected peer ranks is : 1
2026-03-14T10:19:58.6386794Z [Gloo] Rank 1 is connected to 1 peer ranks. Expected number of connected peer ranks is : 1
2026-03-14T10:19:58.6475822Z [Gloo] Rank 0 is connected to 15 peer ranks. Expected number of connected peer ranks is : 15
2026-03-14T10:19:58.6480021Z (Worker pid=1537) INFO 03-14 10:19:58 [parallel_state.py:1715] rank 0 in world size 16 is assigned as DP rank 0, PP rank 0, PCP rank 0, TP rank 0, EP rank 0, EPLB rank N/A
2026-03-14T10:19:58.7238548Z [Gloo] Rank 12 is connected to 15 peer ranks. Expected number of connected peer ranks is : 15
2026-03-14T10:19:58.7239025Z [Gloo] Rank 5 is connected to 15 peer ranks. Expected number of connected peer ranks is : 15
2026-03-14T10:19:58.7239451Z [Gloo] Rank 6 is connected to 15 peer ranks. Expected number of connected peer ranks is : 15
2026-03-14T10:19:58.7242504Z (Worker pid=1907) INFO 03-14 10:19:58 [parallel_state.py:1715] rank 12 in world size 16 is assigned as DP rank 1, PP rank 0, PCP rank 0, TP rank 4, EP rank 12, EPLB rank N/A
2026-03-14T10:19:58.7243251Z (Worker pid=2114) INFO 03-14 10:19:58 [parallel_state.py:1715] rank 6 in world size 16 is assigned as DP rank 0, PP rank 0, PCP rank 0, TP rank 6, EP rank 6, EPLB rank N/A
2026-03-14T10:19:58.7243952Z (Worker pid=2008) INFO 03-14 10:19:58 [parallel_state.py:1715] rank 5 in world size 16 is assigned as DP rank 0, PP rank 0, PCP rank 0, TP rank 5, EP rank 5, EPLB rank N/A
2026-03-14T10:19:58.7280155Z [Gloo] Rank 2 is connected to 15 peer ranks. Expected number of connected peer ranks is : 15
2026-03-14T10:19:58.7286984Z (Worker pid=1690) INFO 03-14 10:19:58 [parallel_state.py:1715] rank 2 in world size 16 is assigned as DP rank 0, PP rank 0, PCP rank 0, TP rank 2, EP rank 2, EPLB rank N/A
2026-03-14T10:19:58.7317384Z [Gloo] Rank 1 is connected to 15 peer ranks. Expected number of connected peer ranks is : 15
2026-03-14T10:19:58.7322054Z (Worker pid=1575) INFO 03-14 10:19:58 [parallel_state.py:1715] rank 1 in world size 16 is assigned as DP rank 0, PP rank 0, PCP rank 0, TP rank 1, EP rank 1, EPLB rank N/A
2026-03-14T10:19:58.7356677Z [Gloo] Rank 14 is connected to 15 peer ranks. Expected number of connected peer ranks is : 15
2026-03-14T10:19:58.7357110Z [Gloo] Rank 15 is connected to 15 peer ranks. Expected number of connected peer ranks is : 15
2026-03-14T10:19:58.7360882Z (Worker pid=2224) INFO 03-14 10:19:58 [parallel_state.py:1715] rank 15 in world size 16 is assigned as DP rank 1, PP rank 0, PCP rank 0, TP rank 7, EP rank 15, EPLB rank N/A
2026-03-14T10:19:58.7361579Z (Worker pid=2118) INFO 03-14 10:19:58 [parallel_state.py:1715] rank 14 in world size 16 is assigned as DP rank 1, PP rank 0, PCP rank 0, TP rank 6, EP rank 14, EPLB rank N/A
2026-03-14T10:19:58.7597465Z [Gloo] Rank 7 is connected to 15 peer ranks. Expected number of connected peer ranks is : 15
2026-03-14T10:19:58.7597885Z [Gloo] Rank 3 is connected to 15 peer ranks. Expected number of connected peer ranks is : 15
2026-03-14T10:19:58.7598401Z [Gloo] Rank 9 is connected to 15 peer ranks. Expected number of connected peer ranks is : 15
2026-03-14T10:19:58.7598808Z [Gloo] Rank 4 is connected to 15 peer ranks. Expected number of connected peer ranks is : 15
2026-03-14T10:19:58.7599215Z [Gloo] Rank 10 is connected to 15 peer ranks. Expected number of connected peer ranks is : 15
2026-03-14T10:19:58.7599628Z [Gloo] Rank 8 is connected to 15 peer ranks. Expected number of connected peer ranks is : 15
2026-03-14T10:19:58.7600047Z [Gloo] Rank 13 is connected to 15 peer ranks. Expected number of connected peer ranks is : 15
2026-03-14T10:19:58.7600615Z (Worker pid=1796) INFO 03-14 10:19:58 [parallel_state.py:1715] rank 3 in world size 16 is assigned as DP rank 0, PP rank 0, PCP rank 0, TP rank 3, EP rank 3, EPLB rank N/A
2026-03-14T10:19:58.7601329Z (Worker pid=2220) INFO 03-14 10:19:58 [parallel_state.py:1715] rank 7 in world size 16 is assigned as DP rank 0, PP rank 0, PCP rank 0, TP rank 7, EP rank 7, EPLB rank N/A
2026-03-14T10:19:58.7602138Z (Worker pid=1902) INFO 03-14 10:19:58 [parallel_state.py:1715] rank 4 in world size 16 is assigned as DP rank 0, PP rank 0, PCP rank 0, TP rank 4, EP rank 4, EPLB rank N/A
2026-03-14T10:19:58.7602855Z (Worker pid=1694) INFO 03-14 10:19:58 [parallel_state.py:1715] rank 10 in world size 16 is assigned as DP rank 1, PP rank 0, PCP rank 0, TP rank 2, EP rank 10, EPLB rank N/A
2026-03-14T10:19:58.7603577Z (Worker pid=1538) INFO 03-14 10:19:58 [parallel_state.py:1715] rank 8 in world size 16 is assigned as DP rank 1, PP rank 0, PCP rank 0, TP rank 0, EP rank 8, EPLB rank N/A
2026-03-14T10:19:58.7604282Z (Worker pid=1574) INFO 03-14 10:19:58 [parallel_state.py:1715] rank 9 in world size 16 is assigned as DP rank 1, PP rank 0, PCP rank 0, TP rank 1, EP rank 9, EPLB rank N/A
2026-03-14T10:19:58.7605000Z (Worker pid=2013) INFO 03-14 10:19:58 [parallel_state.py:1715] rank 13 in world size 16 is assigned as DP rank 1, PP rank 0, PCP rank 0, TP rank 5, EP rank 13, EPLB rank N/A
2026-03-14T10:19:58.7875434Z [Gloo] Rank 11 is connected to 15 peer ranks. Expected number of connected peer ranks is : 15
2026-03-14T10:19:58.7879270Z (Worker pid=1800) INFO 03-14 10:19:58 [parallel_state.py:1715] rank 11 in world size 16 is assigned as DP rank 1, PP rank 0, PCP rank 0, TP rank 3, EP rank 11, EPLB rank N/A
2026-03-14T10:19:58.7910566Z [Gloo] Rank 0 is connected to 15 peer ranks. Expected number of connected peer ranks is : 15
2026-03-14T10:19:58.7913401Z [Gloo] Rank 1 is connected to 15 peer ranks. Expected number of connected peer ranks is : 15
2026-03-14T10:19:58.7914755Z [Gloo] Rank 3 is connected to 15 peer ranks. Expected number of connected peer ranks is : 15
2026-03-14T10:19:58.7915170Z [Gloo] Rank 10 is connected to 15 peer ranks. Expected number of connected peer ranks is : 15
2026-03-14T10:19:58.7915574Z [Gloo] Rank 2 is connected to 15 peer ranks. Expected number of connected peer ranks is : 15
2026-03-14T10:19:58.7917561Z [Gloo] Rank 4 is connected to 15 peer ranks. Expected number of connected peer ranks is : 15
2026-03-14T10:19:58.7918022Z [Gloo] Rank 5 is connected to 15 peer ranks. Expected number of connected peer ranks is : 15
2026-03-14T10:19:58.7918614Z [Gloo] Rank 6 is connected to 15 peer ranks. Expected number of connected peer ranks is : 15
2026-03-14T10:19:58.7919030Z [Gloo] Rank 7 is connected to 15 peer ranks. Expected number of connected peer ranks is : 15
2026-03-14T10:19:58.7919457Z [Gloo] Rank 11 is connected to 15 peer ranks. Expected number of connected peer ranks is : 15
2026-03-14T10:19:58.7920215Z [Gloo] Rank 8 is connected to 15 peer ranks. Expected number of connected peer ranks is : 15
2026-03-14T10:19:58.7920786Z [Gloo] Rank 9 is connected to 15 peer ranks. Expected number of connected peer ranks is : 15
2026-03-14T10:19:58.7922237Z [Gloo] Rank 13 is connected to 15 peer ranks. Expected number of connected peer ranks is : 15
2026-03-14T10:19:58.7922648Z [Gloo] Rank 12 is connected to 15 peer ranks. Expected number of connected peer ranks is : 15
2026-03-14T10:19:58.7924008Z [Gloo] Rank 15 is connected to 15 peer ranks. Expected number of connected peer ranks is : 15
2026-03-14T10:19:58.7924510Z [Gloo] Rank 14 is connected to 15 peer ranks. Expected number of connected peer ranks is : 15
2026-03-14T10:19:58.8003977Z [Gloo] Rank 1 is connected to 1 peer ranks. Expected number of connected peer ranks is : 1
2026-03-14T10:19:58.8004386Z [Gloo] Rank 1 is connected to 1 peer ranks. Expected number of connected peer ranks is : 1
2026-03-14T10:19:58.8004783Z [Gloo] Rank 0 is connected to 1 peer ranks. Expected number of connected peer ranks is : 1
2026-03-14T10:19:58.8005177Z [Gloo] Rank 0 is connected to 1 peer ranks. Expected number of connected peer ranks is : 1
2026-03-14T10:19:58.8005569Z [Gloo] Rank 0 is connected to 1 peer ranks. Expected number of connected peer ranks is : 1
2026-03-14T10:19:58.8005961Z [Gloo] Rank 1 is connected to 1 peer ranks. Expected number of connected peer ranks is : 1
2026-03-14T10:19:58.8006357Z [Gloo] Rank 0 is connected to 1 peer ranks. Expected number of connected peer ranks is : 1
2026-03-14T10:19:58.8006866Z [Gloo] Rank 1 is connected to 1 peer ranks. Expected number of connected peer ranks is : 1
2026-03-14T10:19:58.8007273Z [Gloo] Rank 0 is connected to 1 peer ranks. Expected number of connected peer ranks is : 1
2026-03-14T10:19:58.8007676Z [Gloo] Rank 1 is connected to 1 peer ranks. Expected number of connected peer ranks is : 1
2026-03-14T10:19:58.8008069Z [Gloo] Rank 0 is connected to 1 peer ranks. Expected number of connected peer ranks is : 1
2026-03-14T10:19:58.8009930Z [Gloo] Rank 1 is connected to 1 peer ranks. Expected number of connected peer ranks is : 1
2026-03-14T10:19:58.8011250Z [Gloo] Rank 0 is connected to 1 peer ranks. Expected number of connected peer ranks is : 1
2026-03-14T10:19:58.8011649Z [Gloo] Rank 1 is connected to 1 peer ranks. Expected number of connected peer ranks is : 1
2026-03-14T10:19:58.8017608Z [Gloo] Rank 0 is connected to 1 peer ranks. Expected number of connected peer ranks is : 1
2026-03-14T10:19:58.8018007Z [Gloo] Rank 1 is connected to 1 peer ranks. Expected number of connected peer ranks is : 1
2026-03-14T10:20:02.4010780Z (Worker pid=2008) INFO 03-14 10:20:02 [cpu_binding.py:320] [cpu_bind_mode] mode=global_slice rank=5 visible_npus=[0, 1, 2, 3, 4, 5, 6, 7]
2026-03-14T10:20:02.4011374Z (Worker pid=2008) INFO 03-14 10:20:02 [cpu_binding.py:367] The CPU allocation plan is as follows:
2026-03-14T10:20:02.4012340Z (Worker pid=2008) INFO 03-14 10:20:02 [cpu_binding.py:372] NPU5: main=[102 103 104 105 106 107 108 109 110 111 112 113 114 115 116 117]  acl=[118]  release=[[119]]
2026-03-14T10:20:02.4863385Z (Worker pid=2008) INFO 03-14 10:20:02 [cpu_binding.py:383] The 'migratepages' command is not available, skipping memory binding.
2026-03-14T10:20:02.5553261Z (Worker pid=2008) WARNING 03-14 10:20:02 [__init__.py:204] min_p and logit_bias parameters won't work with speculative decoding.
2026-03-14T10:20:02.5593393Z (Worker pid=2118) INFO 03-14 10:20:02 [cpu_binding.py:320] [cpu_bind_mode] mode=global_slice rank=6 visible_npus=[8, 9, 10, 11, 12, 13, 14, 15]
2026-03-14T10:20:02.5596394Z (Worker pid=2118) INFO 03-14 10:20:02 [cpu_binding.py:367] The CPU allocation plan is as follows:
2026-03-14T10:20:02.5597275Z (Worker pid=2118) INFO 03-14 10:20:02 [cpu_binding.py:372] NPU14: main=[282 283 284 285 286 287 288 289 290 291 292 293 294 295 296 297]  acl=[298]  release=[[299]]
2026-03-14T10:20:02.5679556Z (Worker pid=2008) INFO 03-14 10:20:02 [base.py:106] Offloader set to NoopOffloader
2026-03-14T10:20:02.6039289Z (Worker pid=2008) WARNING 03-14 10:20:02 [__init__.py:204] min_p and logit_bias parameters won't work with speculative decoding.
2026-03-14T10:20:02.6058432Z (Worker pid=2008) (Worker_DP0_TP5_EP5 pid=2008) INFO 03-14 10:20:02 [model_runner_v1.py:2512] Starting to load model /root/.cache/modelscope/hub/models/vllm-ascend/DeepSeek-V3___2-W8A8...
2026-03-14T10:20:02.6249618Z (Worker pid=2118) INFO 03-14 10:20:02 [cpu_binding.py:383] The 'migratepages' command is not available, skipping memory binding.
2026-03-14T10:20:02.6865577Z (Worker pid=2118) WARNING 03-14 10:20:02 [__init__.py:204] min_p and logit_bias parameters won't work with speculative decoding.
2026-03-14T10:20:02.6972351Z (Worker pid=2118) INFO 03-14 10:20:02 [base.py:106] Offloader set to NoopOffloader
2026-03-14T10:20:02.7088397Z (Worker pid=2118) WARNING 03-14 10:20:02 [__init__.py:204] min_p and logit_bias parameters won't work with speculative decoding.
2026-03-14T10:20:02.7102594Z (Worker pid=2118) (Worker_DP1_TP6_EP14 pid=2118) INFO 03-14 10:20:02 [model_runner_v1.py:2512] Starting to load model /root/.cache/modelscope/hub/models/vllm-ascend/DeepSeek-V3___2-W8A8...
2026-03-14T10:20:02.7755866Z (Worker pid=1800) INFO 03-14 10:20:02 [cpu_binding.py:320] [cpu_bind_mode] mode=global_slice rank=3 visible_npus=[8, 9, 10, 11, 12, 13, 14, 15]
2026-03-14T10:20:02.7758935Z (Worker pid=1800) INFO 03-14 10:20:02 [cpu_binding.py:367] The CPU allocation plan is as follows:
2026-03-14T10:20:02.7759467Z (Worker pid=1800) INFO 03-14 10:20:02 [cpu_binding.py:372] NPU11: main=[222 223 224 225 226 227 228 229 230 231 232 233 234 235 236 237]  acl=[238]  release=[[239]]
2026-03-14T10:20:02.8438627Z (Worker pid=1800) INFO 03-14 10:20:02 [cpu_binding.py:383] The 'migratepages' command is not available, skipping memory binding.
2026-03-14T10:20:02.8908160Z (Worker pid=1574) INFO 03-14 10:20:02 [cpu_binding.py:320] [cpu_bind_mode] mode=global_slice rank=1 visible_npus=[8, 9, 10, 11, 12, 13, 14, 15]
2026-03-14T10:20:02.8908685Z (Worker pid=1574) INFO 03-14 10:20:02 [cpu_binding.py:367] The CPU allocation plan is as follows:
2026-03-14T10:20:02.8909205Z (Worker pid=1574) INFO 03-14 10:20:02 [cpu_binding.py:372] NPU9: main=[182 183 184 185 186 187 188 189 190 191 192 193 194 195 196 197]  acl=[198]  release=[[199]]
2026-03-14T10:20:02.8990014Z (Worker pid=1800) WARNING 03-14 10:20:02 [__init__.py:204] min_p and logit_bias parameters won't work with speculative decoding.
2026-03-14T10:20:02.9116114Z (Worker pid=1800) INFO 03-14 10:20:02 [base.py:106] Offloader set to NoopOffloader
2026-03-14T10:20:02.9404626Z (Worker pid=1800) WARNING 03-14 10:20:02 [__init__.py:204] min_p and logit_bias parameters won't work with speculative decoding.
2026-03-14T10:20:02.9420760Z (Worker pid=1800) (Worker_DP1_TP3_EP11 pid=1800) INFO 03-14 10:20:02 [model_runner_v1.py:2512] Starting to load model /root/.cache/modelscope/hub/models/vllm-ascend/DeepSeek-V3___2-W8A8...
2026-03-14T10:20:02.9501643Z (Worker pid=1574) INFO 03-14 10:20:02 [cpu_binding.py:383] The 'migratepages' command is not available, skipping memory binding.
2026-03-14T10:20:02.9963787Z (Worker pid=1574) WARNING 03-14 10:20:02 [__init__.py:204] min_p and logit_bias parameters won't work with speculative decoding.
2026-03-14T10:20:03.0072688Z (Worker pid=1574) INFO 03-14 10:20:03 [base.py:106] Offloader set to NoopOffloader
2026-03-14T10:20:03.0185744Z (Worker pid=1574) WARNING 03-14 10:20:03 [__init__.py:204] min_p and logit_bias parameters won't work with speculative decoding.
2026-03-14T10:20:03.0200067Z (Worker pid=1574) (Worker_DP1_TP1_EP9 pid=1574) INFO 03-14 10:20:03 [model_runner_v1.py:2512] Starting to load model /root/.cache/modelscope/hub/models/vllm-ascend/DeepSeek-V3___2-W8A8...
2026-03-14T10:20:03.1991384Z (Worker pid=1538) INFO 03-14 10:20:03 [cpu_binding.py:320] [cpu_bind_mode] mode=global_slice rank=0 visible_npus=[8, 9, 10, 11, 12, 13, 14, 15]
2026-03-14T10:20:03.1991948Z (Worker pid=1538) INFO 03-14 10:20:03 [cpu_binding.py:367] The CPU allocation plan is as follows:
2026-03-14T10:20:03.1992597Z (Worker pid=1538) INFO 03-14 10:20:03 [cpu_binding.py:372] NPU8: main=[162 163 164 165 166 167 168 169 170 171 172 173 174 175 176 177]  acl=[178]  release=[[179]]
2026-03-14T10:20:03.2520456Z (Worker pid=1538) INFO 03-14 10:20:03 [cpu_binding.py:383] The 'migratepages' command is not available, skipping memory binding.
2026-03-14T10:20:03.2911446Z (Worker pid=1538) WARNING 03-14 10:20:03 [__init__.py:204] min_p and logit_bias parameters won't work with speculative decoding.
2026-03-14T10:20:03.3019629Z (Worker pid=1538) INFO 03-14 10:20:03 [base.py:106] Offloader set to NoopOffloader
2026-03-14T10:20:03.3136244Z (Worker pid=1538) WARNING 03-14 10:20:03 [__init__.py:204] min_p and logit_bias parameters won't work with speculative decoding.
2026-03-14T10:20:03.3149474Z (Worker pid=1538) (Worker_DP1_TP0_EP8 pid=1538) INFO 03-14 10:20:03 [model_runner_v1.py:2512] Starting to load model /root/.cache/modelscope/hub/models/vllm-ascend/DeepSeek-V3___2-W8A8...
2026-03-14T10:20:03.4518198Z (Worker pid=1537) INFO 03-14 10:20:03 [cpu_binding.py:320] [cpu_bind_mode] mode=global_slice rank=0 visible_npus=[0, 1, 2, 3, 4, 5, 6, 7]
2026-03-14T10:20:03.4518766Z (Worker pid=1537) INFO 03-14 10:20:03 [cpu_binding.py:367] The CPU allocation plan is as follows:
2026-03-14T10:20:03.4519240Z (Worker pid=1537) INFO 03-14 10:20:03 [cpu_binding.py:372] NPU0: main=[2 3 4 5 6 7 8 9 10 11 12 13 14 15 16 17]  acl=[18]  release=[[19]]
2026-03-14T10:20:03.5131255Z (Worker pid=1537) INFO 03-14 10:20:03 [cpu_binding.py:383] The 'migratepages' command is not available, skipping memory binding.
2026-03-14T10:20:03.5666397Z (Worker pid=1537) WARNING 03-14 10:20:03 [__init__.py:204] min_p and logit_bias parameters won't work with speculative decoding.
2026-03-14T10:20:03.5725362Z (Worker pid=1575) INFO 03-14 10:20:03 [cpu_binding.py:320] [cpu_bind_mode] mode=global_slice rank=1 visible_npus=[0, 1, 2, 3, 4, 5, 6, 7]
2026-03-14T10:20:03.5725875Z (Worker pid=1575) INFO 03-14 10:20:03 [cpu_binding.py:367] The CPU allocation plan is as follows:
2026-03-14T10:20:03.5726377Z (Worker pid=1575) INFO 03-14 10:20:03 [cpu_binding.py:372] NPU1: main=[22 23 24 25 26 27 28 29 30 31 32 33 34 35 36 37]  acl=[38]  release=[[39]]
2026-03-14T10:20:03.5768733Z (Worker pid=1537) INFO 03-14 10:20:03 [base.py:106] Offloader set to NoopOffloader
2026-03-14T10:20:03.5869771Z (Worker pid=1537) WARNING 03-14 10:20:03 [__init__.py:204] min_p and logit_bias parameters won't work with speculative decoding.
2026-03-14T10:20:03.5882290Z (Worker pid=1537) (Worker_DP0_TP0_EP0 pid=1537) INFO 03-14 10:20:03 [model_runner_v1.py:2512] Starting to load model /root/.cache/modelscope/hub/models/vllm-ascend/DeepSeek-V3___2-W8A8...
2026-03-14T10:20:03.6294882Z (Worker pid=1575) INFO 03-14 10:20:03 [cpu_binding.py:383] The 'migratepages' command is not available, skipping memory binding.
2026-03-14T10:20:03.6773175Z (Worker pid=1575) WARNING 03-14 10:20:03 [__init__.py:204] min_p and logit_bias parameters won't work with speculative decoding.
2026-03-14T10:20:03.6872820Z (Worker pid=1575) INFO 03-14 10:20:03 [base.py:106] Offloader set to NoopOffloader
2026-03-14T10:20:03.6969669Z (Worker pid=1575) WARNING 03-14 10:20:03 [__init__.py:204] min_p and logit_bias parameters won't work with speculative decoding.
2026-03-14T10:20:03.6980960Z (Worker pid=1575) (Worker_DP0_TP1_EP1 pid=1575) INFO 03-14 10:20:03 [model_runner_v1.py:2512] Starting to load model /root/.cache/modelscope/hub/models/vllm-ascend/DeepSeek-V3___2-W8A8...
2026-03-14T10:20:03.7059922Z (Worker pid=2220) INFO 03-14 10:20:03 [cpu_binding.py:320] [cpu_bind_mode] mode=global_slice rank=7 visible_npus=[0, 1, 2, 3, 4, 5, 6, 7]
2026-03-14T10:20:03.7060421Z (Worker pid=2220) INFO 03-14 10:20:03 [cpu_binding.py:367] The CPU allocation plan is as follows:
2026-03-14T10:20:03.7060933Z (Worker pid=2220) INFO 03-14 10:20:03 [cpu_binding.py:372] NPU7: main=[142 143 144 145 146 147 148 149 150 151 152 153 154 155 156 157]  acl=[158]  release=[[159]]
2026-03-14T10:20:03.7578377Z (Worker pid=2220) INFO 03-14 10:20:03 [cpu_binding.py:383] The 'migratepages' command is not available, skipping memory binding.
2026-03-14T10:20:03.8238364Z (Worker pid=2008) (Worker_DP0_TP5_EP5 pid=2008) INFO 03-14 10:20:03 [layer.py:456] [EP Rank 5/16] Expert parallelism is enabled. Expert placement strategy: linear. Local/global number of experts: 16/256. Experts local to global index map: 0->80, 1->81, 2->82, 3->83, 4->84, 5->85, 6->86, 7->87, 8->88, 9->89, 10->90, 11->91, 12->92, 13->93, 14->94, 15->95.
2026-03-14T10:20:03.8298246Z (Worker pid=2220) WARNING 03-14 10:20:03 [__init__.py:204] min_p and logit_bias parameters won't work with speculative decoding.
2026-03-14T10:20:03.8408684Z (Worker pid=1902) INFO 03-14 10:20:03 [cpu_binding.py:320] [cpu_bind_mode] mode=global_slice rank=4 visible_npus=[0, 1, 2, 3, 4, 5, 6, 7]
2026-03-14T10:20:03.8409191Z (Worker pid=1902) INFO 03-14 10:20:03 [cpu_binding.py:367] The CPU allocation plan is as follows:
2026-03-14T10:20:03.8409675Z (Worker pid=1902) INFO 03-14 10:20:03 [cpu_binding.py:372] NPU4: main=[82 83 84 85 86 87 88 89 90 91 92 93 94 95 96 97]  acl=[98]  release=[[99]]
2026-03-14T10:20:03.8413267Z (Worker pid=2220) INFO 03-14 10:20:03 [base.py:106] Offloader set to NoopOffloader
2026-03-14T10:20:03.8534514Z (Worker pid=2220) WARNING 03-14 10:20:03 [__init__.py:204] min_p and logit_bias parameters won't work with speculative decoding.
2026-03-14T10:20:03.8550822Z (Worker pid=2220) (Worker_DP0_TP7_EP7 pid=2220) INFO 03-14 10:20:03 [model_runner_v1.py:2512] Starting to load model /root/.cache/modelscope/hub/models/vllm-ascend/DeepSeek-V3___2-W8A8...
2026-03-14T10:20:03.8894211Z (Worker pid=1902) INFO 03-14 10:20:03 [cpu_binding.py:383] The 'migratepages' command is not available, skipping memory binding.
2026-03-14T10:20:03.9269971Z (Worker pid=1902) WARNING 03-14 10:20:03 [__init__.py:204] min_p and logit_bias parameters won't work with speculative decoding.
2026-03-14T10:20:03.9372181Z (Worker pid=1902) INFO 03-14 10:20:03 [base.py:106] Offloader set to NoopOffloader
2026-03-14T10:20:03.9477824Z (Worker pid=1902) WARNING 03-14 10:20:03 [__init__.py:204] min_p and logit_bias parameters won't work with speculative decoding.
2026-03-14T10:20:03.9490683Z (Worker pid=1902) (Worker_DP0_TP4_EP4 pid=1902) INFO 03-14 10:20:03 [model_runner_v1.py:2512] Starting to load model /root/.cache/modelscope/hub/models/vllm-ascend/DeepSeek-V3___2-W8A8...
2026-03-14T10:20:03.9874632Z (Worker pid=2118) (Worker_DP1_TP6_EP14 pid=2118) INFO 03-14 10:20:03 [layer.py:456] [EP Rank 14/16] Expert parallelism is enabled. Expert placement strategy: linear. Local/global number of experts: 16/256. Experts local to global index map: 0->224, 1->225, 2->226, 3->227, 4->228, 5->229, 6->230, 7->231, 8->232, 9->233, 10->234, 11->235, 12->236, 13->237, 14->238, 15->239.
2026-03-14T10:20:04.0465860Z (Worker pid=2013) INFO 03-14 10:20:04 [cpu_binding.py:320] [cpu_bind_mode] mode=global_slice rank=5 visible_npus=[8, 9, 10, 11, 12, 13, 14, 15]
2026-03-14T10:20:04.0466387Z (Worker pid=2013) INFO 03-14 10:20:04 [cpu_binding.py:367] The CPU allocation plan is as follows:
2026-03-14T10:20:04.0467087Z (Worker pid=2013) INFO 03-14 10:20:04 [cpu_binding.py:372] NPU13: main=[262 263 264 265 266 267 268 269 270 271 272 273 274 275 276 277]  acl=[278]  release=[[279]]
2026-03-14T10:20:04.1066878Z (Worker pid=1574) (Worker_DP1_TP1_EP9 pid=1574) INFO 03-14 10:20:04 [layer.py:456] [EP Rank 9/16] Expert parallelism is enabled. Expert placement strategy: linear. Local/global number of experts: 16/256. Experts local to global index map: 0->144, 1->145, 2->146, 3->147, 4->148, 5->149, 6->150, 7->151, 8->152, 9->153, 10->154, 11->155, 12->156, 13->157, 14->158, 15->159.
2026-03-14T10:20:04.1231316Z (Worker pid=2013) INFO 03-14 10:20:04 [cpu_binding.py:383] The 'migratepages' command is not available, skipping memory binding.
2026-03-14T10:20:04.1386530Z (Worker pid=1690) INFO 03-14 10:20:04 [cpu_binding.py:320] [cpu_bind_mode] mode=global_slice rank=2 visible_npus=[0, 1, 2, 3, 4, 5, 6, 7]
2026-03-14T10:20:04.1387055Z (Worker pid=1690) INFO 03-14 10:20:04 [cpu_binding.py:367] The CPU allocation plan is as follows:
2026-03-14T10:20:04.1387552Z (Worker pid=1690) INFO 03-14 10:20:04 [cpu_binding.py:372] NPU2: main=[42 43 44 45 46 47 48 49 50 51 52 53 54 55 56 57]  acl=[58]  release=[[59]]
2026-03-14T10:20:04.1680574Z (Worker pid=2013) WARNING 03-14 10:20:04 [__init__.py:204] min_p and logit_bias parameters won't work with speculative decoding.
2026-03-14T10:20:04.1796451Z (Worker pid=2013) INFO 03-14 10:20:04 [base.py:106] Offloader set to NoopOffloader
2026-03-14T10:20:04.1927555Z (Worker pid=2013) WARNING 03-14 10:20:04 [__init__.py:204] min_p and logit_bias parameters won't work with speculative decoding.
2026-03-14T10:20:04.1945876Z (Worker pid=2013) (Worker_DP1_TP5_EP13 pid=2013) INFO 03-14 10:20:04 [model_runner_v1.py:2512] Starting to load model /root/.cache/modelscope/hub/models/vllm-ascend/DeepSeek-V3___2-W8A8...
2026-03-14T10:20:04.2017026Z (Worker pid=1690) INFO 03-14 10:20:04 [cpu_binding.py:383] The 'migratepages' command is not available, skipping memory binding.
2026-03-14T10:20:04.2577122Z (Worker pid=1690) WARNING 03-14 10:20:04 [__init__.py:204] min_p and logit_bias parameters won't work with speculative decoding.
2026-03-14T10:20:04.2682138Z (Worker pid=1690) INFO 03-14 10:20:04 [base.py:106] Offloader set to NoopOffloader
2026-03-14T10:20:04.2765090Z (Worker pid=1690) WARNING 03-14 10:20:04 [__init__.py:204] min_p and logit_bias parameters won't work with speculative decoding.
2026-03-14T10:20:04.2777073Z (Worker pid=1690) (Worker_DP0_TP2_EP2 pid=1690) INFO 03-14 10:20:04 [model_runner_v1.py:2512] Starting to load model /root/.cache/modelscope/hub/models/vllm-ascend/DeepSeek-V3___2-W8A8...
2026-03-14T10:20:04.4217449Z (Worker pid=1538) (Worker_DP1_TP0_EP8 pid=1538) INFO 03-14 10:20:04 [layer.py:456] [EP Rank 8/16] Expert parallelism is enabled. Expert placement strategy: linear. Local/global number of experts: 16/256. Experts local to global index map: 0->128, 1->129, 2->130, 3->131, 4->132, 5->133, 6->134, 7->135, 8->136, 9->137, 10->138, 11->139, 12->140, 13->141, 14->142, 15->143.
2026-03-14T10:20:04.4317434Z (Worker pid=1537) (Worker_DP0_TP0_EP0 pid=1537) INFO 03-14 10:20:04 [layer.py:456] [EP Rank 0/16] Expert parallelism is enabled. Expert placement strategy: linear. Local/global number of experts: 16/256. Experts local to global index map: 0->0, 1->1, 2->2, 3->3, 4->4, 5->5, 6->6, 7->7, 8->8, 9->9, 10->10, 11->11, 12->12, 13->13, 14->14, 15->15.
2026-03-14T10:20:04.4328914Z (Worker pid=1907) INFO 03-14 10:20:04 [cpu_binding.py:320] [cpu_bind_mode] mode=global_slice rank=4 visible_npus=[8, 9, 10, 11, 12, 13, 14, 15]
2026-03-14T10:20:04.4329501Z (Worker pid=1907) INFO 03-14 10:20:04 [cpu_binding.py:367] The CPU allocation plan is as follows:
2026-03-14T10:20:04.4330177Z (Worker pid=1907) INFO 03-14 10:20:04 [cpu_binding.py:372] NPU12: main=[242 243 244 245 246 247 248 249 250 251 252 253 254 255 256 257]  acl=[258]  release=[[259]]
2026-03-14T10:20:04.4780496Z (Worker pid=1575) (Worker_DP0_TP1_EP1 pid=1575) INFO 03-14 10:20:04 [layer.py:456] [EP Rank 1/16] Expert parallelism is enabled. Expert placement strategy: linear. Local/global number of experts: 16/256. Experts local to global index map: 0->16, 1->17, 2->18, 3->19, 4->20, 5->21, 6->22, 7->23, 8->24, 9->25, 10->26, 11->27, 12->28, 13->29, 14->30, 15->31.
2026-03-14T10:20:04.4866997Z (Worker pid=1800) (Worker_DP1_TP3_EP11 pid=1800) INFO 03-14 10:20:04 [layer.py:456] [EP Rank 11/16] Expert parallelism is enabled. Expert placement strategy: linear. Local/global number of experts: 16/256. Experts local to global index map: 0->176, 1->177, 2->178, 3->179, 4->180, 5->181, 6->182, 7->183, 8->184, 9->185, 10->186, 11->187, 12->188, 13->189, 14->190, 15->191.
2026-03-14T10:20:04.4919111Z (Worker pid=1907) INFO 03-14 10:20:04 [cpu_binding.py:383] The 'migratepages' command is not available, skipping memory binding.
2026-03-14T10:20:04.5144985Z (Worker pid=1796) INFO 03-14 10:20:04 [cpu_binding.py:320] [cpu_bind_mode] mode=global_slice rank=3 visible_npus=[0, 1, 2, 3, 4, 5, 6, 7]
2026-03-14T10:20:04.5146839Z (Worker pid=1796) INFO 03-14 10:20:04 [cpu_binding.py:367] The CPU allocation plan is as follows:
2026-03-14T10:20:04.5147447Z (Worker pid=1796) INFO 03-14 10:20:04 [cpu_binding.py:372] NPU3: main=[62 63 64 65 66 67 68 69 70 71 72 73 74 75 76 77]  acl=[78]  release=[[79]]
2026-03-14T10:20:04.5255288Z (Worker pid=1907) WARNING 03-14 10:20:04 [__init__.py:204] min_p and logit_bias parameters won't work with speculative decoding.
2026-03-14T10:20:04.5358318Z (Worker pid=1907) INFO 03-14 10:20:04 [base.py:106] Offloader set to NoopOffloader
2026-03-14T10:20:04.5477359Z (Worker pid=1907) WARNING 03-14 10:20:04 [__init__.py:204] min_p and logit_bias parameters won't work with speculative decoding.
2026-03-14T10:20:04.5492716Z (Worker pid=1907) (Worker_DP1_TP4_EP12 pid=1907) INFO 03-14 10:20:04 [model_runner_v1.py:2512] Starting to load model /root/.cache/modelscope/hub/models/vllm-ascend/DeepSeek-V3___2-W8A8...
2026-03-14T10:20:04.5699752Z (Worker pid=1796) INFO 03-14 10:20:04 [cpu_binding.py:383] The 'migratepages' command is not available, skipping memory binding.
2026-03-14T10:20:04.6233032Z (Worker pid=1796) WARNING 03-14 10:20:04 [__init__.py:204] min_p and logit_bias parameters won't work with speculative decoding.
2026-03-14T10:20:04.6331260Z (Worker pid=1796) INFO 03-14 10:20:04 [base.py:106] Offloader set to NoopOffloader
2026-03-14T10:20:04.6433132Z (Worker pid=1796) WARNING 03-14 10:20:04 [__init__.py:204] min_p and logit_bias parameters won't work with speculative decoding.
2026-03-14T10:20:04.6444425Z (Worker pid=1796) (Worker_DP0_TP3_EP3 pid=1796) INFO 03-14 10:20:04 [model_runner_v1.py:2512] Starting to load model /root/.cache/modelscope/hub/models/vllm-ascend/DeepSeek-V3___2-W8A8...
2026-03-14T10:20:04.7483735Z (Worker pid=2224) INFO 03-14 10:20:04 [cpu_binding.py:320] [cpu_bind_mode] mode=global_slice rank=7 visible_npus=[8, 9, 10, 11, 12, 13, 14, 15]
2026-03-14T10:20:04.7484339Z (Worker pid=2224) INFO 03-14 10:20:04 [cpu_binding.py:367] The CPU allocation plan is as follows:
2026-03-14T10:20:04.7484880Z (Worker pid=2224) INFO 03-14 10:20:04 [cpu_binding.py:372] NPU15: main=[302 303 304 305 306 307 308 309 310 311 312 313 314 315 316 317]  acl=[318]  release=[[319]]
2026-03-14T10:20:04.8045295Z (Worker pid=2224) INFO 03-14 10:20:04 [cpu_binding.py:383] The 'migratepages' command is not available, skipping memory binding.
2026-03-14T10:20:04.8395376Z (Worker pid=2224) WARNING 03-14 10:20:04 [__init__.py:204] min_p and logit_bias parameters won't work with speculative decoding.
2026-03-14T10:20:04.8676796Z (Worker pid=2224) INFO 03-14 10:20:04 [base.py:106] Offloader set to NoopOffloader
2026-03-14T10:20:04.8897705Z (Worker pid=2224) WARNING 03-14 10:20:04 [__init__.py:204] min_p and logit_bias parameters won't work with speculative decoding.
2026-03-14T10:20:04.8917789Z (Worker pid=2224) (Worker_DP1_TP7_EP15 pid=2224) INFO 03-14 10:20:04 [model_runner_v1.py:2512] Starting to load model /root/.cache/modelscope/hub/models/vllm-ascend/DeepSeek-V3___2-W8A8...
2026-03-14T10:20:04.9908678Z (Worker pid=1690) (Worker_DP0_TP2_EP2 pid=1690) INFO 03-14 10:20:04 [layer.py:456] [EP Rank 2/16] Expert parallelism is enabled. Expert placement strategy: linear. Local/global number of experts: 16/256. Experts local to global index map: 0->32, 1->33, 2->34, 3->35, 4->36, 5->37, 6->38, 7->39, 8->40, 9->41, 10->42, 11->43, 12->44, 13->45, 14->46, 15->47.
2026-03-14T10:20:05.0321828Z (Worker pid=2220) (Worker_DP0_TP7_EP7 pid=2220) INFO 03-14 10:20:05 [layer.py:456] [EP Rank 7/16] Expert parallelism is enabled. Expert placement strategy: linear. Local/global number of experts: 16/256. Experts local to global index map: 0->112, 1->113, 2->114, 3->115, 4->116, 5->117, 6->118, 7->119, 8->120, 9->121, 10->122, 11->123, 12->124, 13->125, 14->126, 15->127.
2026-03-14T10:20:05.0625339Z (Worker pid=1902) (Worker_DP0_TP4_EP4 pid=1902) INFO 03-14 10:20:05 [layer.py:456] [EP Rank 4/16] Expert parallelism is enabled. Expert placement strategy: linear. Local/global number of experts: 16/256. Experts local to global index map: 0->64, 1->65, 2->66, 3->67, 4->68, 5->69, 6->70, 7->71, 8->72, 9->73, 10->74, 11->75, 12->76, 13->77, 14->78, 15->79.
2026-03-14T10:20:05.2026438Z (Worker pid=2114) INFO 03-14 10:20:05 [cpu_binding.py:320] [cpu_bind_mode] mode=global_slice rank=6 visible_npus=[0, 1, 2, 3, 4, 5, 6, 7]
2026-03-14T10:20:05.2027055Z (Worker pid=2114) INFO 03-14 10:20:05 [cpu_binding.py:367] The CPU allocation plan is as follows:
2026-03-14T10:20:05.2027575Z (Worker pid=2114) INFO 03-14 10:20:05 [cpu_binding.py:372] NPU6: main=[122 123 124 125 126 127 128 129 130 131 132 133 134 135 136 137]  acl=[138]  release=[[139]]
2026-03-14T10:20:05.2175760Z (Worker pid=1694) INFO 03-14 10:20:05 [cpu_binding.py:320] [cpu_bind_mode] mode=global_slice rank=2 visible_npus=[8, 9, 10, 11, 12, 13, 14, 15]
2026-03-14T10:20:05.2176563Z (Worker pid=1694) INFO 03-14 10:20:05 [cpu_binding.py:367] The CPU allocation plan is as follows:
2026-03-14T10:20:05.2177193Z (Worker pid=1694) INFO 03-14 10:20:05 [cpu_binding.py:372] NPU10: main=[202 203 204 205 206 207 208 209 210 211 212 213 214 215 216 217]  acl=[218]  release=[[219]]
2026-03-14T10:20:05.2635470Z (Worker pid=2114) INFO 03-14 10:20:05 [cpu_binding.py:383] The 'migratepages' command is not available, skipping memory binding.
2026-03-14T10:20:05.2768454Z (Worker pid=1694) INFO 03-14 10:20:05 [cpu_binding.py:383] The 'migratepages' command is not available, skipping memory binding.
2026-03-14T10:20:05.2982178Z (Worker pid=2114) WARNING 03-14 10:20:05 [__init__.py:204] min_p and logit_bias parameters won't work with speculative decoding.
2026-03-14T10:20:05.3086520Z (Worker pid=2114) INFO 03-14 10:20:05 [base.py:106] Offloader set to NoopOffloader
2026-03-14T10:20:05.3194810Z (Worker pid=2114) WARNING 03-14 10:20:05 [__init__.py:204] min_p and logit_bias parameters won't work with speculative decoding.
2026-03-14T10:20:05.3206376Z (Worker pid=2114) (Worker_DP0_TP6_EP6 pid=2114) INFO 03-14 10:20:05 [model_runner_v1.py:2512] Starting to load model /root/.cache/modelscope/hub/models/vllm-ascend/DeepSeek-V3___2-W8A8...
2026-03-14T10:20:05.3479867Z (Worker pid=1694) WARNING 03-14 10:20:05 [__init__.py:204] min_p and logit_bias parameters won't work with speculative decoding.
2026-03-14T10:20:05.3688662Z (Worker pid=1694) INFO 03-14 10:20:05 [base.py:106] Offloader set to NoopOffloader
2026-03-14T10:20:05.3761865Z (Worker pid=1796) (Worker_DP0_TP3_EP3 pid=1796) INFO 03-14 10:20:05 [layer.py:456] [EP Rank 3/16] Expert parallelism is enabled. Expert placement strategy: linear. Local/global number of experts: 16/256. Experts local to global index map: 0->48, 1->49, 2->50, 3->51, 4->52, 5->53, 6->54, 7->55, 8->56, 9->57, 10->58, 11->59, 12->60, 13->61, 14->62, 15->63.
2026-03-14T10:20:05.4019983Z (Worker pid=1694) WARNING 03-14 10:20:05 [__init__.py:204] min_p and logit_bias parameters won't work with speculative decoding.
2026-03-14T10:20:05.4046217Z (Worker pid=1694) (Worker_DP1_TP2_EP10 pid=1694) INFO 03-14 10:20:05 [model_runner_v1.py:2512] Starting to load model /root/.cache/modelscope/hub/models/vllm-ascend/DeepSeek-V3___2-W8A8...
2026-03-14T10:20:05.6845673Z (Worker pid=1907) (Worker_DP1_TP4_EP12 pid=1907) INFO 03-14 10:20:05 [layer.py:456] [EP Rank 12/16] Expert parallelism is enabled. Expert placement strategy: linear. Local/global number of experts: 16/256. Experts local to global index map: 0->192, 1->193, 2->194, 3->195, 4->196, 5->197, 6->198, 7->199, 8->200, 9->201, 10->202, 11->203, 12->204, 13->205, 14->206, 15->207.
2026-03-14T10:20:06.2497807Z (Worker pid=2013) (Worker_DP1_TP5_EP13 pid=2013) INFO 03-14 10:20:06 [layer.py:456] [EP Rank 13/16] Expert parallelism is enabled. Expert placement strategy: linear. Local/global number of experts: 16/256. Experts local to global index map: 0->208, 1->209, 2->210, 3->211, 4->212, 5->213, 6->214, 7->215, 8->216, 9->217, 10->218, 11->219, 12->220, 13->221, 14->222, 15->223.
2026-03-14T10:20:06.5114243Z (Worker pid=2114) (Worker_DP0_TP6_EP6 pid=2114) INFO 03-14 10:20:06 [layer.py:456] [EP Rank 6/16] Expert parallelism is enabled. Expert placement strategy: linear. Local/global number of experts: 16/256. Experts local to global index map: 0->96, 1->97, 2->98, 3->99, 4->100, 5->101, 6->102, 7->103, 8->104, 9->105, 10->106, 11->107, 12->108, 13->109, 14->110, 15->111.
2026-03-14T10:20:06.6553177Z (Worker pid=2224) (Worker_DP1_TP7_EP15 pid=2224) INFO 03-14 10:20:06 [layer.py:456] [EP Rank 15/16] Expert parallelism is enabled. Expert placement strategy: linear. Local/global number of experts: 16/256. Experts local to global index map: 0->240, 1->241, 2->242, 3->243, 4->244, 5->245, 6->246, 7->247, 8->248, 9->249, 10->250, 11->251, 12->252, 13->253, 14->254, 15->255.
2026-03-14T10:20:06.9451186Z (Worker pid=1694) (Worker_DP1_TP2_EP10 pid=1694) INFO 03-14 10:20:06 [layer.py:456] [EP Rank 10/16] Expert parallelism is enabled. Expert placement strategy: linear. Local/global number of experts: 16/256. Experts local to global index map: 0->160, 1->161, 2->162, 3->163, 4->164, 5->165, 6->166, 7->167, 8->168, 9->169, 10->170, 11->171, 12->172, 13->173, 14->174, 15->175.
2026-03-14T10:20:07.4467362Z (Worker pid=1800) (Worker_DP1_TP3_EP11 pid=1800) INFO 03-14 10:20:07 [fused_moe.py:285] [EP Rank 11/16] Expert parallelism is enabled. Local/global number of experts: 16/256. Experts local to global index map: 0->176, 1->177, 2->178, 3->179, 4->180, 5->181, 6->182, 7->183, 8->184, 9->185, 10->186, 11->187, 12->188, 13->189, 14->190, 15->191.
2026-03-14T10:20:07.4533843Z (Worker pid=2008) (Worker_DP0_TP5_EP5 pid=2008) INFO 03-14 10:20:07 [fused_moe.py:285] [EP Rank 5/16] Expert parallelism is enabled. Local/global number of experts: 16/256. Experts local to global index map: 0->80, 1->81, 2->82, 3->83, 4->84, 5->85, 6->86, 7->87, 8->88, 9->89, 10->90, 11->91, 12->92, 13->93, 14->94, 15->95.
2026-03-14T10:20:07.4571933Z (Worker pid=1575) (Worker_DP0_TP1_EP1 pid=1575) INFO 03-14 10:20:07 [fused_moe.py:285] [EP Rank 1/16] Expert parallelism is enabled. Local/global number of experts: 16/256. Experts local to global index map: 0->16, 1->17, 2->18, 3->19, 4->20, 5->21, 6->22, 7->23, 8->24, 9->25, 10->26, 11->27, 12->28, 13->29, 14->30, 15->31.
2026-03-14T10:20:07.4943985Z (Worker pid=2224) (Worker_DP1_TP7_EP15 pid=2224) INFO 03-14 10:20:07 [fused_moe.py:285] [EP Rank 15/16] Expert parallelism is enabled. Local/global number of experts: 16/256. Experts local to global index map: 0->240, 1->241, 2->242, 3->243, 4->244, 5->245, 6->246, 7->247, 8->248, 9->249, 10->250, 11->251, 12->252, 13->253, 14->254, 15->255.
2026-03-14T10:20:07.5565984Z (Worker pid=1796) (Worker_DP0_TP3_EP3 pid=1796) INFO 03-14 10:20:07 [fused_moe.py:285] [EP Rank 3/16] Expert parallelism is enabled. Local/global number of experts: 16/256. Experts local to global index map: 0->48, 1->49, 2->50, 3->51, 4->52, 5->53, 6->54, 7->55, 8->56, 9->57, 10->58, 11->59, 12->60, 13->61, 14->62, 15->63.
2026-03-14T10:20:07.5580256Z (Worker pid=1690) (Worker_DP0_TP2_EP2 pid=1690) INFO 03-14 10:20:07 [fused_moe.py:285] [EP Rank 2/16] Expert parallelism is enabled. Local/global number of experts: 16/256. Experts local to global index map: 0->32, 1->33, 2->34, 3->35, 4->36, 5->37, 6->38, 7->39, 8->40, 9->41, 10->42, 11->43, 12->44, 13->45, 14->46, 15->47.
2026-03-14T10:20:07.5622706Z (Worker pid=1537) (Worker_DP0_TP0_EP0 pid=1537) INFO 03-14 10:20:07 [fused_moe.py:285] [EP Rank 0/16] Expert parallelism is enabled. Local/global number of experts: 16/256. Experts local to global index map: 0->0, 1->1, 2->2, 3->3, 4->4, 5->5, 6->6, 7->7, 8->8, 9->9, 10->10, 11->11, 12->12, 13->13, 14->14, 15->15.
2026-03-14T10:20:07.5824815Z (Worker pid=2013) (Worker_DP1_TP5_EP13 pid=2013) INFO 03-14 10:20:07 [fused_moe.py:285] [EP Rank 13/16] Expert parallelism is enabled. Local/global number of experts: 16/256. Experts local to global index map: 0->208, 1->209, 2->210, 3->211, 4->212, 5->213, 6->214, 7->215, 8->216, 9->217, 10->218, 11->219, 12->220, 13->221, 14->222, 15->223.
2026-03-14T10:20:07.5844053Z (Worker pid=1907) (Worker_DP1_TP4_EP12 pid=1907) INFO 03-14 10:20:07 [fused_moe.py:285] [EP Rank 12/16] Expert parallelism is enabled. Local/global number of experts: 16/256. Experts local to global index map: 0->192, 1->193, 2->194, 3->195, 4->196, 5->197, 6->198, 7->199, 8->200, 9->201, 10->202, 11->203, 12->204, 13->205, 14->206, 15->207.
2026-03-14T10:20:07.6011851Z (Worker pid=1694) (Worker_DP1_TP2_EP10 pid=1694) INFO 03-14 10:20:07 [fused_moe.py:285] [EP Rank 10/16] Expert parallelism is enabled. Local/global number of experts: 16/256. Experts local to global index map: 0->160, 1->161, 2->162, 3->163, 4->164, 5->165, 6->166, 7->167, 8->168, 9->169, 10->170, 11->171, 12->172, 13->173, 14->174, 15->175.
2026-03-14T10:20:07.6073672Z (Worker pid=2114) (Worker_DP0_TP6_EP6 pid=2114) INFO 03-14 10:20:07 [fused_moe.py:285] [EP Rank 6/16] Expert parallelism is enabled. Local/global number of experts: 16/256. Experts local to global index map: 0->96, 1->97, 2->98, 3->99, 4->100, 5->101, 6->102, 7->103, 8->104, 9->105, 10->106, 11->107, 12->108, 13->109, 14->110, 15->111.
