2026-03-19T17:37:31.3332239Z [Gloo] Rank 0 is connected to 0 peer ranks. Expected number of connected peer ranks is : 0
2026-03-19T17:37:31.3643974Z [Gloo] Rank 0 is connected to 3 peer ranks. Expected number of connected peer ranks is : 3
2026-03-19T17:37:31.3674257Z [Gloo] Rank 0 is connected to 3 peer ranks. Expected number of connected peer ranks is : 3
2026-03-19T17:37:31.3687566Z [Gloo] Rank 0 is connected to 3 peer ranks. Expected number of connected peer ranks is : 3
2026-03-19T17:37:31.3694775Z [Gloo] Rank 0 is connected to 3 peer ranks. Expected number of connected peer ranks is : 3
2026-03-19T17:37:31.3705637Z [Gloo] Rank 1 is connected to 3 peer ranks. Expected number of connected peer ranks is : 3
2026-03-19T17:37:31.3718383Z [Gloo] Rank 1 is connected to 3 peer ranks. Expected number of connected peer ranks is : 3
2026-03-19T17:37:31.3726845Z [Gloo] Rank 1 is connected to 3 peer ranks. Expected number of connected peer ranks is : 3
2026-03-19T17:37:31.3737212Z [Gloo] Rank 1 is connected to 3 peer ranks. Expected number of connected peer ranks is : 3
2026-03-19T17:37:31.3747325Z [Gloo] Rank 0 is connected to 3 peer ranks. Expected number of connected peer ranks is : 3
2026-03-19T17:37:31.3757367Z [Gloo] Rank 0 is connected to 3 peer ranks. Expected number of connected peer ranks is : 3
2026-03-19T17:37:31.3767450Z [Gloo] Rank 1 is connected to 3 peer ranks. Expected number of connected peer ranks is : 3
2026-03-19T17:37:31.3778618Z [Gloo] Rank 1 is connected to 3 peer ranks. Expected number of connected peer ranks is : 3
2026-03-19T17:37:31.3788794Z [Gloo] Rank 0 is connected to 3 peer ranks. Expected number of connected peer ranks is : 3
2026-03-19T17:37:31.3799001Z [Gloo] Rank 1 is connected to 3 peer ranks. Expected number of connected peer ranks is : 3
2026-03-19T17:37:31.3809145Z [Gloo] Rank 0 is connected to 3 peer ranks. Expected number of connected peer ranks is : 3
2026-03-19T17:37:31.3819589Z [Gloo] Rank 1 is connected to 3 peer ranks. Expected number of connected peer ranks is : 3
2026-03-19T17:37:31.4066308Z [Gloo] Rank 0 is connected to 31 peer ranks. Expected number of connected peer ranks is : 31
2026-03-19T17:37:31.4078490Z [Gloo] Rank 1 is connected to 31 peer ranks. Expected number of connected peer ranks is : 31
2026-03-19T17:37:31.4088975Z [Gloo] Rank 2 is connected to 31 peer ranks. Expected number of connected peer ranks is : 31
2026-03-19T17:37:31.4099062Z (Worker pid=245) INFO 03-19 17:37:31 [parallel_state.py:1715] rank 0 in world size 32 is assigned as DP rank 0, PP rank 0, PCP rank 0, TP rank 0, EP rank 0, EPLB rank N/A
2026-03-19T17:37:31.4108876Z [Gloo] Rank 3 is connected to 31 peer ranks. Expected number of connected peer ranks is : 31
2026-03-19T17:37:31.4118592Z (Worker pid=399) INFO 03-19 17:37:31 [parallel_state.py:1715] rank 2 in world size 32 is assigned as DP rank 0, PP rank 0, PCP rank 0, TP rank 2, EP rank 2, EPLB rank N/A
2026-03-19T17:37:31.4128782Z [Gloo] Rank 5 is connected to 31 peer ranks. Expected number of connected peer ranks is : 31
2026-03-19T17:37:31.4139630Z (Worker pid=505) INFO 03-19 17:37:31 [parallel_state.py:1715] rank 3 in world size 32 is assigned as DP rank 0, PP rank 0, PCP rank 0, TP rank 3, EP rank 3, EPLB rank N/A
2026-03-19T17:37:31.4150327Z [Gloo] Rank 4 is connected to 31 peer ranks. Expected number of connected peer ranks is : 31
2026-03-19T17:37:31.4159926Z [Gloo] Rank 6 is connected to 31 peer ranks. Expected number of connected peer ranks is : 31
2026-03-19T17:37:31.4171649Z (Worker pid=721) INFO 03-19 17:37:31 [parallel_state.py:1715] rank 5 in world size 32 is assigned as DP rank 0, PP rank 0, PCP rank 0, TP rank 5, EP rank 5, EPLB rank N/A
2026-03-19T17:37:31.4181753Z (Worker pid=611) INFO 03-19 17:37:31 [parallel_state.py:1715] rank 4 in world size 32 is assigned as DP rank 0, PP rank 0, PCP rank 0, TP rank 4, EP rank 4, EPLB rank N/A
2026-03-19T17:37:31.4191740Z [Gloo] Rank 7 is connected to 31 peer ranks. Expected number of connected peer ranks is : 31
2026-03-19T17:37:31.4202661Z (Worker pid=827) INFO 03-19 17:37:31 [parallel_state.py:1715] rank 6 in world size 32 is assigned as DP rank 0, PP rank 0, PCP rank 0, TP rank 6, EP rank 6, EPLB rank N/A
2026-03-19T17:37:31.4213315Z [Gloo] Rank 8 is connected to 31 peer ranks. Expected number of connected peer ranks is : 31
2026-03-19T17:37:31.4223404Z [Gloo] Rank 9 is connected to 31 peer ranks. Expected number of connected peer ranks is : 31
2026-03-19T17:37:31.4234331Z (Worker pid=291) INFO 03-19 17:37:31 [parallel_state.py:1715] rank 9 in world size 32 is assigned as DP rank 1, PP rank 0, PCP rank 0, TP rank 1, EP rank 9, EPLB rank N/A
2026-03-19T17:37:31.4245356Z [Gloo] Rank 11 is connected to 31 peer ranks. Expected number of connected peer ranks is : 31
2026-03-19T17:37:31.4256894Z (Worker pid=933) INFO 03-19 17:37:31 [parallel_state.py:1715] rank 7 in world size 32 is assigned as DP rank 0, PP rank 0, PCP rank 0, TP rank 7, EP rank 7, EPLB rank N/A
2026-03-19T17:37:31.4265814Z [Gloo] Rank 12 is connected to 31 peer ranks. Expected number of connected peer ranks is : 31
2026-03-19T17:37:31.4275938Z [Gloo] Rank 14 is connected to 31 peer ranks. Expected number of connected peer ranks is : 31
2026-03-19T17:37:31.4286467Z [Gloo] Rank 13 is connected to 31 peer ranks. Expected number of connected peer ranks is : 31
2026-03-19T17:37:31.4296713Z [Gloo] Rank 10 is connected to 31 peer ranks. Expected number of connected peer ranks is : 31
2026-03-19T17:37:31.4308141Z (Worker pid=244) INFO 03-19 17:37:31 [parallel_state.py:1715] rank 8 in world size 32 is assigned as DP rank 1, PP rank 0, PCP rank 0, TP rank 0, EP rank 8, EPLB rank N/A
2026-03-19T17:37:31.4317962Z (Worker pid=607) INFO 03-19 17:37:31 [parallel_state.py:1715] rank 12 in world size 32 is assigned as DP rank 1, PP rank 0, PCP rank 0, TP rank 4, EP rank 12, EPLB rank N/A
2026-03-19T17:37:31.4328699Z (Worker pid=501) INFO 03-19 17:37:31 [parallel_state.py:1715] rank 11 in world size 32 is assigned as DP rank 1, PP rank 0, PCP rank 0, TP rank 3, EP rank 11, EPLB rank N/A
2026-03-19T17:37:31.4339382Z (Worker pid=816) INFO 03-19 17:37:31 [parallel_state.py:1715] rank 14 in world size 32 is assigned as DP rank 1, PP rank 0, PCP rank 0, TP rank 6, EP rank 14, EPLB rank N/A
2026-03-19T17:37:31.4349289Z [Gloo] Rank 15 is connected to 31 peer ranks. Expected number of connected peer ranks is : 31
2026-03-19T17:37:31.4360448Z (Worker pid=395) INFO 03-19 17:37:31 [parallel_state.py:1715] rank 10 in world size 32 is assigned as DP rank 1, PP rank 0, PCP rank 0, TP rank 2, EP rank 10, EPLB rank N/A
2026-03-19T17:37:31.4370787Z (Worker pid=711) INFO 03-19 17:37:31 [parallel_state.py:1715] rank 13 in world size 32 is assigned as DP rank 1, PP rank 0, PCP rank 0, TP rank 5, EP rank 13, EPLB rank N/A
2026-03-19T17:37:31.4381424Z (Worker pid=294) INFO 03-19 17:37:31 [parallel_state.py:1715] rank 1 in world size 32 is assigned as DP rank 0, PP rank 0, PCP rank 0, TP rank 1, EP rank 1, EPLB rank N/A
2026-03-19T17:37:31.4392538Z (Worker pid=922) INFO 03-19 17:37:31 [parallel_state.py:1715] rank 15 in world size 32 is assigned as DP rank 1, PP rank 0, PCP rank 0, TP rank 7, EP rank 15, EPLB rank N/A
2026-03-19T17:37:31.4537100Z [Gloo] Rank 0 is connected to 31 peer ranks. Expected number of connected peer ranks is : 31
2026-03-19T17:37:31.4556070Z [Gloo] Rank 1 is connected to 31 peer ranks. Expected number of connected peer ranks is : 31
2026-03-19T17:37:31.4565969Z [Gloo] Rank 2 is connected to 31 peer ranks. Expected number of connected peer ranks is : 31
2026-03-19T17:37:31.4576874Z [Gloo] Rank 3 is connected to 31 peer ranks. Expected number of connected peer ranks is : 31
2026-03-19T17:37:31.4586594Z [Gloo] Rank 4 is connected to 31 peer ranks. Expected number of connected peer ranks is : 31
2026-03-19T17:37:31.4596145Z [Gloo] Rank 5 is connected to 31 peer ranks. Expected number of connected peer ranks is : 31
2026-03-19T17:37:31.4607306Z [Gloo] Rank 6 is connected to 31 peer ranks. Expected number of connected peer ranks is : 31
2026-03-19T17:37:31.4617116Z [Gloo] Rank 7 is connected to 31 peer ranks. Expected number of connected peer ranks is : 31
2026-03-19T17:37:31.4627324Z [Gloo] Rank 8 is connected to 31 peer ranks. Expected number of connected peer ranks is : 31
2026-03-19T17:37:31.4637395Z [Gloo] Rank 9 is connected to 31 peer ranks. Expected number of connected peer ranks is : 31
2026-03-19T17:37:31.4647454Z [Gloo] Rank 10 is connected to 31 peer ranks. Expected number of connected peer ranks is : 31
2026-03-19T17:37:31.4657651Z [Gloo] Rank 11 is connected to 31 peer ranks. Expected number of connected peer ranks is : 31
2026-03-19T17:37:31.4668348Z [Gloo] Rank 12 is connected to 31 peer ranks. Expected number of connected peer ranks is : 31
2026-03-19T17:37:31.4679815Z [Gloo] Rank 13 is connected to 31 peer ranks. Expected number of connected peer ranks is : 31
2026-03-19T17:37:31.4689475Z [Gloo] Rank 14 is connected to 31 peer ranks. Expected number of connected peer ranks is : 31
2026-03-19T17:37:31.4700603Z [Gloo] Rank 15 is connected to 31 peer ranks. Expected number of connected peer ranks is : 31
2026-03-19T17:37:31.4709372Z [Gloo] Rank 0 is connected to 3 peer ranks. Expected number of connected peer ranks is : 3
2026-03-19T17:37:31.4719342Z [Gloo] Rank 0 is connected to 3 peer ranks. Expected number of connected peer ranks is : 3
2026-03-19T17:37:31.4730353Z [Gloo] Rank 0 is connected to 3 peer ranks. Expected number of connected peer ranks is : 3
2026-03-19T17:37:31.4740755Z [Gloo] Rank 1 is connected to 3 peer ranks. Expected number of connected peer ranks is : 3
2026-03-19T17:37:31.4751131Z [Gloo] Rank 0 is connected to 3 peer ranks. Expected number of connected peer ranks is : 3
2026-03-19T17:37:31.4763754Z [Gloo] Rank 0 is connected to 3 peer ranks. Expected number of connected peer ranks is : 3
2026-03-19T17:37:31.4772917Z [Gloo] Rank 1 is connected to 3 peer ranks. Expected number of connected peer ranks is : 3
2026-03-19T17:37:31.4783176Z [Gloo] Rank 1 is connected to 3 peer ranks. Expected number of connected peer ranks is : 3
2026-03-19T17:37:31.4793119Z [Gloo] Rank 1 is connected to 3 peer ranks. Expected number of connected peer ranks is : 3
2026-03-19T17:37:31.4803505Z [Gloo] Rank 1 is connected to 3 peer ranks. Expected number of connected peer ranks is : 3
2026-03-19T17:37:31.4815586Z [Gloo] Rank 1 is connected to 3 peer ranks. Expected number of connected peer ranks is : 3
2026-03-19T17:37:31.4825563Z [Gloo] Rank 0 is connected to 3 peer ranks. Expected number of connected peer ranks is : 3
2026-03-19T17:37:31.4835921Z [Gloo] Rank 0 is connected to 3 peer ranks. Expected number of connected peer ranks is : 3
2026-03-19T17:37:31.4846684Z [Gloo] Rank 1 is connected to 3 peer ranks. Expected number of connected peer ranks is : 3
2026-03-19T17:37:31.4857435Z [Gloo] Rank 1 is connected to 3 peer ranks. Expected number of connected peer ranks is : 3
2026-03-19T17:37:31.5179452Z [Gloo] Rank 0 is connected to 3 peer ranks. Expected number of connected peer ranks is : 3
2026-03-19T17:37:35.0954629Z (Worker pid=244) INFO 03-19 17:37:35 [cpu_binding.py:320] [cpu_bind_mode] mode=global_slice rank=0 visible_npus=[8, 9, 10, 11, 12, 13, 14, 15]
2026-03-19T17:37:35.0967329Z (Worker pid=244) INFO 03-19 17:37:35 [cpu_binding.py:367] The CPU allocation plan is as follows:
2026-03-19T17:37:35.0979766Z (Worker pid=244) INFO 03-19 17:37:35 [cpu_binding.py:372] NPU8: main=[162 163 164 165 166 167 168 169 170 171 172 173 174 175 176 177]  acl=[178]  release=[[179]]
2026-03-19T17:37:35.1695080Z (Worker pid=244) INFO 03-19 17:37:35 [cpu_binding.py:383] The 'migratepages' command is not available, skipping memory binding.
2026-03-19T17:37:35.2233766Z (Worker pid=244) WARNING 03-19 17:37:35 [__init__.py:204] min_p and logit_bias parameters won't work with speculative decoding.
2026-03-19T17:37:35.2325852Z (Worker pid=244) INFO 03-19 17:37:35 [base.py:106] Offloader set to NoopOffloader
2026-03-19T17:37:35.2643901Z (Worker pid=244) WARNING 03-19 17:37:35 [__init__.py:204] min_p and logit_bias parameters won't work with speculative decoding.
2026-03-19T17:37:35.2671388Z (Worker pid=244) (Worker_DP1_TP0_EP8 pid=244) INFO 03-19 17:37:35 [model_runner_v1.py:2554] Starting to load model /root/.cache/modelscope/hub/models/vllm-ascend/DeepSeek-V3___2-W8A8...
2026-03-19T17:37:35.4671465Z (Worker pid=399) INFO 03-19 17:37:35 [cpu_binding.py:320] [cpu_bind_mode] mode=global_slice rank=2 visible_npus=[0, 1, 2, 3, 4, 5, 6, 7]
2026-03-19T17:37:35.4676315Z (Worker pid=399) INFO 03-19 17:37:35 [cpu_binding.py:367] The CPU allocation plan is as follows:
2026-03-19T17:37:35.4688427Z (Worker pid=399) INFO 03-19 17:37:35 [cpu_binding.py:372] NPU2: main=[42 43 44 45 46 47 48 49 50 51 52 53 54 55 56 57]  acl=[58]  release=[[59]]
2026-03-19T17:37:35.5042387Z (Worker pid=399) INFO 03-19 17:37:35 [cpu_binding.py:383] The 'migratepages' command is not available, skipping memory binding.
2026-03-19T17:37:35.5406253Z (Worker pid=399) WARNING 03-19 17:37:35 [__init__.py:204] min_p and logit_bias parameters won't work with speculative decoding.
2026-03-19T17:37:35.5484294Z (Worker pid=399) INFO 03-19 17:37:35 [base.py:106] Offloader set to NoopOffloader
2026-03-19T17:37:35.5601089Z (Worker pid=399) WARNING 03-19 17:37:35 [__init__.py:204] min_p and logit_bias parameters won't work with speculative decoding.
2026-03-19T17:37:35.5652742Z (Worker pid=399) (Worker_DP0_TP2_EP2 pid=399) INFO 03-19 17:37:35 [model_runner_v1.py:2554] Starting to load model /root/.cache/modelscope/hub/models/vllm-ascend/DeepSeek-V3___2-W8A8...
2026-03-19T17:37:35.6669742Z (Worker pid=395) INFO 03-19 17:37:35 [cpu_binding.py:320] [cpu_bind_mode] mode=global_slice rank=2 visible_npus=[8, 9, 10, 11, 12, 13, 14, 15]
2026-03-19T17:37:35.6691540Z (Worker pid=395) INFO 03-19 17:37:35 [cpu_binding.py:367] The CPU allocation plan is as follows:
2026-03-19T17:37:35.6702575Z (Worker pid=395) INFO 03-19 17:37:35 [cpu_binding.py:372] NPU10: main=[202 203 204 205 206 207 208 209 210 211 212 213 214 215 216 217]  acl=[218]  release=[[219]]
2026-03-19T17:37:35.7167904Z (Worker pid=395) INFO 03-19 17:37:35 [cpu_binding.py:383] The 'migratepages' command is not available, skipping memory binding.
2026-03-19T17:37:35.7523670Z (Worker pid=395) WARNING 03-19 17:37:35 [__init__.py:204] min_p and logit_bias parameters won't work with speculative decoding.
2026-03-19T17:37:35.7608152Z (Worker pid=395) INFO 03-19 17:37:35 [base.py:106] Offloader set to NoopOffloader
2026-03-19T17:37:35.7718601Z (Worker pid=395) WARNING 03-19 17:37:35 [__init__.py:204] min_p and logit_bias parameters won't work with speculative decoding.
2026-03-19T17:37:35.7740600Z (Worker pid=395) (Worker_DP1_TP2_EP10 pid=395) INFO 03-19 17:37:35 [model_runner_v1.py:2554] Starting to load model /root/.cache/modelscope/hub/models/vllm-ascend/DeepSeek-V3___2-W8A8...
2026-03-19T17:37:35.8095560Z (Worker pid=827) INFO 03-19 17:37:35 [cpu_binding.py:320] [cpu_bind_mode] mode=global_slice rank=6 visible_npus=[0, 1, 2, 3, 4, 5, 6, 7]
2026-03-19T17:37:35.8118179Z (Worker pid=827) INFO 03-19 17:37:35 [cpu_binding.py:367] The CPU allocation plan is as follows:
2026-03-19T17:37:35.8138029Z (Worker pid=827) INFO 03-19 17:37:35 [cpu_binding.py:372] NPU6: main=[122 123 124 125 126 127 128 129 130 131 132 133 134 135 136 137]  acl=[138]  release=[[139]]
2026-03-19T17:37:35.8629683Z (Worker pid=827) INFO 03-19 17:37:35 [cpu_binding.py:383] The 'migratepages' command is not available, skipping memory binding.
2026-03-19T17:37:35.8981116Z (Worker pid=827) WARNING 03-19 17:37:35 [__init__.py:204] min_p and logit_bias parameters won't work with speculative decoding.
2026-03-19T17:37:35.9060924Z (Worker pid=827) INFO 03-19 17:37:35 [base.py:106] Offloader set to NoopOffloader
2026-03-19T17:37:35.9182817Z (Worker pid=827) WARNING 03-19 17:37:35 [__init__.py:204] min_p and logit_bias parameters won't work with speculative decoding.
2026-03-19T17:37:35.9203162Z (Worker pid=827) (Worker_DP0_TP6_EP6 pid=827) INFO 03-19 17:37:35 [model_runner_v1.py:2554] Starting to load model /root/.cache/modelscope/hub/models/vllm-ascend/DeepSeek-V3___2-W8A8...
2026-03-19T17:37:36.0556386Z (Worker pid=711) INFO 03-19 17:37:36 [cpu_binding.py:320] [cpu_bind_mode] mode=global_slice rank=5 visible_npus=[8, 9, 10, 11, 12, 13, 14, 15]
2026-03-19T17:37:36.0580037Z (Worker pid=711) INFO 03-19 17:37:36 [cpu_binding.py:367] The CPU allocation plan is as follows:
2026-03-19T17:37:36.0590743Z (Worker pid=711) INFO 03-19 17:37:36 [cpu_binding.py:372] NPU13: main=[262 263 264 265 266 267 268 269 270 271 272 273 274 275 276 277]  acl=[278]  release=[[279]]
2026-03-19T17:37:36.1074088Z (Worker pid=711) INFO 03-19 17:37:36 [cpu_binding.py:383] The 'migratepages' command is not available, skipping memory binding.
2026-03-19T17:37:36.1423190Z (Worker pid=711) WARNING 03-19 17:37:36 [__init__.py:204] min_p and logit_bias parameters won't work with speculative decoding.
2026-03-19T17:37:36.1548877Z (Worker pid=711) INFO 03-19 17:37:36 [base.py:106] Offloader set to NoopOffloader
2026-03-19T17:37:36.1633864Z (Worker pid=711) WARNING 03-19 17:37:36 [__init__.py:204] min_p and logit_bias parameters won't work with speculative decoding.
2026-03-19T17:37:36.1679941Z (Worker pid=711) (Worker_DP1_TP5_EP13 pid=711) INFO 03-19 17:37:36 [model_runner_v1.py:2554] Starting to load model /root/.cache/modelscope/hub/models/vllm-ascend/DeepSeek-V3___2-W8A8...
2026-03-19T17:37:36.2596665Z (Worker pid=501) INFO 03-19 17:37:36 [cpu_binding.py:320] [cpu_bind_mode] mode=global_slice rank=3 visible_npus=[8, 9, 10, 11, 12, 13, 14, 15]
2026-03-19T17:37:36.2622579Z (Worker pid=501) INFO 03-19 17:37:36 [cpu_binding.py:367] The CPU allocation plan is as follows:
2026-03-19T17:37:36.2633839Z (Worker pid=501) INFO 03-19 17:37:36 [cpu_binding.py:372] NPU11: main=[222 223 224 225 226 227 228 229 230 231 232 233 234 235 236 237]  acl=[238]  release=[[239]]
2026-03-19T17:37:36.3224838Z (Worker pid=501) INFO 03-19 17:37:36 [cpu_binding.py:383] The 'migratepages' command is not available, skipping memory binding.
2026-03-19T17:37:36.3597185Z (Worker pid=501) WARNING 03-19 17:37:36 [__init__.py:204] min_p and logit_bias parameters won't work with speculative decoding.
2026-03-19T17:37:36.3676369Z (Worker pid=501) INFO 03-19 17:37:36 [base.py:106] Offloader set to NoopOffloader
2026-03-19T17:37:36.3797831Z (Worker pid=501) WARNING 03-19 17:37:36 [__init__.py:204] min_p and logit_bias parameters won't work with speculative decoding.
2026-03-19T17:37:36.3826699Z (Worker pid=244) (Worker_DP1_TP0_EP8 pid=244) INFO 03-19 17:37:36 [layer.py:456] [EP Rank 8/32] Expert parallelism is enabled. Expert placement strategy: linear. Local/global number of experts: 8/256. Experts local to global index map: 0->64, 1->65, 2->66, 3->67, 4->68, 5->69, 6->70, 7->71.
2026-03-19T17:37:36.3837671Z (Worker pid=501) (Worker_DP1_TP3_EP11 pid=501) INFO 03-19 17:37:36 [model_runner_v1.py:2554] Starting to load model /root/.cache/modelscope/hub/models/vllm-ascend/DeepSeek-V3___2-W8A8...
2026-03-19T17:37:36.4708757Z (Worker pid=933) INFO 03-19 17:37:36 [cpu_binding.py:320] [cpu_bind_mode] mode=global_slice rank=7 visible_npus=[0, 1, 2, 3, 4, 5, 6, 7]
2026-03-19T17:37:36.4718002Z (Worker pid=933) INFO 03-19 17:37:36 [cpu_binding.py:367] The CPU allocation plan is as follows:
2026-03-19T17:37:36.4728590Z (Worker pid=933) INFO 03-19 17:37:36 [cpu_binding.py:372] NPU7: main=[142 143 144 145 146 147 148 149 150 151 152 153 154 155 156 157]  acl=[158]  release=[[159]]
2026-03-19T17:37:36.5220877Z (Worker pid=933) INFO 03-19 17:37:36 [cpu_binding.py:383] The 'migratepages' command is not available, skipping memory binding.
2026-03-19T17:37:36.5621710Z (Worker pid=933) WARNING 03-19 17:37:36 [__init__.py:204] min_p and logit_bias parameters won't work with speculative decoding.
2026-03-19T17:37:36.5703981Z (Worker pid=933) INFO 03-19 17:37:36 [base.py:106] Offloader set to NoopOffloader
2026-03-19T17:37:36.5836338Z (Worker pid=933) WARNING 03-19 17:37:36 [__init__.py:204] min_p and logit_bias parameters won't work with speculative decoding.
2026-03-19T17:37:36.5859690Z (Worker pid=933) (Worker_DP0_TP7_EP7 pid=933) INFO 03-19 17:37:36 [model_runner_v1.py:2554] Starting to load model /root/.cache/modelscope/hub/models/vllm-ascend/DeepSeek-V3___2-W8A8...
2026-03-19T17:37:36.6987208Z (Worker pid=399) (Worker_DP0_TP2_EP2 pid=399) INFO 03-19 17:37:36 [layer.py:456] [EP Rank 2/32] Expert parallelism is enabled. Expert placement strategy: linear. Local/global number of experts: 8/256. Experts local to global index map: 0->16, 1->17, 2->18, 3->19, 4->20, 5->21, 6->22, 7->23.
2026-03-19T17:37:36.7378092Z (Worker pid=294) INFO 03-19 17:37:36 [cpu_binding.py:320] [cpu_bind_mode] mode=global_slice rank=1 visible_npus=[0, 1, 2, 3, 4, 5, 6, 7]
2026-03-19T17:37:36.7386944Z (Worker pid=294) INFO 03-19 17:37:36 [cpu_binding.py:367] The CPU allocation plan is as follows:
2026-03-19T17:37:36.7396996Z (Worker pid=294) INFO 03-19 17:37:36 [cpu_binding.py:372] NPU1: main=[22 23 24 25 26 27 28 29 30 31 32 33 34 35 36 37]  acl=[38]  release=[[39]]
2026-03-19T17:37:36.7971397Z (Worker pid=294) INFO 03-19 17:37:36 [cpu_binding.py:383] The 'migratepages' command is not available, skipping memory binding.
2026-03-19T17:37:36.8481357Z (Worker pid=505) INFO 03-19 17:37:36 [cpu_binding.py:320] [cpu_bind_mode] mode=global_slice rank=3 visible_npus=[0, 1, 2, 3, 4, 5, 6, 7]
2026-03-19T17:37:36.8500602Z (Worker pid=505) INFO 03-19 17:37:36 [cpu_binding.py:367] The CPU allocation plan is as follows:
2026-03-19T17:37:36.8510466Z (Worker pid=505) INFO 03-19 17:37:36 [cpu_binding.py:372] NPU3: main=[62 63 64 65 66 67 68 69 70 71 72 73 74 75 76 77]  acl=[78]  release=[[79]]
2026-03-19T17:37:36.8520308Z (Worker pid=294) WARNING 03-19 17:37:36 [__init__.py:204] min_p and logit_bias parameters won't work with speculative decoding.
2026-03-19T17:37:36.8603892Z (Worker pid=294) INFO 03-19 17:37:36 [base.py:106] Offloader set to NoopOffloader
2026-03-19T17:37:36.8800356Z (Worker pid=294) WARNING 03-19 17:37:36 [__init__.py:204] min_p and logit_bias parameters won't work with speculative decoding.
2026-03-19T17:37:36.8821834Z (Worker pid=294) (Worker_DP0_TP1_EP1 pid=294) INFO 03-19 17:37:36 [model_runner_v1.py:2554] Starting to load model /root/.cache/modelscope/hub/models/vllm-ascend/DeepSeek-V3___2-W8A8...
2026-03-19T17:37:36.8872591Z (Worker pid=611) INFO 03-19 17:37:36 [cpu_binding.py:320] [cpu_bind_mode] mode=global_slice rank=4 visible_npus=[0, 1, 2, 3, 4, 5, 6, 7]
2026-03-19T17:37:36.8891767Z (Worker pid=611) INFO 03-19 17:37:36 [cpu_binding.py:367] The CPU allocation plan is as follows:
2026-03-19T17:37:36.8902269Z (Worker pid=611) INFO 03-19 17:37:36 [cpu_binding.py:372] NPU4: main=[82 83 84 85 86 87 88 89 90 91 92 93 94 95 96 97]  acl=[98]  release=[[99]]
2026-03-19T17:37:36.9127256Z (Worker pid=505) INFO 03-19 17:37:36 [cpu_binding.py:383] The 'migratepages' command is not available, skipping memory binding.
2026-03-19T17:37:36.9419570Z (Worker pid=611) INFO 03-19 17:37:36 [cpu_binding.py:383] The 'migratepages' command is not available, skipping memory binding.
2026-03-19T17:37:36.9515090Z (Worker pid=505) WARNING 03-19 17:37:36 [__init__.py:204] min_p and logit_bias parameters won't work with speculative decoding.
2026-03-19T17:37:36.9678305Z (Worker pid=505) INFO 03-19 17:37:36 [base.py:106] Offloader set to NoopOffloader
2026-03-19T17:37:36.9776344Z (Worker pid=611) WARNING 03-19 17:37:36 [__init__.py:204] min_p and logit_bias parameters won't work with speculative decoding.
2026-03-19T17:37:36.9816058Z (Worker pid=505) WARNING 03-19 17:37:36 [__init__.py:204] min_p and logit_bias parameters won't work with speculative decoding.
2026-03-19T17:37:36.9842728Z (Worker pid=395) (Worker_DP1_TP2_EP10 pid=395) INFO 03-19 17:37:36 [layer.py:456] [EP Rank 10/32] Expert parallelism is enabled. Expert placement strategy: linear. Local/global number of experts: 8/256. Experts local to global index map: 0->80, 1->81, 2->82, 3->83, 4->84, 5->85, 6->86, 7->87.
2026-03-19T17:37:36.9854575Z (Worker pid=505) (Worker_DP0_TP3_EP3 pid=505) INFO 03-19 17:37:36 [model_runner_v1.py:2554] Starting to load model /root/.cache/modelscope/hub/models/vllm-ascend/DeepSeek-V3___2-W8A8...
2026-03-19T17:37:36.9865337Z (Worker pid=611) INFO 03-19 17:37:36 [base.py:106] Offloader set to NoopOffloader
2026-03-19T17:37:36.9968705Z (Worker pid=611) WARNING 03-19 17:37:36 [__init__.py:204] min_p and logit_bias parameters won't work with speculative decoding.
2026-03-19T17:37:36.9993545Z (Worker pid=611) (Worker_DP0_TP4_EP4 pid=611) INFO 03-19 17:37:36 [model_runner_v1.py:2554] Starting to load model /root/.cache/modelscope/hub/models/vllm-ascend/DeepSeek-V3___2-W8A8...
2026-03-19T17:37:37.0667935Z (Worker pid=607) INFO 03-19 17:37:37 [cpu_binding.py:320] [cpu_bind_mode] mode=global_slice rank=4 visible_npus=[8, 9, 10, 11, 12, 13, 14, 15]
2026-03-19T17:37:37.0679117Z (Worker pid=607) INFO 03-19 17:37:37 [cpu_binding.py:367] The CPU allocation plan is as follows:
2026-03-19T17:37:37.0690049Z (Worker pid=607) INFO 03-19 17:37:37 [cpu_binding.py:372] NPU12: main=[242 243 244 245 246 247 248 249 250 251 252 253 254 255 256 257]  acl=[258]  release=[[259]]
2026-03-19T17:37:37.1173289Z (Worker pid=607) INFO 03-19 17:37:37 [cpu_binding.py:383] The 'migratepages' command is not available, skipping memory binding.
2026-03-19T17:37:37.1397322Z (Worker pid=827) (Worker_DP0_TP6_EP6 pid=827) INFO 03-19 17:37:37 [layer.py:456] [EP Rank 6/32] Expert parallelism is enabled. Expert placement strategy: linear. Local/global number of experts: 8/256. Experts local to global index map: 0->48, 1->49, 2->50, 3->51, 4->52, 5->53, 6->54, 7->55.
2026-03-19T17:37:37.1528241Z (Worker pid=607) WARNING 03-19 17:37:37 [__init__.py:204] min_p and logit_bias parameters won't work with speculative decoding.
2026-03-19T17:37:37.1578154Z (Worker pid=607) INFO 03-19 17:37:37 [base.py:106] Offloader set to NoopOffloader
2026-03-19T17:37:37.1721571Z (Worker pid=607) WARNING 03-19 17:37:37 [__init__.py:204] min_p and logit_bias parameters won't work with speculative decoding.
2026-03-19T17:37:37.1752598Z (Worker pid=607) (Worker_DP1_TP4_EP12 pid=607) INFO 03-19 17:37:37 [model_runner_v1.py:2554] Starting to load model /root/.cache/modelscope/hub/models/vllm-ascend/DeepSeek-V3___2-W8A8...
2026-03-19T17:37:37.2467524Z (Worker pid=711) (Worker_DP1_TP5_EP13 pid=711) INFO 03-19 17:37:37 [layer.py:456] [EP Rank 13/32] Expert parallelism is enabled. Expert placement strategy: linear. Local/global number of experts: 8/256. Experts local to global index map: 0->104, 1->105, 2->106, 3->107, 4->108, 5->109, 6->110, 7->111.
2026-03-19T17:37:37.2804731Z (Worker pid=245) INFO 03-19 17:37:37 [cpu_binding.py:320] [cpu_bind_mode] mode=global_slice rank=0 visible_npus=[0, 1, 2, 3, 4, 5, 6, 7]
2026-03-19T17:37:37.2814840Z (Worker pid=245) INFO 03-19 17:37:37 [cpu_binding.py:367] The CPU allocation plan is as follows:
2026-03-19T17:37:37.2825789Z (Worker pid=245) INFO 03-19 17:37:37 [cpu_binding.py:372] NPU0: main=[2 3 4 5 6 7 8 9 10 11 12 13 14 15 16 17]  acl=[18]  release=[[19]]
2026-03-19T17:37:37.3397854Z (Worker pid=245) INFO 03-19 17:37:37 [cpu_binding.py:383] The 'migratepages' command is not available, skipping memory binding.
2026-03-19T17:37:37.3769012Z (Worker pid=721) INFO 03-19 17:37:37 [cpu_binding.py:320] [cpu_bind_mode] mode=global_slice rank=5 visible_npus=[0, 1, 2, 3, 4, 5, 6, 7]
2026-03-19T17:37:37.3778599Z (Worker pid=721) INFO 03-19 17:37:37 [cpu_binding.py:367] The CPU allocation plan is as follows:
2026-03-19T17:37:37.3789307Z (Worker pid=721) INFO 03-19 17:37:37 [cpu_binding.py:372] NPU5: main=[102 103 104 105 106 107 108 109 110 111 112 113 114 115 116 117]  acl=[118]  release=[[119]]
2026-03-19T17:37:37.3848293Z (Worker pid=245) WARNING 03-19 17:37:37 [__init__.py:204] min_p and logit_bias parameters won't work with speculative decoding.
2026-03-19T17:37:37.3936981Z (Worker pid=245) INFO 03-19 17:37:37 [base.py:106] Offloader set to NoopOffloader
2026-03-19T17:37:37.4065931Z (Worker pid=245) WARNING 03-19 17:37:37 [__init__.py:204] min_p and logit_bias parameters won't work with speculative decoding.
2026-03-19T17:37:37.4091217Z (Worker pid=245) (Worker_DP0_TP0_EP0 pid=245) INFO 03-19 17:37:37 [model_runner_v1.py:2554] Starting to load model /root/.cache/modelscope/hub/models/vllm-ascend/DeepSeek-V3___2-W8A8...
2026-03-19T17:37:37.4383725Z (Worker pid=721) INFO 03-19 17:37:37 [cpu_binding.py:383] The 'migratepages' command is not available, skipping memory binding.
2026-03-19T17:37:37.4758548Z (Worker pid=721) WARNING 03-19 17:37:37 [__init__.py:204] min_p and logit_bias parameters won't work with speculative decoding.
2026-03-19T17:37:37.4823967Z (Worker pid=721) INFO 03-19 17:37:37 [base.py:106] Offloader set to NoopOffloader
2026-03-19T17:37:37.4943832Z (Worker pid=721) WARNING 03-19 17:37:37 [__init__.py:204] min_p and logit_bias parameters won't work with speculative decoding.
2026-03-19T17:37:37.4968098Z (Worker pid=721) (Worker_DP0_TP5_EP5 pid=721) INFO 03-19 17:37:37 [model_runner_v1.py:2554] Starting to load model /root/.cache/modelscope/hub/models/vllm-ascend/DeepSeek-V3___2-W8A8...
2026-03-19T17:37:37.5149819Z (Worker pid=501) (Worker_DP1_TP3_EP11 pid=501) INFO 03-19 17:37:37 [layer.py:456] [EP Rank 11/32] Expert parallelism is enabled. Expert placement strategy: linear. Local/global number of experts: 8/256. Experts local to global index map: 0->88, 1->89, 2->90, 3->91, 4->92, 5->93, 6->94, 7->95.
2026-03-19T17:37:37.5663576Z (Worker pid=291) INFO 03-19 17:37:37 [cpu_binding.py:320] [cpu_bind_mode] mode=global_slice rank=1 visible_npus=[8, 9, 10, 11, 12, 13, 14, 15]
2026-03-19T17:37:37.5674263Z (Worker pid=291) INFO 03-19 17:37:37 [cpu_binding.py:367] The CPU allocation plan is as follows:
2026-03-19T17:37:37.5686247Z (Worker pid=291) INFO 03-19 17:37:37 [cpu_binding.py:372] NPU9: main=[182 183 184 185 186 187 188 189 190 191 192 193 194 195 196 197]  acl=[198]  release=[[199]]
2026-03-19T17:37:37.6140960Z (Worker pid=291) INFO 03-19 17:37:37 [cpu_binding.py:383] The 'migratepages' command is not available, skipping memory binding.
2026-03-19T17:37:37.6461843Z (Worker pid=291) WARNING 03-19 17:37:37 [__init__.py:204] min_p and logit_bias parameters won't work with speculative decoding.
2026-03-19T17:37:37.6582177Z (Worker pid=291) INFO 03-19 17:37:37 [base.py:106] Offloader set to NoopOffloader
2026-03-19T17:37:37.6784804Z (Worker pid=291) WARNING 03-19 17:37:37 [__init__.py:204] min_p and logit_bias parameters won't work with speculative decoding.
2026-03-19T17:37:37.6812192Z (Worker pid=291) (Worker_DP1_TP1_EP9 pid=291) INFO 03-19 17:37:37 [model_runner_v1.py:2554] Starting to load model /root/.cache/modelscope/hub/models/vllm-ascend/DeepSeek-V3___2-W8A8...
2026-03-19T17:37:37.7424376Z (Worker pid=933) (Worker_DP0_TP7_EP7 pid=933) INFO 03-19 17:37:37 [layer.py:456] [EP Rank 7/32] Expert parallelism is enabled. Expert placement strategy: linear. Local/global number of experts: 8/256. Experts local to global index map: 0->56, 1->57, 2->58, 3->59, 4->60, 5->61, 6->62, 7->63.
2026-03-19T17:37:37.7841783Z (Worker pid=294) (Worker_DP0_TP1_EP1 pid=294) INFO 03-19 17:37:37 [layer.py:456] [EP Rank 1/32] Expert parallelism is enabled. Expert placement strategy: linear. Local/global number of experts: 8/256. Experts local to global index map: 0->8, 1->9, 2->10, 3->11, 4->12, 5->13, 6->14, 7->15.
2026-03-19T17:37:37.9322036Z (Worker pid=816) INFO 03-19 17:37:37 [cpu_binding.py:320] [cpu_bind_mode] mode=global_slice rank=6 visible_npus=[8, 9, 10, 11, 12, 13, 14, 15]
2026-03-19T17:37:37.9329634Z (Worker pid=816) INFO 03-19 17:37:37 [cpu_binding.py:367] The CPU allocation plan is as follows:
2026-03-19T17:37:37.9340784Z (Worker pid=816) INFO 03-19 17:37:37 [cpu_binding.py:372] NPU14: main=[282 283 284 285 286 287 288 289 290 291 292 293 294 295 296 297]  acl=[298]  release=[[299]]
2026-03-19T17:37:37.9797230Z (Worker pid=922) INFO 03-19 17:37:37 [cpu_binding.py:320] [cpu_bind_mode] mode=global_slice rank=7 visible_npus=[8, 9, 10, 11, 12, 13, 14, 15]
2026-03-19T17:37:37.9816913Z (Worker pid=922) INFO 03-19 17:37:37 [cpu_binding.py:367] The CPU allocation plan is as follows:
2026-03-19T17:37:37.9827756Z (Worker pid=922) INFO 03-19 17:37:37 [cpu_binding.py:372] NPU15: main=[302 303 304 305 306 307 308 309 310 311 312 313 314 315 316 317]  acl=[318]  release=[[319]]
2026-03-19T17:37:37.9887457Z (Worker pid=816) INFO 03-19 17:37:37 [cpu_binding.py:383] The 'migratepages' command is not available, skipping memory binding.
2026-03-19T17:37:38.0253754Z (Worker pid=816) WARNING 03-19 17:37:38 [__init__.py:204] min_p and logit_bias parameters won't work with speculative decoding.
2026-03-19T17:37:38.0332171Z (Worker pid=816) INFO 03-19 17:37:38 [base.py:106] Offloader set to NoopOffloader
2026-03-19T17:37:38.0383717Z (Worker pid=922) INFO 03-19 17:37:38 [cpu_binding.py:383] The 'migratepages' command is not available, skipping memory binding.
2026-03-19T17:37:38.0441874Z (Worker pid=816) WARNING 03-19 17:37:38 [__init__.py:204] min_p and logit_bias parameters won't work with speculative decoding.
2026-03-19T17:37:38.0463121Z (Worker pid=816) (Worker_DP1_TP6_EP14 pid=816) INFO 03-19 17:37:38 [model_runner_v1.py:2554] Starting to load model /root/.cache/modelscope/hub/models/vllm-ascend/DeepSeek-V3___2-W8A8...
2026-03-19T17:37:38.1038400Z (Worker pid=922) WARNING 03-19 17:37:38 [__init__.py:204] min_p and logit_bias parameters won't work with speculative decoding.
2026-03-19T17:37:38.1040334Z (Worker pid=922) INFO 03-19 17:37:38 [base.py:106] Offloader set to NoopOffloader
2026-03-19T17:37:38.1041085Z (Worker pid=922) WARNING 03-19 17:37:38 [__init__.py:204] min_p and logit_bias parameters won't work with speculative decoding.
2026-03-19T17:37:38.1042056Z (Worker pid=922) (Worker_DP1_TP7_EP15 pid=922) INFO 03-19 17:37:38 [model_runner_v1.py:2554] Starting to load model /root/.cache/modelscope/hub/models/vllm-ascend/DeepSeek-V3___2-W8A8...
2026-03-19T17:37:38.1493295Z (Worker pid=505) (Worker_DP0_TP3_EP3 pid=505) INFO 03-19 17:37:38 [layer.py:456] [EP Rank 3/32] Expert parallelism is enabled. Expert placement strategy: linear. Local/global number of experts: 8/256. Experts local to global index map: 0->24, 1->25, 2->26, 3->27, 4->28, 5->29, 6->30, 7->31.
2026-03-19T17:37:38.2037767Z (Worker pid=611) (Worker_DP0_TP4_EP4 pid=611) INFO 03-19 17:37:38 [layer.py:456] [EP Rank 4/32] Expert parallelism is enabled. Expert placement strategy: linear. Local/global number of experts: 8/256. Experts local to global index map: 0->32, 1->33, 2->34, 3->35, 4->36, 5->37, 6->38, 7->39.
2026-03-19T17:37:38.3743893Z (Worker pid=607) (Worker_DP1_TP4_EP12 pid=607) INFO 03-19 17:37:38 [layer.py:456] [EP Rank 12/32] Expert parallelism is enabled. Expert placement strategy: linear. Local/global number of experts: 8/256. Experts local to global index map: 0->96, 1->97, 2->98, 3->99, 4->100, 5->101, 6->102, 7->103.
2026-03-19T17:37:38.5478034Z (Worker pid=721) (Worker_DP0_TP5_EP5 pid=721) INFO 03-19 17:37:38 [layer.py:456] [EP Rank 5/32] Expert parallelism is enabled. Expert placement strategy: linear. Local/global number of experts: 8/256. Experts local to global index map: 0->40, 1->41, 2->42, 3->43, 4->44, 5->45, 6->46, 7->47.
2026-03-19T17:37:38.5557838Z (Worker pid=245) (Worker_DP0_TP0_EP0 pid=245) INFO 03-19 17:37:38 [layer.py:456] [EP Rank 0/32] Expert parallelism is enabled. Expert placement strategy: linear. Local/global number of experts: 8/256. Experts local to global index map: 0->0, 1->1, 2->2, 3->3, 4->4, 5->5, 6->6, 7->7.
2026-03-19T17:37:39.1423397Z (Worker pid=291) (Worker_DP1_TP1_EP9 pid=291) INFO 03-19 17:37:39 [layer.py:456] [EP Rank 9/32] Expert parallelism is enabled. Expert placement strategy: linear. Local/global number of experts: 8/256. Experts local to global index map: 0->72, 1->73, 2->74, 3->75, 4->76, 5->77, 6->78, 7->79.
2026-03-19T17:37:39.2658446Z (Worker pid=816) (Worker_DP1_TP6_EP14 pid=816) INFO 03-19 17:37:39 [layer.py:456] [EP Rank 14/32] Expert parallelism is enabled. Expert placement strategy: linear. Local/global number of experts: 8/256. Experts local to global index map: 0->112, 1->113, 2->114, 3->115, 4->116, 5->117, 6->118, 7->119.
2026-03-19T17:37:39.3049225Z (Worker pid=922) (Worker_DP1_TP7_EP15 pid=922) INFO 03-19 17:37:39 [layer.py:456] [EP Rank 15/32] Expert parallelism is enabled. Expert placement strategy: linear. Local/global number of experts: 8/256. Experts local to global index map: 0->120, 1->121, 2->122, 3->123, 4->124, 5->125, 6->126, 7->127.
2026-03-19T17:37:39.9800093Z (Worker pid=245) (Worker_DP0_TP0_EP0 pid=245) INFO 03-19 17:37:39 [fused_moe.py:321] [EP Rank 0/32] Expert parallelism is enabled. Local/global number of experts: 8/256. Experts local to global index map: 0->0, 1->1, 2->2, 3->3, 4->4, 5->5, 6->6, 7->7.
2026-03-19T17:37:40.0657189Z (Worker pid=291) (Worker_DP1_TP1_EP9 pid=291) INFO 03-19 17:37:40 [fused_moe.py:321] [EP Rank 9/32] Expert parallelism is enabled. Local/global number of experts: 8/256. Experts local to global index map: 0->72, 1->73, 2->74, 3->75, 4->76, 5->77, 6->78, 7->79.
2026-03-19T17:37:40.1279509Z (Worker pid=611) (Worker_DP0_TP4_EP4 pid=611) INFO 03-19 17:37:40 [fused_moe.py:321] [EP Rank 4/32] Expert parallelism is enabled. Local/global number of experts: 8/256. Experts local to global index map: 0->32, 1->33, 2->34, 3->35, 4->36, 5->37, 6->38, 7->39.
2026-03-19T17:37:40.1333945Z (Worker pid=244) (Worker_DP1_TP0_EP8 pid=244) INFO 03-19 17:37:40 [fused_moe.py:321] [EP Rank 8/32] Expert parallelism is enabled. Local/global number of experts: 8/256. Experts local to global index map: 0->64, 1->65, 2->66, 3->67, 4->68, 5->69, 6->70, 7->71.
2026-03-19T17:37:40.1437428Z (Worker pid=294) (Worker_DP0_TP1_EP1 pid=294) INFO 03-19 17:37:40 [fused_moe.py:321] [EP Rank 1/32] Expert parallelism is enabled. Local/global number of experts: 8/256. Experts local to global index map: 0->8, 1->9, 2->10, 3->11, 4->12, 5->13, 6->14, 7->15.
2026-03-19T17:37:40.1509727Z (Worker pid=827) (Worker_DP0_TP6_EP6 pid=827) INFO 03-19 17:37:40 [fused_moe.py:321] [EP Rank 6/32] Expert parallelism is enabled. Local/global number of experts: 8/256. Experts local to global index map: 0->48, 1->49, 2->50, 3->51, 4->52, 5->53, 6->54, 7->55.
2026-03-19T17:37:40.1596893Z (Worker pid=505) (Worker_DP0_TP3_EP3 pid=505) INFO 03-19 17:37:40 [fused_moe.py:321] [EP Rank 3/32] Expert parallelism is enabled. Local/global number of experts: 8/256. Experts local to global index map: 0->24, 1->25, 2->26, 3->27, 4->28, 5->29, 6->30, 7->31.
2026-03-19T17:37:40.1622490Z (Worker pid=395) (Worker_DP1_TP2_EP10 pid=395) INFO 03-19 17:37:40 [fused_moe.py:321] [EP Rank 10/32] Expert parallelism is enabled. Local/global number of experts: 8/256. Experts local to global index map: 0->80, 1->81, 2->82, 3->83, 4->84, 5->85, 6->86, 7->87.
2026-03-19T17:37:40.1781274Z (Worker pid=607) (Worker_DP1_TP4_EP12 pid=607) INFO 03-19 17:37:40 [fused_moe.py:321] [EP Rank 12/32] Expert parallelism is enabled. Local/global number of experts: 8/256. Experts local to global index map: 0->96, 1->97, 2->98, 3->99, 4->100, 5->101, 6->102, 7->103.
2026-03-19T17:37:40.1817268Z (Worker pid=721) (Worker_DP0_TP5_EP5 pid=721) INFO 03-19 17:37:40 [fused_moe.py:321] [EP Rank 5/32] Expert parallelism is enabled. Local/global number of experts: 8/256. Experts local to global index map: 0->40, 1->41, 2->42, 3->43, 4->44, 5->45, 6->46, 7->47.
2026-03-19T17:37:40.1984229Z (Worker pid=816) (Worker_DP1_TP6_EP14 pid=816) INFO 03-19 17:37:40 [fused_moe.py:321] [EP Rank 14/32] Expert parallelism is enabled. Local/global number of experts: 8/256. Experts local to global index map: 0->112, 1->113, 2->114, 3->115, 4->116, 5->117, 6->118, 7->119.
2026-03-19T17:37:40.2031628Z (Worker pid=933) (Worker_DP0_TP7_EP7 pid=933) INFO 03-19 17:37:40 [fused_moe.py:321] [EP Rank 7/32] Expert parallelism is enabled. Local/global number of experts: 8/256. Experts local to global index map: 0->56, 1->57, 2->58, 3->59, 4->60, 5->61, 6->62, 7->63.
2026-03-19T17:37:40.2136037Z (Worker pid=501) (Worker_DP1_TP3_EP11 pid=501) INFO 03-19 17:37:40 [fused_moe.py:321] [EP Rank 11/32] Expert parallelism is enabled. Local/global number of experts: 8/256. Experts local to global index map: 0->88, 1->89, 2->90, 3->91, 4->92, 5->93, 6->94, 7->95.
2026-03-19T17:37:40.2217338Z (Worker pid=399) (Worker_DP0_TP2_EP2 pid=399) INFO 03-19 17:37:40 [fused_moe.py:321] [EP Rank 2/32] Expert parallelism is enabled. Local/global number of experts: 8/256. Experts local to global index map: 0->16, 1->17, 2->18, 3->19, 4->20, 5->21, 6->22, 7->23.
2026-03-19T17:37:40.2268321Z (Worker pid=711) (Worker_DP1_TP5_EP13 pid=711) INFO 03-19 17:37:40 [fused_moe.py:321] [EP Rank 13/32] Expert parallelism is enabled. Local/global number of experts: 8/256. Experts local to global index map: 0->104, 1->105, 2->106, 3->107, 4->108, 5->109, 6->110, 7->111.
2026-03-19T17:37:40.2550689Z (Worker pid=922) (Worker_DP1_TP7_EP15 pid=922) INFO 03-19 17:37:40 [fused_moe.py:321] [EP Rank 15/32] Expert parallelism is enabled. Local/global number of experts: 8/256. Experts local to global index map: 0->120, 1->121, 2->122, 3->123, 4->124, 5->125, 6->126, 7->127.
2026-03-19T17:37:40.4225843Z (Worker pid=244) (Worker_DP1_TP0_EP8 pid=244) INFO 03-19 17:37:40 [fused_moe.py:576] Sequence parallelism is enabled, shared experts are replicated for best performance.
2026-03-19T17:37:40.4249709Z (Worker pid=245) (Worker_DP0_TP0_EP0 pid=245) INFO 03-19 17:37:40 [fused_moe.py:576] Sequence parallelism is enabled, shared experts are replicated for best performance.
2026-03-19T17:37:40.4396630Z (Worker pid=294) (Worker_DP0_TP1_EP1 pid=294) INFO 03-19 17:37:40 [fused_moe.py:576] Sequence parallelism is enabled, shared experts are replicated for best performance.
2026-03-19T17:37:40.4858668Z (Worker pid=721) (Worker_DP0_TP5_EP5 pid=721) INFO 03-19 17:37:40 [fused_moe.py:576] Sequence parallelism is enabled, shared experts are replicated for best performance.
2026-03-19T17:37:40.4889144Z (Worker pid=611) (Worker_DP0_TP4_EP4 pid=611) INFO 03-19 17:37:40 [fused_moe.py:576] Sequence parallelism is enabled, shared experts are replicated for best performance.
2026-03-19T17:37:40.5064116Z (Worker pid=501) (Worker_DP1_TP3_EP11 pid=501) INFO 03-19 17:37:40 [fused_moe.py:576] Sequence parallelism is enabled, shared experts are replicated for best performance.
2026-03-19T17:37:40.5090838Z (Worker pid=827) (Worker_DP0_TP6_EP6 pid=827) INFO 03-19 17:37:40 [fused_moe.py:576] Sequence parallelism is enabled, shared experts are replicated for best performance.
2026-03-19T17:37:40.5101740Z (Worker pid=395) (Worker_DP1_TP2_EP10 pid=395) INFO 03-19 17:37:40 [fused_moe.py:576] Sequence parallelism is enabled, shared experts are replicated for best performance.
2026-03-19T17:37:40.5112830Z (Worker pid=933) (Worker_DP0_TP7_EP7 pid=933) INFO 03-19 17:37:40 [fused_moe.py:576] Sequence parallelism is enabled, shared experts are replicated for best performance.
2026-03-19T17:37:40.5227791Z (Worker pid=711) (Worker_DP1_TP5_EP13 pid=711) INFO 03-19 17:37:40 [fused_moe.py:576] Sequence parallelism is enabled, shared experts are replicated for best performance.
2026-03-19T17:37:40.5263645Z (Worker pid=607) (Worker_DP1_TP4_EP12 pid=607) INFO 03-19 17:37:40 [fused_moe.py:576] Sequence parallelism is enabled, shared experts are replicated for best performance.
2026-03-19T17:37:40.5274240Z (Worker pid=399) (Worker_DP0_TP2_EP2 pid=399) INFO 03-19 17:37:40 [fused_moe.py:576] Sequence parallelism is enabled, shared experts are replicated for best performance.
2026-03-19T17:37:40.5287318Z (Worker pid=505) (Worker_DP0_TP3_EP3 pid=505) INFO 03-19 17:37:40 [fused_moe.py:576] Sequence parallelism is enabled, shared experts are replicated for best performance.
2026-03-19T17:37:40.5430845Z (Worker pid=816) (Worker_DP1_TP6_EP14 pid=816) INFO 03-19 17:37:40 [fused_moe.py:576] Sequence parallelism is enabled, shared experts are replicated for best performance.
2026-03-19T17:37:40.5641300Z (Worker pid=922) (Worker_DP1_TP7_EP15 pid=922) INFO 03-19 17:37:40 [fused_moe.py:576] Sequence parallelism is enabled, shared experts are replicated for best performance.
2026-03-19T17:37:40.6274606Z (Worker pid=291) (Worker_DP1_TP1_EP9 pid=291) INFO 03-19 17:37:40 [fused_moe.py:576] Sequence parallelism is enabled, shared experts are replicated for best performance.
2026-03-19T17:37:48.1140964Z (Worker pid=244) (Worker_DP1_TP0_EP8 pid=244) INFO 03-19 17:37:48 [compilation.py:937] Using OOT custom backend for compilation.
2026-03-19T17:37:48.1969325Z (Worker pid=291) (Worker_DP1_TP1_EP9 pid=291) INFO 03-19 17:37:48 [compilation.py:937] Using OOT custom backend for compilation.
2026-03-19T17:37:48.3963622Z (Worker pid=607) (Worker_DP1_TP4_EP12 pid=607) INFO 03-19 17:37:48 [compilation.py:937] Using OOT custom backend for compilation.
2026-03-19T17:37:48.4914089Z (Worker pid=711) (Worker_DP1_TP5_EP13 pid=711) INFO 03-19 17:37:48 [compilation.py:937] Using OOT custom backend for compilation.
2026-03-19T17:37:48.4999800Z (Worker pid=922) (Worker_DP1_TP7_EP15 pid=922) INFO 03-19 17:37:48 [compilation.py:937] Using OOT custom backend for compilation.
2026-03-19T17:37:48.5675685Z (Worker pid=721) (Worker_DP0_TP5_EP5 pid=721) INFO 03-19 17:37:48 [compilation.py:937] Using OOT custom backend for compilation.
2026-03-19T17:37:48.5704965Z (Worker pid=816) (Worker_DP1_TP6_EP14 pid=816) INFO 03-19 17:37:48 [compilation.py:937] Using OOT custom backend for compilation.
2026-03-19T17:37:48.5760958Z (Worker pid=395) (Worker_DP1_TP2_EP10 pid=395) INFO 03-19 17:37:48 [compilation.py:937] Using OOT custom backend for compilation.
2026-03-19T17:37:48.6634450Z (Worker pid=501) (Worker_DP1_TP3_EP11 pid=501) INFO 03-19 17:37:48 [compilation.py:937] Using OOT custom backend for compilation.
2026-03-19T17:37:48.6722117Z (Worker pid=611) (Worker_DP0_TP4_EP4 pid=611) INFO 03-19 17:37:48 [compilation.py:937] Using OOT custom backend for compilation.
2026-03-19T17:37:48.7348381Z (Worker pid=827) (Worker_DP0_TP6_EP6 pid=827) INFO 03-19 17:37:48 [compilation.py:937] Using OOT custom backend for compilation.
2026-03-19T17:37:48.7565965Z (Worker pid=294) (Worker_DP0_TP1_EP1 pid=294) INFO 03-19 17:37:48 [compilation.py:937] Using OOT custom backend for compilation.
2026-03-19T17:37:48.7600849Z (Worker pid=245) (Worker_DP0_TP0_EP0 pid=245) INFO 03-19 17:37:48 [compilation.py:937] Using OOT custom backend for compilation.
2026-03-19T17:37:48.7628508Z (Worker pid=505) (Worker_DP0_TP3_EP3 pid=505) INFO 03-19 17:37:48 [compilation.py:937] Using OOT custom backend for compilation.
2026-03-19T17:37:48.8302045Z (Worker pid=399) (Worker_DP0_TP2_EP2 pid=399) INFO 03-19 17:37:48 [compilation.py:937] Using OOT custom backend for compilation.
2026-03-19T17:37:48.8409501Z (Worker pid=933) (Worker_DP0_TP7_EP7 pid=933) INFO 03-19 17:37:48 [compilation.py:937] Using OOT custom backend for compilation.
2026-03-19T17:37:48.9379181Z (Worker pid=245) (Worker_DP0_TP0_EP0 pid=245)
2026-03-19T17:37:48.9379661Z Loading safetensors checkpoint shards:   0% Completed | 0/163 [00:00<?, ?it/s]
2026-03-19T17:37:53.7631076Z (Worker pid=245) (Worker_DP0_TP0_EP0 pid=245)
2026-03-19T17:37:53.7631729Z Loading safetensors checkpoint shards:   1% Completed | 1/163 [00:04<13:01,  4.82s/it]
2026-03-19T17:37:55.2253525Z (Worker pid=245) (Worker_DP0_TP0_EP0 pid=245)
2026-03-19T17:37:55.2254080Z Loading safetensors checkpoint shards:   1% Completed | 2/163 [00:06<07:38,  2.85s/it]
2026-03-19T17:37:56.8291198Z (Worker pid=245) (Worker_DP0_TP0_EP0 pid=245)
2026-03-19T17:37:56.8291761Z Loading safetensors checkpoint shards:   2% Completed | 3/163 [00:07<06:04,  2.28s/it]
2026-03-19T17:37:59.8606000Z (Worker pid=245) (Worker_DP0_TP0_EP0 pid=245)
2026-03-19T17:37:59.8606541Z Loading safetensors checkpoint shards:   2% Completed | 4/163 [00:10<06:49,  2.58s/it]
2026-03-19T17:38:01.2125403Z (Worker pid=245) (Worker_DP0_TP0_EP0 pid=245)
2026-03-19T17:38:01.2126001Z Loading safetensors checkpoint shards:   3% Completed | 5/163 [00:12<05:37,  2.13s/it]
2026-03-19T17:38:04.2553788Z (Worker pid=245) (Worker_DP0_TP0_EP0 pid=245)
2026-03-19T17:38:04.2554357Z Loading safetensors checkpoint shards:   4% Completed | 6/163 [00:15<06:23,  2.44s/it]
2026-03-19T17:38:05.4532231Z (Worker pid=245) (Worker_DP0_TP0_EP0 pid=245)
2026-03-19T17:38:05.4532794Z Loading safetensors checkpoint shards:   4% Completed | 7/163 [00:16<05:17,  2.04s/it]
2026-03-19T17:38:06.7488535Z (Worker pid=245) (Worker_DP0_TP0_EP0 pid=245)
2026-03-19T17:38:06.7489091Z Loading safetensors checkpoint shards:   5% Completed | 8/163 [00:17<04:39,  1.80s/it]
2026-03-19T17:38:10.2442322Z (Worker pid=245) (Worker_DP0_TP0_EP0 pid=245)
2026-03-19T17:38:10.2442877Z Loading safetensors checkpoint shards:   6% Completed | 9/163 [00:21<05:58,  2.33s/it]
2026-03-19T17:38:11.4998260Z (Worker pid=245) (Worker_DP0_TP0_EP0 pid=245)
2026-03-19T17:38:11.4998824Z Loading safetensors checkpoint shards:   6% Completed | 10/163 [00:22<05:05,  2.00s/it]
2026-03-19T17:38:12.7932685Z (Worker pid=245) (Worker_DP0_TP0_EP0 pid=245)
2026-03-19T17:38:12.7933233Z Loading safetensors checkpoint shards:   7% Completed | 11/163 [00:23<04:30,  1.78s/it]
2026-03-19T17:38:16.0621303Z (Worker pid=245) (Worker_DP0_TP0_EP0 pid=245)
2026-03-19T17:38:16.0621914Z Loading safetensors checkpoint shards:   7% Completed | 12/163 [00:27<05:37,  2.23s/it]
2026-03-19T17:38:17.4667498Z (Worker pid=245) (Worker_DP0_TP0_EP0 pid=245)
2026-03-19T17:38:17.4668067Z Loading safetensors checkpoint shards:   8% Completed | 13/163 [00:28<04:57,  1.98s/it]
2026-03-19T17:38:19.5792595Z (Worker pid=245) (Worker_DP0_TP0_EP0 pid=245)
2026-03-19T17:38:19.5793156Z Loading safetensors checkpoint shards:   9% Completed | 14/163 [00:30<05:01,  2.02s/it]
