2026-03-19T22:19:24.1062416Z [Gloo] Rank 0 is connected to 0 peer ranks. Expected number of connected peer ranks is : 0
2026-03-19T22:19:24.1063033Z [Gloo] Rank 0 is connected to 0 peer ranks. Expected number of connected peer ranks is : 0
2026-03-19T22:19:24.1063658Z [Gloo] Rank 0 is connected to 0 peer ranks. Expected number of connected peer ranks is : 0
2026-03-19T22:19:24.1064891Z [Gloo] Rank 0 is connected to 0 peer ranks. Expected number of connected peer ranks is : 0
2026-03-19T22:19:24.1065533Z [Gloo] Rank 0 is connected to 0 peer ranks. Expected number of connected peer ranks is : 0
2026-03-19T22:19:24.1086871Z [Gloo] Rank 0 is connected to 0 peer ranks. Expected number of connected peer ranks is : 0
2026-03-19T22:19:24.1087525Z [Gloo] Rank 0 is connected to 0 peer ranks. Expected number of connected peer ranks is : 0
2026-03-19T22:19:24.1088131Z [Gloo] Rank 0 is connected to 0 peer ranks. Expected number of connected peer ranks is : 0
2026-03-19T22:19:24.1088761Z [Gloo] Rank 0 is connected to 0 peer ranks. Expected number of connected peer ranks is : 0
2026-03-19T22:19:24.1089373Z [Gloo] Rank 0 is connected to 0 peer ranks. Expected number of connected peer ranks is : 0
2026-03-19T22:19:24.1089971Z [Gloo] Rank 0 is connected to 0 peer ranks. Expected number of connected peer ranks is : 0
2026-03-19T22:19:24.1090576Z [Gloo] Rank 0 is connected to 0 peer ranks. Expected number of connected peer ranks is : 0
2026-03-19T22:19:24.1389709Z [Gloo] Rank 0 is connected to 0 peer ranks. Expected number of connected peer ranks is : 0
2026-03-19T22:19:24.1390335Z [Gloo] Rank 0 is connected to 0 peer ranks. Expected number of connected peer ranks is : 0
2026-03-19T22:19:24.1390943Z [Gloo] Rank 0 is connected to 0 peer ranks. Expected number of connected peer ranks is : 0
2026-03-19T22:19:24.1391557Z [Gloo] Rank 0 is connected to 0 peer ranks. Expected number of connected peer ranks is : 0
2026-03-19T22:19:24.1392167Z [Gloo] Rank 0 is connected to 0 peer ranks. Expected number of connected peer ranks is : 0
2026-03-19T22:19:24.1392764Z [Gloo] Rank 0 is connected to 0 peer ranks. Expected number of connected peer ranks is : 0
2026-03-19T22:19:24.1393370Z [Gloo] Rank 0 is connected to 0 peer ranks. Expected number of connected peer ranks is : 0
2026-03-19T22:19:24.1393975Z [Gloo] Rank 0 is connected to 0 peer ranks. Expected number of connected peer ranks is : 0
2026-03-19T22:19:24.1410326Z [Gloo] Rank 0 is connected to 0 peer ranks. Expected number of connected peer ranks is : 0
2026-03-19T22:19:24.1410956Z [Gloo] Rank 0 is connected to 0 peer ranks. Expected number of connected peer ranks is : 0
2026-03-19T22:19:24.1411565Z [Gloo] Rank 0 is connected to 0 peer ranks. Expected number of connected peer ranks is : 0
2026-03-19T22:19:24.1412591Z [Gloo] Rank 0 is connected to 0 peer ranks. Expected number of connected peer ranks is : 0
2026-03-19T22:19:24.1413208Z [Gloo] Rank 0 is connected to 0 peer ranks. Expected number of connected peer ranks is : 0
2026-03-19T22:19:24.1413817Z [Gloo] Rank 0 is connected to 0 peer ranks. Expected number of connected peer ranks is : 0
2026-03-19T22:19:24.1414425Z [Gloo] Rank 0 is connected to 0 peer ranks. Expected number of connected peer ranks is : 0
2026-03-19T22:19:24.1415027Z [Gloo] Rank 0 is connected to 0 peer ranks. Expected number of connected peer ranks is : 0
2026-03-19T22:19:24.1432904Z [Gloo] Rank 0 is connected to 0 peer ranks. Expected number of connected peer ranks is : 0
2026-03-19T22:19:24.1433526Z [Gloo] Rank 0 is connected to 0 peer ranks. Expected number of connected peer ranks is : 0
2026-03-19T22:19:24.1434128Z [Gloo] Rank 0 is connected to 0 peer ranks. Expected number of connected peer ranks is : 0
2026-03-19T22:19:24.1434738Z [Gloo] Rank 0 is connected to 0 peer ranks. Expected number of connected peer ranks is : 0
2026-03-19T22:19:24.1435344Z [Gloo] Rank 0 is connected to 0 peer ranks. Expected number of connected peer ranks is : 0
2026-03-19T22:19:24.1435955Z [Gloo] Rank 0 is connected to 0 peer ranks. Expected number of connected peer ranks is : 0
2026-03-19T22:19:24.1436563Z [Gloo] Rank 0 is connected to 0 peer ranks. Expected number of connected peer ranks is : 0
2026-03-19T22:19:24.1437158Z [Gloo] Rank 0 is connected to 0 peer ranks. Expected number of connected peer ranks is : 0
2026-03-19T22:19:24.1449771Z [Gloo] Rank 0 is connected to 1 peer ranks. Expected number of connected peer ranks is : 1
2026-03-19T22:19:24.1450577Z [Gloo] Rank 1 is connected to 1 peer ranks. Expected number of connected peer ranks is : 1
2026-03-19T22:19:24.1461895Z [Gloo] Rank 0 is connected to 1 peer ranks. Expected number of connected peer ranks is : 1
2026-03-19T22:19:24.1462536Z [Gloo] Rank 1 is connected to 1 peer ranks. Expected number of connected peer ranks is : 1
2026-03-19T22:19:24.1463160Z [Gloo] Rank 0 is connected to 1 peer ranks. Expected number of connected peer ranks is : 1
2026-03-19T22:19:24.1463797Z [Gloo] Rank 1 is connected to 1 peer ranks. Expected number of connected peer ranks is : 1
2026-03-19T22:19:24.1464422Z [Gloo] Rank 0 is connected to 1 peer ranks. Expected number of connected peer ranks is : 1
2026-03-19T22:19:24.1465032Z [Gloo] Rank 1 is connected to 1 peer ranks. Expected number of connected peer ranks is : 1
2026-03-19T22:19:24.1465709Z [Gloo] Rank 1 is connected to 1 peer ranks. Expected number of connected peer ranks is : 1
2026-03-19T22:19:24.1466313Z [Gloo] Rank 0 is connected to 1 peer ranks. Expected number of connected peer ranks is : 1
2026-03-19T22:19:24.1466936Z [Gloo] Rank 0 is connected to 1 peer ranks. Expected number of connected peer ranks is : 1
2026-03-19T22:19:24.1467561Z [Gloo] Rank 1 is connected to 1 peer ranks. Expected number of connected peer ranks is : 1
2026-03-19T22:19:24.1468167Z [Gloo] Rank 1 is connected to 1 peer ranks. Expected number of connected peer ranks is : 1
2026-03-19T22:19:24.1468782Z [Gloo] Rank 0 is connected to 1 peer ranks. Expected number of connected peer ranks is : 1
2026-03-19T22:19:24.1469385Z [Gloo] Rank 0 is connected to 1 peer ranks. Expected number of connected peer ranks is : 1
2026-03-19T22:19:24.1470012Z [Gloo] Rank 1 is connected to 1 peer ranks. Expected number of connected peer ranks is : 1
2026-03-19T22:19:24.1560914Z [Gloo] Rank 0 is connected to 15 peer ranks. Expected number of connected peer ranks is : 15
2026-03-19T22:19:24.1566448Z (Worker pid=1528) INFO 03-19 22:19:24 [parallel_state.py:1715] rank 0 in world size 16 is assigned as DP rank 0, PP rank 0, PCP rank 0, TP rank 0, EP rank 0, EPLB rank N/A
2026-03-19T22:19:24.2049906Z [Gloo] Rank 6 is connected to 15 peer ranks. Expected number of connected peer ranks is : 15
2026-03-19T22:19:24.2050625Z [Gloo] Rank 5 is connected to 15 peer ranks. Expected number of connected peer ranks is : 15
2026-03-19T22:19:24.2051504Z (Worker pid=2001) INFO 03-19 22:19:24 [parallel_state.py:1715] rank 5 in world size 16 is assigned as DP rank 0, PP rank 0, PCP rank 0, TP rank 5, EP rank 5, EPLB rank N/A
2026-03-19T22:19:24.2053172Z (Worker pid=2107) INFO 03-19 22:19:24 [parallel_state.py:1715] rank 6 in world size 16 is assigned as DP rank 0, PP rank 0, PCP rank 0, TP rank 6, EP rank 6, EPLB rank N/A
2026-03-19T22:19:24.2054056Z [Gloo] Rank 10 is connected to 15 peer ranks. Expected number of connected peer ranks is : 15
2026-03-19T22:19:24.2054682Z [Gloo] Rank 12 is connected to 15 peer ranks. Expected number of connected peer ranks is : 15
2026-03-19T22:19:24.2055292Z [Gloo] Rank 1 is connected to 15 peer ranks. Expected number of connected peer ranks is : 15
2026-03-19T22:19:24.2056150Z (Worker pid=1682) INFO 03-19 22:19:24 [parallel_state.py:1715] rank 10 in world size 16 is assigned as DP rank 1, PP rank 0, PCP rank 0, TP rank 2, EP rank 10, EPLB rank N/A
2026-03-19T22:19:24.2057008Z [Gloo] Rank 2 is connected to 15 peer ranks. Expected number of connected peer ranks is : 15
2026-03-19T22:19:24.2057875Z (Worker pid=1892) INFO 03-19 22:19:24 [parallel_state.py:1715] rank 12 in world size 16 is assigned as DP rank 1, PP rank 0, PCP rank 0, TP rank 4, EP rank 12, EPLB rank N/A
2026-03-19T22:19:24.2058962Z (Worker pid=1562) INFO 03-19 22:19:24 [parallel_state.py:1715] rank 1 in world size 16 is assigned as DP rank 0, PP rank 0, PCP rank 0, TP rank 1, EP rank 1, EPLB rank N/A
2026-03-19T22:19:24.2060044Z (Worker pid=1681) INFO 03-19 22:19:24 [parallel_state.py:1715] rank 2 in world size 16 is assigned as DP rank 0, PP rank 0, PCP rank 0, TP rank 2, EP rank 2, EPLB rank N/A
2026-03-19T22:19:24.2171319Z [Gloo] Rank 3 is connected to 15 peer ranks. Expected number of connected peer ranks is : 15
2026-03-19T22:19:24.2177639Z (Worker pid=1788) INFO 03-19 22:19:24 [parallel_state.py:1715] rank 3 in world size 16 is assigned as DP rank 0, PP rank 0, PCP rank 0, TP rank 3, EP rank 3, EPLB rank N/A
2026-03-19T22:19:24.2328430Z [Gloo] Rank 8 is connected to 15 peer ranks. Expected number of connected peer ranks is : 15
2026-03-19T22:19:24.2329172Z [Gloo] Rank 14 is connected to 15 peer ranks. Expected number of connected peer ranks is : 15
2026-03-19T22:19:24.2329805Z [Gloo] Rank 15 is connected to 15 peer ranks. Expected number of connected peer ranks is : 15
2026-03-19T22:19:24.2330448Z [Gloo] Rank 7 is connected to 15 peer ranks. Expected number of connected peer ranks is : 15
2026-03-19T22:19:24.2331822Z (Worker pid=2210) INFO 03-19 22:19:24 [parallel_state.py:1715] rank 15 in world size 16 is assigned as DP rank 1, PP rank 0, PCP rank 0, TP rank 7, EP rank 15, EPLB rank N/A
2026-03-19T22:19:24.2332977Z (Worker pid=2104) INFO 03-19 22:19:24 [parallel_state.py:1715] rank 14 in world size 16 is assigned as DP rank 1, PP rank 0, PCP rank 0, TP rank 6, EP rank 14, EPLB rank N/A
2026-03-19T22:19:24.2334105Z (Worker pid=1527) INFO 03-19 22:19:24 [parallel_state.py:1715] rank 8 in world size 16 is assigned as DP rank 1, PP rank 0, PCP rank 0, TP rank 0, EP rank 8, EPLB rank N/A
2026-03-19T22:19:24.2338164Z (Worker pid=2213) INFO 03-19 22:19:24 [parallel_state.py:1715] rank 7 in world size 16 is assigned as DP rank 0, PP rank 0, PCP rank 0, TP rank 7, EP rank 7, EPLB rank N/A
2026-03-19T22:19:24.2526986Z [Gloo] Rank 4 is connected to 15 peer ranks. Expected number of connected peer ranks is : 15
2026-03-19T22:19:24.2528249Z [Gloo] Rank 9 is connected to 15 peer ranks. Expected number of connected peer ranks is : 15
2026-03-19T22:19:24.2529482Z [Gloo] Rank 11 is connected to 15 peer ranks. Expected number of connected peer ranks is : 15
2026-03-19T22:19:24.2530161Z [Gloo] Rank 13 is connected to 15 peer ranks. Expected number of connected peer ranks is : 15
2026-03-19T22:19:24.2532149Z (Worker pid=1895) INFO 03-19 22:19:24 [parallel_state.py:1715] rank 4 in world size 16 is assigned as DP rank 0, PP rank 0, PCP rank 0, TP rank 4, EP rank 4, EPLB rank N/A
2026-03-19T22:19:24.2533554Z (Worker pid=1564) INFO 03-19 22:19:24 [parallel_state.py:1715] rank 9 in world size 16 is assigned as DP rank 1, PP rank 0, PCP rank 0, TP rank 1, EP rank 9, EPLB rank N/A
2026-03-19T22:19:24.2535260Z (Worker pid=1787) INFO 03-19 22:19:24 [parallel_state.py:1715] rank 11 in world size 16 is assigned as DP rank 1, PP rank 0, PCP rank 0, TP rank 3, EP rank 11, EPLB rank N/A
2026-03-19T22:19:24.2536407Z (Worker pid=1998) INFO 03-19 22:19:24 [parallel_state.py:1715] rank 13 in world size 16 is assigned as DP rank 1, PP rank 0, PCP rank 0, TP rank 5, EP rank 13, EPLB rank N/A
2026-03-19T22:19:24.2592243Z [Gloo] Rank 7 is connected to 15 peer ranks. Expected number of connected peer ranks is : 15
2026-03-19T22:19:24.2592964Z [Gloo] Rank 1 is connected to 15 peer ranks. Expected number of connected peer ranks is : 15
2026-03-19T22:19:24.2593694Z [Gloo] Rank 0 is connected to 15 peer ranks. Expected number of connected peer ranks is : 15
2026-03-19T22:19:24.2594333Z [Gloo] Rank 4 is connected to 15 peer ranks. Expected number of connected peer ranks is : 15
2026-03-19T22:19:24.2595482Z [Gloo] Rank 3 is connected to 15 peer ranks. Expected number of connected peer ranks is : 15
2026-03-19T22:19:24.2596130Z [Gloo] Rank 6 is connected to 15 peer ranks. Expected number of connected peer ranks is : 15
2026-03-19T22:19:24.2597485Z [Gloo] Rank 2 is connected to 15 peer ranks. Expected number of connected peer ranks is : 15
2026-03-19T22:19:24.2599367Z [Gloo] Rank 8 is connected to 15 peer ranks. Expected number of connected peer ranks is : 15
2026-03-19T22:19:24.2600017Z [Gloo] Rank 5 is connected to 15 peer ranks. Expected number of connected peer ranks is : 15
2026-03-19T22:19:24.2600657Z [Gloo] Rank 12 is connected to 15 peer ranks. Expected number of connected peer ranks is : 15
2026-03-19T22:19:24.2601803Z [Gloo] Rank 13 is connected to 15 peer ranks. Expected number of connected peer ranks is : 15
2026-03-19T22:19:24.2602481Z [Gloo] Rank 9 is connected to 15 peer ranks. Expected number of connected peer ranks is : 15
2026-03-19T22:19:24.2603144Z [Gloo] Rank 10 is connected to 15 peer ranks. Expected number of connected peer ranks is : 15
2026-03-19T22:19:24.2603816Z [Gloo] Rank 11 is connected to 15 peer ranks. Expected number of connected peer ranks is : 15
2026-03-19T22:19:24.2608485Z [Gloo] Rank 14 is connected to 15 peer ranks. Expected number of connected peer ranks is : 15
2026-03-19T22:19:24.2609212Z [Gloo] Rank 15 is connected to 15 peer ranks. Expected number of connected peer ranks is : 15
2026-03-19T22:19:24.2672105Z [Gloo] Rank 1 is connected to 1 peer ranks. Expected number of connected peer ranks is : 1
2026-03-19T22:19:24.2672754Z [Gloo] Rank 1 is connected to 1 peer ranks. Expected number of connected peer ranks is : 1
2026-03-19T22:19:24.2673376Z [Gloo] Rank 0 is connected to 1 peer ranks. Expected number of connected peer ranks is : 1
2026-03-19T22:19:24.2674036Z [Gloo] Rank 0 is connected to 1 peer ranks. Expected number of connected peer ranks is : 1
2026-03-19T22:19:24.2674665Z [Gloo] Rank 0 is connected to 1 peer ranks. Expected number of connected peer ranks is : 1
2026-03-19T22:19:24.2675287Z [Gloo] Rank 0 is connected to 1 peer ranks. Expected number of connected peer ranks is : 1
2026-03-19T22:19:24.2675935Z [Gloo] Rank 0 is connected to 1 peer ranks. Expected number of connected peer ranks is : 1
2026-03-19T22:19:24.2676536Z [Gloo] Rank 1 is connected to 1 peer ranks. Expected number of connected peer ranks is : 1
2026-03-19T22:19:24.2677149Z [Gloo] Rank 1 is connected to 1 peer ranks. Expected number of connected peer ranks is : 1
2026-03-19T22:19:24.2677759Z [Gloo] Rank 1 is connected to 1 peer ranks. Expected number of connected peer ranks is : 1
2026-03-19T22:19:24.2678661Z [Gloo] Rank 1 is connected to 1 peer ranks. Expected number of connected peer ranks is : 1
2026-03-19T22:19:24.2679284Z [Gloo] Rank 0 is connected to 1 peer ranks. Expected number of connected peer ranks is : 1
2026-03-19T22:19:24.2679884Z [Gloo] Rank 0 is connected to 1 peer ranks. Expected number of connected peer ranks is : 1
2026-03-19T22:19:24.2680495Z [Gloo] Rank 1 is connected to 1 peer ranks. Expected number of connected peer ranks is : 1
2026-03-19T22:19:24.2681748Z [Gloo] Rank 1 is connected to 1 peer ranks. Expected number of connected peer ranks is : 1
2026-03-19T22:19:24.2682348Z [Gloo] Rank 0 is connected to 1 peer ranks. Expected number of connected peer ranks is : 1
2026-03-19T22:19:27.8230013Z (Worker pid=1681) INFO 03-19 22:19:27 [cpu_binding.py:320] [cpu_bind_mode] mode=global_slice rank=2 visible_npus=[0, 1, 2, 3, 4, 5, 6, 7]
2026-03-19T22:19:27.8230882Z (Worker pid=1681) INFO 03-19 22:19:27 [cpu_binding.py:367] The CPU allocation plan is as follows:
2026-03-19T22:19:27.8231636Z (Worker pid=1681) INFO 03-19 22:19:27 [cpu_binding.py:372] NPU2: main=[42 43 44 45 46 47 48 49 50 51 52 53 54 55 56 57]  acl=[58]  release=[[59]]
2026-03-19T22:19:27.8789105Z (Worker pid=1681) INFO 03-19 22:19:27 [cpu_binding.py:383] The 'migratepages' command is not available, skipping memory binding.
2026-03-19T22:19:27.9226251Z (Worker pid=1681) WARNING 03-19 22:19:27 [__init__.py:204] min_p and logit_bias parameters won't work with speculative decoding.
2026-03-19T22:19:27.9343238Z (Worker pid=1681) INFO 03-19 22:19:27 [base.py:106] Offloader set to NoopOffloader
2026-03-19T22:19:27.9702801Z (Worker pid=1681) WARNING 03-19 22:19:27 [__init__.py:204] min_p and logit_bias parameters won't work with speculative decoding.
2026-03-19T22:19:27.9724980Z (Worker pid=1681) (Worker_DP0_TP2_EP2 pid=1681) INFO 03-19 22:19:27 [model_runner_v1.py:2554] Starting to load model /root/.cache/modelscope/hub/models/vllm-ascend/DeepSeek-V3___2-W8A8...
2026-03-19T22:19:28.0243305Z (Worker pid=1527) INFO 03-19 22:19:28 [cpu_binding.py:320] [cpu_bind_mode] mode=global_slice rank=0 visible_npus=[8, 9, 10, 11, 12, 13, 14, 15]
2026-03-19T22:19:28.0244765Z (Worker pid=1527) INFO 03-19 22:19:28 [cpu_binding.py:367] The CPU allocation plan is as follows:
2026-03-19T22:19:28.0245595Z (Worker pid=1527) INFO 03-19 22:19:28 [cpu_binding.py:372] NPU8: main=[162 163 164 165 166 167 168 169 170 171 172 173 174 175 176 177]  acl=[178]  release=[[179]]
2026-03-19T22:19:28.0765951Z (Worker pid=1527) INFO 03-19 22:19:28 [cpu_binding.py:383] The 'migratepages' command is not available, skipping memory binding.
2026-03-19T22:19:28.1074938Z (Worker pid=1527) WARNING 03-19 22:19:28 [__init__.py:204] min_p and logit_bias parameters won't work with speculative decoding.
2026-03-19T22:19:28.1176983Z (Worker pid=1527) INFO 03-19 22:19:28 [base.py:106] Offloader set to NoopOffloader
2026-03-19T22:19:28.1292692Z (Worker pid=1527) WARNING 03-19 22:19:28 [__init__.py:204] min_p and logit_bias parameters won't work with speculative decoding.
2026-03-19T22:19:28.1306153Z (Worker pid=1527) (Worker_DP1_TP0_EP8 pid=1527) INFO 03-19 22:19:28 [model_runner_v1.py:2554] Starting to load model /root/.cache/modelscope/hub/models/vllm-ascend/DeepSeek-V3___2-W8A8...
2026-03-19T22:19:28.3231318Z (Worker pid=1895) INFO 03-19 22:19:28 [cpu_binding.py:320] [cpu_bind_mode] mode=global_slice rank=4 visible_npus=[0, 1, 2, 3, 4, 5, 6, 7]
2026-03-19T22:19:28.3233587Z (Worker pid=1895) INFO 03-19 22:19:28 [cpu_binding.py:367] The CPU allocation plan is as follows:
2026-03-19T22:19:28.3234392Z (Worker pid=1895) INFO 03-19 22:19:28 [cpu_binding.py:372] NPU4: main=[82 83 84 85 86 87 88 89 90 91 92 93 94 95 96 97]  acl=[98]  release=[[99]]
2026-03-19T22:19:28.3792072Z (Worker pid=1895) INFO 03-19 22:19:28 [cpu_binding.py:383] The 'migratepages' command is not available, skipping memory binding.
2026-03-19T22:19:28.4140754Z (Worker pid=1895) WARNING 03-19 22:19:28 [__init__.py:204] min_p and logit_bias parameters won't work with speculative decoding.
2026-03-19T22:19:28.4237640Z (Worker pid=1895) INFO 03-19 22:19:28 [base.py:106] Offloader set to NoopOffloader
2026-03-19T22:19:28.4334517Z (Worker pid=1895) WARNING 03-19 22:19:28 [__init__.py:204] min_p and logit_bias parameters won't work with speculative decoding.
2026-03-19T22:19:28.4344926Z (Worker pid=1895) (Worker_DP0_TP4_EP4 pid=1895) INFO 03-19 22:19:28 [model_runner_v1.py:2554] Starting to load model /root/.cache/modelscope/hub/models/vllm-ascend/DeepSeek-V3___2-W8A8...
2026-03-19T22:19:28.4860219Z (Worker pid=1564) INFO 03-19 22:19:28 [cpu_binding.py:320] [cpu_bind_mode] mode=global_slice rank=1 visible_npus=[8, 9, 10, 11, 12, 13, 14, 15]
2026-03-19T22:19:28.4861042Z (Worker pid=1564) INFO 03-19 22:19:28 [cpu_binding.py:367] The CPU allocation plan is as follows:
2026-03-19T22:19:28.4861844Z (Worker pid=1564) INFO 03-19 22:19:28 [cpu_binding.py:372] NPU9: main=[182 183 184 185 186 187 188 189 190 191 192 193 194 195 196 197]  acl=[198]  release=[[199]]
2026-03-19T22:19:28.5397496Z (Worker pid=1564) INFO 03-19 22:19:28 [cpu_binding.py:383] The 'migratepages' command is not available, skipping memory binding.
2026-03-19T22:19:28.5837199Z (Worker pid=1564) WARNING 03-19 22:19:28 [__init__.py:204] min_p and logit_bias parameters won't work with speculative decoding.
2026-03-19T22:19:28.5943185Z (Worker pid=1564) INFO 03-19 22:19:28 [base.py:106] Offloader set to NoopOffloader
2026-03-19T22:19:28.6081057Z (Worker pid=1564) WARNING 03-19 22:19:28 [__init__.py:204] min_p and logit_bias parameters won't work with speculative decoding.
2026-03-19T22:19:28.6095769Z (Worker pid=1564) (Worker_DP1_TP1_EP9 pid=1564) INFO 03-19 22:19:28 [model_runner_v1.py:2554] Starting to load model /root/.cache/modelscope/hub/models/vllm-ascend/DeepSeek-V3___2-W8A8...
2026-03-19T22:19:28.7014338Z (Worker pid=1682) INFO 03-19 22:19:28 [cpu_binding.py:320] [cpu_bind_mode] mode=global_slice rank=2 visible_npus=[8, 9, 10, 11, 12, 13, 14, 15]
2026-03-19T22:19:28.7015839Z (Worker pid=1682) INFO 03-19 22:19:28 [cpu_binding.py:367] The CPU allocation plan is as follows:
2026-03-19T22:19:28.7016669Z (Worker pid=1682) INFO 03-19 22:19:28 [cpu_binding.py:372] NPU10: main=[202 203 204 205 206 207 208 209 210 211 212 213 214 215 216 217]  acl=[218]  release=[[219]]
2026-03-19T22:19:28.7619325Z (Worker pid=1682) INFO 03-19 22:19:28 [cpu_binding.py:383] The 'migratepages' command is not available, skipping memory binding.
2026-03-19T22:19:28.7948213Z (Worker pid=1682) WARNING 03-19 22:19:28 [__init__.py:204] min_p and logit_bias parameters won't work with speculative decoding.
2026-03-19T22:19:28.8053394Z (Worker pid=1682) INFO 03-19 22:19:28 [base.py:106] Offloader set to NoopOffloader
2026-03-19T22:19:28.8171517Z (Worker pid=1682) WARNING 03-19 22:19:28 [__init__.py:204] min_p and logit_bias parameters won't work with speculative decoding.
2026-03-19T22:19:28.8182347Z (Worker pid=1682) (Worker_DP1_TP2_EP10 pid=1682) INFO 03-19 22:19:28 [model_runner_v1.py:2554] Starting to load model /root/.cache/modelscope/hub/models/vllm-ascend/DeepSeek-V3___2-W8A8...
2026-03-19T22:19:28.8778475Z (Worker pid=1562) INFO 03-19 22:19:28 [cpu_binding.py:320] [cpu_bind_mode] mode=global_slice rank=1 visible_npus=[0, 1, 2, 3, 4, 5, 6, 7]
2026-03-19T22:19:28.8779282Z (Worker pid=1562) INFO 03-19 22:19:28 [cpu_binding.py:367] The CPU allocation plan is as follows:
2026-03-19T22:19:28.8780008Z (Worker pid=1562) INFO 03-19 22:19:28 [cpu_binding.py:372] NPU1: main=[22 23 24 25 26 27 28 29 30 31 32 33 34 35 36 37]  acl=[38]  release=[[39]]
2026-03-19T22:19:28.9328232Z (Worker pid=1562) INFO 03-19 22:19:28 [cpu_binding.py:383] The 'migratepages' command is not available, skipping memory binding.
2026-03-19T22:19:28.9673471Z (Worker pid=1562) WARNING 03-19 22:19:28 [__init__.py:204] min_p and logit_bias parameters won't work with speculative decoding.
2026-03-19T22:19:28.9776998Z (Worker pid=1562) INFO 03-19 22:19:28 [base.py:106] Offloader set to NoopOffloader
2026-03-19T22:19:28.9889204Z (Worker pid=1562) WARNING 03-19 22:19:28 [__init__.py:204] min_p and logit_bias parameters won't work with speculative decoding.
2026-03-19T22:19:28.9900978Z (Worker pid=1562) (Worker_DP0_TP1_EP1 pid=1562) INFO 03-19 22:19:28 [model_runner_v1.py:2554] Starting to load model /root/.cache/modelscope/hub/models/vllm-ascend/DeepSeek-V3___2-W8A8...
2026-03-19T22:19:29.0437308Z (Worker pid=2210) INFO 03-19 22:19:29 [cpu_binding.py:320] [cpu_bind_mode] mode=global_slice rank=7 visible_npus=[8, 9, 10, 11, 12, 13, 14, 15]
2026-03-19T22:19:29.0438220Z (Worker pid=2210) INFO 03-19 22:19:29 [cpu_binding.py:367] The CPU allocation plan is as follows:
2026-03-19T22:19:29.0439949Z (Worker pid=2210) INFO 03-19 22:19:29 [cpu_binding.py:372] NPU15: main=[302 303 304 305 306 307 308 309 310 311 312 313 314 315 316 317]  acl=[318]  release=[[319]]
2026-03-19T22:19:29.1017298Z (Worker pid=2210) INFO 03-19 22:19:29 [cpu_binding.py:383] The 'migratepages' command is not available, skipping memory binding.
2026-03-19T22:19:29.1294627Z (Worker pid=2210) WARNING 03-19 22:19:29 [__init__.py:204] min_p and logit_bias parameters won't work with speculative decoding.
2026-03-19T22:19:29.1410939Z (Worker pid=2210) INFO 03-19 22:19:29 [base.py:106] Offloader set to NoopOffloader
2026-03-19T22:19:29.1526735Z (Worker pid=2210) WARNING 03-19 22:19:29 [__init__.py:204] min_p and logit_bias parameters won't work with speculative decoding.
2026-03-19T22:19:29.1540309Z (Worker pid=2210) (Worker_DP1_TP7_EP15 pid=2210) INFO 03-19 22:19:29 [model_runner_v1.py:2554] Starting to load model /root/.cache/modelscope/hub/models/vllm-ascend/DeepSeek-V3___2-W8A8...
2026-03-19T22:19:29.1849349Z (Worker pid=2107) INFO 03-19 22:19:29 [cpu_binding.py:320] [cpu_bind_mode] mode=global_slice rank=6 visible_npus=[0, 1, 2, 3, 4, 5, 6, 7]
2026-03-19T22:19:29.1850212Z (Worker pid=2107) INFO 03-19 22:19:29 [cpu_binding.py:367] The CPU allocation plan is as follows:
2026-03-19T22:19:29.1851030Z (Worker pid=2107) INFO 03-19 22:19:29 [cpu_binding.py:372] NPU6: main=[122 123 124 125 126 127 128 129 130 131 132 133 134 135 136 137]  acl=[138]  release=[[139]]
2026-03-19T22:19:29.2206948Z (Worker pid=1681) (Worker_DP0_TP2_EP2 pid=1681) INFO 03-19 22:19:29 [layer.py:456] [EP Rank 2/16] Expert parallelism is enabled. Expert placement strategy: linear. Local/global number of experts: 16/256. Experts local to global index map: 0->32, 1->33, 2->34, 3->35, 4->36, 5->37, 6->38, 7->39, 8->40, 9->41, 10->42, 11->43, 12->44, 13->45, 14->46, 15->47.
2026-03-19T22:19:29.2341935Z (Worker pid=1895) (Worker_DP0_TP4_EP4 pid=1895) INFO 03-19 22:19:29 [layer.py:456] [EP Rank 4/16] Expert parallelism is enabled. Expert placement strategy: linear. Local/global number of experts: 16/256. Experts local to global index map: 0->64, 1->65, 2->66, 3->67, 4->68, 5->69, 6->70, 7->71, 8->72, 9->73, 10->74, 11->75, 12->76, 13->77, 14->78, 15->79.
2026-03-19T22:19:29.2470487Z (Worker pid=2107) INFO 03-19 22:19:29 [cpu_binding.py:383] The 'migratepages' command is not available, skipping memory binding.
2026-03-19T22:19:29.2686049Z (Worker pid=1527) (Worker_DP1_TP0_EP8 pid=1527) INFO 03-19 22:19:29 [layer.py:456] [EP Rank 8/16] Expert parallelism is enabled. Expert placement strategy: linear. Local/global number of experts: 16/256. Experts local to global index map: 0->128, 1->129, 2->130, 3->131, 4->132, 5->133, 6->134, 7->135, 8->136, 9->137, 10->138, 11->139, 12->140, 13->141, 14->142, 15->143.
2026-03-19T22:19:29.2763268Z (Worker pid=2107) WARNING 03-19 22:19:29 [__init__.py:204] min_p and logit_bias parameters won't work with speculative decoding.
2026-03-19T22:19:29.2878065Z (Worker pid=2107) INFO 03-19 22:19:29 [base.py:106] Offloader set to NoopOffloader
2026-03-19T22:19:29.2962028Z (Worker pid=2107) WARNING 03-19 22:19:29 [__init__.py:204] min_p and logit_bias parameters won't work with speculative decoding.
2026-03-19T22:19:29.2973016Z (Worker pid=2107) (Worker_DP0_TP6_EP6 pid=2107) INFO 03-19 22:19:29 [model_runner_v1.py:2554] Starting to load model /root/.cache/modelscope/hub/models/vllm-ascend/DeepSeek-V3___2-W8A8...
2026-03-19T22:19:29.4234543Z (Worker pid=1528) INFO 03-19 22:19:29 [cpu_binding.py:320] [cpu_bind_mode] mode=global_slice rank=0 visible_npus=[0, 1, 2, 3, 4, 5, 6, 7]
2026-03-19T22:19:29.4235377Z (Worker pid=1528) INFO 03-19 22:19:29 [cpu_binding.py:367] The CPU allocation plan is as follows:
2026-03-19T22:19:29.4236136Z (Worker pid=1528) INFO 03-19 22:19:29 [cpu_binding.py:372] NPU0: main=[2 3 4 5 6 7 8 9 10 11 12 13 14 15 16 17]  acl=[18]  release=[[19]]
2026-03-19T22:19:29.4877515Z (Worker pid=1528) INFO 03-19 22:19:29 [cpu_binding.py:383] The 'migratepages' command is not available, skipping memory binding.
2026-03-19T22:19:29.5186359Z (Worker pid=1528) WARNING 03-19 22:19:29 [__init__.py:204] min_p and logit_bias parameters won't work with speculative decoding.
2026-03-19T22:19:29.5319902Z (Worker pid=1528) INFO 03-19 22:19:29 [base.py:106] Offloader set to NoopOffloader
2026-03-19T22:19:29.5459460Z (Worker pid=1528) WARNING 03-19 22:19:29 [__init__.py:204] min_p and logit_bias parameters won't work with speculative decoding.
2026-03-19T22:19:29.5473425Z (Worker pid=1528) (Worker_DP0_TP0_EP0 pid=1528) INFO 03-19 22:19:29 [model_runner_v1.py:2554] Starting to load model /root/.cache/modelscope/hub/models/vllm-ascend/DeepSeek-V3___2-W8A8...
2026-03-19T22:19:29.5866227Z (Worker pid=2213) INFO 03-19 22:19:29 [cpu_binding.py:320] [cpu_bind_mode] mode=global_slice rank=7 visible_npus=[0, 1, 2, 3, 4, 5, 6, 7]
2026-03-19T22:19:29.5867019Z (Worker pid=2213) INFO 03-19 22:19:29 [cpu_binding.py:367] The CPU allocation plan is as follows:
2026-03-19T22:19:29.5867803Z (Worker pid=2213) INFO 03-19 22:19:29 [cpu_binding.py:372] NPU7: main=[142 143 144 145 146 147 148 149 150 151 152 153 154 155 156 157]  acl=[158]  release=[[159]]
2026-03-19T22:19:29.6426954Z (Worker pid=2213) INFO 03-19 22:19:29 [cpu_binding.py:383] The 'migratepages' command is not available, skipping memory binding.
2026-03-19T22:19:29.6734591Z (Worker pid=2213) WARNING 03-19 22:19:29 [__init__.py:204] min_p and logit_bias parameters won't work with speculative decoding.
2026-03-19T22:19:29.6828067Z (Worker pid=2213) INFO 03-19 22:19:29 [base.py:106] Offloader set to NoopOffloader
2026-03-19T22:19:29.6924504Z (Worker pid=2213) WARNING 03-19 22:19:29 [__init__.py:204] min_p and logit_bias parameters won't work with speculative decoding.
2026-03-19T22:19:29.6936378Z (Worker pid=2213) (Worker_DP0_TP7_EP7 pid=2213) INFO 03-19 22:19:29 [model_runner_v1.py:2554] Starting to load model /root/.cache/modelscope/hub/models/vllm-ascend/DeepSeek-V3___2-W8A8...
2026-03-19T22:19:29.7066619Z (Worker pid=2001) INFO 03-19 22:19:29 [cpu_binding.py:320] [cpu_bind_mode] mode=global_slice rank=5 visible_npus=[0, 1, 2, 3, 4, 5, 6, 7]
2026-03-19T22:19:29.7068701Z (Worker pid=2001) INFO 03-19 22:19:29 [cpu_binding.py:367] The CPU allocation plan is as follows:
2026-03-19T22:19:29.7069567Z (Worker pid=2001) INFO 03-19 22:19:29 [cpu_binding.py:372] NPU5: main=[102 103 104 105 106 107 108 109 110 111 112 113 114 115 116 117]  acl=[118]  release=[[119]]
2026-03-19T22:19:29.7669232Z (Worker pid=2001) INFO 03-19 22:19:29 [cpu_binding.py:383] The 'migratepages' command is not available, skipping memory binding.
2026-03-19T22:19:29.7834060Z (Worker pid=1564) (Worker_DP1_TP1_EP9 pid=1564) INFO 03-19 22:19:29 [layer.py:456] [EP Rank 9/16] Expert parallelism is enabled. Expert placement strategy: linear. Local/global number of experts: 16/256. Experts local to global index map: 0->144, 1->145, 2->146, 3->147, 4->148, 5->149, 6->150, 7->151, 8->152, 9->153, 10->154, 11->155, 12->156, 13->157, 14->158, 15->159.
2026-03-19T22:19:29.8184810Z (Worker pid=2001) WARNING 03-19 22:19:29 [__init__.py:204] min_p and logit_bias parameters won't work with speculative decoding.
2026-03-19T22:19:29.8288548Z (Worker pid=2001) INFO 03-19 22:19:29 [base.py:106] Offloader set to NoopOffloader
2026-03-19T22:19:29.8394914Z (Worker pid=2001) WARNING 03-19 22:19:29 [__init__.py:204] min_p and logit_bias parameters won't work with speculative decoding.
2026-03-19T22:19:29.8407836Z (Worker pid=2001) (Worker_DP0_TP5_EP5 pid=2001) INFO 03-19 22:19:29 [model_runner_v1.py:2554] Starting to load model /root/.cache/modelscope/hub/models/vllm-ascend/DeepSeek-V3___2-W8A8...
2026-03-19T22:19:30.0042794Z (Worker pid=1682) (Worker_DP1_TP2_EP10 pid=1682) INFO 03-19 22:19:30 [layer.py:456] [EP Rank 10/16] Expert parallelism is enabled. Expert placement strategy: linear. Local/global number of experts: 16/256. Experts local to global index map: 0->160, 1->161, 2->162, 3->163, 4->164, 5->165, 6->166, 7->167, 8->168, 9->169, 10->170, 11->171, 12->172, 13->173, 14->174, 15->175.
2026-03-19T22:19:30.0055698Z (Worker pid=2210) (Worker_DP1_TP7_EP15 pid=2210) INFO 03-19 22:19:30 [layer.py:456] [EP Rank 15/16] Expert parallelism is enabled. Expert placement strategy: linear. Local/global number of experts: 16/256. Experts local to global index map: 0->240, 1->241, 2->242, 3->243, 4->244, 5->245, 6->246, 7->247, 8->248, 9->249, 10->250, 11->251, 12->252, 13->253, 14->254, 15->255.
2026-03-19T22:19:30.0062473Z (Worker pid=2107) (Worker_DP0_TP6_EP6 pid=2107) INFO 03-19 22:19:30 [layer.py:456] [EP Rank 6/16] Expert parallelism is enabled. Expert placement strategy: linear. Local/global number of experts: 16/256. Experts local to global index map: 0->96, 1->97, 2->98, 3->99, 4->100, 5->101, 6->102, 7->103, 8->104, 9->105, 10->106, 11->107, 12->108, 13->109, 14->110, 15->111.
2026-03-19T22:19:30.0486225Z (Worker pid=2104) INFO 03-19 22:19:30 [cpu_binding.py:320] [cpu_bind_mode] mode=global_slice rank=6 visible_npus=[8, 9, 10, 11, 12, 13, 14, 15]
2026-03-19T22:19:30.0487424Z (Worker pid=2104) INFO 03-19 22:19:30 [cpu_binding.py:367] The CPU allocation plan is as follows:
2026-03-19T22:19:30.0488346Z (Worker pid=2104) INFO 03-19 22:19:30 [cpu_binding.py:372] NPU14: main=[282 283 284 285 286 287 288 289 290 291 292 293 294 295 296 297]  acl=[298]  release=[[299]]
2026-03-19T22:19:30.1061415Z (Worker pid=1562) (Worker_DP0_TP1_EP1 pid=1562) INFO 03-19 22:19:30 [layer.py:456] [EP Rank 1/16] Expert parallelism is enabled. Expert placement strategy: linear. Local/global number of experts: 16/256. Experts local to global index map: 0->16, 1->17, 2->18, 3->19, 4->20, 5->21, 6->22, 7->23, 8->24, 9->25, 10->26, 11->27, 12->28, 13->29, 14->30, 15->31.
2026-03-19T22:19:30.1084911Z (Worker pid=2104) INFO 03-19 22:19:30 [cpu_binding.py:383] The 'migratepages' command is not available, skipping memory binding.
2026-03-19T22:19:30.1444359Z (Worker pid=2104) WARNING 03-19 22:19:30 [__init__.py:204] min_p and logit_bias parameters won't work with speculative decoding.
2026-03-19T22:19:30.1552550Z (Worker pid=2104) INFO 03-19 22:19:30 [base.py:106] Offloader set to NoopOffloader
2026-03-19T22:19:30.1557436Z (Worker pid=1788) INFO 03-19 22:19:30 [cpu_binding.py:320] [cpu_bind_mode] mode=global_slice rank=3 visible_npus=[0, 1, 2, 3, 4, 5, 6, 7]
2026-03-19T22:19:30.1558463Z (Worker pid=1788) INFO 03-19 22:19:30 [cpu_binding.py:367] The CPU allocation plan is as follows:
2026-03-19T22:19:30.1559286Z (Worker pid=1788) INFO 03-19 22:19:30 [cpu_binding.py:372] NPU3: main=[62 63 64 65 66 67 68 69 70 71 72 73 74 75 76 77]  acl=[78]  release=[[79]]
2026-03-19T22:19:30.1669956Z (Worker pid=2104) WARNING 03-19 22:19:30 [__init__.py:204] min_p and logit_bias parameters won't work with speculative decoding.
2026-03-19T22:19:30.1705871Z (Worker pid=2104) (Worker_DP1_TP6_EP14 pid=2104) INFO 03-19 22:19:30 [model_runner_v1.py:2554] Starting to load model /root/.cache/modelscope/hub/models/vllm-ascend/DeepSeek-V3___2-W8A8...
2026-03-19T22:19:30.2113692Z (Worker pid=1788) INFO 03-19 22:19:30 [cpu_binding.py:383] The 'migratepages' command is not available, skipping memory binding.
2026-03-19T22:19:30.2410599Z (Worker pid=1788) WARNING 03-19 22:19:30 [__init__.py:204] min_p and logit_bias parameters won't work with speculative decoding.
2026-03-19T22:19:30.2508576Z (Worker pid=1788) INFO 03-19 22:19:30 [base.py:106] Offloader set to NoopOffloader
2026-03-19T22:19:30.2605459Z (Worker pid=1998) INFO 03-19 22:19:30 [cpu_binding.py:320] [cpu_bind_mode] mode=global_slice rank=5 visible_npus=[8, 9, 10, 11, 12, 13, 14, 15]
2026-03-19T22:19:30.2606287Z (Worker pid=1998) INFO 03-19 22:19:30 [cpu_binding.py:367] The CPU allocation plan is as follows:
2026-03-19T22:19:30.2607148Z (Worker pid=1998) INFO 03-19 22:19:30 [cpu_binding.py:372] NPU13: main=[262 263 264 265 266 267 268 269 270 271 272 273 274 275 276 277]  acl=[278]  release=[[279]]
2026-03-19T22:19:30.2672036Z (Worker pid=1788) WARNING 03-19 22:19:30 [__init__.py:204] min_p and logit_bias parameters won't work with speculative decoding.
2026-03-19T22:19:30.2686835Z (Worker pid=1788) (Worker_DP0_TP3_EP3 pid=1788) INFO 03-19 22:19:30 [model_runner_v1.py:2554] Starting to load model /root/.cache/modelscope/hub/models/vllm-ascend/DeepSeek-V3___2-W8A8...
2026-03-19T22:19:30.3075568Z (Worker pid=1998) INFO 03-19 22:19:30 [cpu_binding.py:383] The 'migratepages' command is not available, skipping memory binding.
2026-03-19T22:19:30.3405045Z (Worker pid=1998) WARNING 03-19 22:19:30 [__init__.py:204] min_p and logit_bias parameters won't work with speculative decoding.
2026-03-19T22:19:30.3502426Z (Worker pid=1998) INFO 03-19 22:19:30 [base.py:106] Offloader set to NoopOffloader
2026-03-19T22:19:30.3603154Z (Worker pid=1998) WARNING 03-19 22:19:30 [__init__.py:204] min_p and logit_bias parameters won't work with speculative decoding.
2026-03-19T22:19:30.3644191Z (Worker pid=1998) (Worker_DP1_TP5_EP13 pid=1998) INFO 03-19 22:19:30 [model_runner_v1.py:2554] Starting to load model /root/.cache/modelscope/hub/models/vllm-ascend/DeepSeek-V3___2-W8A8...
2026-03-19T22:19:30.4067662Z (Worker pid=2213) (Worker_DP0_TP7_EP7 pid=2213) INFO 03-19 22:19:30 [layer.py:456] [EP Rank 7/16] Expert parallelism is enabled. Expert placement strategy: linear. Local/global number of experts: 16/256. Experts local to global index map: 0->112, 1->113, 2->114, 3->115, 4->116, 5->117, 6->118, 7->119, 8->120, 9->121, 10->122, 11->123, 12->124, 13->125, 14->126, 15->127.
2026-03-19T22:19:30.5578371Z (Worker pid=1787) INFO 03-19 22:19:30 [cpu_binding.py:320] [cpu_bind_mode] mode=global_slice rank=3 visible_npus=[8, 9, 10, 11, 12, 13, 14, 15]
2026-03-19T22:19:30.5579223Z (Worker pid=1787) INFO 03-19 22:19:30 [cpu_binding.py:367] The CPU allocation plan is as follows:
2026-03-19T22:19:30.5580534Z (Worker pid=1787) INFO 03-19 22:19:30 [cpu_binding.py:372] NPU11: main=[222 223 224 225 226 227 228 229 230 231 232 233 234 235 236 237]  acl=[238]  release=[[239]]
2026-03-19T22:19:30.6033261Z (Worker pid=1787) INFO 03-19 22:19:30 [cpu_binding.py:383] The 'migratepages' command is not available, skipping memory binding.
2026-03-19T22:19:30.6336861Z (Worker pid=1787) WARNING 03-19 22:19:30 [__init__.py:204] min_p and logit_bias parameters won't work with speculative decoding.
2026-03-19T22:19:30.6351274Z (Worker pid=1892) INFO 03-19 22:19:30 [cpu_binding.py:320] [cpu_bind_mode] mode=global_slice rank=4 visible_npus=[8, 9, 10, 11, 12, 13, 14, 15]
2026-03-19T22:19:30.6352066Z (Worker pid=1892) INFO 03-19 22:19:30 [cpu_binding.py:367] The CPU allocation plan is as follows:
2026-03-19T22:19:30.6352863Z (Worker pid=1892) INFO 03-19 22:19:30 [cpu_binding.py:372] NPU12: main=[242 243 244 245 246 247 248 249 250 251 252 253 254 255 256 257]  acl=[258]  release=[[259]]
2026-03-19T22:19:30.6438178Z (Worker pid=1787) INFO 03-19 22:19:30 [base.py:106] Offloader set to NoopOffloader
2026-03-19T22:19:30.6555445Z (Worker pid=1787) WARNING 03-19 22:19:30 [__init__.py:204] min_p and logit_bias parameters won't work with speculative decoding.
2026-03-19T22:19:30.6568293Z (Worker pid=1787) (Worker_DP1_TP3_EP11 pid=1787) INFO 03-19 22:19:30 [model_runner_v1.py:2554] Starting to load model /root/.cache/modelscope/hub/models/vllm-ascend/DeepSeek-V3___2-W8A8...
2026-03-19T22:19:30.6784798Z (Worker pid=1892) INFO 03-19 22:19:30 [cpu_binding.py:383] The 'migratepages' command is not available, skipping memory binding.
2026-03-19T22:19:30.6914625Z (Worker pid=2001) (Worker_DP0_TP5_EP5 pid=2001) INFO 03-19 22:19:30 [layer.py:456] [EP Rank 5/16] Expert parallelism is enabled. Expert placement strategy: linear. Local/global number of experts: 16/256. Experts local to global index map: 0->80, 1->81, 2->82, 3->83, 4->84, 5->85, 6->86, 7->87, 8->88, 9->89, 10->90, 11->91, 12->92, 13->93, 14->94, 15->95.
2026-03-19T22:19:30.7368859Z (Worker pid=1892) WARNING 03-19 22:19:30 [__init__.py:204] min_p and logit_bias parameters won't work with speculative decoding.
2026-03-19T22:19:30.7536948Z (Worker pid=1892) INFO 03-19 22:19:30 [base.py:106] Offloader set to NoopOffloader
2026-03-19T22:19:30.7768613Z (Worker pid=1892) WARNING 03-19 22:19:30 [__init__.py:204] min_p and logit_bias parameters won't work with speculative decoding.
2026-03-19T22:19:30.7788650Z (Worker pid=1892) (Worker_DP1_TP4_EP12 pid=1892) INFO 03-19 22:19:30 [model_runner_v1.py:2554] Starting to load model /root/.cache/modelscope/hub/models/vllm-ascend/DeepSeek-V3___2-W8A8...
2026-03-19T22:19:31.0322832Z (Worker pid=1528) (Worker_DP0_TP0_EP0 pid=1528) INFO 03-19 22:19:31 [layer.py:456] [EP Rank 0/16] Expert parallelism is enabled. Expert placement strategy: linear. Local/global number of experts: 16/256. Experts local to global index map: 0->0, 1->1, 2->2, 3->3, 4->4, 5->5, 6->6, 7->7, 8->8, 9->9, 10->10, 11->11, 12->12, 13->13, 14->14, 15->15.
2026-03-19T22:19:31.3899317Z (Worker pid=1788) (Worker_DP0_TP3_EP3 pid=1788) INFO 03-19 22:19:31 [layer.py:456] [EP Rank 3/16] Expert parallelism is enabled. Expert placement strategy: linear. Local/global number of experts: 16/256. Experts local to global index map: 0->48, 1->49, 2->50, 3->51, 4->52, 5->53, 6->54, 7->55, 8->56, 9->57, 10->58, 11->59, 12->60, 13->61, 14->62, 15->63.
2026-03-19T22:19:31.4563881Z (Worker pid=2104) (Worker_DP1_TP6_EP14 pid=2104) INFO 03-19 22:19:31 [layer.py:456] [EP Rank 14/16] Expert parallelism is enabled. Expert placement strategy: linear. Local/global number of experts: 16/256. Experts local to global index map: 0->224, 1->225, 2->226, 3->227, 4->228, 5->229, 6->230, 7->231, 8->232, 9->233, 10->234, 11->235, 12->236, 13->237, 14->238, 15->239.
2026-03-19T22:19:31.5439301Z (Worker pid=1998) (Worker_DP1_TP5_EP13 pid=1998) INFO 03-19 22:19:31 [layer.py:456] [EP Rank 13/16] Expert parallelism is enabled. Expert placement strategy: linear. Local/global number of experts: 16/256. Experts local to global index map: 0->208, 1->209, 2->210, 3->211, 4->212, 5->213, 6->214, 7->215, 8->216, 9->217, 10->218, 11->219, 12->220, 13->221, 14->222, 15->223.
2026-03-19T22:19:31.8077397Z (Worker pid=1787) (Worker_DP1_TP3_EP11 pid=1787) INFO 03-19 22:19:31 [layer.py:456] [EP Rank 11/16] Expert parallelism is enabled. Expert placement strategy: linear. Local/global number of experts: 16/256. Experts local to global index map: 0->176, 1->177, 2->178, 3->179, 4->180, 5->181, 6->182, 7->183, 8->184, 9->185, 10->186, 11->187, 12->188, 13->189, 14->190, 15->191.
2026-03-19T22:19:32.1752250Z (Worker pid=1892) (Worker_DP1_TP4_EP12 pid=1892) INFO 03-19 22:19:32 [layer.py:456] [EP Rank 12/16] Expert parallelism is enabled. Expert placement strategy: linear. Local/global number of experts: 16/256. Experts local to global index map: 0->192, 1->193, 2->194, 3->195, 4->196, 5->197, 6->198, 7->199, 8->200, 9->201, 10->202, 11->203, 12->204, 13->205, 14->206, 15->207.
2026-03-19T22:19:32.6273738Z (Worker pid=1788) (Worker_DP0_TP3_EP3 pid=1788) INFO 03-19 22:19:32 [fused_moe.py:321] [EP Rank 3/16] Expert parallelism is enabled. Local/global number of experts: 16/256. Experts local to global index map: 0->48, 1->49, 2->50, 3->51, 4->52, 5->53, 6->54, 7->55, 8->56, 9->57, 10->58, 11->59, 12->60, 13->61, 14->62, 15->63.
2026-03-19T22:19:32.6799258Z (Worker pid=1528) (Worker_DP0_TP0_EP0 pid=1528) INFO 03-19 22:19:32 [fused_moe.py:321] [EP Rank 0/16] Expert parallelism is enabled. Local/global number of experts: 16/256. Experts local to global index map: 0->0, 1->1, 2->2, 3->3, 4->4, 5->5, 6->6, 7->7, 8->8, 9->9, 10->10, 11->11, 12->12, 13->13, 14->14, 15->15.
2026-03-19T22:19:32.6801590Z (Worker pid=1787) (Worker_DP1_TP3_EP11 pid=1787) INFO 03-19 22:19:32 [fused_moe.py:321] [EP Rank 11/16] Expert parallelism is enabled. Local/global number of experts: 16/256. Experts local to global index map: 0->176, 1->177, 2->178, 3->179, 4->180, 5->181, 6->182, 7->183, 8->184, 9->185, 10->186, 11->187, 12->188, 13->189, 14->190, 15->191.
2026-03-19T22:19:32.7758875Z (Worker pid=1681) (Worker_DP0_TP2_EP2 pid=1681) INFO 03-19 22:19:32 [fused_moe.py:321] [EP Rank 2/16] Expert parallelism is enabled. Local/global number of experts: 16/256. Experts local to global index map: 0->32, 1->33, 2->34, 3->35, 4->36, 5->37, 6->38, 7->39, 8->40, 9->41, 10->42, 11->43, 12->44, 13->45, 14->46, 15->47.
2026-03-19T22:19:32.7790104Z (Worker pid=2104) (Worker_DP1_TP6_EP14 pid=2104) INFO 03-19 22:19:32 [fused_moe.py:321] [EP Rank 14/16] Expert parallelism is enabled. Local/global number of experts: 16/256. Experts local to global index map: 0->224, 1->225, 2->226, 3->227, 4->228, 5->229, 6->230, 7->231, 8->232, 9->233, 10->234, 11->235, 12->236, 13->237, 14->238, 15->239.
2026-03-19T22:19:32.7804563Z (Worker pid=2210) (Worker_DP1_TP7_EP15 pid=2210) INFO 03-19 22:19:32 [fused_moe.py:321] [EP Rank 15/16] Expert parallelism is enabled. Local/global number of experts: 16/256. Experts local to global index map: 0->240, 1->241, 2->242, 3->243, 4->244, 5->245, 6->246, 7->247, 8->248, 9->249, 10->250, 11->251, 12->252, 13->253, 14->254, 15->255.
2026-03-19T22:19:32.7929870Z (Worker pid=1682) (Worker_DP1_TP2_EP10 pid=1682) INFO 03-19 22:19:32 [fused_moe.py:321] [EP Rank 10/16] Expert parallelism is enabled. Local/global number of experts: 16/256. Experts local to global index map: 0->160, 1->161, 2->162, 3->163, 4->164, 5->165, 6->166, 7->167, 8->168, 9->169, 10->170, 11->171, 12->172, 13->173, 14->174, 15->175.
2026-03-19T22:19:32.8103376Z (Worker pid=1562) (Worker_DP0_TP1_EP1 pid=1562) INFO 03-19 22:19:32 [fused_moe.py:321] [EP Rank 1/16] Expert parallelism is enabled. Local/global number of experts: 16/256. Experts local to global index map: 0->16, 1->17, 2->18, 3->19, 4->20, 5->21, 6->22, 7->23, 8->24, 9->25, 10->26, 11->27, 12->28, 13->29, 14->30, 15->31.
2026-03-19T22:19:32.8403039Z (Worker pid=1564) (Worker_DP1_TP1_EP9 pid=1564) INFO 03-19 22:19:32 [fused_moe.py:321] [EP Rank 9/16] Expert parallelism is enabled. Local/global number of experts: 16/256. Experts local to global index map: 0->144, 1->145, 2->146, 3->147, 4->148, 5->149, 6->150, 7->151, 8->152, 9->153, 10->154, 11->155, 12->156, 13->157, 14->158, 15->159.
2026-03-19T22:19:32.8418695Z (Worker pid=1527) (Worker_DP1_TP0_EP8 pid=1527) INFO 03-19 22:19:32 [fused_moe.py:321] [EP Rank 8/16] Expert parallelism is enabled. Local/global number of experts: 16/256. Experts local to global index map: 0->128, 1->129, 2->130, 3->131, 4->132, 5->133, 6->134, 7->135, 8->136, 9->137, 10->138, 11->139, 12->140, 13->141, 14->142, 15->143.
2026-03-19T22:19:32.8777824Z (Worker pid=2213) (Worker_DP0_TP7_EP7 pid=2213) INFO 03-19 22:19:32 [fused_moe.py:321] [EP Rank 7/16] Expert parallelism is enabled. Local/global number of experts: 16/256. Experts local to global index map: 0->112, 1->113, 2->114, 3->115, 4->116, 5->117, 6->118, 7->119, 8->120, 9->121, 10->122, 11->123, 12->124, 13->125, 14->126, 15->127.
2026-03-19T22:19:32.8795915Z (Worker pid=1892) (Worker_DP1_TP4_EP12 pid=1892) INFO 03-19 22:19:32 [fused_moe.py:321] [EP Rank 12/16] Expert parallelism is enabled. Local/global number of experts: 16/256. Experts local to global index map: 0->192, 1->193, 2->194, 3->195, 4->196, 5->197, 6->198, 7->199, 8->200, 9->201, 10->202, 11->203, 12->204, 13->205, 14->206, 15->207.
2026-03-19T22:19:32.8810473Z (Worker pid=1998) (Worker_DP1_TP5_EP13 pid=1998) INFO 03-19 22:19:32 [fused_moe.py:321] [EP Rank 13/16] Expert parallelism is enabled. Local/global number of experts: 16/256. Experts local to global index map: 0->208, 1->209, 2->210, 3->211, 4->212, 5->213, 6->214, 7->215, 8->216, 9->217, 10->218, 11->219, 12->220, 13->221, 14->222, 15->223.
2026-03-19T22:19:32.8828267Z (Worker pid=1895) (Worker_DP0_TP4_EP4 pid=1895) INFO 03-19 22:19:32 [fused_moe.py:321] [EP Rank 4/16] Expert parallelism is enabled. Local/global number of experts: 16/256. Experts local to global index map: 0->64, 1->65, 2->66, 3->67, 4->68, 5->69, 6->70, 7->71, 8->72, 9->73, 10->74, 11->75, 12->76, 13->77, 14->78, 15->79.
2026-03-19T22:19:32.8832815Z (Worker pid=2001) (Worker_DP0_TP5_EP5 pid=2001) INFO 03-19 22:19:32 [fused_moe.py:321] [EP Rank 5/16] Expert parallelism is enabled. Local/global number of experts: 16/256. Experts local to global index map: 0->80, 1->81, 2->82, 3->83, 4->84, 5->85, 6->86, 7->87, 8->88, 9->89, 10->90, 11->91, 12->92, 13->93, 14->94, 15->95.
2026-03-19T22:19:32.9466557Z (Worker pid=2107) (Worker_DP0_TP6_EP6 pid=2107) INFO 03-19 22:19:32 [fused_moe.py:321] [EP Rank 6/16] Expert parallelism is enabled. Local/global number of experts: 16/256. Experts local to global index map: 0->96, 1->97, 2->98, 3->99, 4->100, 5->101, 6->102, 7->103, 8->104, 9->105, 10->106, 11->107, 12->108, 13->109, 14->110, 15->111.
2026-03-19T22:19:33.0940242Z (Worker pid=1562) (Worker_DP0_TP1_EP1 pid=1562) INFO 03-19 22:19:33 [fused_moe.py:576] Sequence parallelism is enabled, shared experts are replicated for best performance.
2026-03-19T22:19:33.1140782Z (Worker pid=2104) (Worker_DP1_TP6_EP14 pid=2104) INFO 03-19 22:19:33 [fused_moe.py:576] Sequence parallelism is enabled, shared experts are replicated for best performance.
2026-03-19T22:19:33.1146723Z (Worker pid=2210) (Worker_DP1_TP7_EP15 pid=2210) INFO 03-19 22:19:33 [fused_moe.py:576] Sequence parallelism is enabled, shared experts are replicated for best performance.
2026-03-19T22:19:33.1740033Z (Worker pid=2213) (Worker_DP0_TP7_EP7 pid=2213) INFO 03-19 22:19:33 [fused_moe.py:576] Sequence parallelism is enabled, shared experts are replicated for best performance.
2026-03-19T22:19:33.1941194Z (Worker pid=1564) (Worker_DP1_TP1_EP9 pid=1564) INFO 03-19 22:19:33 [fused_moe.py:576] Sequence parallelism is enabled, shared experts are replicated for best performance.
2026-03-19T22:19:33.1942365Z (Worker pid=1527) (Worker_DP1_TP0_EP8 pid=1527) INFO 03-19 22:19:33 [fused_moe.py:576] Sequence parallelism is enabled, shared experts are replicated for best performance.
2026-03-19T22:19:33.2157573Z (Worker pid=1892) (Worker_DP1_TP4_EP12 pid=1892) INFO 03-19 22:19:33 [fused_moe.py:576] Sequence parallelism is enabled, shared experts are replicated for best performance.
2026-03-19T22:19:33.2159448Z (Worker pid=1998) (Worker_DP1_TP5_EP13 pid=1998) INFO 03-19 22:19:33 [fused_moe.py:576] Sequence parallelism is enabled, shared experts are replicated for best performance.
2026-03-19T22:19:33.2160653Z (Worker pid=2001) (Worker_DP0_TP5_EP5 pid=2001) INFO 03-19 22:19:33 [fused_moe.py:576] Sequence parallelism is enabled, shared experts are replicated for best performance.
