2026-03-21T18:04:19.6784683Z [Gloo] Rank 0 is connected to 0 peer ranks. Expected number of connected peer ranks is : 0
2026-03-21T18:04:19.6785304Z [Gloo] Rank 0 is connected to 0 peer ranks. Expected number of connected peer ranks is : 0
2026-03-21T18:04:19.6785912Z [Gloo] Rank 0 is connected to 0 peer ranks. Expected number of connected peer ranks is : 0
2026-03-21T18:04:19.6786731Z [Gloo] Rank 0 is connected to 0 peer ranks. Expected number of connected peer ranks is : 0
2026-03-21T18:04:19.6787363Z [Gloo] Rank 0 is connected to 0 peer ranks. Expected number of connected peer ranks is : 0
2026-03-21T18:04:19.6806238Z [Gloo] Rank 0 is connected to 0 peer ranks. Expected number of connected peer ranks is : 0
2026-03-21T18:04:19.6806867Z [Gloo] Rank 0 is connected to 0 peer ranks. Expected number of connected peer ranks is : 0
2026-03-21T18:04:19.6807474Z [Gloo] Rank 0 is connected to 0 peer ranks. Expected number of connected peer ranks is : 0
2026-03-21T18:04:19.6808099Z [Gloo] Rank 0 is connected to 0 peer ranks. Expected number of connected peer ranks is : 0
2026-03-21T18:04:19.6808705Z [Gloo] Rank 0 is connected to 0 peer ranks. Expected number of connected peer ranks is : 0
2026-03-21T18:04:19.6809324Z [Gloo] Rank 0 is connected to 0 peer ranks. Expected number of connected peer ranks is : 0
2026-03-21T18:04:19.6809941Z [Gloo] Rank 0 is connected to 0 peer ranks. Expected number of connected peer ranks is : 0
2026-03-21T18:04:19.7301450Z [Gloo] Rank 0 is connected to 0 peer ranks. Expected number of connected peer ranks is : 0
2026-03-21T18:04:19.7302084Z [Gloo] Rank 0 is connected to 0 peer ranks. Expected number of connected peer ranks is : 0
2026-03-21T18:04:19.7302707Z [Gloo] Rank 0 is connected to 0 peer ranks. Expected number of connected peer ranks is : 0
2026-03-21T18:04:19.7303328Z [Gloo] Rank 0 is connected to 0 peer ranks. Expected number of connected peer ranks is : 0
2026-03-21T18:04:19.7303945Z [Gloo] Rank 0 is connected to 0 peer ranks. Expected number of connected peer ranks is : 0
2026-03-21T18:04:19.7304555Z [Gloo] Rank 0 is connected to 0 peer ranks. Expected number of connected peer ranks is : 0
2026-03-21T18:04:19.7305173Z [Gloo] Rank 0 is connected to 0 peer ranks. Expected number of connected peer ranks is : 0
2026-03-21T18:04:19.7305782Z [Gloo] Rank 0 is connected to 0 peer ranks. Expected number of connected peer ranks is : 0
2026-03-21T18:04:19.7325030Z [Gloo] Rank 0 is connected to 0 peer ranks. Expected number of connected peer ranks is : 0
2026-03-21T18:04:19.7325681Z [Gloo] Rank 0 is connected to 0 peer ranks. Expected number of connected peer ranks is : 0
2026-03-21T18:04:19.7326307Z [Gloo] Rank 0 is connected to 0 peer ranks. Expected number of connected peer ranks is : 0
2026-03-21T18:04:19.7327170Z [Gloo] Rank 0 is connected to 0 peer ranks. Expected number of connected peer ranks is : 0
2026-03-21T18:04:19.7327799Z [Gloo] Rank 0 is connected to 0 peer ranks. Expected number of connected peer ranks is : 0
2026-03-21T18:04:19.7328404Z [Gloo] Rank 0 is connected to 0 peer ranks. Expected number of connected peer ranks is : 0
2026-03-21T18:04:19.7329021Z [Gloo] Rank 0 is connected to 0 peer ranks. Expected number of connected peer ranks is : 0
2026-03-21T18:04:19.7331633Z [Gloo] Rank 0 is connected to 0 peer ranks. Expected number of connected peer ranks is : 0
2026-03-21T18:04:19.7345937Z [Gloo] Rank 0 is connected to 0 peer ranks. Expected number of connected peer ranks is : 0
2026-03-21T18:04:19.7346580Z [Gloo] Rank 0 is connected to 0 peer ranks. Expected number of connected peer ranks is : 0
2026-03-21T18:04:19.7347192Z [Gloo] Rank 0 is connected to 0 peer ranks. Expected number of connected peer ranks is : 0
2026-03-21T18:04:19.7347816Z [Gloo] Rank 0 is connected to 0 peer ranks. Expected number of connected peer ranks is : 0
2026-03-21T18:04:19.7348451Z [Gloo] Rank 0 is connected to 0 peer ranks. Expected number of connected peer ranks is : 0
2026-03-21T18:04:19.7349066Z [Gloo] Rank 0 is connected to 0 peer ranks. Expected number of connected peer ranks is : 0
2026-03-21T18:04:19.7349686Z [Gloo] Rank 0 is connected to 0 peer ranks. Expected number of connected peer ranks is : 0
2026-03-21T18:04:19.7350298Z [Gloo] Rank 0 is connected to 0 peer ranks. Expected number of connected peer ranks is : 0
2026-03-21T18:04:19.7375902Z [Gloo] Rank 0 is connected to 1 peer ranks. Expected number of connected peer ranks is : 1
2026-03-21T18:04:19.7376524Z [Gloo] Rank 1 is connected to 1 peer ranks. Expected number of connected peer ranks is : 1
2026-03-21T18:04:19.7377344Z [Gloo] Rank 1 is connected to 1 peer ranks. Expected number of connected peer ranks is : 1
2026-03-21T18:04:19.7377982Z [Gloo] Rank 0 is connected to 1 peer ranks. Expected number of connected peer ranks is : 1
2026-03-21T18:04:19.7378630Z [Gloo] Rank 1 is connected to 1 peer ranks. Expected number of connected peer ranks is : 1
2026-03-21T18:04:19.7379244Z [Gloo] Rank 1 is connected to 1 peer ranks. Expected number of connected peer ranks is : 1
2026-03-21T18:04:19.7379864Z [Gloo] Rank 1 is connected to 1 peer ranks. Expected number of connected peer ranks is : 1
2026-03-21T18:04:19.7380470Z [Gloo] Rank 0 is connected to 1 peer ranks. Expected number of connected peer ranks is : 1
2026-03-21T18:04:19.7381089Z [Gloo] Rank 0 is connected to 1 peer ranks. Expected number of connected peer ranks is : 1
2026-03-21T18:04:19.7381710Z [Gloo] Rank 1 is connected to 1 peer ranks. Expected number of connected peer ranks is : 1
2026-03-21T18:04:19.7382327Z [Gloo] Rank 0 is connected to 1 peer ranks. Expected number of connected peer ranks is : 1
2026-03-21T18:04:19.7382940Z [Gloo] Rank 0 is connected to 1 peer ranks. Expected number of connected peer ranks is : 1
2026-03-21T18:04:19.7383549Z [Gloo] Rank 0 is connected to 1 peer ranks. Expected number of connected peer ranks is : 1
2026-03-21T18:04:19.7384175Z [Gloo] Rank 1 is connected to 1 peer ranks. Expected number of connected peer ranks is : 1
2026-03-21T18:04:19.7384782Z [Gloo] Rank 1 is connected to 1 peer ranks. Expected number of connected peer ranks is : 1
2026-03-21T18:04:19.7385411Z [Gloo] Rank 0 is connected to 1 peer ranks. Expected number of connected peer ranks is : 1
2026-03-21T18:04:19.7464470Z [Gloo] Rank 0 is connected to 15 peer ranks. Expected number of connected peer ranks is : 15
2026-03-21T18:04:19.7469102Z (Worker pid=1526) INFO 03-21 18:04:19 [parallel_state.py:1715] rank 0 in world size 16 is assigned as DP rank 0, PP rank 0, PCP rank 0, TP rank 0, EP rank 0, EPLB rank N/A
2026-03-21T18:04:19.8084803Z [Gloo] Rank 1 is connected to 15 peer ranks. Expected number of connected peer ranks is : 15
2026-03-21T18:04:19.8088918Z [Gloo] Rank 8 is connected to 15 peer ranks. Expected number of connected peer ranks is : 15
2026-03-21T18:04:19.8095665Z (Worker pid=1561) INFO 03-21 18:04:19 [parallel_state.py:1715] rank 1 in world size 16 is assigned as DP rank 0, PP rank 0, PCP rank 0, TP rank 1, EP rank 1, EPLB rank N/A
2026-03-21T18:04:19.8097042Z (Worker pid=1527) INFO 03-21 18:04:19 [parallel_state.py:1715] rank 8 in world size 16 is assigned as DP rank 1, PP rank 0, PCP rank 0, TP rank 0, EP rank 8, EPLB rank N/A
2026-03-21T18:04:19.8123588Z [Gloo] Rank 4 is connected to 15 peer ranks. Expected number of connected peer ranks is : 15
2026-03-21T18:04:19.8124231Z [Gloo] Rank 2 is connected to 15 peer ranks. Expected number of connected peer ranks is : 15
2026-03-21T18:04:19.8124865Z [Gloo] Rank 3 is connected to 15 peer ranks. Expected number of connected peer ranks is : 15
2026-03-21T18:04:19.8125508Z [Gloo] Rank 5 is connected to 15 peer ranks. Expected number of connected peer ranks is : 15
2026-03-21T18:04:19.8126387Z (Worker pid=1785) INFO 03-21 18:04:19 [parallel_state.py:1715] rank 3 in world size 16 is assigned as DP rank 0, PP rank 0, PCP rank 0, TP rank 3, EP rank 3, EPLB rank N/A
2026-03-21T18:04:19.8127519Z (Worker pid=1997) INFO 03-21 18:04:19 [parallel_state.py:1715] rank 5 in world size 16 is assigned as DP rank 0, PP rank 0, PCP rank 0, TP rank 5, EP rank 5, EPLB rank N/A
2026-03-21T18:04:19.8128636Z (Worker pid=1891) INFO 03-21 18:04:19 [parallel_state.py:1715] rank 4 in world size 16 is assigned as DP rank 0, PP rank 0, PCP rank 0, TP rank 4, EP rank 4, EPLB rank N/A
2026-03-21T18:04:19.8129762Z (Worker pid=1679) INFO 03-21 18:04:19 [parallel_state.py:1715] rank 2 in world size 16 is assigned as DP rank 0, PP rank 0, PCP rank 0, TP rank 2, EP rank 2, EPLB rank N/A
2026-03-21T18:04:19.8559888Z [Gloo] Rank 11 is connected to 15 peer ranks. Expected number of connected peer ranks is : 15
2026-03-21T18:04:19.8563270Z (Worker pid=1789) INFO 03-21 18:04:19 [parallel_state.py:1715] rank 11 in world size 16 is assigned as DP rank 1, PP rank 0, PCP rank 0, TP rank 3, EP rank 11, EPLB rank N/A
2026-03-21T18:04:19.8640098Z [Gloo] Rank 9 is connected to 15 peer ranks. Expected number of connected peer ranks is : 15
2026-03-21T18:04:19.8640749Z [Gloo] Rank 12 is connected to 15 peer ranks. Expected number of connected peer ranks is : 15
2026-03-21T18:04:19.8647453Z (Worker pid=1565) INFO 03-21 18:04:19 [parallel_state.py:1715] rank 9 in world size 16 is assigned as DP rank 1, PP rank 0, PCP rank 0, TP rank 1, EP rank 9, EPLB rank N/A
2026-03-21T18:04:19.8648568Z (Worker pid=1895) INFO 03-21 18:04:19 [parallel_state.py:1715] rank 12 in world size 16 is assigned as DP rank 1, PP rank 0, PCP rank 0, TP rank 4, EP rank 12, EPLB rank N/A
2026-03-21T18:04:19.8878596Z [Gloo] Rank 15 is connected to 15 peer ranks. Expected number of connected peer ranks is : 15
2026-03-21T18:04:19.8883197Z (Worker pid=2213) INFO 03-21 18:04:19 [parallel_state.py:1715] rank 15 in world size 16 is assigned as DP rank 1, PP rank 0, PCP rank 0, TP rank 7, EP rank 15, EPLB rank N/A
2026-03-21T18:04:19.9241301Z [Gloo] Rank 6 is connected to 15 peer ranks. Expected number of connected peer ranks is : 15
2026-03-21T18:04:19.9242720Z [Gloo] Rank 13 is connected to 15 peer ranks. Expected number of connected peer ranks is : 15
2026-03-21T18:04:19.9244226Z (Worker pid=2103) INFO 03-21 18:04:19 [parallel_state.py:1715] rank 6 in world size 16 is assigned as DP rank 0, PP rank 0, PCP rank 0, TP rank 6, EP rank 6, EPLB rank N/A
2026-03-21T18:04:19.9246904Z (Worker pid=2001) INFO 03-21 18:04:19 [parallel_state.py:1715] rank 13 in world size 16 is assigned as DP rank 1, PP rank 0, PCP rank 0, TP rank 5, EP rank 13, EPLB rank N/A
2026-03-21T18:04:19.9277680Z [Gloo] Rank 7 is connected to 15 peer ranks. Expected number of connected peer ranks is : 15
2026-03-21T18:04:19.9278358Z [Gloo] Rank 10 is connected to 15 peer ranks. Expected number of connected peer ranks is : 15
2026-03-21T18:04:19.9279059Z [Gloo] Rank 14 is connected to 15 peer ranks. Expected number of connected peer ranks is : 15
2026-03-21T18:04:19.9281708Z (Worker pid=2209) INFO 03-21 18:04:19 [parallel_state.py:1715] rank 7 in world size 16 is assigned as DP rank 0, PP rank 0, PCP rank 0, TP rank 7, EP rank 7, EPLB rank N/A
2026-03-21T18:04:19.9283265Z (Worker pid=1683) INFO 03-21 18:04:19 [parallel_state.py:1715] rank 10 in world size 16 is assigned as DP rank 1, PP rank 0, PCP rank 0, TP rank 2, EP rank 10, EPLB rank N/A
2026-03-21T18:04:19.9284402Z (Worker pid=2107) INFO 03-21 18:04:19 [parallel_state.py:1715] rank 14 in world size 16 is assigned as DP rank 1, PP rank 0, PCP rank 0, TP rank 6, EP rank 14, EPLB rank N/A
2026-03-21T18:04:19.9329279Z [Gloo] Rank 2 is connected to 15 peer ranks. Expected number of connected peer ranks is : 15
2026-03-21T18:04:19.9329921Z [Gloo] Rank 0 is connected to 15 peer ranks. Expected number of connected peer ranks is : 15
2026-03-21T18:04:19.9330552Z [Gloo] Rank 1 is connected to 15 peer ranks. Expected number of connected peer ranks is : 15
2026-03-21T18:04:19.9331503Z [Gloo] Rank 15 is connected to 15 peer ranks. Expected number of connected peer ranks is : 15
2026-03-21T18:04:19.9332136Z [Gloo] Rank 3 is connected to 15 peer ranks. Expected number of connected peer ranks is : 15
2026-03-21T18:04:19.9333234Z [Gloo] Rank 4 is connected to 15 peer ranks. Expected number of connected peer ranks is : 15
2026-03-21T18:04:19.9333870Z [Gloo] Rank 5 is connected to 15 peer ranks. Expected number of connected peer ranks is : 15
2026-03-21T18:04:19.9334498Z [Gloo] Rank 6 is connected to 15 peer ranks. Expected number of connected peer ranks is : 15
2026-03-21T18:04:19.9335135Z [Gloo] Rank 7 is connected to 15 peer ranks. Expected number of connected peer ranks is : 15
2026-03-21T18:04:19.9335763Z [Gloo] Rank 8 is connected to 15 peer ranks. Expected number of connected peer ranks is : 15
2026-03-21T18:04:19.9336576Z [Gloo] Rank 9 is connected to 15 peer ranks. Expected number of connected peer ranks is : 15
2026-03-21T18:04:19.9337233Z [Gloo] Rank 10 is connected to 15 peer ranks. Expected number of connected peer ranks is : 15
2026-03-21T18:04:19.9337865Z [Gloo] Rank 12 is connected to 15 peer ranks. Expected number of connected peer ranks is : 15
2026-03-21T18:04:19.9338507Z [Gloo] Rank 13 is connected to 15 peer ranks. Expected number of connected peer ranks is : 15
2026-03-21T18:04:19.9339139Z [Gloo] Rank 11 is connected to 15 peer ranks. Expected number of connected peer ranks is : 15
2026-03-21T18:04:19.9339782Z [Gloo] Rank 14 is connected to 15 peer ranks. Expected number of connected peer ranks is : 15
2026-03-21T18:04:19.9415335Z [Gloo] Rank 0 is connected to 1 peer ranks. Expected number of connected peer ranks is : 1
2026-03-21T18:04:19.9415943Z [Gloo] Rank 0 is connected to 1 peer ranks. Expected number of connected peer ranks is : 1
2026-03-21T18:04:19.9416564Z [Gloo] Rank 1 is connected to 1 peer ranks. Expected number of connected peer ranks is : 1
2026-03-21T18:04:19.9417209Z [Gloo] Rank 1 is connected to 1 peer ranks. Expected number of connected peer ranks is : 1
2026-03-21T18:04:19.9417820Z [Gloo] Rank 1 is connected to 1 peer ranks. Expected number of connected peer ranks is : 1
2026-03-21T18:04:19.9418438Z [Gloo] Rank 0 is connected to 1 peer ranks. Expected number of connected peer ranks is : 1
2026-03-21T18:04:19.9419050Z [Gloo] Rank 1 is connected to 1 peer ranks. Expected number of connected peer ranks is : 1
2026-03-21T18:04:19.9419725Z [Gloo] Rank 1 is connected to 1 peer ranks. Expected number of connected peer ranks is : 1
2026-03-21T18:04:19.9420332Z [Gloo] Rank 0 is connected to 1 peer ranks. Expected number of connected peer ranks is : 1
2026-03-21T18:04:19.9420945Z [Gloo] Rank 0 is connected to 1 peer ranks. Expected number of connected peer ranks is : 1
2026-03-21T18:04:19.9421563Z [Gloo] Rank 0 is connected to 1 peer ranks. Expected number of connected peer ranks is : 1
2026-03-21T18:04:19.9422178Z [Gloo] Rank 1 is connected to 1 peer ranks. Expected number of connected peer ranks is : 1
2026-03-21T18:04:19.9422795Z [Gloo] Rank 0 is connected to 1 peer ranks. Expected number of connected peer ranks is : 1
2026-03-21T18:04:19.9423401Z [Gloo] Rank 1 is connected to 1 peer ranks. Expected number of connected peer ranks is : 1
2026-03-21T18:04:19.9424175Z [Gloo] Rank 1 is connected to 1 peer ranks. Expected number of connected peer ranks is : 1
2026-03-21T18:04:19.9424799Z [Gloo] Rank 0 is connected to 1 peer ranks. Expected number of connected peer ranks is : 1
2026-03-21T18:04:23.3154298Z (Worker pid=2103) INFO 03-21 18:04:23 [cpu_binding.py:320] [cpu_bind_mode] mode=global_slice rank=6 visible_npus=[0, 1, 2, 3, 4, 5, 6, 7]
2026-03-21T18:04:23.3155244Z (Worker pid=2103) INFO 03-21 18:04:23 [cpu_binding.py:367] The CPU allocation plan is as follows:
2026-03-21T18:04:23.3156116Z (Worker pid=2103) INFO 03-21 18:04:23 [cpu_binding.py:372] NPU6: main=[122 123 124 125 126 127 128 129 130 131 132 133 134 135 136 137]  acl=[138]  release=[[139]]
2026-03-21T18:04:23.3703527Z (Worker pid=2103) INFO 03-21 18:04:23 [cpu_binding.py:383] The 'migratepages' command is not available, skipping memory binding.
2026-03-21T18:04:23.4255570Z (Worker pid=2103) WARNING 03-21 18:04:23 [__init__.py:204] min_p and logit_bias parameters won't work with speculative decoding.
2026-03-21T18:04:23.4403163Z (Worker pid=2103) INFO 03-21 18:04:23 [base.py:106] Offloader set to NoopOffloader
2026-03-21T18:04:23.4756130Z (Worker pid=2103) WARNING 03-21 18:04:23 [__init__.py:204] min_p and logit_bias parameters won't work with speculative decoding.
2026-03-21T18:04:23.4777707Z (Worker pid=2103) (Worker_DP0_TP6_EP6 pid=2103) INFO 03-21 18:04:23 [model_runner_v1.py:2554] Starting to load model /root/.cache/modelscope/hub/models/vllm-ascend/DeepSeek-V3___2-W8A8...
2026-03-21T18:04:23.4895472Z (Worker pid=1561) INFO 03-21 18:04:23 [cpu_binding.py:320] [cpu_bind_mode] mode=global_slice rank=1 visible_npus=[0, 1, 2, 3, 4, 5, 6, 7]
2026-03-21T18:04:23.4896733Z (Worker pid=1561) INFO 03-21 18:04:23 [cpu_binding.py:367] The CPU allocation plan is as follows:
2026-03-21T18:04:23.4897531Z (Worker pid=1561) INFO 03-21 18:04:23 [cpu_binding.py:372] NPU1: main=[22 23 24 25 26 27 28 29 30 31 32 33 34 35 36 37]  acl=[38]  release=[[39]]
2026-03-21T18:04:23.5430752Z (Worker pid=1561) INFO 03-21 18:04:23 [cpu_binding.py:383] The 'migratepages' command is not available, skipping memory binding.
2026-03-21T18:04:23.5888283Z (Worker pid=1561) WARNING 03-21 18:04:23 [__init__.py:204] min_p and logit_bias parameters won't work with speculative decoding.
2026-03-21T18:04:23.5993918Z (Worker pid=1561) INFO 03-21 18:04:23 [base.py:106] Offloader set to NoopOffloader
2026-03-21T18:04:23.6109819Z (Worker pid=1561) WARNING 03-21 18:04:23 [__init__.py:204] min_p and logit_bias parameters won't work with speculative decoding.
2026-03-21T18:04:23.6122837Z (Worker pid=1561) (Worker_DP0_TP1_EP1 pid=1561) INFO 03-21 18:04:23 [model_runner_v1.py:2554] Starting to load model /root/.cache/modelscope/hub/models/vllm-ascend/DeepSeek-V3___2-W8A8...
2026-03-21T18:04:23.8033739Z (Worker pid=1895) INFO 03-21 18:04:23 [cpu_binding.py:320] [cpu_bind_mode] mode=global_slice rank=4 visible_npus=[8, 9, 10, 11, 12, 13, 14, 15]
2026-03-21T18:04:23.8034598Z (Worker pid=1895) INFO 03-21 18:04:23 [cpu_binding.py:367] The CPU allocation plan is as follows:
2026-03-21T18:04:23.8035435Z (Worker pid=1895) INFO 03-21 18:04:23 [cpu_binding.py:372] NPU12: main=[242 243 244 245 246 247 248 249 250 251 252 253 254 255 256 257]  acl=[258]  release=[[259]]
2026-03-21T18:04:23.8465071Z (Worker pid=1895) INFO 03-21 18:04:23 [cpu_binding.py:383] The 'migratepages' command is not available, skipping memory binding.
2026-03-21T18:04:23.9023367Z (Worker pid=1895) WARNING 03-21 18:04:23 [__init__.py:204] min_p and logit_bias parameters won't work with speculative decoding.
2026-03-21T18:04:23.9088750Z (Worker pid=1895) INFO 03-21 18:04:23 [base.py:106] Offloader set to NoopOffloader
2026-03-21T18:04:23.9180640Z (Worker pid=1895) WARNING 03-21 18:04:23 [__init__.py:204] min_p and logit_bias parameters won't work with speculative decoding.
2026-03-21T18:04:23.9190085Z (Worker pid=1895) (Worker_DP1_TP4_EP12 pid=1895) INFO 03-21 18:04:23 [model_runner_v1.py:2554] Starting to load model /root/.cache/modelscope/hub/models/vllm-ascend/DeepSeek-V3___2-W8A8...
2026-03-21T18:04:23.9757966Z (Worker pid=1789) INFO 03-21 18:04:23 [cpu_binding.py:320] [cpu_bind_mode] mode=global_slice rank=3 visible_npus=[8, 9, 10, 11, 12, 13, 14, 15]
2026-03-21T18:04:23.9758951Z (Worker pid=1789) INFO 03-21 18:04:23 [cpu_binding.py:367] The CPU allocation plan is as follows:
2026-03-21T18:04:23.9759783Z (Worker pid=1789) INFO 03-21 18:04:23 [cpu_binding.py:372] NPU11: main=[222 223 224 225 226 227 228 229 230 231 232 233 234 235 236 237]  acl=[238]  release=[[239]]
2026-03-21T18:04:24.0240622Z (Worker pid=1789) INFO 03-21 18:04:24 [cpu_binding.py:383] The 'migratepages' command is not available, skipping memory binding.
2026-03-21T18:04:24.0754304Z (Worker pid=1789) WARNING 03-21 18:04:24 [__init__.py:204] min_p and logit_bias parameters won't work with speculative decoding.
2026-03-21T18:04:24.0893643Z (Worker pid=1789) INFO 03-21 18:04:24 [base.py:106] Offloader set to NoopOffloader
2026-03-21T18:04:24.1233059Z (Worker pid=1789) WARNING 03-21 18:04:24 [__init__.py:204] min_p and logit_bias parameters won't work with speculative decoding.
2026-03-21T18:04:24.1246106Z (Worker pid=1789) (Worker_DP1_TP3_EP11 pid=1789) INFO 03-21 18:04:24 [model_runner_v1.py:2554] Starting to load model /root/.cache/modelscope/hub/models/vllm-ascend/DeepSeek-V3___2-W8A8...
2026-03-21T18:04:24.2354741Z (Worker pid=1526) INFO 03-21 18:04:24 [cpu_binding.py:320] [cpu_bind_mode] mode=global_slice rank=0 visible_npus=[0, 1, 2, 3, 4, 5, 6, 7]
2026-03-21T18:04:24.2355532Z (Worker pid=1526) INFO 03-21 18:04:24 [cpu_binding.py:367] The CPU allocation plan is as follows:
2026-03-21T18:04:24.2356275Z (Worker pid=1526) INFO 03-21 18:04:24 [cpu_binding.py:372] NPU0: main=[2 3 4 5 6 7 8 9 10 11 12 13 14 15 16 17]  acl=[18]  release=[[19]]
2026-03-21T18:04:24.2835474Z (Worker pid=1526) INFO 03-21 18:04:24 [cpu_binding.py:383] The 'migratepages' command is not available, skipping memory binding.
2026-03-21T18:04:24.3308509Z (Worker pid=1526) WARNING 03-21 18:04:24 [__init__.py:204] min_p and logit_bias parameters won't work with speculative decoding.
2026-03-21T18:04:24.3416975Z (Worker pid=1526) INFO 03-21 18:04:24 [base.py:106] Offloader set to NoopOffloader
2026-03-21T18:04:24.3532072Z (Worker pid=1526) WARNING 03-21 18:04:24 [__init__.py:204] min_p and logit_bias parameters won't work with speculative decoding.
2026-03-21T18:04:24.3544129Z (Worker pid=1526) (Worker_DP0_TP0_EP0 pid=1526) INFO 03-21 18:04:24 [model_runner_v1.py:2554] Starting to load model /root/.cache/modelscope/hub/models/vllm-ascend/DeepSeek-V3___2-W8A8...
2026-03-21T18:04:24.5028010Z (Worker pid=1679) INFO 03-21 18:04:24 [cpu_binding.py:320] [cpu_bind_mode] mode=global_slice rank=2 visible_npus=[0, 1, 2, 3, 4, 5, 6, 7]
2026-03-21T18:04:24.5028869Z (Worker pid=1679) INFO 03-21 18:04:24 [cpu_binding.py:367] The CPU allocation plan is as follows:
2026-03-21T18:04:24.5029610Z (Worker pid=1679) INFO 03-21 18:04:24 [cpu_binding.py:372] NPU2: main=[42 43 44 45 46 47 48 49 50 51 52 53 54 55 56 57]  acl=[58]  release=[[59]]
2026-03-21T18:04:24.5525400Z (Worker pid=1679) INFO 03-21 18:04:24 [cpu_binding.py:383] The 'migratepages' command is not available, skipping memory binding.
2026-03-21T18:04:24.6023605Z (Worker pid=1679) WARNING 03-21 18:04:24 [__init__.py:204] min_p and logit_bias parameters won't work with speculative decoding.
2026-03-21T18:04:24.6142543Z (Worker pid=1679) INFO 03-21 18:04:24 [base.py:106] Offloader set to NoopOffloader
2026-03-21T18:04:24.6275645Z (Worker pid=1679) WARNING 03-21 18:04:24 [__init__.py:204] min_p and logit_bias parameters won't work with speculative decoding.
2026-03-21T18:04:24.6291194Z (Worker pid=1679) (Worker_DP0_TP2_EP2 pid=1679) INFO 03-21 18:04:24 [model_runner_v1.py:2554] Starting to load model /root/.cache/modelscope/hub/models/vllm-ascend/DeepSeek-V3___2-W8A8...
2026-03-21T18:04:24.6618732Z (Worker pid=2213) INFO 03-21 18:04:24 [cpu_binding.py:320] [cpu_bind_mode] mode=global_slice rank=7 visible_npus=[8, 9, 10, 11, 12, 13, 14, 15]
2026-03-21T18:04:24.6619541Z (Worker pid=2213) INFO 03-21 18:04:24 [cpu_binding.py:367] The CPU allocation plan is as follows:
2026-03-21T18:04:24.6623315Z (Worker pid=2213) INFO 03-21 18:04:24 [cpu_binding.py:372] NPU15: main=[302 303 304 305 306 307 308 309 310 311 312 313 314 315 316 317]  acl=[318]  release=[[319]]
2026-03-21T18:04:24.7033627Z (Worker pid=1561) (Worker_DP0_TP1_EP1 pid=1561) INFO 03-21 18:04:24 [layer.py:456] [EP Rank 1/16] Expert parallelism is enabled. Expert placement strategy: linear. Local/global number of experts: 16/256. Experts local to global index map: 0->16, 1->17, 2->18, 3->19, 4->20, 5->21, 6->22, 7->23, 8->24, 9->25, 10->26, 11->27, 12->28, 13->29, 14->30, 15->31.
2026-03-21T18:04:24.7036081Z (Worker pid=1895) (Worker_DP1_TP4_EP12 pid=1895) INFO 03-21 18:04:24 [layer.py:456] [EP Rank 12/16] Expert parallelism is enabled. Expert placement strategy: linear. Local/global number of experts: 16/256. Experts local to global index map: 0->192, 1->193, 2->194, 3->195, 4->196, 5->197, 6->198, 7->199, 8->200, 9->201, 10->202, 11->203, 12->204, 13->205, 14->206, 15->207.
2026-03-21T18:04:24.7290144Z (Worker pid=2213) INFO 03-21 18:04:24 [cpu_binding.py:383] The 'migratepages' command is not available, skipping memory binding.
2026-03-21T18:04:24.7594442Z (Worker pid=2213) WARNING 03-21 18:04:24 [__init__.py:204] min_p and logit_bias parameters won't work with speculative decoding.
2026-03-21T18:04:24.7689959Z (Worker pid=2213) INFO 03-21 18:04:24 [base.py:106] Offloader set to NoopOffloader
2026-03-21T18:04:24.7778517Z (Worker pid=2103) (Worker_DP0_TP6_EP6 pid=2103) INFO 03-21 18:04:24 [layer.py:456] [EP Rank 6/16] Expert parallelism is enabled. Expert placement strategy: linear. Local/global number of experts: 16/256. Experts local to global index map: 0->96, 1->97, 2->98, 3->99, 4->100, 5->101, 6->102, 7->103, 8->104, 9->105, 10->106, 11->107, 12->108, 13->109, 14->110, 15->111.
2026-03-21T18:04:24.7780179Z (Worker pid=2213) WARNING 03-21 18:04:24 [__init__.py:204] min_p and logit_bias parameters won't work with speculative decoding.
2026-03-21T18:04:24.7792020Z (Worker pid=2213) (Worker_DP1_TP7_EP15 pid=2213) INFO 03-21 18:04:24 [model_runner_v1.py:2554] Starting to load model /root/.cache/modelscope/hub/models/vllm-ascend/DeepSeek-V3___2-W8A8...
2026-03-21T18:04:24.8652577Z (Worker pid=1565) INFO 03-21 18:04:24 [cpu_binding.py:320] [cpu_bind_mode] mode=global_slice rank=1 visible_npus=[8, 9, 10, 11, 12, 13, 14, 15]
2026-03-21T18:04:24.8653408Z (Worker pid=1565) INFO 03-21 18:04:24 [cpu_binding.py:367] The CPU allocation plan is as follows:
2026-03-21T18:04:24.8654232Z (Worker pid=1565) INFO 03-21 18:04:24 [cpu_binding.py:372] NPU9: main=[182 183 184 185 186 187 188 189 190 191 192 193 194 195 196 197]  acl=[198]  release=[[199]]
2026-03-21T18:04:24.9255477Z (Worker pid=1565) INFO 03-21 18:04:24 [cpu_binding.py:383] The 'migratepages' command is not available, skipping memory binding.
2026-03-21T18:04:24.9558545Z (Worker pid=1565) WARNING 03-21 18:04:24 [__init__.py:204] min_p and logit_bias parameters won't work with speculative decoding.
2026-03-21T18:04:24.9660611Z (Worker pid=1565) INFO 03-21 18:04:24 [base.py:106] Offloader set to NoopOffloader
2026-03-21T18:04:24.9734813Z (Worker pid=2107) INFO 03-21 18:04:24 [cpu_binding.py:320] [cpu_bind_mode] mode=global_slice rank=6 visible_npus=[8, 9, 10, 11, 12, 13, 14, 15]
2026-03-21T18:04:24.9735628Z (Worker pid=2107) INFO 03-21 18:04:24 [cpu_binding.py:367] The CPU allocation plan is as follows:
2026-03-21T18:04:24.9736441Z (Worker pid=2107) INFO 03-21 18:04:24 [cpu_binding.py:372] NPU14: main=[282 283 284 285 286 287 288 289 290 291 292 293 294 295 296 297]  acl=[298]  release=[[299]]
2026-03-21T18:04:24.9774268Z (Worker pid=1565) WARNING 03-21 18:04:24 [__init__.py:204] min_p and logit_bias parameters won't work with speculative decoding.
2026-03-21T18:04:24.9785574Z (Worker pid=1565) (Worker_DP1_TP1_EP9 pid=1565) INFO 03-21 18:04:24 [model_runner_v1.py:2554] Starting to load model /root/.cache/modelscope/hub/models/vllm-ascend/DeepSeek-V3___2-W8A8...
2026-03-21T18:04:25.0275640Z (Worker pid=2107) INFO 03-21 18:04:25 [cpu_binding.py:383] The 'migratepages' command is not available, skipping memory binding.
2026-03-21T18:04:25.0701896Z (Worker pid=2107) WARNING 03-21 18:04:25 [__init__.py:204] min_p and logit_bias parameters won't work with speculative decoding.
2026-03-21T18:04:25.0838750Z (Worker pid=2107) INFO 03-21 18:04:25 [base.py:106] Offloader set to NoopOffloader
2026-03-21T18:04:25.1008328Z (Worker pid=2107) WARNING 03-21 18:04:25 [__init__.py:204] min_p and logit_bias parameters won't work with speculative decoding.
2026-03-21T18:04:25.1024028Z (Worker pid=2107) (Worker_DP1_TP6_EP14 pid=2107) INFO 03-21 18:04:25 [model_runner_v1.py:2554] Starting to load model /root/.cache/modelscope/hub/models/vllm-ascend/DeepSeek-V3___2-W8A8...
2026-03-21T18:04:25.1068701Z (Worker pid=2001) INFO 03-21 18:04:25 [cpu_binding.py:320] [cpu_bind_mode] mode=global_slice rank=5 visible_npus=[8, 9, 10, 11, 12, 13, 14, 15]
2026-03-21T18:04:25.1069965Z (Worker pid=2001) INFO 03-21 18:04:25 [cpu_binding.py:367] The CPU allocation plan is as follows:
2026-03-21T18:04:25.1070806Z (Worker pid=2001) INFO 03-21 18:04:25 [cpu_binding.py:372] NPU13: main=[262 263 264 265 266 267 268 269 270 271 272 273 274 275 276 277]  acl=[278]  release=[[279]]
2026-03-21T18:04:25.1787982Z (Worker pid=2001) INFO 03-21 18:04:25 [cpu_binding.py:383] The 'migratepages' command is not available, skipping memory binding.
2026-03-21T18:04:25.2162693Z (Worker pid=2001) WARNING 03-21 18:04:25 [__init__.py:204] min_p and logit_bias parameters won't work with speculative decoding.
2026-03-21T18:04:25.2171134Z (Worker pid=1789) (Worker_DP1_TP3_EP11 pid=1789) INFO 03-21 18:04:25 [layer.py:456] [EP Rank 11/16] Expert parallelism is enabled. Expert placement strategy: linear. Local/global number of experts: 16/256. Experts local to global index map: 0->176, 1->177, 2->178, 3->179, 4->180, 5->181, 6->182, 7->183, 8->184, 9->185, 10->186, 11->187, 12->188, 13->189, 14->190, 15->191.
2026-03-21T18:04:25.2192440Z (Worker pid=1527) INFO 03-21 18:04:25 [cpu_binding.py:320] [cpu_bind_mode] mode=global_slice rank=0 visible_npus=[8, 9, 10, 11, 12, 13, 14, 15]
2026-03-21T18:04:25.2193266Z (Worker pid=1527) INFO 03-21 18:04:25 [cpu_binding.py:367] The CPU allocation plan is as follows:
2026-03-21T18:04:25.2194090Z (Worker pid=1527) INFO 03-21 18:04:25 [cpu_binding.py:372] NPU8: main=[162 163 164 165 166 167 168 169 170 171 172 173 174 175 176 177]  acl=[178]  release=[[179]]
2026-03-21T18:04:25.2257662Z (Worker pid=2001) INFO 03-21 18:04:25 [base.py:106] Offloader set to NoopOffloader
2026-03-21T18:04:25.2351917Z (Worker pid=2001) WARNING 03-21 18:04:25 [__init__.py:204] min_p and logit_bias parameters won't work with speculative decoding.
2026-03-21T18:04:25.2362502Z (Worker pid=2001) (Worker_DP1_TP5_EP13 pid=2001) INFO 03-21 18:04:25 [model_runner_v1.py:2554] Starting to load model /root/.cache/modelscope/hub/models/vllm-ascend/DeepSeek-V3___2-W8A8...
2026-03-21T18:04:25.2748800Z (Worker pid=1527) INFO 03-21 18:04:25 [cpu_binding.py:383] The 'migratepages' command is not available, skipping memory binding.
2026-03-21T18:04:25.3130863Z (Worker pid=1527) WARNING 03-21 18:04:25 [__init__.py:204] min_p and logit_bias parameters won't work with speculative decoding.
2026-03-21T18:04:25.3237861Z (Worker pid=1527) INFO 03-21 18:04:25 [base.py:106] Offloader set to NoopOffloader
2026-03-21T18:04:25.3355827Z (Worker pid=1527) WARNING 03-21 18:04:25 [__init__.py:204] min_p and logit_bias parameters won't work with speculative decoding.
2026-03-21T18:04:25.3370621Z (Worker pid=1527) (Worker_DP1_TP0_EP8 pid=1527) INFO 03-21 18:04:25 [model_runner_v1.py:2554] Starting to load model /root/.cache/modelscope/hub/models/vllm-ascend/DeepSeek-V3___2-W8A8...
2026-03-21T18:04:25.4114515Z (Worker pid=1526) (Worker_DP0_TP0_EP0 pid=1526) INFO 03-21 18:04:25 [layer.py:456] [EP Rank 0/16] Expert parallelism is enabled. Expert placement strategy: linear. Local/global number of experts: 16/256. Experts local to global index map: 0->0, 1->1, 2->2, 3->3, 4->4, 5->5, 6->6, 7->7, 8->8, 9->9, 10->10, 11->11, 12->12, 13->13, 14->14, 15->15.
2026-03-21T18:04:25.5666662Z (Worker pid=2213) (Worker_DP1_TP7_EP15 pid=2213) INFO 03-21 18:04:25 [layer.py:456] [EP Rank 15/16] Expert parallelism is enabled. Expert placement strategy: linear. Local/global number of experts: 16/256. Experts local to global index map: 0->240, 1->241, 2->242, 3->243, 4->244, 5->245, 6->246, 7->247, 8->248, 9->249, 10->250, 11->251, 12->252, 13->253, 14->254, 15->255.
2026-03-21T18:04:25.6073979Z (Worker pid=1683) INFO 03-21 18:04:25 [cpu_binding.py:320] [cpu_bind_mode] mode=global_slice rank=2 visible_npus=[8, 9, 10, 11, 12, 13, 14, 15]
2026-03-21T18:04:25.6074807Z (Worker pid=1683) INFO 03-21 18:04:25 [cpu_binding.py:367] The CPU allocation plan is as follows:
2026-03-21T18:04:25.6075645Z (Worker pid=1683) INFO 03-21 18:04:25 [cpu_binding.py:372] NPU10: main=[202 203 204 205 206 207 208 209 210 211 212 213 214 215 216 217]  acl=[218]  release=[[219]]
2026-03-21T18:04:25.6678695Z (Worker pid=1683) INFO 03-21 18:04:25 [cpu_binding.py:383] The 'migratepages' command is not available, skipping memory binding.
2026-03-21T18:04:25.6861229Z (Worker pid=1785) INFO 03-21 18:04:25 [cpu_binding.py:320] [cpu_bind_mode] mode=global_slice rank=3 visible_npus=[0, 1, 2, 3, 4, 5, 6, 7]
2026-03-21T18:04:25.6862008Z (Worker pid=1785) INFO 03-21 18:04:25 [cpu_binding.py:367] The CPU allocation plan is as follows:
2026-03-21T18:04:25.6862758Z (Worker pid=1785) INFO 03-21 18:04:25 [cpu_binding.py:372] NPU3: main=[62 63 64 65 66 67 68 69 70 71 72 73 74 75 76 77]  acl=[78]  release=[[79]]
2026-03-21T18:04:25.7145482Z (Worker pid=1683) WARNING 03-21 18:04:25 [__init__.py:204] min_p and logit_bias parameters won't work with speculative decoding.
2026-03-21T18:04:25.7252792Z (Worker pid=1683) INFO 03-21 18:04:25 [base.py:106] Offloader set to NoopOffloader
2026-03-21T18:04:25.7362368Z (Worker pid=1679) (Worker_DP0_TP2_EP2 pid=1679) INFO 03-21 18:04:25 [layer.py:456] [EP Rank 2/16] Expert parallelism is enabled. Expert placement strategy: linear. Local/global number of experts: 16/256. Experts local to global index map: 0->32, 1->33, 2->34, 3->35, 4->36, 5->37, 6->38, 7->39, 8->40, 9->41, 10->42, 11->43, 12->44, 13->45, 14->46, 15->47.
2026-03-21T18:04:25.7372255Z (Worker pid=1683) WARNING 03-21 18:04:25 [__init__.py:204] min_p and logit_bias parameters won't work with speculative decoding.
2026-03-21T18:04:25.7386706Z (Worker pid=1683) (Worker_DP1_TP2_EP10 pid=1683) INFO 03-21 18:04:25 [model_runner_v1.py:2554] Starting to load model /root/.cache/modelscope/hub/models/vllm-ascend/DeepSeek-V3___2-W8A8...
2026-03-21T18:04:25.7428376Z (Worker pid=1785) INFO 03-21 18:04:25 [cpu_binding.py:383] The 'migratepages' command is not available, skipping memory binding.
2026-03-21T18:04:25.7898799Z (Worker pid=1785) WARNING 03-21 18:04:25 [__init__.py:204] min_p and logit_bias parameters won't work with speculative decoding.
2026-03-21T18:04:25.8004469Z (Worker pid=1785) INFO 03-21 18:04:25 [base.py:106] Offloader set to NoopOffloader
2026-03-21T18:04:25.8115181Z (Worker pid=1785) WARNING 03-21 18:04:25 [__init__.py:204] min_p and logit_bias parameters won't work with speculative decoding.
2026-03-21T18:04:25.8126200Z (Worker pid=1785) (Worker_DP0_TP3_EP3 pid=1785) INFO 03-21 18:04:25 [model_runner_v1.py:2554] Starting to load model /root/.cache/modelscope/hub/models/vllm-ascend/DeepSeek-V3___2-W8A8...
2026-03-21T18:04:25.8149443Z (Worker pid=1997) INFO 03-21 18:04:25 [cpu_binding.py:320] [cpu_bind_mode] mode=global_slice rank=5 visible_npus=[0, 1, 2, 3, 4, 5, 6, 7]
2026-03-21T18:04:25.8150215Z (Worker pid=1997) INFO 03-21 18:04:25 [cpu_binding.py:367] The CPU allocation plan is as follows:
2026-03-21T18:04:25.8151028Z (Worker pid=1997) INFO 03-21 18:04:25 [cpu_binding.py:372] NPU5: main=[102 103 104 105 106 107 108 109 110 111 112 113 114 115 116 117]  acl=[118]  release=[[119]]
2026-03-21T18:04:25.8656391Z (Worker pid=1997) INFO 03-21 18:04:25 [cpu_binding.py:383] The 'migratepages' command is not available, skipping memory binding.
2026-03-21T18:04:25.9088154Z (Worker pid=1997) WARNING 03-21 18:04:25 [__init__.py:204] min_p and logit_bias parameters won't work with speculative decoding.
2026-03-21T18:04:25.9191640Z (Worker pid=1997) INFO 03-21 18:04:25 [base.py:106] Offloader set to NoopOffloader
2026-03-21T18:04:25.9329486Z (Worker pid=1997) WARNING 03-21 18:04:25 [__init__.py:204] min_p and logit_bias parameters won't work with speculative decoding.
2026-03-21T18:04:25.9344208Z (Worker pid=1997) (Worker_DP0_TP5_EP5 pid=1997) INFO 03-21 18:04:25 [model_runner_v1.py:2554] Starting to load model /root/.cache/modelscope/hub/models/vllm-ascend/DeepSeek-V3___2-W8A8...
2026-03-21T18:04:25.9517813Z (Worker pid=2001) (Worker_DP1_TP5_EP13 pid=2001) INFO 03-21 18:04:25 [layer.py:456] [EP Rank 13/16] Expert parallelism is enabled. Expert placement strategy: linear. Local/global number of experts: 16/256. Experts local to global index map: 0->208, 1->209, 2->210, 3->211, 4->212, 5->213, 6->214, 7->215, 8->216, 9->217, 10->218, 11->219, 12->220, 13->221, 14->222, 15->223.
2026-03-21T18:04:26.0030905Z (Worker pid=1565) (Worker_DP1_TP1_EP9 pid=1565) INFO 03-21 18:04:26 [layer.py:456] [EP Rank 9/16] Expert parallelism is enabled. Expert placement strategy: linear. Local/global number of experts: 16/256. Experts local to global index map: 0->144, 1->145, 2->146, 3->147, 4->148, 5->149, 6->150, 7->151, 8->152, 9->153, 10->154, 11->155, 12->156, 13->157, 14->158, 15->159.
2026-03-21T18:04:26.2815061Z (Worker pid=2107) (Worker_DP1_TP6_EP14 pid=2107) INFO 03-21 18:04:26 [layer.py:456] [EP Rank 14/16] Expert parallelism is enabled. Expert placement strategy: linear. Local/global number of experts: 16/256. Experts local to global index map: 0->224, 1->225, 2->226, 3->227, 4->228, 5->229, 6->230, 7->231, 8->232, 9->233, 10->234, 11->235, 12->236, 13->237, 14->238, 15->239.
2026-03-21T18:04:26.2967506Z (Worker pid=1891) INFO 03-21 18:04:26 [cpu_binding.py:320] [cpu_bind_mode] mode=global_slice rank=4 visible_npus=[0, 1, 2, 3, 4, 5, 6, 7]
2026-03-21T18:04:26.2968341Z (Worker pid=1891) INFO 03-21 18:04:26 [cpu_binding.py:367] The CPU allocation plan is as follows:
2026-03-21T18:04:26.2969113Z (Worker pid=1891) INFO 03-21 18:04:26 [cpu_binding.py:372] NPU4: main=[82 83 84 85 86 87 88 89 90 91 92 93 94 95 96 97]  acl=[98]  release=[[99]]
2026-03-21T18:04:26.2974129Z (Worker pid=2209) INFO 03-21 18:04:26 [cpu_binding.py:320] [cpu_bind_mode] mode=global_slice rank=7 visible_npus=[0, 1, 2, 3, 4, 5, 6, 7]
2026-03-21T18:04:26.2974933Z (Worker pid=2209) INFO 03-21 18:04:26 [cpu_binding.py:367] The CPU allocation plan is as follows:
2026-03-21T18:04:26.2975749Z (Worker pid=2209) INFO 03-21 18:04:26 [cpu_binding.py:372] NPU7: main=[142 143 144 145 146 147 148 149 150 151 152 153 154 155 156 157]  acl=[158]  release=[[159]]
2026-03-21T18:04:26.3582524Z (Worker pid=1891) INFO 03-21 18:04:26 [cpu_binding.py:383] The 'migratepages' command is not available, skipping memory binding.
2026-03-21T18:04:26.3592499Z (Worker pid=2209) INFO 03-21 18:04:26 [cpu_binding.py:383] The 'migratepages' command is not available, skipping memory binding.
2026-03-21T18:04:26.4044067Z (Worker pid=1891) WARNING 03-21 18:04:26 [__init__.py:204] min_p and logit_bias parameters won't work with speculative decoding.
2026-03-21T18:04:26.4048291Z (Worker pid=2209) WARNING 03-21 18:04:26 [__init__.py:204] min_p and logit_bias parameters won't work with speculative decoding.
2026-03-21T18:04:26.4150271Z (Worker pid=1891) INFO 03-21 18:04:26 [base.py:106] Offloader set to NoopOffloader
2026-03-21T18:04:26.4154846Z (Worker pid=2209) INFO 03-21 18:04:26 [base.py:106] Offloader set to NoopOffloader
2026-03-21T18:04:26.4270757Z (Worker pid=2209) WARNING 03-21 18:04:26 [__init__.py:204] min_p and logit_bias parameters won't work with speculative decoding.
2026-03-21T18:04:26.4284320Z (Worker pid=2209) (Worker_DP0_TP7_EP7 pid=2209) INFO 03-21 18:04:26 [model_runner_v1.py:2554] Starting to load model /root/.cache/modelscope/hub/models/vllm-ascend/DeepSeek-V3___2-W8A8...
2026-03-21T18:04:26.4285838Z (Worker pid=1891) WARNING 03-21 18:04:26 [__init__.py:204] min_p and logit_bias parameters won't work with speculative decoding.
2026-03-21T18:04:26.4300854Z (Worker pid=1891) (Worker_DP0_TP4_EP4 pid=1891) INFO 03-21 18:04:26 [model_runner_v1.py:2554] Starting to load model /root/.cache/modelscope/hub/models/vllm-ascend/DeepSeek-V3___2-W8A8...
2026-03-21T18:04:26.4495388Z (Worker pid=1527) (Worker_DP1_TP0_EP8 pid=1527) INFO 03-21 18:04:26 [layer.py:456] [EP Rank 8/16] Expert parallelism is enabled. Expert placement strategy: linear. Local/global number of experts: 16/256. Experts local to global index map: 0->128, 1->129, 2->130, 3->131, 4->132, 5->133, 6->134, 7->135, 8->136, 9->137, 10->138, 11->139, 12->140, 13->141, 14->142, 15->143.
2026-03-21T18:04:26.8666624Z (Worker pid=1683) (Worker_DP1_TP2_EP10 pid=1683) INFO 03-21 18:04:26 [layer.py:456] [EP Rank 10/16] Expert parallelism is enabled. Expert placement strategy: linear. Local/global number of experts: 16/256. Experts local to global index map: 0->160, 1->161, 2->162, 3->163, 4->164, 5->165, 6->166, 7->167, 8->168, 9->169, 10->170, 11->171, 12->172, 13->173, 14->174, 15->175.
2026-03-21T18:04:27.0014524Z (Worker pid=1785) (Worker_DP0_TP3_EP3 pid=1785) INFO 03-21 18:04:27 [layer.py:456] [EP Rank 3/16] Expert parallelism is enabled. Expert placement strategy: linear. Local/global number of experts: 16/256. Experts local to global index map: 0->48, 1->49, 2->50, 3->51, 4->52, 5->53, 6->54, 7->55, 8->56, 9->57, 10->58, 11->59, 12->60, 13->61, 14->62, 15->63.
2026-03-21T18:04:27.0477874Z (Worker pid=1997) (Worker_DP0_TP5_EP5 pid=1997) INFO 03-21 18:04:27 [layer.py:456] [EP Rank 5/16] Expert parallelism is enabled. Expert placement strategy: linear. Local/global number of experts: 16/256. Experts local to global index map: 0->80, 1->81, 2->82, 3->83, 4->84, 5->85, 6->86, 7->87, 8->88, 9->89, 10->90, 11->91, 12->92, 13->93, 14->94, 15->95.
2026-03-21T18:04:27.5004365Z (Worker pid=1891) (Worker_DP0_TP4_EP4 pid=1891) INFO 03-21 18:04:27 [layer.py:456] [EP Rank 4/16] Expert parallelism is enabled. Expert placement strategy: linear. Local/global number of experts: 16/256. Experts local to global index map: 0->64, 1->65, 2->66, 3->67, 4->68, 5->69, 6->70, 7->71, 8->72, 9->73, 10->74, 11->75, 12->76, 13->77, 14->78, 15->79.
2026-03-21T18:04:27.5011260Z (Worker pid=2209) (Worker_DP0_TP7_EP7 pid=2209) INFO 03-21 18:04:27 [layer.py:456] [EP Rank 7/16] Expert parallelism is enabled. Expert placement strategy: linear. Local/global number of experts: 16/256. Experts local to global index map: 0->112, 1->113, 2->114, 3->115, 4->116, 5->117, 6->118, 7->119, 8->120, 9->121, 10->122, 11->123, 12->124, 13->125, 14->126, 15->127.
2026-03-21T18:04:28.0326339Z (Worker pid=2001) (Worker_DP1_TP5_EP13 pid=2001) INFO 03-21 18:04:28 [fused_moe.py:321] [EP Rank 13/16] Expert parallelism is enabled. Local/global number of experts: 16/256. Experts local to global index map: 0->208, 1->209, 2->210, 3->211, 4->212, 5->213, 6->214, 7->215, 8->216, 9->217, 10->218, 11->219, 12->220, 13->221, 14->222, 15->223.
2026-03-21T18:04:28.0644472Z (Worker pid=2213) (Worker_DP1_TP7_EP15 pid=2213) INFO 03-21 18:04:28 [fused_moe.py:321] [EP Rank 15/16] Expert parallelism is enabled. Local/global number of experts: 16/256. Experts local to global index map: 0->240, 1->241, 2->242, 3->243, 4->244, 5->245, 6->246, 7->247, 8->248, 9->249, 10->250, 11->251, 12->252, 13->253, 14->254, 15->255.
2026-03-21T18:04:28.0932712Z (Worker pid=1679) (Worker_DP0_TP2_EP2 pid=1679) INFO 03-21 18:04:28 [fused_moe.py:321] [EP Rank 2/16] Expert parallelism is enabled. Local/global number of experts: 16/256. Experts local to global index map: 0->32, 1->33, 2->34, 3->35, 4->36, 5->37, 6->38, 7->39, 8->40, 9->41, 10->42, 11->43, 12->44, 13->45, 14->46, 15->47.
2026-03-21T18:04:28.0942497Z (Worker pid=1785) (Worker_DP0_TP3_EP3 pid=1785) INFO 03-21 18:04:28 [fused_moe.py:321] [EP Rank 3/16] Expert parallelism is enabled. Local/global number of experts: 16/256. Experts local to global index map: 0->48, 1->49, 2->50, 3->51, 4->52, 5->53, 6->54, 7->55, 8->56, 9->57, 10->58, 11->59, 12->60, 13->61, 14->62, 15->63.
2026-03-21T18:04:28.0955137Z (Worker pid=1526) (Worker_DP0_TP0_EP0 pid=1526) INFO 03-21 18:04:28 [fused_moe.py:321] [EP Rank 0/16] Expert parallelism is enabled. Local/global number of experts: 16/256. Experts local to global index map: 0->0, 1->1, 2->2, 3->3, 4->4, 5->5, 6->6, 7->7, 8->8, 9->9, 10->10, 11->11, 12->12, 13->13, 14->14, 15->15.
2026-03-21T18:04:28.1021710Z (Worker pid=1565) (Worker_DP1_TP1_EP9 pid=1565) INFO 03-21 18:04:28 [fused_moe.py:321] [EP Rank 9/16] Expert parallelism is enabled. Local/global number of experts: 16/256. Experts local to global index map: 0->144, 1->145, 2->146, 3->147, 4->148, 5->149, 6->150, 7->151, 8->152, 9->153, 10->154, 11->155, 12->156, 13->157, 14->158, 15->159.
2026-03-21T18:04:28.1358420Z (Worker pid=1683) (Worker_DP1_TP2_EP10 pid=1683) INFO 03-21 18:04:28 [fused_moe.py:321] [EP Rank 10/16] Expert parallelism is enabled. Local/global number of experts: 16/256. Experts local to global index map: 0->160, 1->161, 2->162, 3->163, 4->164, 5->165, 6->166, 7->167, 8->168, 9->169, 10->170, 11->171, 12->172, 13->173, 14->174, 15->175.
2026-03-21T18:04:28.1525941Z (Worker pid=2209) (Worker_DP0_TP7_EP7 pid=2209) INFO 03-21 18:04:28 [fused_moe.py:321] [EP Rank 7/16] Expert parallelism is enabled. Local/global number of experts: 16/256. Experts local to global index map: 0->112, 1->113, 2->114, 3->115, 4->116, 5->117, 6->118, 7->119, 8->120, 9->121, 10->122, 11->123, 12->124, 13->125, 14->126, 15->127.
2026-03-21T18:04:28.1705526Z (Worker pid=1997) (Worker_DP0_TP5_EP5 pid=1997) INFO 03-21 18:04:28 [fused_moe.py:321] [EP Rank 5/16] Expert parallelism is enabled. Local/global number of experts: 16/256. Experts local to global index map: 0->80, 1->81, 2->82, 3->83, 4->84, 5->85, 6->86, 7->87, 8->88, 9->89, 10->90, 11->91, 12->92, 13->93, 14->94, 15->95.
2026-03-21T18:04:28.1721141Z (Worker pid=1891) (Worker_DP0_TP4_EP4 pid=1891) INFO 03-21 18:04:28 [fused_moe.py:321] [EP Rank 4/16] Expert parallelism is enabled. Local/global number of experts: 16/256. Experts local to global index map: 0->64, 1->65, 2->66, 3->67, 4->68, 5->69, 6->70, 7->71, 8->72, 9->73, 10->74, 11->75, 12->76, 13->77, 14->78, 15->79.
2026-03-21T18:04:28.2023187Z (Worker pid=2107) (Worker_DP1_TP6_EP14 pid=2107) INFO 03-21 18:04:28 [fused_moe.py:321] [EP Rank 14/16] Expert parallelism is enabled. Local/global number of experts: 16/256. Experts local to global index map: 0->224, 1->225, 2->226, 3->227, 4->228, 5->229, 6->230, 7->231, 8->232, 9->233, 10->234, 11->235, 12->236, 13->237, 14->238, 15->239.
2026-03-21T18:04:28.2089509Z (Worker pid=1527) (Worker_DP1_TP0_EP8 pid=1527) INFO 03-21 18:04:28 [fused_moe.py:321] [EP Rank 8/16] Expert parallelism is enabled. Local/global number of experts: 16/256. Experts local to global index map: 0->128, 1->129, 2->130, 3->131, 4->132, 5->133, 6->134, 7->135, 8->136, 9->137, 10->138, 11->139, 12->140, 13->141, 14->142, 15->143.
2026-03-21T18:04:28.2184921Z (Worker pid=1561) (Worker_DP0_TP1_EP1 pid=1561) INFO 03-21 18:04:28 [fused_moe.py:321] [EP Rank 1/16] Expert parallelism is enabled. Local/global number of experts: 16/256. Experts local to global index map: 0->16, 1->17, 2->18, 3->19, 4->20, 5->21, 6->22, 7->23, 8->24, 9->25, 10->26, 11->27, 12->28, 13->29, 14->30, 15->31.
2026-03-21T18:04:28.2390937Z (Worker pid=1895) (Worker_DP1_TP4_EP12 pid=1895) INFO 03-21 18:04:28 [fused_moe.py:321] [EP Rank 12/16] Expert parallelism is enabled. Local/global number of experts: 16/256. Experts local to global index map: 0->192, 1->193, 2->194, 3->195, 4->196, 5->197, 6->198, 7->199, 8->200, 9->201, 10->202, 11->203, 12->204, 13->205, 14->206, 15->207.
2026-03-21T18:04:28.2552063Z (Worker pid=1789) (Worker_DP1_TP3_EP11 pid=1789) INFO 03-21 18:04:28 [fused_moe.py:321] [EP Rank 11/16] Expert parallelism is enabled. Local/global number of experts: 16/256. Experts local to global index map: 0->176, 1->177, 2->178, 3->179, 4->180, 5->181, 6->182, 7->183, 8->184, 9->185, 10->186, 11->187, 12->188, 13->189, 14->190, 15->191.
2026-03-21T18:04:28.2756166Z (Worker pid=2103) (Worker_DP0_TP6_EP6 pid=2103) INFO 03-21 18:04:28 [fused_moe.py:321] [EP Rank 6/16] Expert parallelism is enabled. Local/global number of experts: 16/256. Experts local to global index map: 0->96, 1->97, 2->98, 3->99, 4->100, 5->101, 6->102, 7->103, 8->104, 9->105, 10->106, 11->107, 12->108, 13->109, 14->110, 15->111.
2026-03-21T18:04:28.4295028Z (Worker pid=1526) (Worker_DP0_TP0_EP0 pid=1526) INFO 03-21 18:04:28 [fused_moe.py:576] Sequence parallelism is enabled, shared experts are replicated for best performance.
2026-03-21T18:04:28.4513417Z (Worker pid=2001) (Worker_DP1_TP5_EP13 pid=2001) INFO 03-21 18:04:28 [fused_moe.py:576] Sequence parallelism is enabled, shared experts are replicated for best performance.
2026-03-21T18:04:28.4520922Z (Worker pid=1565) (Worker_DP1_TP1_EP9 pid=1565) INFO 03-21 18:04:28 [fused_moe.py:576] Sequence parallelism is enabled, shared experts are replicated for best performance.
2026-03-21T18:04:28.4522124Z (Worker pid=1679) (Worker_DP0_TP2_EP2 pid=1679) INFO 03-21 18:04:28 [fused_moe.py:576] Sequence parallelism is enabled, shared experts are replicated for best performance.
2026-03-21T18:04:28.4523336Z (Worker pid=1785) (Worker_DP0_TP3_EP3 pid=1785) INFO 03-21 18:04:28 [fused_moe.py:576] Sequence parallelism is enabled, shared experts are replicated for best performance.
2026-03-21T18:04:28.4526323Z (Worker pid=2213) (Worker_DP1_TP7_EP15 pid=2213) INFO 03-21 18:04:28 [fused_moe.py:576] Sequence parallelism is enabled, shared experts are replicated for best performance.
2026-03-21T18:04:28.4917011Z (Worker pid=2107) (Worker_DP1_TP6_EP14 pid=2107) INFO 03-21 18:04:28 [fused_moe.py:576] Sequence parallelism is enabled, shared experts are replicated for best performance.
2026-03-21T18:04:28.4919921Z (Worker pid=1527) (Worker_DP1_TP0_EP8 pid=1527) INFO 03-21 18:04:28 [fused_moe.py:576] Sequence parallelism is enabled, shared experts are replicated for best performance.
2026-03-21T18:04:28.4921183Z (Worker pid=1683) (Worker_DP1_TP2_EP10 pid=1683) INFO 03-21 18:04:28 [fused_moe.py:576] Sequence parallelism is enabled, shared experts are replicated for best performance.
