2026-03-14T19:52:35.4265665Z [Gloo] Rank 15 is connected to 15 peer ranks. Expected number of connected peer ranks is : 15
2026-03-14T19:52:35.4266145Z [Gloo] Rank 14 is connected to 15 peer ranks. Expected number of connected peer ranks is : 15
2026-03-14T19:52:35.4504355Z [Gloo] Rank 1 is connected to 7 peer ranks. Expected number of connected peer ranks is : 7
2026-03-14T19:52:35.4504810Z [Gloo] Rank 0 is connected to 7 peer ranks. Expected number of connected peer ranks is : 7
2026-03-14T19:52:35.4505452Z [Gloo] Rank 0 is connected to 7 peer ranks. Expected number of connected peer ranks is : 7
2026-03-14T19:52:35.4505924Z [Gloo] Rank 3 is connected to 7 peer ranks. Expected number of connected peer ranks is : 7
2026-03-14T19:52:35.4506354Z [Gloo] Rank 6 is connected to 7 peer ranks. Expected number of connected peer ranks is : 7
2026-03-14T19:52:35.4506814Z [Gloo] Rank 2 is connected to 7 peer ranks. Expected number of connected peer ranks is : 7
2026-03-14T19:52:35.4507238Z [Gloo] Rank 5 is connected to 7 peer ranks. Expected number of connected peer ranks is : 7
2026-03-14T19:52:35.4507682Z [Gloo] Rank 1 is connected to 7 peer ranks. Expected number of connected peer ranks is : 7
2026-03-14T19:52:35.4508236Z [Gloo] Rank 2 is connected to 7 peer ranks. Expected number of connected peer ranks is : 7
2026-03-14T19:52:35.4508718Z [Gloo] Rank 3 is connected to 7 peer ranks. Expected number of connected peer ranks is : 7
2026-03-14T19:52:35.4509164Z [Gloo] Rank 7 is connected to 7 peer ranks. Expected number of connected peer ranks is : 7
2026-03-14T19:52:35.4509593Z [Gloo] Rank 4 is connected to 7 peer ranks. Expected number of connected peer ranks is : 7
2026-03-14T19:52:35.4510046Z [Gloo] Rank 4 is connected to 7 peer ranks. Expected number of connected peer ranks is : 7
2026-03-14T19:52:35.4510660Z [Gloo] Rank 5 is connected to 7 peer ranks. Expected number of connected peer ranks is : 7
2026-03-14T19:52:35.4511098Z [Gloo] Rank 6 is connected to 7 peer ranks. Expected number of connected peer ranks is : 7
2026-03-14T19:52:35.4511538Z [Gloo] Rank 7 is connected to 7 peer ranks. Expected number of connected peer ranks is : 7
2026-03-14T19:52:35.4584826Z [Gloo] Rank 0 is connected to 0 peer ranks. Expected number of connected peer ranks is : 0
2026-03-14T19:52:35.4589723Z [Gloo] Rank 0 is connected to 0 peer ranks. Expected number of connected peer ranks is : 0
2026-03-14T19:52:35.4590198Z [Gloo] Rank 0 is connected to 0 peer ranks. Expected number of connected peer ranks is : 0
2026-03-14T19:52:35.4590618Z [Gloo] Rank 0 is connected to 0 peer ranks. Expected number of connected peer ranks is : 0
2026-03-14T19:52:35.4591086Z [Gloo] Rank 0 is connected to 0 peer ranks. Expected number of connected peer ranks is : 0
2026-03-14T19:52:35.4591629Z [Gloo] Rank 0 is connected to 0 peer ranks. Expected number of connected peer ranks is : 0
2026-03-14T19:52:35.4592128Z [Gloo] Rank 0 is connected to 0 peer ranks. Expected number of connected peer ranks is : 0
2026-03-14T19:52:35.4592602Z [Gloo] Rank 0 is connected to 0 peer ranks. Expected number of connected peer ranks is : 0
2026-03-14T19:52:35.4600907Z [Gloo] Rank 0 is connected to 0 peer ranks. Expected number of connected peer ranks is : 0
2026-03-14T19:52:35.4618526Z [Gloo] Rank 0 is connected to 0 peer ranks. Expected number of connected peer ranks is : 0
2026-03-14T19:52:35.4618990Z [Gloo] Rank 0 is connected to 0 peer ranks. Expected number of connected peer ranks is : 0
2026-03-14T19:52:35.4619437Z [Gloo] Rank 0 is connected to 0 peer ranks. Expected number of connected peer ranks is : 0
2026-03-14T19:52:35.4619887Z [Gloo] Rank 0 is connected to 0 peer ranks. Expected number of connected peer ranks is : 0
2026-03-14T19:52:35.4620315Z [Gloo] Rank 0 is connected to 0 peer ranks. Expected number of connected peer ranks is : 0
2026-03-14T19:52:35.4620772Z [Gloo] Rank 0 is connected to 0 peer ranks. Expected number of connected peer ranks is : 0
2026-03-14T19:52:35.4621231Z [Gloo] Rank 0 is connected to 0 peer ranks. Expected number of connected peer ranks is : 0
2026-03-14T19:52:35.4621645Z [Gloo] Rank 0 is connected to 0 peer ranks. Expected number of connected peer ranks is : 0
2026-03-14T19:52:35.4639071Z [Gloo] Rank 0 is connected to 0 peer ranks. Expected number of connected peer ranks is : 0
2026-03-14T19:52:35.4640233Z [Gloo] Rank 0 is connected to 0 peer ranks. Expected number of connected peer ranks is : 0
2026-03-14T19:52:35.4640658Z [Gloo] Rank 0 is connected to 0 peer ranks. Expected number of connected peer ranks is : 0
2026-03-14T19:52:35.4641202Z [Gloo] Rank 0 is connected to 0 peer ranks. Expected number of connected peer ranks is : 0
2026-03-14T19:52:35.4641620Z [Gloo] Rank 0 is connected to 0 peer ranks. Expected number of connected peer ranks is : 0
2026-03-14T19:52:35.4642172Z [Gloo] Rank 0 is connected to 0 peer ranks. Expected number of connected peer ranks is : 0
2026-03-14T19:52:35.4642629Z [Gloo] Rank 0 is connected to 0 peer ranks. Expected number of connected peer ranks is : 0
2026-03-14T19:52:35.5147138Z [Gloo] Rank 0 is connected to 0 peer ranks. Expected number of connected peer ranks is : 0
2026-03-14T19:52:35.5147620Z [Gloo] Rank 0 is connected to 0 peer ranks. Expected number of connected peer ranks is : 0
2026-03-14T19:52:35.5148045Z [Gloo] Rank 0 is connected to 0 peer ranks. Expected number of connected peer ranks is : 0
2026-03-14T19:52:35.5148563Z [Gloo] Rank 0 is connected to 0 peer ranks. Expected number of connected peer ranks is : 0
2026-03-14T19:52:35.5149035Z [Gloo] Rank 0 is connected to 0 peer ranks. Expected number of connected peer ranks is : 0
2026-03-14T19:52:35.5149457Z [Gloo] Rank 0 is connected to 0 peer ranks. Expected number of connected peer ranks is : 0
2026-03-14T19:52:35.5149963Z [Gloo] Rank 0 is connected to 0 peer ranks. Expected number of connected peer ranks is : 0
2026-03-14T19:52:35.5150422Z [Gloo] Rank 0 is connected to 0 peer ranks. Expected number of connected peer ranks is : 0
2026-03-14T19:52:35.5172151Z [Gloo] Rank 0 is connected to 0 peer ranks. Expected number of connected peer ranks is : 0
2026-03-14T19:52:35.5172768Z [Gloo] Rank 0 is connected to 0 peer ranks. Expected number of connected peer ranks is : 0
2026-03-14T19:52:35.5173218Z [Gloo] Rank 0 is connected to 0 peer ranks. Expected number of connected peer ranks is : 0
2026-03-14T19:52:35.5173644Z [Gloo] Rank 0 is connected to 0 peer ranks. Expected number of connected peer ranks is : 0
2026-03-14T19:52:35.5174090Z [Gloo] Rank 0 is connected to 0 peer ranks. Expected number of connected peer ranks is : 0
2026-03-14T19:52:35.5174505Z [Gloo] Rank 0 is connected to 0 peer ranks. Expected number of connected peer ranks is : 0
2026-03-14T19:52:35.5174961Z [Gloo] Rank 0 is connected to 0 peer ranks. Expected number of connected peer ranks is : 0
2026-03-14T19:52:35.5175501Z [Gloo] Rank 0 is connected to 0 peer ranks. Expected number of connected peer ranks is : 0
2026-03-14T19:52:35.5195675Z [Gloo] Rank 0 is connected to 0 peer ranks. Expected number of connected peer ranks is : 0
2026-03-14T19:52:35.5196219Z [Gloo] Rank 0 is connected to 0 peer ranks. Expected number of connected peer ranks is : 0
2026-03-14T19:52:35.5196669Z [Gloo] Rank 0 is connected to 0 peer ranks. Expected number of connected peer ranks is : 0
2026-03-14T19:52:35.5197088Z [Gloo] Rank 0 is connected to 0 peer ranks. Expected number of connected peer ranks is : 0
2026-03-14T19:52:35.5197528Z [Gloo] Rank 0 is connected to 0 peer ranks. Expected number of connected peer ranks is : 0
2026-03-14T19:52:35.5197943Z [Gloo] Rank 0 is connected to 0 peer ranks. Expected number of connected peer ranks is : 0
2026-03-14T19:52:35.5198482Z [Gloo] Rank 0 is connected to 0 peer ranks. Expected number of connected peer ranks is : 0
2026-03-14T19:52:35.5198923Z [Gloo] Rank 0 is connected to 0 peer ranks. Expected number of connected peer ranks is : 0
2026-03-14T19:52:35.5223976Z [Gloo] Rank 0 is connected to 1 peer ranks. Expected number of connected peer ranks is : 1
2026-03-14T19:52:35.5224452Z [Gloo] Rank 0 is connected to 1 peer ranks. Expected number of connected peer ranks is : 1
2026-03-14T19:52:35.5224893Z [Gloo] Rank 1 is connected to 1 peer ranks. Expected number of connected peer ranks is : 1
2026-03-14T19:52:35.5225348Z [Gloo] Rank 0 is connected to 1 peer ranks. Expected number of connected peer ranks is : 1
2026-03-14T19:52:35.5225809Z [Gloo] Rank 1 is connected to 1 peer ranks. Expected number of connected peer ranks is : 1
2026-03-14T19:52:35.5226296Z [Gloo] Rank 1 is connected to 1 peer ranks. Expected number of connected peer ranks is : 1
2026-03-14T19:52:35.5226834Z [Gloo] Rank 0 is connected to 1 peer ranks. Expected number of connected peer ranks is : 1
2026-03-14T19:52:35.5227264Z [Gloo] Rank 0 is connected to 1 peer ranks. Expected number of connected peer ranks is : 1
2026-03-14T19:52:35.5227713Z [Gloo] Rank 1 is connected to 1 peer ranks. Expected number of connected peer ranks is : 1
2026-03-14T19:52:35.5228228Z [Gloo] Rank 1 is connected to 1 peer ranks. Expected number of connected peer ranks is : 1
2026-03-14T19:52:35.5228657Z [Gloo] Rank 0 is connected to 1 peer ranks. Expected number of connected peer ranks is : 1
2026-03-14T19:52:35.5229099Z [Gloo] Rank 1 is connected to 1 peer ranks. Expected number of connected peer ranks is : 1
2026-03-14T19:52:35.5229544Z [Gloo] Rank 1 is connected to 1 peer ranks. Expected number of connected peer ranks is : 1
2026-03-14T19:52:35.5229967Z [Gloo] Rank 0 is connected to 1 peer ranks. Expected number of connected peer ranks is : 1
2026-03-14T19:52:35.5264806Z [Gloo] Rank 0 is connected to 1 peer ranks. Expected number of connected peer ranks is : 1
2026-03-14T19:52:35.5265250Z [Gloo] Rank 1 is connected to 1 peer ranks. Expected number of connected peer ranks is : 1
2026-03-14T19:52:35.5334779Z [Gloo] Rank 0 is connected to 15 peer ranks. Expected number of connected peer ranks is : 15
2026-03-14T19:52:35.5341217Z (Worker pid=1530) INFO 03-14 19:52:35 [parallel_state.py:1715] rank 0 in world size 16 is assigned as DP rank 0, PP rank 0, PCP rank 0, TP rank 0, EP rank 0, EPLB rank N/A
2026-03-14T19:52:35.5844567Z [Gloo] Rank 1 is connected to 15 peer ranks. Expected number of connected peer ranks is : 15
2026-03-14T19:52:35.5845069Z [Gloo] Rank 2 is connected to 15 peer ranks. Expected number of connected peer ranks is : 15
2026-03-14T19:52:35.5845548Z [Gloo] Rank 7 is connected to 15 peer ranks. Expected number of connected peer ranks is : 15
2026-03-14T19:52:35.5845987Z [Gloo] Rank 3 is connected to 15 peer ranks. Expected number of connected peer ranks is : 15
2026-03-14T19:52:35.5848963Z (Worker pid=1682) INFO 03-14 19:52:35 [parallel_state.py:1715] rank 2 in world size 16 is assigned as DP rank 0, PP rank 0, PCP rank 0, TP rank 2, EP rank 2, EPLB rank N/A
2026-03-14T19:52:35.5849749Z (Worker pid=1565) INFO 03-14 19:52:35 [parallel_state.py:1715] rank 1 in world size 16 is assigned as DP rank 0, PP rank 0, PCP rank 0, TP rank 1, EP rank 1, EPLB rank N/A
2026-03-14T19:52:35.5852942Z (Worker pid=1788) INFO 03-14 19:52:35 [parallel_state.py:1715] rank 3 in world size 16 is assigned as DP rank 0, PP rank 0, PCP rank 0, TP rank 3, EP rank 3, EPLB rank N/A
2026-03-14T19:52:35.5853699Z (Worker pid=2210) INFO 03-14 19:52:35 [parallel_state.py:1715] rank 7 in world size 16 is assigned as DP rank 0, PP rank 0, PCP rank 0, TP rank 7, EP rank 7, EPLB rank N/A
2026-03-14T19:52:35.5922712Z [Gloo] Rank 6 is connected to 15 peer ranks. Expected number of connected peer ranks is : 15
2026-03-14T19:52:35.5929235Z (Worker pid=2106) INFO 03-14 19:52:35 [parallel_state.py:1715] rank 6 in world size 16 is assigned as DP rank 0, PP rank 0, PCP rank 0, TP rank 6, EP rank 6, EPLB rank N/A
2026-03-14T19:52:35.6243611Z [Gloo] Rank 4 is connected to 15 peer ranks. Expected number of connected peer ranks is : 15
2026-03-14T19:52:35.6244135Z [Gloo] Rank 12 is connected to 15 peer ranks. Expected number of connected peer ranks is : 15
2026-03-14T19:52:35.6247555Z (Worker pid=1894) INFO 03-14 19:52:35 [parallel_state.py:1715] rank 4 in world size 16 is assigned as DP rank 0, PP rank 0, PCP rank 0, TP rank 4, EP rank 4, EPLB rank N/A
2026-03-14T19:52:35.6292413Z (Worker pid=1898) INFO 03-14 19:52:35 [parallel_state.py:1715] rank 12 in world size 16 is assigned as DP rank 1, PP rank 0, PCP rank 0, TP rank 4, EP rank 12, EPLB rank N/A
2026-03-14T19:52:35.6323615Z [Gloo] Rank 5 is connected to 15 peer ranks. Expected number of connected peer ranks is : 15
2026-03-14T19:52:35.6329688Z (Worker pid=2000) INFO 03-14 19:52:35 [parallel_state.py:1715] rank 5 in world size 16 is assigned as DP rank 0, PP rank 0, PCP rank 0, TP rank 5, EP rank 5, EPLB rank N/A
2026-03-14T19:52:35.6361158Z [Gloo] Rank 8 is connected to 15 peer ranks. Expected number of connected peer ranks is : 15
2026-03-14T19:52:35.6362121Z [Gloo] Rank 13 is connected to 15 peer ranks. Expected number of connected peer ranks is : 15
2026-03-14T19:52:35.6365182Z (Worker pid=1529) INFO 03-14 19:52:35 [parallel_state.py:1715] rank 8 in world size 16 is assigned as DP rank 1, PP rank 0, PCP rank 0, TP rank 0, EP rank 8, EPLB rank N/A
2026-03-14T19:52:35.6367190Z (Worker pid=2004) INFO 03-14 19:52:35 [parallel_state.py:1715] rank 13 in world size 16 is assigned as DP rank 1, PP rank 0, PCP rank 0, TP rank 5, EP rank 13, EPLB rank N/A
2026-03-14T19:52:35.6643258Z [Gloo] Rank 10 is connected to 15 peer ranks. Expected number of connected peer ranks is : 15
2026-03-14T19:52:35.6648343Z (Worker pid=1686) INFO 03-14 19:52:35 [parallel_state.py:1715] rank 10 in world size 16 is assigned as DP rank 1, PP rank 0, PCP rank 0, TP rank 2, EP rank 10, EPLB rank N/A
2026-03-14T19:52:35.6682804Z [Gloo] Rank 11 is connected to 15 peer ranks. Expected number of connected peer ranks is : 15
2026-03-14T19:52:35.6683257Z [Gloo] Rank 14 is connected to 15 peer ranks. Expected number of connected peer ranks is : 15
2026-03-14T19:52:35.6689088Z (Worker pid=1792) INFO 03-14 19:52:35 [parallel_state.py:1715] rank 11 in world size 16 is assigned as DP rank 1, PP rank 0, PCP rank 0, TP rank 3, EP rank 11, EPLB rank N/A
2026-03-14T19:52:35.6689932Z (Worker pid=2110) INFO 03-14 19:52:35 [parallel_state.py:1715] rank 14 in world size 16 is assigned as DP rank 1, PP rank 0, PCP rank 0, TP rank 6, EP rank 14, EPLB rank N/A
2026-03-14T19:52:35.6721962Z [Gloo] Rank 9 is connected to 15 peer ranks. Expected number of connected peer ranks is : 15
2026-03-14T19:52:35.6722589Z [Gloo] Rank 15 is connected to 15 peer ranks. Expected number of connected peer ranks is : 15
2026-03-14T19:52:35.6726554Z (Worker pid=2220) INFO 03-14 19:52:35 [parallel_state.py:1715] rank 15 in world size 16 is assigned as DP rank 1, PP rank 0, PCP rank 0, TP rank 7, EP rank 15, EPLB rank N/A
2026-03-14T19:52:35.6727975Z (Worker pid=1570) INFO 03-14 19:52:35 [parallel_state.py:1715] rank 9 in world size 16 is assigned as DP rank 1, PP rank 0, PCP rank 0, TP rank 1, EP rank 9, EPLB rank N/A
2026-03-14T19:52:35.6771476Z [Gloo] Rank 0 is connected to 15 peer ranks. Expected number of connected peer ranks is : 15
2026-03-14T19:52:35.6771959Z [Gloo] Rank 1 is connected to 15 peer ranks. Expected number of connected peer ranks is : 15
2026-03-14T19:52:35.6773230Z [Gloo] Rank 4 is connected to 15 peer ranks. Expected number of connected peer ranks is : 15
2026-03-14T19:52:35.6773679Z [Gloo] Rank 2 is connected to 15 peer ranks. Expected number of connected peer ranks is : 15
2026-03-14T19:52:35.6774400Z [Gloo] Rank 3 is connected to 15 peer ranks. Expected number of connected peer ranks is : 15
2026-03-14T19:52:35.6779084Z [Gloo] Rank 5 is connected to 15 peer ranks. Expected number of connected peer ranks is : 15
2026-03-14T19:52:35.6779595Z [Gloo] Rank 6 is connected to 15 peer ranks. Expected number of connected peer ranks is : 15
2026-03-14T19:52:35.6780385Z [Gloo] Rank 7 is connected to 15 peer ranks. Expected number of connected peer ranks is : 15
2026-03-14T19:52:35.6780898Z [Gloo] Rank 9 is connected to 15 peer ranks. Expected number of connected peer ranks is : 15
2026-03-14T19:52:35.6781471Z [Gloo] Rank 8 is connected to 15 peer ranks. Expected number of connected peer ranks is : 15
2026-03-14T19:52:35.6781959Z [Gloo] Rank 10 is connected to 15 peer ranks. Expected number of connected peer ranks is : 15
2026-03-14T19:52:35.6782518Z [Gloo] Rank 11 is connected to 15 peer ranks. Expected number of connected peer ranks is : 15
2026-03-14T19:52:35.6783015Z [Gloo] Rank 12 is connected to 15 peer ranks. Expected number of connected peer ranks is : 15
2026-03-14T19:52:35.6783484Z [Gloo] Rank 13 is connected to 15 peer ranks. Expected number of connected peer ranks is : 15
2026-03-14T19:52:35.6783921Z [Gloo] Rank 14 is connected to 15 peer ranks. Expected number of connected peer ranks is : 15
2026-03-14T19:52:35.6784624Z [Gloo] Rank 15 is connected to 15 peer ranks. Expected number of connected peer ranks is : 15
2026-03-14T19:52:35.6864647Z [Gloo] Rank 0 is connected to 1 peer ranks. Expected number of connected peer ranks is : 1
2026-03-14T19:52:35.6865143Z [Gloo] Rank 1 is connected to 1 peer ranks. Expected number of connected peer ranks is : 1
2026-03-14T19:52:35.6865638Z [Gloo] Rank 1 is connected to 1 peer ranks. Expected number of connected peer ranks is : 1
2026-03-14T19:52:35.6866059Z [Gloo] Rank 0 is connected to 1 peer ranks. Expected number of connected peer ranks is : 1
2026-03-14T19:52:35.6866506Z [Gloo] Rank 1 is connected to 1 peer ranks. Expected number of connected peer ranks is : 1
2026-03-14T19:52:35.6866976Z [Gloo] Rank 0 is connected to 1 peer ranks. Expected number of connected peer ranks is : 1
2026-03-14T19:52:35.6867387Z [Gloo] Rank 1 is connected to 1 peer ranks. Expected number of connected peer ranks is : 1
2026-03-14T19:52:35.6867822Z [Gloo] Rank 0 is connected to 1 peer ranks. Expected number of connected peer ranks is : 1
2026-03-14T19:52:35.6868303Z [Gloo] Rank 0 is connected to 1 peer ranks. Expected number of connected peer ranks is : 1
2026-03-14T19:52:35.6868759Z [Gloo] Rank 1 is connected to 1 peer ranks. Expected number of connected peer ranks is : 1
2026-03-14T19:52:35.6869199Z [Gloo] Rank 0 is connected to 1 peer ranks. Expected number of connected peer ranks is : 1
2026-03-14T19:52:35.6869629Z [Gloo] Rank 1 is connected to 1 peer ranks. Expected number of connected peer ranks is : 1
2026-03-14T19:52:35.6870076Z [Gloo] Rank 0 is connected to 1 peer ranks. Expected number of connected peer ranks is : 1
2026-03-14T19:52:35.6870497Z [Gloo] Rank 1 is connected to 1 peer ranks. Expected number of connected peer ranks is : 1
2026-03-14T19:52:35.6870939Z [Gloo] Rank 0 is connected to 1 peer ranks. Expected number of connected peer ranks is : 1
2026-03-14T19:52:35.6871372Z [Gloo] Rank 1 is connected to 1 peer ranks. Expected number of connected peer ranks is : 1
2026-03-14T19:52:39.3559254Z (Worker pid=2210) INFO 03-14 19:52:39 [cpu_binding.py:320] [cpu_bind_mode] mode=global_slice rank=7 visible_npus=[0, 1, 2, 3, 4, 5, 6, 7]
2026-03-14T19:52:39.3559939Z (Worker pid=2210) INFO 03-14 19:52:39 [cpu_binding.py:367] The CPU allocation plan is as follows:
2026-03-14T19:52:39.3560766Z (Worker pid=2210) INFO 03-14 19:52:39 [cpu_binding.py:372] NPU7: main=[142 143 144 145 146 147 148 149 150 151 152 153 154 155 156 157]  acl=[158]  release=[[159]]
2026-03-14T19:52:39.4352428Z (Worker pid=2210) INFO 03-14 19:52:39 [cpu_binding.py:383] The 'migratepages' command is not available, skipping memory binding.
2026-03-14T19:52:39.4949759Z (Worker pid=2210) WARNING 03-14 19:52:39 [__init__.py:204] min_p and logit_bias parameters won't work with speculative decoding.
2026-03-14T19:52:39.5068821Z (Worker pid=2210) INFO 03-14 19:52:39 [base.py:106] Offloader set to NoopOffloader
2026-03-14T19:52:39.5073672Z (Worker pid=2110) INFO 03-14 19:52:39 [cpu_binding.py:320] [cpu_bind_mode] mode=global_slice rank=6 visible_npus=[8, 9, 10, 11, 12, 13, 14, 15]
2026-03-14T19:52:39.5074913Z (Worker pid=2110) INFO 03-14 19:52:39 [cpu_binding.py:367] The CPU allocation plan is as follows:
2026-03-14T19:52:39.5077584Z (Worker pid=2110) INFO 03-14 19:52:39 [cpu_binding.py:372] NPU14: main=[282 283 284 285 286 287 288 289 290 291 292 293 294 295 296 297]  acl=[298]  release=[[299]]
2026-03-14T19:52:39.5364678Z (Worker pid=2210) WARNING 03-14 19:52:39 [__init__.py:204] min_p and logit_bias parameters won't work with speculative decoding.
2026-03-14T19:52:39.5383057Z (Worker pid=2210) (Worker_DP0_TP7_EP7 pid=2210) INFO 03-14 19:52:39 [model_runner_v1.py:2511] Starting to load model /root/.cache/modelscope/hub/models/vllm-ascend/DeepSeek-V3___2-W8A8...
2026-03-14T19:52:39.5652111Z (Worker pid=2110) INFO 03-14 19:52:39 [cpu_binding.py:383] The 'migratepages' command is not available, skipping memory binding.
2026-03-14T19:52:39.5959918Z (Worker pid=2110) WARNING 03-14 19:52:39 [__init__.py:204] min_p and logit_bias parameters won't work with speculative decoding.
2026-03-14T19:52:39.6055565Z (Worker pid=2110) INFO 03-14 19:52:39 [base.py:106] Offloader set to NoopOffloader
2026-03-14T19:52:39.6148641Z (Worker pid=2110) WARNING 03-14 19:52:39 [__init__.py:204] min_p and logit_bias parameters won't work with speculative decoding.
2026-03-14T19:52:39.6160343Z (Worker pid=2110) (Worker_DP1_TP6_EP14 pid=2110) INFO 03-14 19:52:39 [model_runner_v1.py:2511] Starting to load model /root/.cache/modelscope/hub/models/vllm-ascend/DeepSeek-V3___2-W8A8...
2026-03-14T19:52:39.7322506Z (Worker pid=2004) INFO 03-14 19:52:39 [cpu_binding.py:320] [cpu_bind_mode] mode=global_slice rank=5 visible_npus=[8, 9, 10, 11, 12, 13, 14, 15]
2026-03-14T19:52:39.7323131Z (Worker pid=2004) INFO 03-14 19:52:39 [cpu_binding.py:367] The CPU allocation plan is as follows:
2026-03-14T19:52:39.7323711Z (Worker pid=2004) INFO 03-14 19:52:39 [cpu_binding.py:372] NPU13: main=[262 263 264 265 266 267 268 269 270 271 272 273 274 275 276 277]  acl=[278]  release=[[279]]
2026-03-14T19:52:39.8010219Z (Worker pid=2004) INFO 03-14 19:52:39 [cpu_binding.py:383] The 'migratepages' command is not available, skipping memory binding.
2026-03-14T19:52:39.8403862Z (Worker pid=2004) WARNING 03-14 19:52:39 [__init__.py:204] min_p and logit_bias parameters won't work with speculative decoding.
2026-03-14T19:52:39.8501453Z (Worker pid=2004) INFO 03-14 19:52:39 [base.py:106] Offloader set to NoopOffloader
2026-03-14T19:52:39.8599296Z (Worker pid=2004) WARNING 03-14 19:52:39 [__init__.py:204] min_p and logit_bias parameters won't work with speculative decoding.
2026-03-14T19:52:39.8611773Z (Worker pid=2004) (Worker_DP1_TP5_EP13 pid=2004) INFO 03-14 19:52:39 [model_runner_v1.py:2511] Starting to load model /root/.cache/modelscope/hub/models/vllm-ascend/DeepSeek-V3___2-W8A8...
2026-03-14T19:52:39.9687734Z (Worker pid=2220) INFO 03-14 19:52:39 [cpu_binding.py:320] [cpu_bind_mode] mode=global_slice rank=7 visible_npus=[8, 9, 10, 11, 12, 13, 14, 15]
2026-03-14T19:52:39.9688444Z (Worker pid=2220) INFO 03-14 19:52:39 [cpu_binding.py:367] The CPU allocation plan is as follows:
2026-03-14T19:52:39.9689001Z (Worker pid=2220) INFO 03-14 19:52:39 [cpu_binding.py:372] NPU15: main=[302 303 304 305 306 307 308 309 310 311 312 313 314 315 316 317]  acl=[318]  release=[[319]]
2026-03-14T19:52:40.0236486Z (Worker pid=2220) INFO 03-14 19:52:40 [cpu_binding.py:383] The 'migratepages' command is not available, skipping memory binding.
2026-03-14T19:52:40.0571260Z (Worker pid=2220) WARNING 03-14 19:52:40 [__init__.py:204] min_p and logit_bias parameters won't work with speculative decoding.
2026-03-14T19:52:40.0668417Z (Worker pid=2220) INFO 03-14 19:52:40 [base.py:106] Offloader set to NoopOffloader
2026-03-14T19:52:40.0768892Z (Worker pid=2220) WARNING 03-14 19:52:40 [__init__.py:204] min_p and logit_bias parameters won't work with speculative decoding.
2026-03-14T19:52:40.0781486Z (Worker pid=2220) (Worker_DP1_TP7_EP15 pid=2220) INFO 03-14 19:52:40 [model_runner_v1.py:2511] Starting to load model /root/.cache/modelscope/hub/models/vllm-ascend/DeepSeek-V3___2-W8A8...
2026-03-14T19:52:40.2031195Z (Worker pid=2000) INFO 03-14 19:52:40 [cpu_binding.py:320] [cpu_bind_mode] mode=global_slice rank=5 visible_npus=[0, 1, 2, 3, 4, 5, 6, 7]
2026-03-14T19:52:40.2031896Z (Worker pid=2000) INFO 03-14 19:52:40 [cpu_binding.py:367] The CPU allocation plan is as follows:
2026-03-14T19:52:40.2032621Z (Worker pid=2000) INFO 03-14 19:52:40 [cpu_binding.py:372] NPU5: main=[102 103 104 105 106 107 108 109 110 111 112 113 114 115 116 117]  acl=[118]  release=[[119]]
2026-03-14T19:52:40.2537682Z (Worker pid=2000) INFO 03-14 19:52:40 [cpu_binding.py:383] The 'migratepages' command is not available, skipping memory binding.
2026-03-14T19:52:40.2822137Z (Worker pid=2000) WARNING 03-14 19:52:40 [__init__.py:204] min_p and logit_bias parameters won't work with speculative decoding.
2026-03-14T19:52:40.2914661Z (Worker pid=2000) INFO 03-14 19:52:40 [base.py:106] Offloader set to NoopOffloader
2026-03-14T19:52:40.3004097Z (Worker pid=2000) WARNING 03-14 19:52:40 [__init__.py:204] min_p and logit_bias parameters won't work with speculative decoding.
2026-03-14T19:52:40.3014845Z (Worker pid=2000) (Worker_DP0_TP5_EP5 pid=2000) INFO 03-14 19:52:40 [model_runner_v1.py:2511] Starting to load model /root/.cache/modelscope/hub/models/vllm-ascend/DeepSeek-V3___2-W8A8...
2026-03-14T19:52:40.3838326Z (Worker pid=1686) INFO 03-14 19:52:40 [cpu_binding.py:320] [cpu_bind_mode] mode=global_slice rank=2 visible_npus=[8, 9, 10, 11, 12, 13, 14, 15]
2026-03-14T19:52:40.3838950Z (Worker pid=1686) INFO 03-14 19:52:40 [cpu_binding.py:367] The CPU allocation plan is as follows:
2026-03-14T19:52:40.3839666Z (Worker pid=1686) INFO 03-14 19:52:40 [cpu_binding.py:372] NPU10: main=[202 203 204 205 206 207 208 209 210 211 212 213 214 215 216 217]  acl=[218]  release=[[219]]
2026-03-14T19:52:40.4088141Z (Worker pid=2110) (Worker_DP1_TP6_EP14 pid=2110) INFO 03-14 19:52:40 [layer.py:456] [EP Rank 14/16] Expert parallelism is enabled. Expert placement strategy: linear. Local/global number of experts: 16/256. Experts local to global index map: 0->224, 1->225, 2->226, 3->227, 4->228, 5->229, 6->230, 7->231, 8->232, 9->233, 10->234, 11->235, 12->236, 13->237, 14->238, 15->239.
2026-03-14T19:52:40.4429507Z (Worker pid=1686) INFO 03-14 19:52:40 [cpu_binding.py:383] The 'migratepages' command is not available, skipping memory binding.
2026-03-14T19:52:40.4734499Z (Worker pid=2210) (Worker_DP0_TP7_EP7 pid=2210) INFO 03-14 19:52:40 [layer.py:456] [EP Rank 7/16] Expert parallelism is enabled. Expert placement strategy: linear. Local/global number of experts: 16/256. Experts local to global index map: 0->112, 1->113, 2->114, 3->115, 4->116, 5->117, 6->118, 7->119, 8->120, 9->121, 10->122, 11->123, 12->124, 13->125, 14->126, 15->127.
2026-03-14T19:52:40.5071519Z (Worker pid=1686) WARNING 03-14 19:52:40 [__init__.py:204] min_p and logit_bias parameters won't work with speculative decoding.
2026-03-14T19:52:40.5144160Z (Worker pid=1565) INFO 03-14 19:52:40 [cpu_binding.py:320] [cpu_bind_mode] mode=global_slice rank=1 visible_npus=[0, 1, 2, 3, 4, 5, 6, 7]
2026-03-14T19:52:40.5145479Z (Worker pid=1565) INFO 03-14 19:52:40 [cpu_binding.py:367] The CPU allocation plan is as follows:
2026-03-14T19:52:40.5146125Z (Worker pid=1565) INFO 03-14 19:52:40 [cpu_binding.py:372] NPU1: main=[22 23 24 25 26 27 28 29 30 31 32 33 34 35 36 37]  acl=[38]  release=[[39]]
2026-03-14T19:52:40.5204005Z (Worker pid=1686) INFO 03-14 19:52:40 [base.py:106] Offloader set to NoopOffloader
2026-03-14T19:52:40.5335750Z (Worker pid=1686) WARNING 03-14 19:52:40 [__init__.py:204] min_p and logit_bias parameters won't work with speculative decoding.
2026-03-14T19:52:40.5353362Z (Worker pid=1686) (Worker_DP1_TP2_EP10 pid=1686) INFO 03-14 19:52:40 [model_runner_v1.py:2511] Starting to load model /root/.cache/modelscope/hub/models/vllm-ascend/DeepSeek-V3___2-W8A8...
2026-03-14T19:52:40.5685886Z (Worker pid=1565) INFO 03-14 19:52:40 [cpu_binding.py:383] The 'migratepages' command is not available, skipping memory binding.
2026-03-14T19:52:40.6010792Z (Worker pid=1565) WARNING 03-14 19:52:40 [__init__.py:204] min_p and logit_bias parameters won't work with speculative decoding.
2026-03-14T19:52:40.6111496Z (Worker pid=1565) INFO 03-14 19:52:40 [base.py:106] Offloader set to NoopOffloader
2026-03-14T19:52:40.6223463Z (Worker pid=1565) WARNING 03-14 19:52:40 [__init__.py:204] min_p and logit_bias parameters won't work with speculative decoding.
2026-03-14T19:52:40.6236633Z (Worker pid=1565) (Worker_DP0_TP1_EP1 pid=1565) INFO 03-14 19:52:40 [model_runner_v1.py:2511] Starting to load model /root/.cache/modelscope/hub/models/vllm-ascend/DeepSeek-V3___2-W8A8...
2026-03-14T19:52:40.6285914Z (Worker pid=2004) (Worker_DP1_TP5_EP13 pid=2004) INFO 03-14 19:52:40 [layer.py:456] [EP Rank 13/16] Expert parallelism is enabled. Expert placement strategy: linear. Local/global number of experts: 16/256. Experts local to global index map: 0->208, 1->209, 2->210, 3->211, 4->212, 5->213, 6->214, 7->215, 8->216, 9->217, 10->218, 11->219, 12->220, 13->221, 14->222, 15->223.
2026-03-14T19:52:40.7263471Z (Worker pid=1570) INFO 03-14 19:52:40 [cpu_binding.py:320] [cpu_bind_mode] mode=global_slice rank=1 visible_npus=[8, 9, 10, 11, 12, 13, 14, 15]
2026-03-14T19:52:40.7264065Z (Worker pid=1570) INFO 03-14 19:52:40 [cpu_binding.py:367] The CPU allocation plan is as follows:
2026-03-14T19:52:40.7264641Z (Worker pid=1570) INFO 03-14 19:52:40 [cpu_binding.py:372] NPU9: main=[182 183 184 185 186 187 188 189 190 191 192 193 194 195 196 197]  acl=[198]  release=[[199]]
2026-03-14T19:52:40.7734836Z (Worker pid=2220) (Worker_DP1_TP7_EP15 pid=2220) INFO 03-14 19:52:40 [layer.py:456] [EP Rank 15/16] Expert parallelism is enabled. Expert placement strategy: linear. Local/global number of experts: 16/256. Experts local to global index map: 0->240, 1->241, 2->242, 3->243, 4->244, 5->245, 6->246, 7->247, 8->248, 9->249, 10->250, 11->251, 12->252, 13->253, 14->254, 15->255.
2026-03-14T19:52:40.7838910Z (Worker pid=1570) INFO 03-14 19:52:40 [cpu_binding.py:383] The 'migratepages' command is not available, skipping memory binding.
2026-03-14T19:52:40.8208310Z (Worker pid=1570) WARNING 03-14 19:52:40 [__init__.py:204] min_p and logit_bias parameters won't work with speculative decoding.
2026-03-14T19:52:40.8308881Z (Worker pid=1570) INFO 03-14 19:52:40 [base.py:106] Offloader set to NoopOffloader
2026-03-14T19:52:40.8411087Z (Worker pid=1570) WARNING 03-14 19:52:40 [__init__.py:204] min_p and logit_bias parameters won't work with speculative decoding.
2026-03-14T19:52:40.8423325Z (Worker pid=1570) (Worker_DP1_TP1_EP9 pid=1570) INFO 03-14 19:52:40 [model_runner_v1.py:2511] Starting to load model /root/.cache/modelscope/hub/models/vllm-ascend/DeepSeek-V3___2-W8A8...
2026-03-14T19:52:40.9950060Z (Worker pid=2000) (Worker_DP0_TP5_EP5 pid=2000) INFO 03-14 19:52:40 [layer.py:456] [EP Rank 5/16] Expert parallelism is enabled. Expert placement strategy: linear. Local/global number of experts: 16/256. Experts local to global index map: 0->80, 1->81, 2->82, 3->83, 4->84, 5->85, 6->86, 7->87, 8->88, 9->89, 10->90, 11->91, 12->92, 13->93, 14->94, 15->95.
2026-03-14T19:52:41.1722614Z (Worker pid=1530) INFO 03-14 19:52:41 [cpu_binding.py:320] [cpu_bind_mode] mode=global_slice rank=0 visible_npus=[0, 1, 2, 3, 4, 5, 6, 7]
2026-03-14T19:52:41.1723467Z (Worker pid=1530) INFO 03-14 19:52:41 [cpu_binding.py:367] The CPU allocation plan is as follows:
2026-03-14T19:52:41.1724077Z (Worker pid=1530) INFO 03-14 19:52:41 [cpu_binding.py:372] NPU0: main=[2 3 4 5 6 7 8 9 10 11 12 13 14 15 16 17]  acl=[18]  release=[[19]]
2026-03-14T19:52:41.2385619Z (Worker pid=1530) INFO 03-14 19:52:41 [cpu_binding.py:383] The 'migratepages' command is not available, skipping memory binding.
2026-03-14T19:52:41.2713594Z (Worker pid=1530) WARNING 03-14 19:52:41 [__init__.py:204] min_p and logit_bias parameters won't work with speculative decoding.
2026-03-14T19:52:41.2813908Z (Worker pid=1530) INFO 03-14 19:52:41 [base.py:106] Offloader set to NoopOffloader
2026-03-14T19:52:41.2916456Z (Worker pid=1530) WARNING 03-14 19:52:41 [__init__.py:204] min_p and logit_bias parameters won't work with speculative decoding.
2026-03-14T19:52:41.2929077Z (Worker pid=1530) (Worker_DP0_TP0_EP0 pid=1530) INFO 03-14 19:52:41 [model_runner_v1.py:2511] Starting to load model /root/.cache/modelscope/hub/models/vllm-ascend/DeepSeek-V3___2-W8A8...
2026-03-14T19:52:41.3504712Z (Worker pid=1529) INFO 03-14 19:52:41 [cpu_binding.py:320] [cpu_bind_mode] mode=global_slice rank=0 visible_npus=[8, 9, 10, 11, 12, 13, 14, 15]
2026-03-14T19:52:41.3505314Z (Worker pid=1529) INFO 03-14 19:52:41 [cpu_binding.py:367] The CPU allocation plan is as follows:
2026-03-14T19:52:41.3505868Z (Worker pid=1529) INFO 03-14 19:52:41 [cpu_binding.py:372] NPU8: main=[162 163 164 165 166 167 168 169 170 171 172 173 174 175 176 177]  acl=[178]  release=[[179]]
2026-03-14T19:52:41.4040240Z (Worker pid=1529) INFO 03-14 19:52:41 [cpu_binding.py:383] The 'migratepages' command is not available, skipping memory binding.
2026-03-14T19:52:41.4143488Z (Worker pid=1792) INFO 03-14 19:52:41 [cpu_binding.py:320] [cpu_bind_mode] mode=global_slice rank=3 visible_npus=[8, 9, 10, 11, 12, 13, 14, 15]
2026-03-14T19:52:41.4144067Z (Worker pid=1792) INFO 03-14 19:52:41 [cpu_binding.py:367] The CPU allocation plan is as follows:
2026-03-14T19:52:41.4144617Z (Worker pid=1792) INFO 03-14 19:52:41 [cpu_binding.py:372] NPU11: main=[222 223 224 225 226 227 228 229 230 231 232 233 234 235 236 237]  acl=[238]  release=[[239]]
2026-03-14T19:52:41.4477183Z (Worker pid=1529) WARNING 03-14 19:52:41 [__init__.py:204] min_p and logit_bias parameters won't work with speculative decoding.
2026-03-14T19:52:41.4579533Z (Worker pid=1529) INFO 03-14 19:52:41 [base.py:106] Offloader set to NoopOffloader
2026-03-14T19:52:41.4689720Z (Worker pid=1529) WARNING 03-14 19:52:41 [__init__.py:204] min_p and logit_bias parameters won't work with speculative decoding.
2026-03-14T19:52:41.4702496Z (Worker pid=1529) (Worker_DP1_TP0_EP8 pid=1529) INFO 03-14 19:52:41 [model_runner_v1.py:2511] Starting to load model /root/.cache/modelscope/hub/models/vllm-ascend/DeepSeek-V3___2-W8A8...
2026-03-14T19:52:41.4853357Z (Worker pid=1792) INFO 03-14 19:52:41 [cpu_binding.py:383] The 'migratepages' command is not available, skipping memory binding.
2026-03-14T19:52:41.5216234Z (Worker pid=1792) WARNING 03-14 19:52:41 [__init__.py:204] min_p and logit_bias parameters won't work with speculative decoding.
2026-03-14T19:52:41.5344855Z (Worker pid=1792) INFO 03-14 19:52:41 [base.py:106] Offloader set to NoopOffloader
2026-03-14T19:52:41.5470881Z (Worker pid=1792) WARNING 03-14 19:52:41 [__init__.py:204] min_p and logit_bias parameters won't work with speculative decoding.
2026-03-14T19:52:41.5488244Z (Worker pid=1792) (Worker_DP1_TP3_EP11 pid=1792) INFO 03-14 19:52:41 [model_runner_v1.py:2511] Starting to load model /root/.cache/modelscope/hub/models/vllm-ascend/DeepSeek-V3___2-W8A8...
2026-03-14T19:52:41.6031516Z (Worker pid=1898) INFO 03-14 19:52:41 [cpu_binding.py:320] [cpu_bind_mode] mode=global_slice rank=4 visible_npus=[8, 9, 10, 11, 12, 13, 14, 15]
2026-03-14T19:52:41.6032198Z (Worker pid=1898) INFO 03-14 19:52:41 [cpu_binding.py:367] The CPU allocation plan is as follows:
2026-03-14T19:52:41.6032787Z (Worker pid=1898) INFO 03-14 19:52:41 [cpu_binding.py:372] NPU12: main=[242 243 244 245 246 247 248 249 250 251 252 253 254 255 256 257]  acl=[258]  release=[[259]]
2026-03-14T19:52:41.6128083Z (Worker pid=1788) INFO 03-14 19:52:41 [cpu_binding.py:320] [cpu_bind_mode] mode=global_slice rank=3 visible_npus=[0, 1, 2, 3, 4, 5, 6, 7]
2026-03-14T19:52:41.6128634Z (Worker pid=1788) INFO 03-14 19:52:41 [cpu_binding.py:367] The CPU allocation plan is as follows:
2026-03-14T19:52:41.6129174Z (Worker pid=1788) INFO 03-14 19:52:41 [cpu_binding.py:372] NPU3: main=[62 63 64 65 66 67 68 69 70 71 72 73 74 75 76 77]  acl=[78]  release=[[79]]
2026-03-14T19:52:41.6284408Z (Worker pid=1565) (Worker_DP0_TP1_EP1 pid=1565) INFO 03-14 19:52:41 [layer.py:456] [EP Rank 1/16] Expert parallelism is enabled. Expert placement strategy: linear. Local/global number of experts: 16/256. Experts local to global index map: 0->16, 1->17, 2->18, 3->19, 4->20, 5->21, 6->22, 7->23, 8->24, 9->25, 10->26, 11->27, 12->28, 13->29, 14->30, 15->31.
2026-03-14T19:52:41.6605835Z (Worker pid=1898) INFO 03-14 19:52:41 [cpu_binding.py:383] The 'migratepages' command is not available, skipping memory binding.
2026-03-14T19:52:41.6748383Z (Worker pid=1788) INFO 03-14 19:52:41 [cpu_binding.py:383] The 'migratepages' command is not available, skipping memory binding.
2026-03-14T19:52:41.7004528Z (Worker pid=1898) WARNING 03-14 19:52:41 [__init__.py:204] min_p and logit_bias parameters won't work with speculative decoding.
2026-03-14T19:52:41.7143288Z (Worker pid=1898) INFO 03-14 19:52:41 [base.py:106] Offloader set to NoopOffloader
2026-03-14T19:52:41.7282316Z (Worker pid=1898) WARNING 03-14 19:52:41 [__init__.py:204] min_p and logit_bias parameters won't work with speculative decoding.
2026-03-14T19:52:41.7300702Z (Worker pid=1898) (Worker_DP1_TP4_EP12 pid=1898) INFO 03-14 19:52:41 [model_runner_v1.py:2511] Starting to load model /root/.cache/modelscope/hub/models/vllm-ascend/DeepSeek-V3___2-W8A8...
2026-03-14T19:52:41.7325032Z (Worker pid=1788) WARNING 03-14 19:52:41 [__init__.py:204] min_p and logit_bias parameters won't work with speculative decoding.
2026-03-14T19:52:41.7402771Z (Worker pid=2106) INFO 03-14 19:52:41 [cpu_binding.py:320] [cpu_bind_mode] mode=global_slice rank=6 visible_npus=[0, 1, 2, 3, 4, 5, 6, 7]
2026-03-14T19:52:41.7403579Z (Worker pid=2106) INFO 03-14 19:52:41 [cpu_binding.py:367] The CPU allocation plan is as follows:
2026-03-14T19:52:41.7404219Z (Worker pid=2106) INFO 03-14 19:52:41 [cpu_binding.py:372] NPU6: main=[122 123 124 125 126 127 128 129 130 131 132 133 134 135 136 137]  acl=[138]  release=[[139]]
2026-03-14T19:52:41.7505058Z (Worker pid=1788) INFO 03-14 19:52:41 [base.py:106] Offloader set to NoopOffloader
2026-03-14T19:52:41.7682309Z (Worker pid=1788) WARNING 03-14 19:52:41 [__init__.py:204] min_p and logit_bias parameters won't work with speculative decoding.
2026-03-14T19:52:41.7712230Z (Worker pid=1788) (Worker_DP0_TP3_EP3 pid=1788) INFO 03-14 19:52:41 [model_runner_v1.py:2511] Starting to load model /root/.cache/modelscope/hub/models/vllm-ascend/DeepSeek-V3___2-W8A8...
2026-03-14T19:52:41.7948948Z (Worker pid=2106) INFO 03-14 19:52:41 [cpu_binding.py:383] The 'migratepages' command is not available, skipping memory binding.
2026-03-14T19:52:41.8298563Z (Worker pid=2106) WARNING 03-14 19:52:41 [__init__.py:204] min_p and logit_bias parameters won't work with speculative decoding.
2026-03-14T19:52:41.8433146Z (Worker pid=1570) (Worker_DP1_TP1_EP9 pid=1570) INFO 03-14 19:52:41 [layer.py:456] [EP Rank 9/16] Expert parallelism is enabled. Expert placement strategy: linear. Local/global number of experts: 16/256. Experts local to global index map: 0->144, 1->145, 2->146, 3->147, 4->148, 5->149, 6->150, 7->151, 8->152, 9->153, 10->154, 11->155, 12->156, 13->157, 14->158, 15->159.
2026-03-14T19:52:41.8463855Z (Worker pid=2106) INFO 03-14 19:52:41 [base.py:106] Offloader set to NoopOffloader
2026-03-14T19:52:41.8635630Z (Worker pid=2106) WARNING 03-14 19:52:41 [__init__.py:204] min_p and logit_bias parameters won't work with speculative decoding.
2026-03-14T19:52:41.8646647Z (Worker pid=2106) (Worker_DP0_TP6_EP6 pid=2106) INFO 03-14 19:52:41 [model_runner_v1.py:2511] Starting to load model /root/.cache/modelscope/hub/models/vllm-ascend/DeepSeek-V3___2-W8A8...
2026-03-14T19:52:41.9717590Z (Worker pid=1894) INFO 03-14 19:52:41 [cpu_binding.py:320] [cpu_bind_mode] mode=global_slice rank=4 visible_npus=[0, 1, 2, 3, 4, 5, 6, 7]
2026-03-14T19:52:41.9718231Z (Worker pid=1894) INFO 03-14 19:52:41 [cpu_binding.py:367] The CPU allocation plan is as follows:
2026-03-14T19:52:41.9718785Z (Worker pid=1894) INFO 03-14 19:52:41 [cpu_binding.py:372] NPU4: main=[82 83 84 85 86 87 88 89 90 91 92 93 94 95 96 97]  acl=[98]  release=[[99]]
2026-03-14T19:52:42.0207400Z (Worker pid=1894) INFO 03-14 19:52:42 [cpu_binding.py:383] The 'migratepages' command is not available, skipping memory binding.
2026-03-14T19:52:42.0511687Z (Worker pid=1894) WARNING 03-14 19:52:42 [__init__.py:204] min_p and logit_bias parameters won't work with speculative decoding.
2026-03-14T19:52:42.0601279Z (Worker pid=1682) INFO 03-14 19:52:42 [cpu_binding.py:320] [cpu_bind_mode] mode=global_slice rank=2 visible_npus=[0, 1, 2, 3, 4, 5, 6, 7]
2026-03-14T19:52:42.0601916Z (Worker pid=1682) INFO 03-14 19:52:42 [cpu_binding.py:367] The CPU allocation plan is as follows:
2026-03-14T19:52:42.0602551Z (Worker pid=1682) INFO 03-14 19:52:42 [cpu_binding.py:372] NPU2: main=[42 43 44 45 46 47 48 49 50 51 52 53 54 55 56 57]  acl=[58]  release=[[59]]
2026-03-14T19:52:42.0605001Z (Worker pid=1894) INFO 03-14 19:52:42 [base.py:106] Offloader set to NoopOffloader
2026-03-14T19:52:42.0688328Z (Worker pid=1894) WARNING 03-14 19:52:42 [__init__.py:204] min_p and logit_bias parameters won't work with speculative decoding.
2026-03-14T19:52:42.0699227Z (Worker pid=1894) (Worker_DP0_TP4_EP4 pid=1894) INFO 03-14 19:52:42 [model_runner_v1.py:2511] Starting to load model /root/.cache/modelscope/hub/models/vllm-ascend/DeepSeek-V3___2-W8A8...
2026-03-14T19:52:42.1088908Z (Worker pid=1682) INFO 03-14 19:52:42 [cpu_binding.py:383] The 'migratepages' command is not available, skipping memory binding.
2026-03-14T19:52:42.1423887Z (Worker pid=1682) WARNING 03-14 19:52:42 [__init__.py:204] min_p and logit_bias parameters won't work with speculative decoding.
2026-03-14T19:52:42.1525371Z (Worker pid=1682) INFO 03-14 19:52:42 [base.py:106] Offloader set to NoopOffloader
2026-03-14T19:52:42.1631517Z (Worker pid=1682) WARNING 03-14 19:52:42 [__init__.py:204] min_p and logit_bias parameters won't work with speculative decoding.
2026-03-14T19:52:42.1657524Z (Worker pid=1682) (Worker_DP0_TP2_EP2 pid=1682) INFO 03-14 19:52:42 [model_runner_v1.py:2511] Starting to load model /root/.cache/modelscope/hub/models/vllm-ascend/DeepSeek-V3___2-W8A8...
2026-03-14T19:52:42.1998654Z (Worker pid=1686) (Worker_DP1_TP2_EP10 pid=1686) INFO 03-14 19:52:42 [layer.py:456] [EP Rank 10/16] Expert parallelism is enabled. Expert placement strategy: linear. Local/global number of experts: 16/256. Experts local to global index map: 0->160, 1->161, 2->162, 3->163, 4->164, 5->165, 6->166, 7->167, 8->168, 9->169, 10->170, 11->171, 12->172, 13->173, 14->174, 15->175.
2026-03-14T19:52:42.3316901Z (Worker pid=1530) (Worker_DP0_TP0_EP0 pid=1530) INFO 03-14 19:52:42 [layer.py:456] [EP Rank 0/16] Expert parallelism is enabled. Expert placement strategy: linear. Local/global number of experts: 16/256. Experts local to global index map: 0->0, 1->1, 2->2, 3->3, 4->4, 5->5, 6->6, 7->7, 8->8, 9->9, 10->10, 11->11, 12->12, 13->13, 14->14, 15->15.
2026-03-14T19:52:42.5441190Z (Worker pid=1529) (Worker_DP1_TP0_EP8 pid=1529) INFO 03-14 19:52:42 [layer.py:456] [EP Rank 8/16] Expert parallelism is enabled. Expert placement strategy: linear. Local/global number of experts: 16/256. Experts local to global index map: 0->128, 1->129, 2->130, 3->131, 4->132, 5->133, 6->134, 7->135, 8->136, 9->137, 10->138, 11->139, 12->140, 13->141, 14->142, 15->143.
2026-03-14T19:52:42.7626909Z (Worker pid=1792) (Worker_DP1_TP3_EP11 pid=1792) INFO 03-14 19:52:42 [layer.py:456] [EP Rank 11/16] Expert parallelism is enabled. Expert placement strategy: linear. Local/global number of experts: 16/256. Experts local to global index map: 0->176, 1->177, 2->178, 3->179, 4->180, 5->181, 6->182, 7->183, 8->184, 9->185, 10->186, 11->187, 12->188, 13->189, 14->190, 15->191.
2026-03-14T19:52:42.7812797Z (Worker pid=1894) (Worker_DP0_TP4_EP4 pid=1894) INFO 03-14 19:52:42 [layer.py:456] [EP Rank 4/16] Expert parallelism is enabled. Expert placement strategy: linear. Local/global number of experts: 16/256. Experts local to global index map: 0->64, 1->65, 2->66, 3->67, 4->68, 5->69, 6->70, 7->71, 8->72, 9->73, 10->74, 11->75, 12->76, 13->77, 14->78, 15->79.
2026-03-14T19:52:43.2158940Z (Worker pid=1788) (Worker_DP0_TP3_EP3 pid=1788) INFO 03-14 19:52:43 [layer.py:456] [EP Rank 3/16] Expert parallelism is enabled. Expert placement strategy: linear. Local/global number of experts: 16/256. Experts local to global index map: 0->48, 1->49, 2->50, 3->51, 4->52, 5->53, 6->54, 7->55, 8->56, 9->57, 10->58, 11->59, 12->60, 13->61, 14->62, 15->63.
2026-03-14T19:52:43.2882612Z (Worker pid=1682) (Worker_DP0_TP2_EP2 pid=1682) INFO 03-14 19:52:43 [layer.py:456] [EP Rank 2/16] Expert parallelism is enabled. Expert placement strategy: linear. Local/global number of experts: 16/256. Experts local to global index map: 0->32, 1->33, 2->34, 3->35, 4->36, 5->37, 6->38, 7->39, 8->40, 9->41, 10->42, 11->43, 12->44, 13->45, 14->46, 15->47.
2026-03-14T19:52:43.3533759Z (Worker pid=1898) (Worker_DP1_TP4_EP12 pid=1898) INFO 03-14 19:52:43 [layer.py:456] [EP Rank 12/16] Expert parallelism is enabled. Expert placement strategy: linear. Local/global number of experts: 16/256. Experts local to global index map: 0->192, 1->193, 2->194, 3->195, 4->196, 5->197, 6->198, 7->199, 8->200, 9->201, 10->202, 11->203, 12->204, 13->205, 14->206, 15->207.
2026-03-14T19:52:43.4854373Z (Worker pid=2106) (Worker_DP0_TP6_EP6 pid=2106) INFO 03-14 19:52:43 [layer.py:456] [EP Rank 6/16] Expert parallelism is enabled. Expert placement strategy: linear. Local/global number of experts: 16/256. Experts local to global index map: 0->96, 1->97, 2->98, 3->99, 4->100, 5->101, 6->102, 7->103, 8->104, 9->105, 10->106, 11->107, 12->108, 13->109, 14->110, 15->111.
2026-03-14T19:52:43.9702452Z (Worker pid=1530) (Worker_DP0_TP0_EP0 pid=1530) INFO 03-14 19:52:43 [fused_moe.py:285] [EP Rank 0/16] Expert parallelism is enabled. Local/global number of experts: 16/256. Experts local to global index map: 0->0, 1->1, 2->2, 3->3, 4->4, 5->5, 6->6, 7->7, 8->8, 9->9, 10->10, 11->11, 12->12, 13->13, 14->14, 15->15.
2026-03-14T19:52:43.9960942Z (Worker pid=1898) (Worker_DP1_TP4_EP12 pid=1898) INFO 03-14 19:52:43 [fused_moe.py:285] [EP Rank 12/16] Expert parallelism is enabled. Local/global number of experts: 16/256. Experts local to global index map: 0->192, 1->193, 2->194, 3->195, 4->196, 5->197, 6->198, 7->199, 8->200, 9->201, 10->202, 11->203, 12->204, 13->205, 14->206, 15->207.
2026-03-14T19:52:44.0198965Z (Worker pid=1529) (Worker_DP1_TP0_EP8 pid=1529) INFO 03-14 19:52:44 [fused_moe.py:285] [EP Rank 8/16] Expert parallelism is enabled. Local/global number of experts: 16/256. Experts local to global index map: 0->128, 1->129, 2->130, 3->131, 4->132, 5->133, 6->134, 7->135, 8->136, 9->137, 10->138, 11->139, 12->140, 13->141, 14->142, 15->143.
2026-03-14T19:52:44.0304785Z (Worker pid=1792) (Worker_DP1_TP3_EP11 pid=1792) INFO 03-14 19:52:44 [fused_moe.py:285] [EP Rank 11/16] Expert parallelism is enabled. Local/global number of experts: 16/256. Experts local to global index map: 0->176, 1->177, 2->178, 3->179, 4->180, 5->181, 6->182, 7->183, 8->184, 9->185, 10->186, 11->187, 12->188, 13->189, 14->190, 15->191.
2026-03-14T19:52:44.0716199Z (Worker pid=1894) (Worker_DP0_TP4_EP4 pid=1894) INFO 03-14 19:52:44 [fused_moe.py:285] [EP Rank 4/16] Expert parallelism is enabled. Local/global number of experts: 16/256. Experts local to global index map: 0->64, 1->65, 2->66, 3->67, 4->68, 5->69, 6->70, 7->71, 8->72, 9->73, 10->74, 11->75, 12->76, 13->77, 14->78, 15->79.
2026-03-14T19:52:44.0900737Z (Worker pid=1788) (Worker_DP0_TP3_EP3 pid=1788) INFO 03-14 19:52:44 [fused_moe.py:285] [EP Rank 3/16] Expert parallelism is enabled. Local/global number of experts: 16/256. Experts local to global index map: 0->48, 1->49, 2->50, 3->51, 4->52, 5->53, 6->54, 7->55, 8->56, 9->57, 10->58, 11->59, 12->60, 13->61, 14->62, 15->63.
2026-03-14T19:52:44.1089419Z (Worker pid=2004) (Worker_DP1_TP5_EP13 pid=2004) INFO 03-14 19:52:44 [fused_moe.py:285] [EP Rank 13/16] Expert parallelism is enabled. Local/global number of experts: 16/256. Experts local to global index map: 0->208, 1->209, 2->210, 3->211, 4->212, 5->213, 6->214, 7->215, 8->216, 9->217, 10->218, 11->219, 12->220, 13->221, 14->222, 15->223.
2026-03-14T19:52:44.1166205Z (Worker pid=1565) (Worker_DP0_TP1_EP1 pid=1565) INFO 03-14 19:52:44 [fused_moe.py:285] [EP Rank 1/16] Expert parallelism is enabled. Local/global number of experts: 16/256. Experts local to global index map: 0->16, 1->17, 2->18, 3->19, 4->20, 5->21, 6->22, 7->23, 8->24, 9->25, 10->26, 11->27, 12->28, 13->29, 14->30, 15->31.
2026-03-14T19:52:44.1392541Z (Worker pid=1686) (Worker_DP1_TP2_EP10 pid=1686) INFO 03-14 19:52:44 [fused_moe.py:285] [EP Rank 10/16] Expert parallelism is enabled. Local/global number of experts: 16/256. Experts local to global index map: 0->160, 1->161, 2->162, 3->163, 4->164, 5->165, 6->166, 7->167, 8->168, 9->169, 10->170, 11->171, 12->172, 13->173, 14->174, 15->175.
2026-03-14T19:52:44.1400036Z (Worker pid=1570) (Worker_DP1_TP1_EP9 pid=1570) INFO 03-14 19:52:44 [fused_moe.py:285] [EP Rank 9/16] Expert parallelism is enabled. Local/global number of experts: 16/256. Experts local to global index map: 0->144, 1->145, 2->146, 3->147, 4->148, 5->149, 6->150, 7->151, 8->152, 9->153, 10->154, 11->155, 12->156, 13->157, 14->158, 15->159.
2026-03-14T19:52:44.1444642Z (Worker pid=2220) (Worker_DP1_TP7_EP15 pid=2220) INFO 03-14 19:52:44 [fused_moe.py:285] [EP Rank 15/16] Expert parallelism is enabled. Local/global number of experts: 16/256. Experts local to global index map: 0->240, 1->241, 2->242, 3->243, 4->244, 5->245, 6->246, 7->247, 8->248, 9->249, 10->250, 11->251, 12->252, 13->253, 14->254, 15->255.
