2026-03-14T16:43:43.9466347Z [Gloo] Rank 6 is connected to 7 peer ranks. Expected number of connected peer ranks is : 7
2026-03-14T16:43:43.9474914Z [Gloo] Rank 7 is connected to 7 peer ranks. Expected number of connected peer ranks is : 7
2026-03-14T16:43:43.9484619Z [Gloo] Rank 7 is connected to 7 peer ranks. Expected number of connected peer ranks is : 7
2026-03-14T16:43:43.9493660Z [Gloo] Rank 0 is connected to 0 peer ranks. Expected number of connected peer ranks is : 0
2026-03-14T16:43:43.9502787Z [Gloo] Rank 0 is connected to 0 peer ranks. Expected number of connected peer ranks is : 0
2026-03-14T16:43:43.9511286Z [Gloo] Rank 0 is connected to 0 peer ranks. Expected number of connected peer ranks is : 0
2026-03-14T16:43:43.9520643Z [Gloo] Rank 0 is connected to 0 peer ranks. Expected number of connected peer ranks is : 0
2026-03-14T16:43:43.9529823Z [Gloo] Rank 0 is connected to 0 peer ranks. Expected number of connected peer ranks is : 0
2026-03-14T16:43:43.9539660Z [Gloo] Rank 0 is connected to 0 peer ranks. Expected number of connected peer ranks is : 0
2026-03-14T16:43:43.9549141Z [Gloo] Rank 0 is connected to 0 peer ranks. Expected number of connected peer ranks is : 0
2026-03-14T16:43:43.9558930Z [Gloo] Rank 0 is connected to 0 peer ranks. Expected number of connected peer ranks is : 0
2026-03-14T16:43:43.9566852Z [Gloo] Rank 0 is connected to 0 peer ranks. Expected number of connected peer ranks is : 0
2026-03-14T16:43:43.9576000Z [Gloo] Rank 0 is connected to 0 peer ranks. Expected number of connected peer ranks is : 0
2026-03-14T16:43:43.9585475Z [Gloo] Rank 0 is connected to 0 peer ranks. Expected number of connected peer ranks is : 0
2026-03-14T16:43:43.9594525Z [Gloo] Rank 0 is connected to 0 peer ranks. Expected number of connected peer ranks is : 0
2026-03-14T16:43:43.9603779Z [Gloo] Rank 0 is connected to 0 peer ranks. Expected number of connected peer ranks is : 0
2026-03-14T16:43:43.9613023Z [Gloo] Rank 0 is connected to 0 peer ranks. Expected number of connected peer ranks is : 0
2026-03-14T16:43:43.9622375Z [Gloo] Rank 0 is connected to 0 peer ranks. Expected number of connected peer ranks is : 0
2026-03-14T16:43:43.9631481Z [Gloo] Rank 0 is connected to 0 peer ranks. Expected number of connected peer ranks is : 0
2026-03-14T16:43:43.9640635Z [Gloo] Rank 0 is connected to 0 peer ranks. Expected number of connected peer ranks is : 0
2026-03-14T16:43:43.9649939Z [Gloo] Rank 0 is connected to 0 peer ranks. Expected number of connected peer ranks is : 0
2026-03-14T16:43:43.9659327Z [Gloo] Rank 0 is connected to 0 peer ranks. Expected number of connected peer ranks is : 0
2026-03-14T16:43:43.9667715Z [Gloo] Rank 0 is connected to 0 peer ranks. Expected number of connected peer ranks is : 0
2026-03-14T16:43:43.9676491Z [Gloo] Rank 0 is connected to 0 peer ranks. Expected number of connected peer ranks is : 0
2026-03-14T16:43:43.9685319Z [Gloo] Rank 0 is connected to 0 peer ranks. Expected number of connected peer ranks is : 0
2026-03-14T16:43:43.9694543Z [Gloo] Rank 0 is connected to 0 peer ranks. Expected number of connected peer ranks is : 0
2026-03-14T16:43:43.9703112Z [Gloo] Rank 0 is connected to 0 peer ranks. Expected number of connected peer ranks is : 0
2026-03-14T16:43:43.9712633Z [Gloo] Rank 0 is connected to 0 peer ranks. Expected number of connected peer ranks is : 0
2026-03-14T16:43:43.9721734Z [Gloo] Rank 0 is connected to 0 peer ranks. Expected number of connected peer ranks is : 0
2026-03-14T16:43:43.9731074Z [Gloo] Rank 0 is connected to 0 peer ranks. Expected number of connected peer ranks is : 0
2026-03-14T16:43:43.9740593Z [Gloo] Rank 0 is connected to 0 peer ranks. Expected number of connected peer ranks is : 0
2026-03-14T16:43:43.9749520Z [Gloo] Rank 0 is connected to 0 peer ranks. Expected number of connected peer ranks is : 0
2026-03-14T16:43:43.9758125Z [Gloo] Rank 0 is connected to 0 peer ranks. Expected number of connected peer ranks is : 0
2026-03-14T16:43:43.9766675Z [Gloo] Rank 0 is connected to 0 peer ranks. Expected number of connected peer ranks is : 0
2026-03-14T16:43:43.9775307Z [Gloo] Rank 0 is connected to 0 peer ranks. Expected number of connected peer ranks is : 0
2026-03-14T16:43:43.9784096Z [Gloo] Rank 0 is connected to 0 peer ranks. Expected number of connected peer ranks is : 0
2026-03-14T16:43:43.9792817Z [Gloo] Rank 0 is connected to 0 peer ranks. Expected number of connected peer ranks is : 0
2026-03-14T16:43:43.9801478Z [Gloo] Rank 0 is connected to 0 peer ranks. Expected number of connected peer ranks is : 0
2026-03-14T16:43:43.9810252Z [Gloo] Rank 0 is connected to 0 peer ranks. Expected number of connected peer ranks is : 0
2026-03-14T16:43:43.9819329Z [Gloo] Rank 0 is connected to 0 peer ranks. Expected number of connected peer ranks is : 0
2026-03-14T16:43:43.9827487Z [Gloo] Rank 0 is connected to 0 peer ranks. Expected number of connected peer ranks is : 0
2026-03-14T16:43:43.9836645Z [Gloo] Rank 0 is connected to 0 peer ranks. Expected number of connected peer ranks is : 0
2026-03-14T16:43:43.9845203Z [Gloo] Rank 0 is connected to 0 peer ranks. Expected number of connected peer ranks is : 0
2026-03-14T16:43:43.9854256Z [Gloo] Rank 0 is connected to 0 peer ranks. Expected number of connected peer ranks is : 0
2026-03-14T16:43:43.9865475Z [Gloo] Rank 0 is connected to 0 peer ranks. Expected number of connected peer ranks is : 0
2026-03-14T16:43:43.9872696Z [Gloo] Rank 0 is connected to 0 peer ranks. Expected number of connected peer ranks is : 0
2026-03-14T16:43:43.9881274Z [Gloo] Rank 0 is connected to 0 peer ranks. Expected number of connected peer ranks is : 0
2026-03-14T16:43:43.9889773Z [Gloo] Rank 0 is connected to 0 peer ranks. Expected number of connected peer ranks is : 0
2026-03-14T16:43:43.9899402Z [Gloo] Rank 0 is connected to 0 peer ranks. Expected number of connected peer ranks is : 0
2026-03-14T16:43:44.0051339Z [Gloo] Rank 0 is connected to 0 peer ranks. Expected number of connected peer ranks is : 0
2026-03-14T16:43:44.0120772Z [Gloo] Rank 0 is connected to 0 peer ranks. Expected number of connected peer ranks is : 0
2026-03-14T16:43:44.0351308Z [Gloo] Rank 0 is connected to 3 peer ranks. Expected number of connected peer ranks is : 3
2026-03-14T16:43:44.0375867Z [Gloo] Rank 1 is connected to 3 peer ranks. Expected number of connected peer ranks is : 3
2026-03-14T16:43:44.0453089Z [Gloo] Rank 0 is connected to 3 peer ranks. Expected number of connected peer ranks is : 3
2026-03-14T16:43:44.0461927Z [Gloo] Rank 0 is connected to 3 peer ranks. Expected number of connected peer ranks is : 3
2026-03-14T16:43:44.0477131Z [Gloo] Rank 1 is connected to 3 peer ranks. Expected number of connected peer ranks is : 3
2026-03-14T16:43:44.0486412Z [Gloo] Rank 0 is connected to 3 peer ranks. Expected number of connected peer ranks is : 3
2026-03-14T16:43:44.0494769Z [Gloo] Rank 0 is connected to 3 peer ranks. Expected number of connected peer ranks is : 3
2026-03-14T16:43:44.0504423Z [Gloo] Rank 1 is connected to 3 peer ranks. Expected number of connected peer ranks is : 3
2026-03-14T16:43:44.0513289Z [Gloo] Rank 1 is connected to 3 peer ranks. Expected number of connected peer ranks is : 3
2026-03-14T16:43:44.0522494Z [Gloo] Rank 1 is connected to 3 peer ranks. Expected number of connected peer ranks is : 3
2026-03-14T16:43:44.0530758Z [Gloo] Rank 0 is connected to 3 peer ranks. Expected number of connected peer ranks is : 3
2026-03-14T16:43:44.0540614Z [Gloo] Rank 0 is connected to 3 peer ranks. Expected number of connected peer ranks is : 3
2026-03-14T16:43:44.0549050Z [Gloo] Rank 0 is connected to 3 peer ranks. Expected number of connected peer ranks is : 3
2026-03-14T16:43:44.0557348Z [Gloo] Rank 1 is connected to 3 peer ranks. Expected number of connected peer ranks is : 3
2026-03-14T16:43:44.0566473Z [Gloo] Rank 1 is connected to 3 peer ranks. Expected number of connected peer ranks is : 3
2026-03-14T16:43:44.0575644Z [Gloo] Rank 1 is connected to 3 peer ranks. Expected number of connected peer ranks is : 3
2026-03-14T16:43:44.0797905Z [Gloo] Rank 0 is connected to 31 peer ranks. Expected number of connected peer ranks is : 31
2026-03-14T16:43:44.0822199Z [Gloo] Rank 1 is connected to 31 peer ranks. Expected number of connected peer ranks is : 31
2026-03-14T16:43:44.0831325Z [Gloo] Rank 2 is connected to 31 peer ranks. Expected number of connected peer ranks is : 31
2026-03-14T16:43:44.0840414Z (Worker pid=212) INFO 03-14 16:43:44 [parallel_state.py:1715] rank 0 in world size 32 is assigned as DP rank 0, PP rank 0, PCP rank 0, TP rank 0, EP rank 0, EPLB rank N/A
2026-03-14T16:43:44.0849416Z [Gloo] Rank 3 is connected to 31 peer ranks. Expected number of connected peer ranks is : 31
2026-03-14T16:43:44.0858187Z (Worker pid=264) INFO 03-14 16:43:44 [parallel_state.py:1715] rank 1 in world size 32 is assigned as DP rank 0, PP rank 0, PCP rank 0, TP rank 1, EP rank 1, EPLB rank N/A
2026-03-14T16:43:44.0866752Z [Gloo] Rank 4 is connected to 31 peer ranks. Expected number of connected peer ranks is : 31
2026-03-14T16:43:44.0875851Z (Worker pid=400) INFO 03-14 16:43:44 [parallel_state.py:1715] rank 2 in world size 32 is assigned as DP rank 0, PP rank 0, PCP rank 0, TP rank 2, EP rank 2, EPLB rank N/A
2026-03-14T16:43:44.0885291Z (Worker pid=533) INFO 03-14 16:43:44 [parallel_state.py:1715] rank 3 in world size 32 is assigned as DP rank 0, PP rank 0, PCP rank 0, TP rank 3, EP rank 3, EPLB rank N/A
2026-03-14T16:43:44.0894031Z [Gloo] Rank 5 is connected to 31 peer ranks. Expected number of connected peer ranks is : 31
2026-03-14T16:43:44.0902923Z [Gloo] Rank 6 is connected to 31 peer ranks. Expected number of connected peer ranks is : 31
2026-03-14T16:43:44.0912187Z [Gloo] Rank 7 is connected to 31 peer ranks. Expected number of connected peer ranks is : 31
2026-03-14T16:43:44.0921290Z (Worker pid=639) INFO 03-14 16:43:44 [parallel_state.py:1715] rank 4 in world size 32 is assigned as DP rank 0, PP rank 0, PCP rank 0, TP rank 4, EP rank 4, EPLB rank N/A
2026-03-14T16:43:44.0930293Z [Gloo] Rank 8 is connected to 31 peer ranks. Expected number of connected peer ranks is : 31
2026-03-14T16:43:44.0938750Z [Gloo] Rank 9 is connected to 31 peer ranks. Expected number of connected peer ranks is : 31
2026-03-14T16:43:44.0948706Z (Worker pid=848) INFO 03-14 16:43:44 [parallel_state.py:1715] rank 6 in world size 32 is assigned as DP rank 0, PP rank 0, PCP rank 0, TP rank 6, EP rank 6, EPLB rank N/A
2026-03-14T16:43:44.0960818Z (Worker pid=213) INFO 03-14 16:43:44 [parallel_state.py:1715] rank 8 in world size 32 is assigned as DP rank 1, PP rank 0, PCP rank 0, TP rank 0, EP rank 8, EPLB rank N/A
2026-03-14T16:43:44.0966841Z (Worker pid=954) INFO 03-14 16:43:44 [parallel_state.py:1715] rank 7 in world size 32 is assigned as DP rank 0, PP rank 0, PCP rank 0, TP rank 7, EP rank 7, EPLB rank N/A
2026-03-14T16:43:44.0976043Z [Gloo] Rank 11 is connected to 31 peer ranks. Expected number of connected peer ranks is : 31
2026-03-14T16:43:44.0985167Z [Gloo] Rank 10 is connected to 31 peer ranks. Expected number of connected peer ranks is : 31
2026-03-14T16:43:44.0994978Z (Worker pid=745) INFO 03-14 16:43:44 [parallel_state.py:1715] rank 5 in world size 32 is assigned as DP rank 0, PP rank 0, PCP rank 0, TP rank 5, EP rank 5, EPLB rank N/A
2026-03-14T16:43:44.1004624Z (Worker pid=269) INFO 03-14 16:43:44 [parallel_state.py:1715] rank 9 in world size 32 is assigned as DP rank 1, PP rank 0, PCP rank 0, TP rank 1, EP rank 9, EPLB rank N/A
2026-03-14T16:43:44.1013097Z [Gloo] Rank 12 is connected to 31 peer ranks. Expected number of connected peer ranks is : 31
2026-03-14T16:43:44.1022428Z [Gloo] Rank 13 is connected to 31 peer ranks. Expected number of connected peer ranks is : 31
2026-03-14T16:43:44.1032772Z (Worker pid=537) INFO 03-14 16:43:44 [parallel_state.py:1715] rank 11 in world size 32 is assigned as DP rank 1, PP rank 0, PCP rank 0, TP rank 3, EP rank 11, EPLB rank N/A
2026-03-14T16:43:44.1041479Z (Worker pid=410) INFO 03-14 16:43:44 [parallel_state.py:1715] rank 10 in world size 32 is assigned as DP rank 1, PP rank 0, PCP rank 0, TP rank 2, EP rank 10, EPLB rank N/A
2026-03-14T16:43:44.1052219Z (Worker pid=753) INFO 03-14 16:43:44 [parallel_state.py:1715] rank 13 in world size 32 is assigned as DP rank 1, PP rank 0, PCP rank 0, TP rank 5, EP rank 13, EPLB rank N/A
2026-03-14T16:43:44.1060245Z [Gloo] Rank 14 is connected to 31 peer ranks. Expected number of connected peer ranks is : 31
2026-03-14T16:43:44.1109227Z [Gloo] Rank 15 is connected to 31 peer ranks. Expected number of connected peer ranks is : 31
2026-03-14T16:43:44.1111085Z (Worker pid=644) INFO 03-14 16:43:44 [parallel_state.py:1715] rank 12 in world size 32 is assigned as DP rank 1, PP rank 0, PCP rank 0, TP rank 4, EP rank 12, EPLB rank N/A
2026-03-14T16:43:44.1111850Z (Worker pid=859) INFO 03-14 16:43:44 [parallel_state.py:1715] rank 14 in world size 32 is assigned as DP rank 1, PP rank 0, PCP rank 0, TP rank 6, EP rank 14, EPLB rank N/A
2026-03-14T16:43:44.1112724Z (Worker pid=965) INFO 03-14 16:43:44 [parallel_state.py:1715] rank 15 in world size 32 is assigned as DP rank 1, PP rank 0, PCP rank 0, TP rank 7, EP rank 15, EPLB rank N/A
2026-03-14T16:43:44.1199470Z [Gloo] Rank 0 is connected to 31 peer ranks. Expected number of connected peer ranks is : 31
2026-03-14T16:43:44.1219851Z [Gloo] Rank 1 is connected to 31 peer ranks. Expected number of connected peer ranks is : 31
2026-03-14T16:43:44.1228983Z [Gloo] Rank 2 is connected to 31 peer ranks. Expected number of connected peer ranks is : 31
2026-03-14T16:43:44.1236720Z [Gloo] Rank 3 is connected to 31 peer ranks. Expected number of connected peer ranks is : 31
2026-03-14T16:43:44.1245668Z [Gloo] Rank 4 is connected to 31 peer ranks. Expected number of connected peer ranks is : 31
2026-03-14T16:43:44.1254904Z [Gloo] Rank 5 is connected to 31 peer ranks. Expected number of connected peer ranks is : 31
2026-03-14T16:43:44.1263920Z [Gloo] Rank 6 is connected to 31 peer ranks. Expected number of connected peer ranks is : 31
2026-03-14T16:43:44.1272493Z [Gloo] Rank 7 is connected to 31 peer ranks. Expected number of connected peer ranks is : 31
2026-03-14T16:43:44.1281496Z [Gloo] Rank 8 is connected to 31 peer ranks. Expected number of connected peer ranks is : 31
2026-03-14T16:43:44.1290503Z [Gloo] Rank 9 is connected to 31 peer ranks. Expected number of connected peer ranks is : 31
2026-03-14T16:43:44.1299680Z [Gloo] Rank 10 is connected to 31 peer ranks. Expected number of connected peer ranks is : 31
2026-03-14T16:43:44.1307943Z [Gloo] Rank 11 is connected to 31 peer ranks. Expected number of connected peer ranks is : 31
2026-03-14T16:43:44.1316637Z [Gloo] Rank 12 is connected to 31 peer ranks. Expected number of connected peer ranks is : 31
2026-03-14T16:43:44.1325540Z [Gloo] Rank 13 is connected to 31 peer ranks. Expected number of connected peer ranks is : 31
2026-03-14T16:43:44.1334508Z [Gloo] Rank 14 is connected to 31 peer ranks. Expected number of connected peer ranks is : 31
2026-03-14T16:43:44.1343951Z [Gloo] Rank 15 is connected to 31 peer ranks. Expected number of connected peer ranks is : 31
2026-03-14T16:43:44.1353802Z [Gloo] Rank 0 is connected to 3 peer ranks. Expected number of connected peer ranks is : 3
2026-03-14T16:43:44.1363142Z [Gloo] Rank 0 is connected to 3 peer ranks. Expected number of connected peer ranks is : 3
2026-03-14T16:43:44.1372139Z [Gloo] Rank 0 is connected to 3 peer ranks. Expected number of connected peer ranks is : 3
2026-03-14T16:43:44.1381542Z [Gloo] Rank 0 is connected to 3 peer ranks. Expected number of connected peer ranks is : 3
2026-03-14T16:43:44.1390520Z [Gloo] Rank 0 is connected to 3 peer ranks. Expected number of connected peer ranks is : 3
2026-03-14T16:43:44.1399126Z [Gloo] Rank 1 is connected to 3 peer ranks. Expected number of connected peer ranks is : 3
2026-03-14T16:43:44.1407790Z [Gloo] Rank 1 is connected to 3 peer ranks. Expected number of connected peer ranks is : 3
2026-03-14T16:43:44.1416255Z [Gloo] Rank 0 is connected to 3 peer ranks. Expected number of connected peer ranks is : 3
2026-03-14T16:43:44.1425147Z [Gloo] Rank 1 is connected to 3 peer ranks. Expected number of connected peer ranks is : 3
2026-03-14T16:43:44.1433960Z [Gloo] Rank 1 is connected to 3 peer ranks. Expected number of connected peer ranks is : 3
2026-03-14T16:43:44.1442857Z [Gloo] Rank 1 is connected to 3 peer ranks. Expected number of connected peer ranks is : 3
2026-03-14T16:43:44.1451935Z [Gloo] Rank 0 is connected to 3 peer ranks. Expected number of connected peer ranks is : 3
2026-03-14T16:43:44.1460621Z [Gloo] Rank 1 is connected to 3 peer ranks. Expected number of connected peer ranks is : 3
2026-03-14T16:43:44.1469941Z [Gloo] Rank 1 is connected to 3 peer ranks. Expected number of connected peer ranks is : 3
2026-03-14T16:43:44.1479008Z [Gloo] Rank 1 is connected to 3 peer ranks. Expected number of connected peer ranks is : 3
2026-03-14T16:43:44.2530970Z [Gloo] Rank 0 is connected to 3 peer ranks. Expected number of connected peer ranks is : 3
2026-03-14T16:43:47.5894417Z (Worker pid=410) INFO 03-14 16:43:47 [cpu_binding.py:320] [cpu_bind_mode] mode=global_slice rank=2 visible_npus=[8, 9, 10, 11, 12, 13, 14, 15]
2026-03-14T16:43:47.5902846Z (Worker pid=410) INFO 03-14 16:43:47 [cpu_binding.py:367] The CPU allocation plan is as follows:
2026-03-14T16:43:47.5912802Z (Worker pid=410) INFO 03-14 16:43:47 [cpu_binding.py:372] NPU10: main=[202 203 204 205 206 207 208 209 210 211 212 213 214 215 216 217]  acl=[218]  release=[[219]]
2026-03-14T16:43:47.6473342Z (Worker pid=410) INFO 03-14 16:43:47 [cpu_binding.py:383] The 'migratepages' command is not available, skipping memory binding.
2026-03-14T16:43:47.7031709Z (Worker pid=410) WARNING 03-14 16:43:47 [__init__.py:204] min_p and logit_bias parameters won't work with speculative decoding.
2026-03-14T16:43:47.7098403Z (Worker pid=410) INFO 03-14 16:43:47 [base.py:106] Offloader set to NoopOffloader
2026-03-14T16:43:47.7402441Z (Worker pid=410) WARNING 03-14 16:43:47 [__init__.py:204] min_p and logit_bias parameters won't work with speculative decoding.
2026-03-14T16:43:47.7431555Z (Worker pid=410) (Worker_DP1_TP2_EP10 pid=410) INFO 03-14 16:43:47 [model_runner_v1.py:2511] Starting to load model /root/.cache/modelscope/hub/models/vllm-ascend/DeepSeek-V3___2-W8A8...
2026-03-14T16:43:47.9412048Z (Worker pid=269) INFO 03-14 16:43:47 [cpu_binding.py:320] [cpu_bind_mode] mode=global_slice rank=1 visible_npus=[8, 9, 10, 11, 12, 13, 14, 15]
2026-03-14T16:43:47.9420973Z (Worker pid=269) INFO 03-14 16:43:47 [cpu_binding.py:367] The CPU allocation plan is as follows:
2026-03-14T16:43:47.9431620Z (Worker pid=269) INFO 03-14 16:43:47 [cpu_binding.py:372] NPU9: main=[182 183 184 185 186 187 188 189 190 191 192 193 194 195 196 197]  acl=[198]  release=[[199]]
2026-03-14T16:43:47.9960549Z (Worker pid=269) INFO 03-14 16:43:47 [cpu_binding.py:383] The 'migratepages' command is not available, skipping memory binding.
2026-03-14T16:43:48.0339526Z (Worker pid=269) WARNING 03-14 16:43:48 [__init__.py:204] min_p and logit_bias parameters won't work with speculative decoding.
2026-03-14T16:43:48.0416785Z (Worker pid=269) INFO 03-14 16:43:48 [base.py:106] Offloader set to NoopOffloader
2026-03-14T16:43:48.0518136Z (Worker pid=269) WARNING 03-14 16:43:48 [__init__.py:204] min_p and logit_bias parameters won't work with speculative decoding.
2026-03-14T16:43:48.0540315Z (Worker pid=269) (Worker_DP1_TP1_EP9 pid=269) INFO 03-14 16:43:48 [model_runner_v1.py:2511] Starting to load model /root/.cache/modelscope/hub/models/vllm-ascend/DeepSeek-V3___2-W8A8...
2026-03-14T16:43:48.1205498Z (Worker pid=537) INFO 03-14 16:43:48 [cpu_binding.py:320] [cpu_bind_mode] mode=global_slice rank=3 visible_npus=[8, 9, 10, 11, 12, 13, 14, 15]
2026-03-14T16:43:48.1217322Z (Worker pid=537) INFO 03-14 16:43:48 [cpu_binding.py:367] The CPU allocation plan is as follows:
2026-03-14T16:43:48.1227859Z (Worker pid=537) INFO 03-14 16:43:48 [cpu_binding.py:372] NPU11: main=[222 223 224 225 226 227 228 229 230 231 232 233 234 235 236 237]  acl=[238]  release=[[239]]
2026-03-14T16:43:48.1706449Z (Worker pid=537) INFO 03-14 16:43:48 [cpu_binding.py:383] The 'migratepages' command is not available, skipping memory binding.
2026-03-14T16:43:48.2036968Z (Worker pid=537) WARNING 03-14 16:43:48 [__init__.py:204] min_p and logit_bias parameters won't work with speculative decoding.
2026-03-14T16:43:48.2120474Z (Worker pid=537) INFO 03-14 16:43:48 [base.py:106] Offloader set to NoopOffloader
2026-03-14T16:43:48.2273887Z (Worker pid=537) WARNING 03-14 16:43:48 [__init__.py:204] min_p and logit_bias parameters won't work with speculative decoding.
2026-03-14T16:43:48.2310818Z (Worker pid=537) (Worker_DP1_TP3_EP11 pid=537) INFO 03-14 16:43:48 [model_runner_v1.py:2511] Starting to load model /root/.cache/modelscope/hub/models/vllm-ascend/DeepSeek-V3___2-W8A8...
2026-03-14T16:43:48.3410269Z (Worker pid=264) INFO 03-14 16:43:48 [cpu_binding.py:320] [cpu_bind_mode] mode=global_slice rank=1 visible_npus=[0, 1, 2, 3, 4, 5, 6, 7]
2026-03-14T16:43:48.3439699Z (Worker pid=264) INFO 03-14 16:43:48 [cpu_binding.py:367] The CPU allocation plan is as follows:
2026-03-14T16:43:48.3449271Z (Worker pid=264) INFO 03-14 16:43:48 [cpu_binding.py:372] NPU1: main=[22 23 24 25 26 27 28 29 30 31 32 33 34 35 36 37]  acl=[38]  release=[[39]]
2026-03-14T16:43:48.3962902Z (Worker pid=264) INFO 03-14 16:43:48 [cpu_binding.py:383] The 'migratepages' command is not available, skipping memory binding.
2026-03-14T16:43:48.4445326Z (Worker pid=264) WARNING 03-14 16:43:48 [__init__.py:204] min_p and logit_bias parameters won't work with speculative decoding.
2026-03-14T16:43:48.4522629Z (Worker pid=264) INFO 03-14 16:43:48 [base.py:106] Offloader set to NoopOffloader
2026-03-14T16:43:48.4629940Z (Worker pid=264) WARNING 03-14 16:43:48 [__init__.py:204] min_p and logit_bias parameters won't work with speculative decoding.
2026-03-14T16:43:48.4652148Z (Worker pid=264) (Worker_DP0_TP1_EP1 pid=264) INFO 03-14 16:43:48 [model_runner_v1.py:2511] Starting to load model /root/.cache/modelscope/hub/models/vllm-ascend/DeepSeek-V3___2-W8A8...
2026-03-14T16:43:48.5209874Z (Worker pid=400) INFO 03-14 16:43:48 [cpu_binding.py:320] [cpu_bind_mode] mode=global_slice rank=2 visible_npus=[0, 1, 2, 3, 4, 5, 6, 7]
2026-03-14T16:43:48.5218334Z (Worker pid=400) INFO 03-14 16:43:48 [cpu_binding.py:367] The CPU allocation plan is as follows:
2026-03-14T16:43:48.5228010Z (Worker pid=400) INFO 03-14 16:43:48 [cpu_binding.py:372] NPU2: main=[42 43 44 45 46 47 48 49 50 51 52 53 54 55 56 57]  acl=[58]  release=[[59]]
2026-03-14T16:43:48.5747999Z (Worker pid=400) INFO 03-14 16:43:48 [cpu_binding.py:383] The 'migratepages' command is not available, skipping memory binding.
2026-03-14T16:43:48.6433920Z (Worker pid=400) WARNING 03-14 16:43:48 [__init__.py:204] min_p and logit_bias parameters won't work with speculative decoding.
2026-03-14T16:43:48.6526081Z (Worker pid=400) INFO 03-14 16:43:48 [base.py:106] Offloader set to NoopOffloader
2026-03-14T16:43:48.6649188Z (Worker pid=400) WARNING 03-14 16:43:48 [__init__.py:204] min_p and logit_bias parameters won't work with speculative decoding.
2026-03-14T16:43:48.6676863Z (Worker pid=400) (Worker_DP0_TP2_EP2 pid=400) INFO 03-14 16:43:48 [model_runner_v1.py:2511] Starting to load model /root/.cache/modelscope/hub/models/vllm-ascend/DeepSeek-V3___2-W8A8...
2026-03-14T16:43:48.7299004Z (Worker pid=644) INFO 03-14 16:43:48 [cpu_binding.py:320] [cpu_bind_mode] mode=global_slice rank=4 visible_npus=[8, 9, 10, 11, 12, 13, 14, 15]
2026-03-14T16:43:48.7333655Z (Worker pid=644) INFO 03-14 16:43:48 [cpu_binding.py:367] The CPU allocation plan is as follows:
2026-03-14T16:43:48.7343344Z (Worker pid=644) INFO 03-14 16:43:48 [cpu_binding.py:372] NPU12: main=[242 243 244 245 246 247 248 249 250 251 252 253 254 255 256 257]  acl=[258]  release=[[259]]
2026-03-14T16:43:48.7849113Z (Worker pid=644) INFO 03-14 16:43:48 [cpu_binding.py:383] The 'migratepages' command is not available, skipping memory binding.
2026-03-14T16:43:48.8138136Z (Worker pid=644) WARNING 03-14 16:43:48 [__init__.py:204] min_p and logit_bias parameters won't work with speculative decoding.
2026-03-14T16:43:48.8207856Z (Worker pid=644) INFO 03-14 16:43:48 [base.py:106] Offloader set to NoopOffloader
2026-03-14T16:43:48.8301336Z (Worker pid=644) WARNING 03-14 16:43:48 [__init__.py:204] min_p and logit_bias parameters won't work with speculative decoding.
2026-03-14T16:43:48.8329680Z (Worker pid=644) (Worker_DP1_TP4_EP12 pid=644) INFO 03-14 16:43:48 [model_runner_v1.py:2511] Starting to load model /root/.cache/modelscope/hub/models/vllm-ascend/DeepSeek-V3___2-W8A8...
2026-03-14T16:43:48.9691397Z (Worker pid=954) INFO 03-14 16:43:48 [cpu_binding.py:320] [cpu_bind_mode] mode=global_slice rank=7 visible_npus=[0, 1, 2, 3, 4, 5, 6, 7]
2026-03-14T16:43:48.9730761Z (Worker pid=954) INFO 03-14 16:43:48 [cpu_binding.py:367] The CPU allocation plan is as follows:
2026-03-14T16:43:48.9740251Z (Worker pid=954) INFO 03-14 16:43:48 [cpu_binding.py:372] NPU7: main=[142 143 144 145 146 147 148 149 150 151 152 153 154 155 156 157]  acl=[158]  release=[[159]]
2026-03-14T16:43:49.0308544Z (Worker pid=954) INFO 03-14 16:43:49 [cpu_binding.py:383] The 'migratepages' command is not available, skipping memory binding.
2026-03-14T16:43:49.0379564Z (Worker pid=410) (Worker_DP1_TP2_EP10 pid=410) INFO 03-14 16:43:49 [layer.py:456] [EP Rank 10/32] Expert parallelism is enabled. Expert placement strategy: linear. Local/global number of experts: 8/256. Experts local to global index map: 0->80, 1->81, 2->82, 3->83, 4->84, 5->85, 6->86, 7->87.
2026-03-14T16:43:49.0727223Z (Worker pid=954) WARNING 03-14 16:43:49 [__init__.py:204] min_p and logit_bias parameters won't work with speculative decoding.
2026-03-14T16:43:49.0833090Z (Worker pid=954) INFO 03-14 16:43:49 [base.py:106] Offloader set to NoopOffloader
2026-03-14T16:43:49.0952633Z (Worker pid=954) WARNING 03-14 16:43:49 [__init__.py:204] min_p and logit_bias parameters won't work with speculative decoding.
2026-03-14T16:43:49.0975401Z (Worker pid=954) (Worker_DP0_TP7_EP7 pid=954) INFO 03-14 16:43:49 [model_runner_v1.py:2511] Starting to load model /root/.cache/modelscope/hub/models/vllm-ascend/DeepSeek-V3___2-W8A8...
2026-03-14T16:43:49.1067775Z (Worker pid=745) INFO 03-14 16:43:49 [cpu_binding.py:320] [cpu_bind_mode] mode=global_slice rank=5 visible_npus=[0, 1, 2, 3, 4, 5, 6, 7]
2026-03-14T16:43:49.1107878Z (Worker pid=745) INFO 03-14 16:43:49 [cpu_binding.py:367] The CPU allocation plan is as follows:
2026-03-14T16:43:49.1108511Z (Worker pid=745) INFO 03-14 16:43:49 [cpu_binding.py:372] NPU5: main=[102 103 104 105 106 107 108 109 110 111 112 113 114 115 116 117]  acl=[118]  release=[[119]]
2026-03-14T16:43:49.1610393Z (Worker pid=745) INFO 03-14 16:43:49 [cpu_binding.py:383] The 'migratepages' command is not available, skipping memory binding.
2026-03-14T16:43:49.1868065Z (Worker pid=269) (Worker_DP1_TP1_EP9 pid=269) INFO 03-14 16:43:49 [layer.py:456] [EP Rank 9/32] Expert parallelism is enabled. Expert placement strategy: linear. Local/global number of experts: 8/256. Experts local to global index map: 0->72, 1->73, 2->74, 3->75, 4->76, 5->77, 6->78, 7->79.
2026-03-14T16:43:49.2059649Z (Worker pid=745) WARNING 03-14 16:43:49 [__init__.py:204] min_p and logit_bias parameters won't work with speculative decoding.
2026-03-14T16:43:49.2143559Z (Worker pid=745) INFO 03-14 16:43:49 [base.py:106] Offloader set to NoopOffloader
2026-03-14T16:43:49.2264572Z (Worker pid=745) WARNING 03-14 16:43:49 [__init__.py:204] min_p and logit_bias parameters won't work with speculative decoding.
2026-03-14T16:43:49.2295518Z (Worker pid=745) (Worker_DP0_TP5_EP5 pid=745) INFO 03-14 16:43:49 [model_runner_v1.py:2511] Starting to load model /root/.cache/modelscope/hub/models/vllm-ascend/DeepSeek-V3___2-W8A8...
2026-03-14T16:43:49.3426623Z (Worker pid=753) INFO 03-14 16:43:49 [cpu_binding.py:320] [cpu_bind_mode] mode=global_slice rank=5 visible_npus=[8, 9, 10, 11, 12, 13, 14, 15]
2026-03-14T16:43:49.3435098Z (Worker pid=753) INFO 03-14 16:43:49 [cpu_binding.py:367] The CPU allocation plan is as follows:
2026-03-14T16:43:49.3444554Z (Worker pid=753) INFO 03-14 16:43:49 [cpu_binding.py:372] NPU13: main=[262 263 264 265 266 267 268 269 270 271 272 273 274 275 276 277]  acl=[278]  release=[[279]]
2026-03-14T16:43:49.3905290Z (Worker pid=753) INFO 03-14 16:43:49 [cpu_binding.py:383] The 'migratepages' command is not available, skipping memory binding.
2026-03-14T16:43:49.4143360Z (Worker pid=753) WARNING 03-14 16:43:49 [__init__.py:204] min_p and logit_bias parameters won't work with speculative decoding.
2026-03-14T16:43:49.4214527Z (Worker pid=753) INFO 03-14 16:43:49 [base.py:106] Offloader set to NoopOffloader
2026-03-14T16:43:49.4298171Z (Worker pid=537) (Worker_DP1_TP3_EP11 pid=537) INFO 03-14 16:43:49 [layer.py:456] [EP Rank 11/32] Expert parallelism is enabled. Expert placement strategy: linear. Local/global number of experts: 8/256. Experts local to global index map: 0->88, 1->89, 2->90, 3->91, 4->92, 5->93, 6->94, 7->95.
2026-03-14T16:43:49.4407119Z (Worker pid=753) WARNING 03-14 16:43:49 [__init__.py:204] min_p and logit_bias parameters won't work with speculative decoding.
2026-03-14T16:43:49.4432485Z (Worker pid=753) (Worker_DP1_TP5_EP13 pid=753) INFO 03-14 16:43:49 [model_runner_v1.py:2511] Starting to load model /root/.cache/modelscope/hub/models/vllm-ascend/DeepSeek-V3___2-W8A8...
2026-03-14T16:43:49.5305297Z (Worker pid=859) INFO 03-14 16:43:49 [cpu_binding.py:320] [cpu_bind_mode] mode=global_slice rank=6 visible_npus=[8, 9, 10, 11, 12, 13, 14, 15]
2026-03-14T16:43:49.5324497Z (Worker pid=859) INFO 03-14 16:43:49 [cpu_binding.py:367] The CPU allocation plan is as follows:
2026-03-14T16:43:49.5334548Z (Worker pid=859) INFO 03-14 16:43:49 [cpu_binding.py:372] NPU14: main=[282 283 284 285 286 287 288 289 290 291 292 293 294 295 296 297]  acl=[298]  release=[[299]]
2026-03-14T16:43:49.5750208Z (Worker pid=264) (Worker_DP0_TP1_EP1 pid=264) INFO 03-14 16:43:49 [layer.py:456] [EP Rank 1/32] Expert parallelism is enabled. Expert placement strategy: linear. Local/global number of experts: 8/256. Experts local to global index map: 0->8, 1->9, 2->10, 3->11, 4->12, 5->13, 6->14, 7->15.
2026-03-14T16:43:49.5792181Z (Worker pid=859) INFO 03-14 16:43:49 [cpu_binding.py:383] The 'migratepages' command is not available, skipping memory binding.
2026-03-14T16:43:49.5975758Z (Worker pid=644) (Worker_DP1_TP4_EP12 pid=644) INFO 03-14 16:43:49 [layer.py:456] [EP Rank 12/32] Expert parallelism is enabled. Expert placement strategy: linear. Local/global number of experts: 8/256. Experts local to global index map: 0->96, 1->97, 2->98, 3->99, 4->100, 5->101, 6->102, 7->103.
2026-03-14T16:43:49.6261152Z (Worker pid=859) WARNING 03-14 16:43:49 [__init__.py:204] min_p and logit_bias parameters won't work with speculative decoding.
2026-03-14T16:43:49.6316250Z (Worker pid=859) INFO 03-14 16:43:49 [base.py:106] Offloader set to NoopOffloader
2026-03-14T16:43:49.6434244Z (Worker pid=859) WARNING 03-14 16:43:49 [__init__.py:204] min_p and logit_bias parameters won't work with speculative decoding.
2026-03-14T16:43:49.6470489Z (Worker pid=859) (Worker_DP1_TP6_EP14 pid=859) INFO 03-14 16:43:49 [model_runner_v1.py:2511] Starting to load model /root/.cache/modelscope/hub/models/vllm-ascend/DeepSeek-V3___2-W8A8...
2026-03-14T16:43:49.7747365Z (Worker pid=400) (Worker_DP0_TP2_EP2 pid=400) INFO 03-14 16:43:49 [layer.py:456] [EP Rank 2/32] Expert parallelism is enabled. Expert placement strategy: linear. Local/global number of experts: 8/256. Experts local to global index map: 0->16, 1->17, 2->18, 3->19, 4->20, 5->21, 6->22, 7->23.
2026-03-14T16:43:49.8355318Z (Worker pid=639) INFO 03-14 16:43:49 [cpu_binding.py:320] [cpu_bind_mode] mode=global_slice rank=4 visible_npus=[0, 1, 2, 3, 4, 5, 6, 7]
2026-03-14T16:43:49.8364814Z (Worker pid=639) INFO 03-14 16:43:49 [cpu_binding.py:367] The CPU allocation plan is as follows:
2026-03-14T16:43:49.8374904Z (Worker pid=639) INFO 03-14 16:43:49 [cpu_binding.py:372] NPU4: main=[82 83 84 85 86 87 88 89 90 91 92 93 94 95 96 97]  acl=[98]  release=[[99]]
2026-03-14T16:43:49.8831054Z (Worker pid=533) INFO 03-14 16:43:49 [cpu_binding.py:320] [cpu_bind_mode] mode=global_slice rank=3 visible_npus=[0, 1, 2, 3, 4, 5, 6, 7]
2026-03-14T16:43:49.8849645Z (Worker pid=533) INFO 03-14 16:43:49 [cpu_binding.py:367] The CPU allocation plan is as follows:
2026-03-14T16:43:49.8859229Z (Worker pid=533) INFO 03-14 16:43:49 [cpu_binding.py:372] NPU3: main=[62 63 64 65 66 67 68 69 70 71 72 73 74 75 76 77]  acl=[78]  release=[[79]]
2026-03-14T16:43:49.8892437Z (Worker pid=639) INFO 03-14 16:43:49 [cpu_binding.py:383] The 'migratepages' command is not available, skipping memory binding.
2026-03-14T16:43:49.9296945Z (Worker pid=533) INFO 03-14 16:43:49 [cpu_binding.py:383] The 'migratepages' command is not available, skipping memory binding.
2026-03-14T16:43:49.9444715Z (Worker pid=639) WARNING 03-14 16:43:49 [__init__.py:204] min_p and logit_bias parameters won't work with speculative decoding.
2026-03-14T16:43:49.9529873Z (Worker pid=639) INFO 03-14 16:43:49 [base.py:106] Offloader set to NoopOffloader
2026-03-14T16:43:49.9723839Z (Worker pid=639) WARNING 03-14 16:43:49 [__init__.py:204] min_p and logit_bias parameters won't work with speculative decoding.
2026-03-14T16:43:49.9766989Z (Worker pid=639) (Worker_DP0_TP4_EP4 pid=639) INFO 03-14 16:43:49 [model_runner_v1.py:2511] Starting to load model /root/.cache/modelscope/hub/models/vllm-ascend/DeepSeek-V3___2-W8A8...
2026-03-14T16:43:50.0017617Z (Worker pid=533) WARNING 03-14 16:43:49 [__init__.py:204] min_p and logit_bias parameters won't work with speculative decoding.
2026-03-14T16:43:50.0165279Z (Worker pid=533) INFO 03-14 16:43:50 [base.py:106] Offloader set to NoopOffloader
2026-03-14T16:43:50.0351795Z (Worker pid=533) WARNING 03-14 16:43:50 [__init__.py:204] min_p and logit_bias parameters won't work with speculative decoding.
2026-03-14T16:43:50.0380539Z (Worker pid=533) (Worker_DP0_TP3_EP3 pid=533) INFO 03-14 16:43:50 [model_runner_v1.py:2511] Starting to load model /root/.cache/modelscope/hub/models/vllm-ascend/DeepSeek-V3___2-W8A8...
2026-03-14T16:43:50.0768513Z (Worker pid=848) INFO 03-14 16:43:50 [cpu_binding.py:320] [cpu_bind_mode] mode=global_slice rank=6 visible_npus=[0, 1, 2, 3, 4, 5, 6, 7]
2026-03-14T16:43:50.0776241Z (Worker pid=848) INFO 03-14 16:43:50 [cpu_binding.py:367] The CPU allocation plan is as follows:
2026-03-14T16:43:50.0784255Z (Worker pid=848) INFO 03-14 16:43:50 [cpu_binding.py:372] NPU6: main=[122 123 124 125 126 127 128 129 130 131 132 133 134 135 136 137]  acl=[138]  release=[[139]]
2026-03-14T16:43:50.1362908Z (Worker pid=848) INFO 03-14 16:43:50 [cpu_binding.py:383] The 'migratepages' command is not available, skipping memory binding.
2026-03-14T16:43:50.1834600Z (Worker pid=848) WARNING 03-14 16:43:50 [__init__.py:204] min_p and logit_bias parameters won't work with speculative decoding.
2026-03-14T16:43:50.1930842Z (Worker pid=848) INFO 03-14 16:43:50 [base.py:106] Offloader set to NoopOffloader
2026-03-14T16:43:50.2050387Z (Worker pid=848) WARNING 03-14 16:43:50 [__init__.py:204] min_p and logit_bias parameters won't work with speculative decoding.
2026-03-14T16:43:50.2078119Z (Worker pid=848) (Worker_DP0_TP6_EP6 pid=848) INFO 03-14 16:43:50 [model_runner_v1.py:2511] Starting to load model /root/.cache/modelscope/hub/models/vllm-ascend/DeepSeek-V3___2-W8A8...
2026-03-14T16:43:50.2333990Z (Worker pid=753) (Worker_DP1_TP5_EP13 pid=753) INFO 03-14 16:43:50 [layer.py:456] [EP Rank 13/32] Expert parallelism is enabled. Expert placement strategy: linear. Local/global number of experts: 8/256. Experts local to global index map: 0->104, 1->105, 2->106, 3->107, 4->108, 5->109, 6->110, 7->111.
2026-03-14T16:43:50.2386455Z (Worker pid=213) INFO 03-14 16:43:50 [cpu_binding.py:320] [cpu_bind_mode] mode=global_slice rank=0 visible_npus=[8, 9, 10, 11, 12, 13, 14, 15]
2026-03-14T16:43:50.2396075Z (Worker pid=213) INFO 03-14 16:43:50 [cpu_binding.py:367] The CPU allocation plan is as follows:
2026-03-14T16:43:50.2405690Z (Worker pid=213) INFO 03-14 16:43:50 [cpu_binding.py:372] NPU8: main=[162 163 164 165 166 167 168 169 170 171 172 173 174 175 176 177]  acl=[178]  release=[[179]]
2026-03-14T16:43:50.2815052Z (Worker pid=954) (Worker_DP0_TP7_EP7 pid=954) INFO 03-14 16:43:50 [layer.py:456] [EP Rank 7/32] Expert parallelism is enabled. Expert placement strategy: linear. Local/global number of experts: 8/256. Experts local to global index map: 0->56, 1->57, 2->58, 3->59, 4->60, 5->61, 6->62, 7->63.
2026-03-14T16:43:50.2907153Z (Worker pid=213) INFO 03-14 16:43:50 [cpu_binding.py:383] The 'migratepages' command is not available, skipping memory binding.
2026-03-14T16:43:50.3255341Z (Worker pid=213) WARNING 03-14 16:43:50 [__init__.py:204] min_p and logit_bias parameters won't work with speculative decoding.
2026-03-14T16:43:50.3336405Z (Worker pid=213) INFO 03-14 16:43:50 [base.py:106] Offloader set to NoopOffloader
2026-03-14T16:43:50.3439201Z (Worker pid=213) WARNING 03-14 16:43:50 [__init__.py:204] min_p and logit_bias parameters won't work with speculative decoding.
2026-03-14T16:43:50.3462816Z (Worker pid=213) (Worker_DP1_TP0_EP8 pid=213) INFO 03-14 16:43:50 [model_runner_v1.py:2511] Starting to load model /root/.cache/modelscope/hub/models/vllm-ascend/DeepSeek-V3___2-W8A8...
2026-03-14T16:43:50.4034683Z (Worker pid=745) (Worker_DP0_TP5_EP5 pid=745) INFO 03-14 16:43:50 [layer.py:456] [EP Rank 5/32] Expert parallelism is enabled. Expert placement strategy: linear. Local/global number of experts: 8/256. Experts local to global index map: 0->40, 1->41, 2->42, 3->43, 4->44, 5->45, 6->46, 7->47.
2026-03-14T16:43:50.5618421Z (Worker pid=965) INFO 03-14 16:43:50 [cpu_binding.py:320] [cpu_bind_mode] mode=global_slice rank=7 visible_npus=[8, 9, 10, 11, 12, 13, 14, 15]
2026-03-14T16:43:50.5628015Z (Worker pid=965) INFO 03-14 16:43:50 [cpu_binding.py:367] The CPU allocation plan is as follows:
2026-03-14T16:43:50.5638531Z (Worker pid=965) INFO 03-14 16:43:50 [cpu_binding.py:372] NPU15: main=[302 303 304 305 306 307 308 309 310 311 312 313 314 315 316 317]  acl=[318]  release=[[319]]
2026-03-14T16:43:50.6092121Z (Worker pid=965) INFO 03-14 16:43:50 [cpu_binding.py:383] The 'migratepages' command is not available, skipping memory binding.
2026-03-14T16:43:50.6203876Z (Worker pid=212) INFO 03-14 16:43:50 [cpu_binding.py:320] [cpu_bind_mode] mode=global_slice rank=0 visible_npus=[0, 1, 2, 3, 4, 5, 6, 7]
2026-03-14T16:43:50.6204505Z (Worker pid=212) INFO 03-14 16:43:50 [cpu_binding.py:367] The CPU allocation plan is as follows:
2026-03-14T16:43:50.6207187Z (Worker pid=212) INFO 03-14 16:43:50 [cpu_binding.py:372] NPU0: main=[2 3 4 5 6 7 8 9 10 11 12 13 14 15 16 17]  acl=[18]  release=[[19]]
2026-03-14T16:43:50.6505033Z (Worker pid=965) WARNING 03-14 16:43:50 [__init__.py:204] min_p and logit_bias parameters won't work with speculative decoding.
2026-03-14T16:43:50.6589056Z (Worker pid=965) INFO 03-14 16:43:50 [base.py:106] Offloader set to NoopOffloader
2026-03-14T16:43:50.6611587Z (Worker pid=212) INFO 03-14 16:43:50 [cpu_binding.py:383] The 'migratepages' command is not available, skipping memory binding.
2026-03-14T16:43:50.6699575Z (Worker pid=965) WARNING 03-14 16:43:50 [__init__.py:204] min_p and logit_bias parameters won't work with speculative decoding.
2026-03-14T16:43:50.6725420Z (Worker pid=965) (Worker_DP1_TP7_EP15 pid=965) INFO 03-14 16:43:50 [model_runner_v1.py:2511] Starting to load model /root/.cache/modelscope/hub/models/vllm-ascend/DeepSeek-V3___2-W8A8...
2026-03-14T16:43:50.7623275Z (Worker pid=859) (Worker_DP1_TP6_EP14 pid=859) INFO 03-14 16:43:50 [layer.py:456] [EP Rank 14/32] Expert parallelism is enabled. Expert placement strategy: linear. Local/global number of experts: 8/256. Experts local to global index map: 0->112, 1->113, 2->114, 3->115, 4->116, 5->117, 6->118, 7->119.
2026-03-14T16:43:50.7754225Z (Worker pid=212) WARNING 03-14 16:43:50 [__init__.py:204] min_p and logit_bias parameters won't work with speculative decoding.
2026-03-14T16:43:50.7955748Z (Worker pid=212) INFO 03-14 16:43:50 [base.py:106] Offloader set to NoopOffloader
2026-03-14T16:43:50.8237681Z (Worker pid=212) WARNING 03-14 16:43:50 [__init__.py:204] min_p and logit_bias parameters won't work with speculative decoding.
2026-03-14T16:43:50.8280557Z (Worker pid=212) (Worker_DP0_TP0_EP0 pid=212) INFO 03-14 16:43:50 [model_runner_v1.py:2511] Starting to load model /root/.cache/modelscope/hub/models/vllm-ascend/DeepSeek-V3___2-W8A8...
2026-03-14T16:43:51.1442493Z (Worker pid=639) (Worker_DP0_TP4_EP4 pid=639) INFO 03-14 16:43:51 [layer.py:456] [EP Rank 4/32] Expert parallelism is enabled. Expert placement strategy: linear. Local/global number of experts: 8/256. Experts local to global index map: 0->32, 1->33, 2->34, 3->35, 4->36, 5->37, 6->38, 7->39.
2026-03-14T16:43:51.4537188Z (Worker pid=213) (Worker_DP1_TP0_EP8 pid=213) INFO 03-14 16:43:51 [layer.py:456] [EP Rank 8/32] Expert parallelism is enabled. Expert placement strategy: linear. Local/global number of experts: 8/256. Experts local to global index map: 0->64, 1->65, 2->66, 3->67, 4->68, 5->69, 6->70, 7->71.
2026-03-14T16:43:51.8034971Z (Worker pid=965) (Worker_DP1_TP7_EP15 pid=965) INFO 03-14 16:43:51 [layer.py:456] [EP Rank 15/32] Expert parallelism is enabled. Expert placement strategy: linear. Local/global number of experts: 8/256. Experts local to global index map: 0->120, 1->121, 2->122, 3->123, 4->124, 5->125, 6->126, 7->127.
2026-03-14T16:43:51.9331384Z (Worker pid=533) (Worker_DP0_TP3_EP3 pid=533) INFO 03-14 16:43:51 [layer.py:456] [EP Rank 3/32] Expert parallelism is enabled. Expert placement strategy: linear. Local/global number of experts: 8/256. Experts local to global index map: 0->24, 1->25, 2->26, 3->27, 4->28, 5->29, 6->30, 7->31.
2026-03-14T16:43:52.5795307Z (Worker pid=848) (Worker_DP0_TP6_EP6 pid=848) INFO 03-14 16:43:52 [layer.py:456] [EP Rank 6/32] Expert parallelism is enabled. Expert placement strategy: linear. Local/global number of experts: 8/256. Experts local to global index map: 0->48, 1->49, 2->50, 3->51, 4->52, 5->53, 6->54, 7->55.
2026-03-14T16:43:52.9766464Z (Worker pid=212) (Worker_DP0_TP0_EP0 pid=212) INFO 03-14 16:43:52 [layer.py:456] [EP Rank 0/32] Expert parallelism is enabled. Expert placement strategy: linear. Local/global number of experts: 8/256. Experts local to global index map: 0->0, 1->1, 2->2, 3->3, 4->4, 5->5, 6->6, 7->7.
2026-03-14T16:43:53.5527125Z (Worker pid=212) (Worker_DP0_TP0_EP0 pid=212) INFO 03-14 16:43:53 [fused_moe.py:285] [EP Rank 0/32] Expert parallelism is enabled. Local/global number of experts: 8/256. Experts local to global index map: 0->0, 1->1, 2->2, 3->3, 4->4, 5->5, 6->6, 7->7.
2026-03-14T16:43:53.7071129Z (Worker pid=954) (Worker_DP0_TP7_EP7 pid=954) INFO 03-14 16:43:53 [fused_moe.py:285] [EP Rank 7/32] Expert parallelism is enabled. Local/global number of experts: 8/256. Experts local to global index map: 0->56, 1->57, 2->58, 3->59, 4->60, 5->61, 6->62, 7->63.
2026-03-14T16:43:53.7432277Z (Worker pid=264) (Worker_DP0_TP1_EP1 pid=264) INFO 03-14 16:43:53 [fused_moe.py:285] [EP Rank 1/32] Expert parallelism is enabled. Local/global number of experts: 8/256. Experts local to global index map: 0->8, 1->9, 2->10, 3->11, 4->12, 5->13, 6->14, 7->15.
2026-03-14T16:43:53.7479874Z (Worker pid=745) (Worker_DP0_TP5_EP5 pid=745) INFO 03-14 16:43:53 [fused_moe.py:285] [EP Rank 5/32] Expert parallelism is enabled. Local/global number of experts: 8/256. Experts local to global index map: 0->40, 1->41, 2->42, 3->43, 4->44, 5->45, 6->46, 7->47.
2026-03-14T16:43:53.7518907Z (Worker pid=533) (Worker_DP0_TP3_EP3 pid=533) INFO 03-14 16:43:53 [fused_moe.py:285] [EP Rank 3/32] Expert parallelism is enabled. Local/global number of experts: 8/256. Experts local to global index map: 0->24, 1->25, 2->26, 3->27, 4->28, 5->29, 6->30, 7->31.
2026-03-14T16:43:53.7627959Z (Worker pid=213) (Worker_DP1_TP0_EP8 pid=213) INFO 03-14 16:43:53 [fused_moe.py:285] [EP Rank 8/32] Expert parallelism is enabled. Local/global number of experts: 8/256. Experts local to global index map: 0->64, 1->65, 2->66, 3->67, 4->68, 5->69, 6->70, 7->71.
2026-03-14T16:43:53.7789124Z (Worker pid=644) (Worker_DP1_TP4_EP12 pid=644) INFO 03-14 16:43:53 [fused_moe.py:285] [EP Rank 12/32] Expert parallelism is enabled. Local/global number of experts: 8/256. Experts local to global index map: 0->96, 1->97, 2->98, 3->99, 4->100, 5->101, 6->102, 7->103.
2026-03-14T16:43:53.7807734Z (Worker pid=965) (Worker_DP1_TP7_EP15 pid=965) INFO 03-14 16:43:53 [fused_moe.py:285] [EP Rank 15/32] Expert parallelism is enabled. Local/global number of experts: 8/256. Experts local to global index map: 0->120, 1->121, 2->122, 3->123, 4->124, 5->125, 6->126, 7->127.
2026-03-14T16:43:53.7852403Z (Worker pid=848) (Worker_DP0_TP6_EP6 pid=848) INFO 03-14 16:43:53 [fused_moe.py:285] [EP Rank 6/32] Expert parallelism is enabled. Local/global number of experts: 8/256. Experts local to global index map: 0->48, 1->49, 2->50, 3->51, 4->52, 5->53, 6->54, 7->55.
2026-03-14T16:43:53.7933584Z (Worker pid=537) (Worker_DP1_TP3_EP11 pid=537) INFO 03-14 16:43:53 [fused_moe.py:285] [EP Rank 11/32] Expert parallelism is enabled. Local/global number of experts: 8/256. Experts local to global index map: 0->88, 1->89, 2->90, 3->91, 4->92, 5->93, 6->94, 7->95.
2026-03-14T16:43:53.7996705Z (Worker pid=639) (Worker_DP0_TP4_EP4 pid=639) INFO 03-14 16:43:53 [fused_moe.py:285] [EP Rank 4/32] Expert parallelism is enabled. Local/global number of experts: 8/256. Experts local to global index map: 0->32, 1->33, 2->34, 3->35, 4->36, 5->37, 6->38, 7->39.
2026-03-14T16:43:53.8081671Z (Worker pid=400) (Worker_DP0_TP2_EP2 pid=400) INFO 03-14 16:43:53 [fused_moe.py:285] [EP Rank 2/32] Expert parallelism is enabled. Local/global number of experts: 8/256. Experts local to global index map: 0->16, 1->17, 2->18, 3->19, 4->20, 5->21, 6->22, 7->23.
2026-03-14T16:43:53.8194488Z (Worker pid=269) (Worker_DP1_TP1_EP9 pid=269) INFO 03-14 16:43:53 [fused_moe.py:285] [EP Rank 9/32] Expert parallelism is enabled. Local/global number of experts: 8/256. Experts local to global index map: 0->72, 1->73, 2->74, 3->75, 4->76, 5->77, 6->78, 7->79.
2026-03-14T16:43:53.8340335Z (Worker pid=753) (Worker_DP1_TP5_EP13 pid=753) INFO 03-14 16:43:53 [fused_moe.py:285] [EP Rank 13/32] Expert parallelism is enabled. Local/global number of experts: 8/256. Experts local to global index map: 0->104, 1->105, 2->106, 3->107, 4->108, 5->109, 6->110, 7->111.
2026-03-14T16:43:53.8446951Z (Worker pid=859) (Worker_DP1_TP6_EP14 pid=859) INFO 03-14 16:43:53 [fused_moe.py:285] [EP Rank 14/32] Expert parallelism is enabled. Local/global number of experts: 8/256. Experts local to global index map: 0->112, 1->113, 2->114, 3->115, 4->116, 5->117, 6->118, 7->119.
2026-03-14T16:43:53.8466450Z (Worker pid=410) (Worker_DP1_TP2_EP10 pid=410) INFO 03-14 16:43:53 [fused_moe.py:285] [EP Rank 10/32] Expert parallelism is enabled. Local/global number of experts: 8/256. Experts local to global index map: 0->80, 1->81, 2->82, 3->83, 4->84, 5->85, 6->86, 7->87.
2026-03-14T16:43:54.0331063Z (Worker pid=264) (Worker_DP0_TP1_EP1 pid=264) INFO 03-14 16:43:54 [fused_moe.py:540] Sequence parallelism is enabled, shared experts are replicated for best performance.
2026-03-14T16:43:54.0979234Z (Worker pid=639) (Worker_DP0_TP4_EP4 pid=639) INFO 03-14 16:43:54 [fused_moe.py:540] Sequence parallelism is enabled, shared experts are replicated for best performance.
2026-03-14T16:43:54.1002175Z (Worker pid=745) (Worker_DP0_TP5_EP5 pid=745) INFO 03-14 16:43:54 [fused_moe.py:540] Sequence parallelism is enabled, shared experts are replicated for best performance.
2026-03-14T16:43:54.1048147Z (Worker pid=848) (Worker_DP0_TP6_EP6 pid=848) INFO 03-14 16:43:54 [fused_moe.py:540] Sequence parallelism is enabled, shared experts are replicated for best performance.
2026-03-14T16:43:54.1176374Z (Worker pid=533) (Worker_DP0_TP3_EP3 pid=533) INFO 03-14 16:43:54 [fused_moe.py:540] Sequence parallelism is enabled, shared experts are replicated for best performance.
2026-03-14T16:43:54.1210698Z (Worker pid=269) (Worker_DP1_TP1_EP9 pid=269) INFO 03-14 16:43:54 [fused_moe.py:540] Sequence parallelism is enabled, shared experts are replicated for best performance.
2026-03-14T16:43:54.1220107Z (Worker pid=400) (Worker_DP0_TP2_EP2 pid=400) INFO 03-14 16:43:54 [fused_moe.py:540] Sequence parallelism is enabled, shared experts are replicated for best performance.
2026-03-14T16:43:54.1229722Z (Worker pid=213) (Worker_DP1_TP0_EP8 pid=213) INFO 03-14 16:43:54 [fused_moe.py:540] Sequence parallelism is enabled, shared experts are replicated for best performance.
2026-03-14T16:43:54.1379963Z (Worker pid=965) (Worker_DP1_TP7_EP15 pid=965) INFO 03-14 16:43:54 [fused_moe.py:540] Sequence parallelism is enabled, shared experts are replicated for best performance.
2026-03-14T16:43:54.1389868Z (Worker pid=644) (Worker_DP1_TP4_EP12 pid=644) INFO 03-14 16:43:54 [fused_moe.py:540] Sequence parallelism is enabled, shared experts are replicated for best performance.
2026-03-14T16:43:54.1410029Z (Worker pid=859) (Worker_DP1_TP6_EP14 pid=859) INFO 03-14 16:43:54 [fused_moe.py:540] Sequence parallelism is enabled, shared experts are replicated for best performance.
2026-03-14T16:43:54.1418565Z (Worker pid=753) (Worker_DP1_TP5_EP13 pid=753) INFO 03-14 16:43:54 [fused_moe.py:540] Sequence parallelism is enabled, shared experts are replicated for best performance.
2026-03-14T16:43:54.1427901Z (Worker pid=537) (Worker_DP1_TP3_EP11 pid=537) INFO 03-14 16:43:54 [fused_moe.py:540] Sequence parallelism is enabled, shared experts are replicated for best performance.
