2026-03-17T17:50:51.0485482Z (Worker pid=292) (Worker_DP0_TP1_EP1 pid=292) INFO 03-17 17:50:51 [layer.py:456] [EP Rank 1/32] Expert parallelism is enabled. Expert placement strategy: linear. Local/global number of experts: 8/256. Experts local to global index map: 0->8, 1->9, 2->10, 3->11, 4->12, 5->13, 6->14, 7->15.
2026-03-17T17:50:51.0648992Z (Worker pid=502) WARNING 03-17 17:50:51 [__init__.py:204] min_p and logit_bias parameters won't work with speculative decoding.
2026-03-17T17:50:51.0726020Z (Worker pid=502) INFO 03-17 17:50:51 [base.py:106] Offloader set to NoopOffloader
2026-03-17T17:50:51.0813077Z (Worker pid=610) INFO 03-17 17:50:51 [cpu_binding.py:383] The 'migratepages' command is not available, skipping memory binding.
2026-03-17T17:50:51.0838195Z (Worker pid=502) WARNING 03-17 17:50:51 [__init__.py:204] min_p and logit_bias parameters won't work with speculative decoding.
2026-03-17T17:50:51.0892632Z (Worker pid=502) (Worker_DP1_TP3_EP11 pid=502) INFO 03-17 17:50:51 [model_runner_v1.py:2535] Starting to load model /root/.cache/modelscope/hub/models/vllm-ascend/DeepSeek-V3___2-W8A8...
2026-03-17T17:50:51.1136090Z (Worker pid=610) WARNING 03-17 17:50:51 [__init__.py:204] min_p and logit_bias parameters won't work with speculative decoding.
2026-03-17T17:50:51.1210292Z (Worker pid=610) INFO 03-17 17:50:51 [base.py:106] Offloader set to NoopOffloader
2026-03-17T17:50:51.1312991Z (Worker pid=610) WARNING 03-17 17:50:51 [__init__.py:204] min_p and logit_bias parameters won't work with speculative decoding.
2026-03-17T17:50:51.1335632Z (Worker pid=610) (Worker_DP0_TP4_EP4 pid=610) INFO 03-17 17:50:51 [model_runner_v1.py:2535] Starting to load model /root/.cache/modelscope/hub/models/vllm-ascend/DeepSeek-V3___2-W8A8...
2026-03-17T17:50:51.1826716Z (Worker pid=397) INFO 03-17 17:50:51 [cpu_binding.py:320] [cpu_bind_mode] mode=global_slice rank=2 visible_npus=[0, 1, 2, 3, 4, 5, 6, 7]
2026-03-17T17:50:51.1848049Z (Worker pid=397) INFO 03-17 17:50:51 [cpu_binding.py:367] The CPU allocation plan is as follows:
2026-03-17T17:50:51.1860608Z (Worker pid=397) INFO 03-17 17:50:51 [cpu_binding.py:372] NPU2: main=[42 43 44 45 46 47 48 49 50 51 52 53 54 55 56 57]  acl=[58]  release=[[59]]
2026-03-17T17:50:51.2267775Z (Worker pid=397) INFO 03-17 17:50:51 [cpu_binding.py:383] The 'migratepages' command is not available, skipping memory binding.
2026-03-17T17:50:51.2550842Z (Worker pid=397) WARNING 03-17 17:50:51 [__init__.py:204] min_p and logit_bias parameters won't work with speculative decoding.
2026-03-17T17:50:51.2609395Z (Worker pid=293) (Worker_DP1_TP1_EP9 pid=293) INFO 03-17 17:50:51 [layer.py:456] [EP Rank 9/32] Expert parallelism is enabled. Expert placement strategy: linear. Local/global number of experts: 8/256. Experts local to global index map: 0->72, 1->73, 2->74, 3->75, 4->76, 5->77, 6->78, 7->79.
2026-03-17T17:50:51.2663206Z (Worker pid=397) INFO 03-17 17:50:51 [base.py:106] Offloader set to NoopOffloader
2026-03-17T17:50:51.2738741Z (Worker pid=397) WARNING 03-17 17:50:51 [__init__.py:204] min_p and logit_bias parameters won't work with speculative decoding.
2026-03-17T17:50:51.2761985Z (Worker pid=397) (Worker_DP0_TP2_EP2 pid=397) INFO 03-17 17:50:51 [model_runner_v1.py:2535] Starting to load model /root/.cache/modelscope/hub/models/vllm-ascend/DeepSeek-V3___2-W8A8...
2026-03-17T17:50:51.2906118Z (Worker pid=821) (Worker_DP1_TP6_EP14 pid=821) INFO 03-17 17:50:51 [layer.py:456] [EP Rank 14/32] Expert parallelism is enabled. Expert placement strategy: linear. Local/global number of experts: 8/256. Experts local to global index map: 0->112, 1->113, 2->114, 3->115, 4->116, 5->117, 6->118, 7->119.
2026-03-17T17:50:51.3992925Z (Worker pid=273) INFO 03-17 17:50:51 [cpu_binding.py:320] [cpu_bind_mode] mode=global_slice rank=0 visible_npus=[8, 9, 10, 11, 12, 13, 14, 15]
2026-03-17T17:50:51.4004382Z (Worker pid=273) INFO 03-17 17:50:51 [cpu_binding.py:367] The CPU allocation plan is as follows:
2026-03-17T17:50:51.4017885Z (Worker pid=273) INFO 03-17 17:50:51 [cpu_binding.py:372] NPU8: main=[162 163 164 165 166 167 168 169 170 171 172 173 174 175 176 177]  acl=[178]  release=[[179]]
2026-03-17T17:50:51.4072892Z (Worker pid=272) INFO 03-17 17:50:51 [cpu_binding.py:320] [cpu_bind_mode] mode=global_slice rank=0 visible_npus=[0, 1, 2, 3, 4, 5, 6, 7]
2026-03-17T17:50:51.4085037Z (Worker pid=272) INFO 03-17 17:50:51 [cpu_binding.py:367] The CPU allocation plan is as follows:
2026-03-17T17:50:51.4097732Z (Worker pid=272) INFO 03-17 17:50:51 [cpu_binding.py:372] NPU0: main=[2 3 4 5 6 7 8 9 10 11 12 13 14 15 16 17]  acl=[18]  release=[[19]]
2026-03-17T17:50:51.4449457Z (Worker pid=273) INFO 03-17 17:50:51 [cpu_binding.py:383] The 'migratepages' command is not available, skipping memory binding.
2026-03-17T17:50:51.4622850Z (Worker pid=272) INFO 03-17 17:50:51 [cpu_binding.py:383] The 'migratepages' command is not available, skipping memory binding.
2026-03-17T17:50:51.4812993Z (Worker pid=273) WARNING 03-17 17:50:51 [__init__.py:204] min_p and logit_bias parameters won't work with speculative decoding.
2026-03-17T17:50:51.4885080Z (Worker pid=273) INFO 03-17 17:50:51 [base.py:106] Offloader set to NoopOffloader
2026-03-17T17:50:51.4911903Z (Worker pid=272) WARNING 03-17 17:50:51 [__init__.py:204] min_p and logit_bias parameters won't work with speculative decoding.
2026-03-17T17:50:51.4972139Z (Worker pid=273) WARNING 03-17 17:50:51 [__init__.py:204] min_p and logit_bias parameters won't work with speculative decoding.
2026-03-17T17:50:51.5024341Z (Worker pid=272) INFO 03-17 17:50:51 [base.py:106] Offloader set to NoopOffloader
2026-03-17T17:50:51.5035940Z (Worker pid=273) (Worker_DP1_TP0_EP8 pid=273) INFO 03-17 17:50:51 [model_runner_v1.py:2535] Starting to load model /root/.cache/modelscope/hub/models/vllm-ascend/DeepSeek-V3___2-W8A8...
2026-03-17T17:50:51.5093752Z (Worker pid=272) WARNING 03-17 17:50:51 [__init__.py:204] min_p and logit_bias parameters won't work with speculative decoding.
2026-03-17T17:50:51.5121268Z (Worker pid=272) (Worker_DP0_TP0_EP0 pid=272) INFO 03-17 17:50:51 [model_runner_v1.py:2535] Starting to load model /root/.cache/modelscope/hub/models/vllm-ascend/DeepSeek-V3___2-W8A8...
2026-03-17T17:50:51.8696469Z (Worker pid=926) (Worker_DP0_TP7_EP7 pid=926) INFO 03-17 17:50:51 [layer.py:456] [EP Rank 7/32] Expert parallelism is enabled. Expert placement strategy: linear. Local/global number of experts: 8/256. Experts local to global index map: 0->56, 1->57, 2->58, 3->59, 4->60, 5->61, 6->62, 7->63.
2026-03-17T17:50:51.9683590Z (Worker pid=502) (Worker_DP1_TP3_EP11 pid=502) INFO 03-17 17:50:51 [layer.py:456] [EP Rank 11/32] Expert parallelism is enabled. Expert placement strategy: linear. Local/global number of experts: 8/256. Experts local to global index map: 0->88, 1->89, 2->90, 3->91, 4->92, 5->93, 6->94, 7->95.
2026-03-17T17:50:52.2092415Z (Worker pid=273) (Worker_DP1_TP0_EP8 pid=273) INFO 03-17 17:50:52 [layer.py:456] [EP Rank 8/32] Expert parallelism is enabled. Expert placement strategy: linear. Local/global number of experts: 8/256. Experts local to global index map: 0->64, 1->65, 2->66, 3->67, 4->68, 5->69, 6->70, 7->71.
2026-03-17T17:50:52.2206186Z (Worker pid=610) (Worker_DP0_TP4_EP4 pid=610) INFO 03-17 17:50:52 [layer.py:456] [EP Rank 4/32] Expert parallelism is enabled. Expert placement strategy: linear. Local/global number of experts: 8/256. Experts local to global index map: 0->32, 1->33, 2->34, 3->35, 4->36, 5->37, 6->38, 7->39.
2026-03-17T17:50:52.3623523Z (Worker pid=397) (Worker_DP0_TP2_EP2 pid=397) INFO 03-17 17:50:52 [layer.py:456] [EP Rank 2/32] Expert parallelism is enabled. Expert placement strategy: linear. Local/global number of experts: 8/256. Experts local to global index map: 0->16, 1->17, 2->18, 3->19, 4->20, 5->21, 6->22, 7->23.
2026-03-17T17:50:52.5544644Z (Worker pid=272) (Worker_DP0_TP0_EP0 pid=272) INFO 03-17 17:50:52 [layer.py:456] [EP Rank 0/32] Expert parallelism is enabled. Expert placement strategy: linear. Local/global number of experts: 8/256. Experts local to global index map: 0->0, 1->1, 2->2, 3->3, 4->4, 5->5, 6->6, 7->7.
2026-03-17T17:50:53.7623395Z (Worker pid=272) (Worker_DP0_TP0_EP0 pid=272) INFO 03-17 17:50:53 [fused_moe.py:285] [EP Rank 0/32] Expert parallelism is enabled. Local/global number of experts: 8/256. Experts local to global index map: 0->0, 1->1, 2->2, 3->3, 4->4, 5->5, 6->6, 7->7.
2026-03-17T17:50:53.9151689Z (Worker pid=714) (Worker_DP0_TP5_EP5 pid=714) INFO 03-17 17:50:53 [fused_moe.py:285] [EP Rank 5/32] Expert parallelism is enabled. Local/global number of experts: 8/256. Experts local to global index map: 0->40, 1->41, 2->42, 3->43, 4->44, 5->45, 6->46, 7->47.
2026-03-17T17:50:53.9206658Z (Worker pid=396) (Worker_DP1_TP2_EP10 pid=396) INFO 03-17 17:50:53 [fused_moe.py:285] [EP Rank 10/32] Expert parallelism is enabled. Local/global number of experts: 8/256. Experts local to global index map: 0->80, 1->81, 2->82, 3->83, 4->84, 5->85, 6->86, 7->87.
2026-03-17T17:50:53.9232830Z (Worker pid=820) (Worker_DP0_TP6_EP6 pid=820) INFO 03-17 17:50:53 [fused_moe.py:285] [EP Rank 6/32] Expert parallelism is enabled. Local/global number of experts: 8/256. Experts local to global index map: 0->48, 1->49, 2->50, 3->51, 4->52, 5->53, 6->54, 7->55.
2026-03-17T17:50:53.9491608Z (Worker pid=503) (Worker_DP0_TP3_EP3 pid=503) INFO 03-17 17:50:53 [fused_moe.py:285] [EP Rank 3/32] Expert parallelism is enabled. Local/global number of experts: 8/256. Experts local to global index map: 0->24, 1->25, 2->26, 3->27, 4->28, 5->29, 6->30, 7->31.
2026-03-17T17:50:53.9531441Z (Worker pid=821) (Worker_DP1_TP6_EP14 pid=821) INFO 03-17 17:50:53 [fused_moe.py:285] [EP Rank 14/32] Expert parallelism is enabled. Local/global number of experts: 8/256. Experts local to global index map: 0->112, 1->113, 2->114, 3->115, 4->116, 5->117, 6->118, 7->119.
2026-03-17T17:50:53.9549196Z (Worker pid=292) (Worker_DP0_TP1_EP1 pid=292) INFO 03-17 17:50:53 [fused_moe.py:285] [EP Rank 1/32] Expert parallelism is enabled. Local/global number of experts: 8/256. Experts local to global index map: 0->8, 1->9, 2->10, 3->11, 4->12, 5->13, 6->14, 7->15.
2026-03-17T17:50:53.9707202Z (Worker pid=610) (Worker_DP0_TP4_EP4 pid=610) INFO 03-17 17:50:53 [fused_moe.py:285] [EP Rank 4/32] Expert parallelism is enabled. Local/global number of experts: 8/256. Experts local to global index map: 0->32, 1->33, 2->34, 3->35, 4->36, 5->37, 6->38, 7->39.
2026-03-17T17:50:53.9728103Z (Worker pid=715) (Worker_DP1_TP5_EP13 pid=715) INFO 03-17 17:50:53 [fused_moe.py:285] [EP Rank 13/32] Expert parallelism is enabled. Local/global number of experts: 8/256. Experts local to global index map: 0->104, 1->105, 2->106, 3->107, 4->108, 5->109, 6->110, 7->111.
2026-03-17T17:50:53.9747647Z (Worker pid=273) (Worker_DP1_TP0_EP8 pid=273) INFO 03-17 17:50:53 [fused_moe.py:285] [EP Rank 8/32] Expert parallelism is enabled. Local/global number of experts: 8/256. Experts local to global index map: 0->64, 1->65, 2->66, 3->67, 4->68, 5->69, 6->70, 7->71.
2026-03-17T17:50:53.9775461Z (Worker pid=502) (Worker_DP1_TP3_EP11 pid=502) INFO 03-17 17:50:53 [fused_moe.py:285] [EP Rank 11/32] Expert parallelism is enabled. Local/global number of experts: 8/256. Experts local to global index map: 0->88, 1->89, 2->90, 3->91, 4->92, 5->93, 6->94, 7->95.
2026-03-17T17:50:53.9797006Z (Worker pid=926) (Worker_DP0_TP7_EP7 pid=926) INFO 03-17 17:50:53 [fused_moe.py:285] [EP Rank 7/32] Expert parallelism is enabled. Local/global number of experts: 8/256. Experts local to global index map: 0->56, 1->57, 2->58, 3->59, 4->60, 5->61, 6->62, 7->63.
2026-03-17T17:50:54.0037377Z (Worker pid=397) (Worker_DP0_TP2_EP2 pid=397) INFO 03-17 17:50:54 [fused_moe.py:285] [EP Rank 2/32] Expert parallelism is enabled. Local/global number of experts: 8/256. Experts local to global index map: 0->16, 1->17, 2->18, 3->19, 4->20, 5->21, 6->22, 7->23.
2026-03-17T17:50:54.0056461Z (Worker pid=927) (Worker_DP1_TP7_EP15 pid=927) INFO 03-17 17:50:54 [fused_moe.py:285] [EP Rank 15/32] Expert parallelism is enabled. Local/global number of experts: 8/256. Experts local to global index map: 0->120, 1->121, 2->122, 3->123, 4->124, 5->125, 6->126, 7->127.
2026-03-17T17:50:54.0229418Z (Worker pid=607) (Worker_DP1_TP4_EP12 pid=607) INFO 03-17 17:50:54 [fused_moe.py:285] [EP Rank 12/32] Expert parallelism is enabled. Local/global number of experts: 8/256. Experts local to global index map: 0->96, 1->97, 2->98, 3->99, 4->100, 5->101, 6->102, 7->103.
2026-03-17T17:50:54.0275684Z (Worker pid=293) (Worker_DP1_TP1_EP9 pid=293) INFO 03-17 17:50:54 [fused_moe.py:285] [EP Rank 9/32] Expert parallelism is enabled. Local/global number of experts: 8/256. Experts local to global index map: 0->72, 1->73, 2->74, 3->75, 4->76, 5->77, 6->78, 7->79.
2026-03-17T17:50:54.2065300Z (Worker pid=272) (Worker_DP0_TP0_EP0 pid=272) INFO 03-17 17:50:54 [fused_moe.py:540] Sequence parallelism is enabled, shared experts are replicated for best performance.
2026-03-17T17:50:54.2446987Z (Worker pid=292) (Worker_DP0_TP1_EP1 pid=292) INFO 03-17 17:50:54 [fused_moe.py:540] Sequence parallelism is enabled, shared experts are replicated for best performance.
2026-03-17T17:50:54.2702079Z (Worker pid=714) (Worker_DP0_TP5_EP5 pid=714) INFO 03-17 17:50:54 [fused_moe.py:540] Sequence parallelism is enabled, shared experts are replicated for best performance.
2026-03-17T17:50:54.2715573Z (Worker pid=396) (Worker_DP1_TP2_EP10 pid=396) INFO 03-17 17:50:54 [fused_moe.py:540] Sequence parallelism is enabled, shared experts are replicated for best performance.
2026-03-17T17:50:54.2733210Z (Worker pid=610) (Worker_DP0_TP4_EP4 pid=610) INFO 03-17 17:50:54 [fused_moe.py:540] Sequence parallelism is enabled, shared experts are replicated for best performance.
2026-03-17T17:50:54.2758788Z (Worker pid=820) (Worker_DP0_TP6_EP6 pid=820) INFO 03-17 17:50:54 [fused_moe.py:540] Sequence parallelism is enabled, shared experts are replicated for best performance.
2026-03-17T17:50:54.2897650Z (Worker pid=926) (Worker_DP0_TP7_EP7 pid=926) INFO 03-17 17:50:54 [fused_moe.py:540] Sequence parallelism is enabled, shared experts are replicated for best performance.
2026-03-17T17:50:54.2923496Z (Worker pid=502) (Worker_DP1_TP3_EP11 pid=502) INFO 03-17 17:50:54 [fused_moe.py:540] Sequence parallelism is enabled, shared experts are replicated for best performance.
2026-03-17T17:50:54.3093388Z (Worker pid=927) (Worker_DP1_TP7_EP15 pid=927) INFO 03-17 17:50:54 [fused_moe.py:540] Sequence parallelism is enabled, shared experts are replicated for best performance.
2026-03-17T17:50:54.3116544Z (Worker pid=397) (Worker_DP0_TP2_EP2 pid=397) INFO 03-17 17:50:54 [fused_moe.py:540] Sequence parallelism is enabled, shared experts are replicated for best performance.
2026-03-17T17:50:54.3140845Z (Worker pid=821) (Worker_DP1_TP6_EP14 pid=821) INFO 03-17 17:50:54 [fused_moe.py:540] Sequence parallelism is enabled, shared experts are replicated for best performance.
2026-03-17T17:50:54.3152990Z (Worker pid=503) (Worker_DP0_TP3_EP3 pid=503) INFO 03-17 17:50:54 [fused_moe.py:540] Sequence parallelism is enabled, shared experts are replicated for best performance.
2026-03-17T17:50:54.3283596Z (Worker pid=607) (Worker_DP1_TP4_EP12 pid=607) INFO 03-17 17:50:54 [fused_moe.py:540] Sequence parallelism is enabled, shared experts are replicated for best performance.
2026-03-17T17:50:54.3337284Z (Worker pid=715) (Worker_DP1_TP5_EP13 pid=715) INFO 03-17 17:50:54 [fused_moe.py:540] Sequence parallelism is enabled, shared experts are replicated for best performance.
2026-03-17T17:50:54.3338336Z (Worker pid=273) (Worker_DP1_TP0_EP8 pid=273) INFO 03-17 17:50:54 [fused_moe.py:540] Sequence parallelism is enabled, shared experts are replicated for best performance.
2026-03-17T17:50:54.3339337Z (Worker pid=293) (Worker_DP1_TP1_EP9 pid=293) INFO 03-17 17:50:54 [fused_moe.py:540] Sequence parallelism is enabled, shared experts are replicated for best performance.
2026-03-17T17:51:01.6617501Z (Worker pid=272) (Worker_DP0_TP0_EP0 pid=272) INFO 03-17 17:51:01 [compilation.py:937] Using OOT custom backend for compilation.
2026-03-17T17:51:01.7572739Z (Worker pid=292) (Worker_DP0_TP1_EP1 pid=292) INFO 03-17 17:51:01 [compilation.py:937] Using OOT custom backend for compilation.
2026-03-17T17:51:01.7626106Z (Worker pid=396) (Worker_DP1_TP2_EP10 pid=396) INFO 03-17 17:51:01 [compilation.py:937] Using OOT custom backend for compilation.
2026-03-17T17:51:01.8760840Z (Worker pid=272) (Worker_DP0_TP0_EP0 pid=272)
2026-03-17T17:51:01.8761353Z Loading safetensors checkpoint shards:   0% Completed | 0/163 [00:00<?, ?it/s]
2026-03-17T17:51:02.0003726Z (Worker pid=502) (Worker_DP1_TP3_EP11 pid=502) INFO 03-17 17:51:01 [compilation.py:937] Using OOT custom backend for compilation.
2026-03-17T17:51:02.4290138Z (Worker pid=610) (Worker_DP0_TP4_EP4 pid=610) INFO 03-17 17:51:02 [compilation.py:937] Using OOT custom backend for compilation.
2026-03-17T17:51:02.4646018Z (Worker pid=397) (Worker_DP0_TP2_EP2 pid=397) INFO 03-17 17:51:02 [compilation.py:937] Using OOT custom backend for compilation.
2026-03-17T17:51:02.4823267Z (Worker pid=820) (Worker_DP0_TP6_EP6 pid=820) INFO 03-17 17:51:02 [compilation.py:937] Using OOT custom backend for compilation.
2026-03-17T17:51:02.4943887Z (Worker pid=714) (Worker_DP0_TP5_EP5 pid=714) INFO 03-17 17:51:02 [compilation.py:937] Using OOT custom backend for compilation.
2026-03-17T17:51:02.5313814Z (Worker pid=503) (Worker_DP0_TP3_EP3 pid=503) INFO 03-17 17:51:02 [compilation.py:937] Using OOT custom backend for compilation.
2026-03-17T17:51:02.5433077Z (Worker pid=821) (Worker_DP1_TP6_EP14 pid=821) INFO 03-17 17:51:02 [compilation.py:937] Using OOT custom backend for compilation.
2026-03-17T17:51:02.5534506Z (Worker pid=926) (Worker_DP0_TP7_EP7 pid=926) INFO 03-17 17:51:02 [compilation.py:937] Using OOT custom backend for compilation.
2026-03-17T17:51:02.5624360Z (Worker pid=273) (Worker_DP1_TP0_EP8 pid=273) INFO 03-17 17:51:02 [compilation.py:937] Using OOT custom backend for compilation.
2026-03-17T17:51:02.5976506Z (Worker pid=607) (Worker_DP1_TP4_EP12 pid=607) INFO 03-17 17:51:02 [compilation.py:937] Using OOT custom backend for compilation.
2026-03-17T17:51:02.6350123Z (Worker pid=927) (Worker_DP1_TP7_EP15 pid=927) INFO 03-17 17:51:02 [compilation.py:937] Using OOT custom backend for compilation.
2026-03-17T17:51:02.6669411Z (Worker pid=293) (Worker_DP1_TP1_EP9 pid=293) INFO 03-17 17:51:02 [compilation.py:937] Using OOT custom backend for compilation.
2026-03-17T17:51:02.6815296Z (Worker pid=715) (Worker_DP1_TP5_EP13 pid=715) INFO 03-17 17:51:02 [compilation.py:937] Using OOT custom backend for compilation.
2026-03-17T17:51:08.5877429Z (Worker pid=272) (Worker_DP0_TP0_EP0 pid=272)
2026-03-17T17:51:08.5877983Z Loading safetensors checkpoint shards:   1% Completed | 1/163 [00:06<18:07,  6.71s/it]
2026-03-17T17:51:09.7226919Z (Worker pid=272) (Worker_DP0_TP0_EP0 pid=272)
2026-03-17T17:51:09.7227457Z Loading safetensors checkpoint shards:   1% Completed | 2/163 [00:07<09:12,  3.43s/it]
2026-03-17T17:51:11.4447573Z (Worker pid=272) (Worker_DP0_TP0_EP0 pid=272)
2026-03-17T17:51:11.4448122Z Loading safetensors checkpoint shards:   2% Completed | 3/163 [00:09<07:04,  2.65s/it]
2026-03-17T17:51:14.6348701Z (Worker pid=272) (Worker_DP0_TP0_EP0 pid=272)
2026-03-17T17:51:14.6349236Z Loading safetensors checkpoint shards:   2% Completed | 4/163 [00:12<07:35,  2.86s/it]
2026-03-17T17:51:15.7547446Z (Worker pid=272) (Worker_DP0_TP0_EP0 pid=272)
2026-03-17T17:51:15.7548409Z Loading safetensors checkpoint shards:   3% Completed | 5/163 [00:13<05:53,  2.23s/it]
2026-03-17T17:51:18.5454335Z (Worker pid=272) (Worker_DP0_TP0_EP0 pid=272)
2026-03-17T17:51:18.5454877Z Loading safetensors checkpoint shards:   4% Completed | 6/163 [00:16<06:20,  2.42s/it]
2026-03-17T17:51:19.8791178Z (Worker pid=272) (Worker_DP0_TP0_EP0 pid=272)
2026-03-17T17:51:19.8791769Z Loading safetensors checkpoint shards:   4% Completed | 7/163 [00:18<05:22,  2.07s/it]
2026-03-17T17:51:21.3747329Z (Worker pid=272) (Worker_DP0_TP0_EP0 pid=272)
2026-03-17T17:51:21.3747874Z Loading safetensors checkpoint shards:   5% Completed | 8/163 [00:19<04:52,  1.89s/it]
2026-03-17T17:51:24.3693672Z (Worker pid=272) (Worker_DP0_TP0_EP0 pid=272)
2026-03-17T17:51:24.3694207Z Loading safetensors checkpoint shards:   6% Completed | 9/163 [00:22<05:43,  2.23s/it]
2026-03-17T17:51:25.5923686Z (Worker pid=272) (Worker_DP0_TP0_EP0 pid=272)
2026-03-17T17:51:25.5924241Z Loading safetensors checkpoint shards:   6% Completed | 10/163 [00:23<04:53,  1.92s/it]
2026-03-17T17:51:27.0604392Z (Worker pid=272) (Worker_DP0_TP0_EP0 pid=272)
2026-03-17T17:51:27.0604937Z Loading safetensors checkpoint shards:   7% Completed | 11/163 [00:25<04:30,  1.78s/it]
2026-03-17T17:51:30.2267020Z (Worker pid=272) (Worker_DP0_TP0_EP0 pid=272)
2026-03-17T17:51:30.2267613Z Loading safetensors checkpoint shards:   7% Completed | 12/163 [00:28<05:32,  2.20s/it]
2026-03-17T17:51:31.3967433Z (Worker pid=272) (Worker_DP0_TP0_EP0 pid=272)
2026-03-17T17:51:31.3967974Z Loading safetensors checkpoint shards:   8% Completed | 13/163 [00:29<04:43,  1.89s/it]
2026-03-17T17:51:33.5385787Z (Worker pid=272) (Worker_DP0_TP0_EP0 pid=272)
2026-03-17T17:51:33.5386342Z Loading safetensors checkpoint shards:   9% Completed | 14/163 [00:31<04:52,  1.97s/it]
2026-03-17T17:51:36.1224540Z (Worker pid=272) (Worker_DP0_TP0_EP0 pid=272)
2026-03-17T17:51:36.1225083Z Loading safetensors checkpoint shards:   9% Completed | 15/163 [00:34<05:18,  2.15s/it]
2026-03-17T17:51:37.2956492Z (Worker pid=272) (Worker_DP0_TP0_EP0 pid=272)
2026-03-17T17:51:37.2957069Z Loading safetensors checkpoint shards:  10% Completed | 16/163 [00:35<04:33,  1.86s/it]
2026-03-17T17:51:40.1434023Z (Worker pid=272) (Worker_DP0_TP0_EP0 pid=272)
2026-03-17T17:51:40.1434553Z Loading safetensors checkpoint shards:  10% Completed | 17/163 [00:38<05:14,  2.16s/it]
2026-03-17T17:51:41.4960424Z (Worker pid=272) (Worker_DP0_TP0_EP0 pid=272)
2026-03-17T17:51:41.4960976Z Loading safetensors checkpoint shards:  11% Completed | 18/163 [00:39<04:37,  1.91s/it]
2026-03-17T17:51:42.9762170Z (Worker pid=272) (Worker_DP0_TP0_EP0 pid=272)
2026-03-17T17:51:42.9762710Z Loading safetensors checkpoint shards:  12% Completed | 19/163 [00:41<04:16,  1.78s/it]
2026-03-17T17:51:45.9788703Z (Worker pid=272) (Worker_DP0_TP0_EP0 pid=272)
2026-03-17T17:51:45.9789251Z Loading safetensors checkpoint shards:  12% Completed | 20/163 [00:44<05:07,  2.15s/it]
2026-03-17T17:51:47.2742155Z (Worker pid=272) (Worker_DP0_TP0_EP0 pid=272)
2026-03-17T17:51:47.2742732Z Loading safetensors checkpoint shards:  13% Completed | 21/163 [00:45<04:28,  1.89s/it]
2026-03-17T17:51:48.7140536Z (Worker pid=272) (Worker_DP0_TP0_EP0 pid=272)
2026-03-17T17:51:48.7141093Z Loading safetensors checkpoint shards:  13% Completed | 22/163 [00:46<04:07,  1.76s/it]
2026-03-17T17:51:52.0897937Z (Worker pid=272) (Worker_DP0_TP0_EP0 pid=272)
2026-03-17T17:51:52.0898526Z Loading safetensors checkpoint shards:  14% Completed | 23/163 [00:50<05:14,  2.24s/it]
2026-03-17T17:51:53.1193645Z (Worker pid=272) (Worker_DP0_TP0_EP0 pid=272)
2026-03-17T17:51:53.1194185Z Loading safetensors checkpoint shards:  15% Completed | 24/163 [00:51<04:21,  1.88s/it]
2026-03-17T17:51:55.8431608Z (Worker pid=272) (Worker_DP0_TP0_EP0 pid=272)
2026-03-17T17:51:55.8432154Z Loading safetensors checkpoint shards:  15% Completed | 25/163 [00:53<04:54,  2.13s/it]
2026-03-17T17:51:57.2723042Z (Worker pid=272) (Worker_DP0_TP0_EP0 pid=272)
2026-03-17T17:51:57.2723683Z Loading safetensors checkpoint shards:  16% Completed | 26/163 [00:55<04:23,  1.92s/it]
2026-03-17T17:51:58.6818133Z (Worker pid=272) (Worker_DP0_TP0_EP0 pid=272)
2026-03-17T17:51:58.6818680Z Loading safetensors checkpoint shards:  17% Completed | 27/163 [00:56<04:00,  1.77s/it]
2026-03-17T17:52:01.6713807Z (Worker pid=272) (Worker_DP0_TP0_EP0 pid=272)
2026-03-17T17:52:01.6714389Z Loading safetensors checkpoint shards:  17% Completed | 28/163 [00:59<04:48,  2.13s/it]
2026-03-17T17:52:03.0062371Z (Worker pid=272) (Worker_DP0_TP0_EP0 pid=272)
2026-03-17T17:52:03.0062909Z Loading safetensors checkpoint shards:  18% Completed | 29/163 [01:01<04:13,  1.89s/it]
2026-03-17T17:52:04.3934603Z (Worker pid=272) (Worker_DP0_TP0_EP0 pid=272)
2026-03-17T17:52:04.3935149Z Loading safetensors checkpoint shards:  18% Completed | 30/163 [01:02<03:51,  1.74s/it]
2026-03-17T17:52:07.7394655Z (Worker pid=272) (Worker_DP0_TP0_EP0 pid=272)
2026-03-17T17:52:07.7395204Z Loading safetensors checkpoint shards:  19% Completed | 31/163 [01:05<04:53,  2.22s/it]
2026-03-17T17:52:08.7065080Z (Worker pid=272) (Worker_DP0_TP0_EP0 pid=272)
2026-03-17T17:52:08.7065663Z Loading safetensors checkpoint shards:  20% Completed | 32/163 [01:06<04:01,  1.85s/it]
2026-03-17T17:52:11.4414184Z (Worker pid=272) (Worker_DP0_TP0_EP0 pid=272)
2026-03-17T17:52:11.4414724Z Loading safetensors checkpoint shards:  20% Completed | 33/163 [01:09<04:34,  2.11s/it]
2026-03-17T17:52:13.2422076Z (Worker pid=272) (Worker_DP0_TP0_EP0 pid=272)
2026-03-17T17:52:13.2422628Z Loading safetensors checkpoint shards:  21% Completed | 34/163 [01:11<04:20,  2.02s/it]
2026-03-17T17:52:14.4276414Z (Worker pid=272) (Worker_DP0_TP0_EP0 pid=272)
2026-03-17T17:52:14.4276961Z Loading safetensors checkpoint shards:  21% Completed | 35/163 [01:12<03:46,  1.77s/it]
2026-03-17T17:52:17.5876077Z (Worker pid=272) (Worker_DP0_TP0_EP0 pid=272)
2026-03-17T17:52:17.5876618Z Loading safetensors checkpoint shards:  22% Completed | 36/163 [01:15<04:37,  2.19s/it]
2026-03-17T17:52:18.6159126Z (Worker pid=272) (Worker_DP0_TP0_EP0 pid=272)
2026-03-17T17:52:18.6159712Z Loading safetensors checkpoint shards:  23% Completed | 37/163 [01:16<03:51,  1.84s/it]
2026-03-17T17:52:20.0762250Z (Worker pid=272) (Worker_DP0_TP0_EP0 pid=272)
2026-03-17T17:52:20.0762819Z Loading safetensors checkpoint shards:  23% Completed | 38/163 [01:18<03:35,  1.73s/it]
2026-03-17T17:52:23.3210357Z (Worker pid=272) (Worker_DP0_TP0_EP0 pid=272)
2026-03-17T17:52:23.3210916Z Loading safetensors checkpoint shards:  24% Completed | 39/163 [01:21<04:30,  2.18s/it]
2026-03-17T17:52:24.4342541Z (Worker pid=272) (Worker_DP0_TP0_EP0 pid=272)
2026-03-17T17:52:24.4343087Z Loading safetensors checkpoint shards:  25% Completed | 40/163 [01:22<03:48,  1.86s/it]
2026-03-17T17:52:25.8275187Z (Worker pid=272) (Worker_DP0_TP0_EP0 pid=272)
2026-03-17T17:52:25.8275738Z Loading safetensors checkpoint shards:  25% Completed | 41/163 [01:23<03:29,  1.72s/it]
2026-03-17T17:52:29.2826925Z (Worker pid=272) (Worker_DP0_TP0_EP0 pid=272)
2026-03-17T17:52:29.2827467Z Loading safetensors checkpoint shards:  26% Completed | 42/163 [01:27<04:31,  2.24s/it]
2026-03-17T17:52:30.1991133Z (Worker pid=272) (Worker_DP0_TP0_EP0 pid=272)
2026-03-17T17:52:30.1991678Z Loading safetensors checkpoint shards:  26% Completed | 43/163 [01:28<03:41,  1.84s/it]
2026-03-17T17:52:33.1708483Z (Worker pid=272) (Worker_DP0_TP0_EP0 pid=272)
2026-03-17T17:52:33.1709069Z Loading safetensors checkpoint shards:  27% Completed | 44/163 [01:31<04:19,  2.18s/it]
2026-03-17T17:52:34.3629520Z (Worker pid=272) (Worker_DP0_TP0_EP0 pid=272)
2026-03-17T17:52:34.3630180Z Loading safetensors checkpoint shards:  28% Completed | 45/163 [01:32<03:42,  1.89s/it]
2026-03-17T17:52:35.9561624Z (Worker pid=272) (Worker_DP0_TP0_EP0 pid=272)
2026-03-17T17:52:35.9562170Z Loading safetensors checkpoint shards:  28% Completed | 46/163 [01:34<03:30,  1.80s/it]
2026-03-17T17:52:39.2678570Z (Worker pid=272) (Worker_DP0_TP0_EP0 pid=272)
2026-03-17T17:52:39.2679125Z Loading safetensors checkpoint shards:  29% Completed | 47/163 [01:37<04:21,  2.25s/it]
2026-03-17T17:52:40.4126108Z (Worker pid=272) (Worker_DP0_TP0_EP0 pid=272)
2026-03-17T17:52:40.4126681Z Loading safetensors checkpoint shards:  29% Completed | 48/163 [01:38<03:40,  1.92s/it]
2026-03-17T17:52:41.8626678Z (Worker pid=272) (Worker_DP0_TP0_EP0 pid=272)
2026-03-17T17:52:41.8627237Z Loading safetensors checkpoint shards:  30% Completed | 49/163 [01:39<03:22,  1.78s/it]
2026-03-17T17:52:45.1275990Z (Worker pid=272) (Worker_DP0_TP0_EP0 pid=272)
2026-03-17T17:52:45.1276533Z Loading safetensors checkpoint shards:  31% Completed | 50/163 [01:43<04:11,  2.22s/it]
2026-03-17T17:52:46.1592963Z (Worker pid=272) (Worker_DP0_TP0_EP0 pid=272)
2026-03-17T17:52:46.1593496Z Loading safetensors checkpoint shards:  31% Completed | 51/163 [01:44<03:29,  1.87s/it]
2026-03-17T17:52:49.0978672Z (Worker pid=272) (Worker_DP0_TP0_EP0 pid=272)
2026-03-17T17:52:49.0979224Z Loading safetensors checkpoint shards:  32% Completed | 52/163 [01:47<04:02,  2.19s/it]
2026-03-17T17:52:50.4538404Z (Worker pid=272) (Worker_DP0_TP0_EP0 pid=272)
2026-03-17T17:52:50.4538985Z Loading safetensors checkpoint shards:  33% Completed | 53/163 [01:48<03:33,  1.94s/it]
2026-03-17T17:52:51.9012971Z (Worker pid=272) (Worker_DP0_TP0_EP0 pid=272)
2026-03-17T17:52:51.9013527Z Loading safetensors checkpoint shards:  33% Completed | 54/163 [01:50<03:15,  1.79s/it]
2026-03-17T17:52:54.9755244Z (Worker pid=272) (Worker_DP0_TP0_EP0 pid=272)
2026-03-17T17:52:54.9755847Z Loading safetensors checkpoint shards:  34% Completed | 55/163 [01:53<03:55,  2.18s/it]
2026-03-17T17:52:56.2097729Z (Worker pid=272) (Worker_DP0_TP0_EP0 pid=272)
2026-03-17T17:52:56.2098268Z Loading safetensors checkpoint shards:  34% Completed | 56/163 [01:54<03:22,  1.89s/it]
2026-03-17T17:52:57.5684952Z (Worker pid=272) (Worker_DP0_TP0_EP0 pid=272)
2026-03-17T17:52:57.5685534Z Loading safetensors checkpoint shards:  35% Completed | 57/163 [01:55<03:03,  1.73s/it]
2026-03-17T17:53:00.5774642Z (Worker pid=272) (Worker_DP0_TP0_EP0 pid=272)
2026-03-17T17:53:00.5775164Z Loading safetensors checkpoint shards:  36% Completed | 58/163 [01:58<03:42,  2.12s/it]
2026-03-17T17:53:01.8340600Z (Worker pid=272) (Worker_DP0_TP0_EP0 pid=272)
2026-03-17T17:53:01.8341150Z Loading safetensors checkpoint shards:  36% Completed | 59/163 [01:59<03:13,  1.86s/it]
2026-03-17T17:53:04.2759689Z (Worker pid=272) (Worker_DP0_TP0_EP0 pid=272)
2026-03-17T17:53:04.2760653Z Loading safetensors checkpoint shards:  37% Completed | 60/163 [02:02<03:29,  2.03s/it]
2026-03-17T17:53:06.7973465Z (Worker pid=272) (Worker_DP0_TP0_EP0 pid=272)
2026-03-17T17:53:06.7974001Z Loading safetensors checkpoint shards:  37% Completed | 61/163 [02:04<03:42,  2.18s/it]
2026-03-17T17:53:07.6533943Z (Worker pid=272) (Worker_DP0_TP0_EP0 pid=272)
2026-03-17T17:53:07.6534487Z Loading safetensors checkpoint shards:  38% Completed | 62/163 [02:05<03:00,  1.78s/it]
2026-03-17T17:53:10.4130439Z (Worker pid=272) (Worker_DP0_TP0_EP0 pid=272)
2026-03-17T17:53:10.4130991Z Loading safetensors checkpoint shards:  39% Completed | 63/163 [02:08<03:27,  2.08s/it]
2026-03-17T17:53:11.6795390Z (Worker pid=272) (Worker_DP0_TP0_EP0 pid=272)
2026-03-17T17:53:11.6795975Z Loading safetensors checkpoint shards:  39% Completed | 64/163 [02:09<03:01,  1.83s/it]
2026-03-17T17:53:13.0219206Z (Worker pid=272) (Worker_DP0_TP0_EP0 pid=272)
2026-03-17T17:53:13.0219752Z Loading safetensors checkpoint shards:  40% Completed | 65/163 [02:11<02:45,  1.69s/it]
2026-03-17T17:53:16.0661686Z (Worker pid=272) (Worker_DP0_TP0_EP0 pid=272)
2026-03-17T17:53:16.0662223Z Loading safetensors checkpoint shards:  40% Completed | 66/163 [02:14<03:23,  2.09s/it]
2026-03-17T17:53:17.2966712Z (Worker pid=272) (Worker_DP0_TP0_EP0 pid=272)
2026-03-17T17:53:17.2967267Z Loading safetensors checkpoint shards:  41% Completed | 67/163 [02:15<02:56,  1.83s/it]
2026-03-17T17:53:18.7031770Z (Worker pid=272) (Worker_DP0_TP0_EP0 pid=272)
2026-03-17T17:53:18.7032303Z Loading safetensors checkpoint shards:  42% Completed | 68/163 [02:16<02:42,  1.71s/it]
2026-03-17T17:53:22.0325503Z (Worker pid=272) (Worker_DP0_TP0_EP0 pid=272)
2026-03-17T17:53:22.0326399Z Loading safetensors checkpoint shards:  42% Completed | 69/163 [02:20<03:26,  2.19s/it]
2026-03-17T17:53:22.9737319Z (Worker pid=272) (Worker_DP0_TP0_EP0 pid=272)
2026-03-17T17:53:22.9737857Z Loading safetensors checkpoint shards:  43% Completed | 70/163 [02:21<02:49,  1.82s/it]
2026-03-17T17:53:25.7634600Z (Worker pid=272) (Worker_DP0_TP0_EP0 pid=272)
2026-03-17T17:53:25.7635170Z Loading safetensors checkpoint shards:  44% Completed | 71/163 [02:23<03:13,  2.11s/it]
2026-03-17T17:53:27.1583386Z (Worker pid=272) (Worker_DP0_TP0_EP0 pid=272)
2026-03-17T17:53:27.1583934Z Loading safetensors checkpoint shards:  44% Completed | 72/163 [02:25<02:52,  1.90s/it]
2026-03-17T17:53:28.5601785Z (Worker pid=272) (Worker_DP0_TP0_EP0 pid=272)
2026-03-17T17:53:28.5602321Z Loading safetensors checkpoint shards:  45% Completed | 73/163 [02:26<02:37,  1.75s/it]
2026-03-17T17:53:31.6004935Z (Worker pid=272) (Worker_DP0_TP0_EP0 pid=272)
2026-03-17T17:53:31.6005504Z Loading safetensors checkpoint shards:  45% Completed | 74/163 [02:29<03:10,  2.14s/it]
2026-03-17T17:53:32.8064300Z (Worker pid=272) (Worker_DP0_TP0_EP0 pid=272)
2026-03-17T17:53:32.8064835Z Loading safetensors checkpoint shards:  46% Completed | 75/163 [02:30<02:43,  1.86s/it]
2026-03-17T17:53:34.1750566Z (Worker pid=272) (Worker_DP0_TP0_EP0 pid=272)
2026-03-17T17:53:34.1751152Z Loading safetensors checkpoint shards:  47% Completed | 76/163 [02:32<02:28,  1.71s/it]
2026-03-17T17:53:37.3570470Z (Worker pid=272) (Worker_DP0_TP0_EP0 pid=272)
2026-03-17T17:53:37.3571022Z Loading safetensors checkpoint shards:  47% Completed | 77/163 [02:35<03:05,  2.15s/it]
2026-03-17T17:53:38.3518857Z (Worker pid=272) (Worker_DP0_TP0_EP0 pid=272)
2026-03-17T17:53:38.3519395Z Loading safetensors checkpoint shards:  48% Completed | 78/163 [02:36<02:33,  1.80s/it]
2026-03-17T17:53:41.0034070Z (Worker pid=272) (Worker_DP0_TP0_EP0 pid=272)
2026-03-17T17:53:41.0034607Z Loading safetensors checkpoint shards:  48% Completed | 79/163 [02:39<02:52,  2.06s/it]
2026-03-17T17:53:42.4897761Z (Worker pid=272) (Worker_DP0_TP0_EP0 pid=272)
2026-03-17T17:53:42.4898294Z Loading safetensors checkpoint shards:  49% Completed | 80/163 [02:40<02:36,  1.89s/it]
2026-03-17T17:53:43.8388617Z (Worker pid=272) (Worker_DP0_TP0_EP0 pid=272)
2026-03-17T17:53:43.8389541Z Loading safetensors checkpoint shards:  50% Completed | 81/163 [02:41<02:21,  1.73s/it]
2026-03-17T17:53:46.8959468Z (Worker pid=272) (Worker_DP0_TP0_EP0 pid=272)
2026-03-17T17:53:46.8960139Z Loading safetensors checkpoint shards:  50% Completed | 82/163 [02:45<02:52,  2.13s/it]
2026-03-17T17:53:48.0591373Z (Worker pid=272) (Worker_DP0_TP0_EP0 pid=272)
2026-03-17T17:53:48.0591923Z Loading safetensors checkpoint shards:  51% Completed | 83/163 [02:46<02:26,  1.84s/it]
2026-03-17T17:53:49.4609526Z (Worker pid=272) (Worker_DP0_TP0_EP0 pid=272)
2026-03-17T17:53:49.4610192Z Loading safetensors checkpoint shards:  52% Completed | 84/163 [02:47<02:14,  1.70s/it]
2026-03-17T17:53:52.4825593Z (Worker pid=272) (Worker_DP0_TP0_EP0 pid=272)
2026-03-17T17:53:52.4826169Z Loading safetensors checkpoint shards:  52% Completed | 85/163 [02:50<02:43,  2.10s/it]
2026-03-17T17:53:53.6648780Z (Worker pid=272) (Worker_DP0_TP0_EP0 pid=272)
2026-03-17T17:53:53.6649314Z Loading safetensors checkpoint shards:  53% Completed | 86/163 [02:51<02:20,  1.82s/it]
2026-03-17T17:53:55.3007658Z (Worker pid=272) (Worker_DP0_TP0_EP0 pid=272)
2026-03-17T17:53:55.3008204Z Loading safetensors checkpoint shards:  53% Completed | 87/163 [02:53<02:14,  1.77s/it]
2026-03-17T17:53:58.3942017Z (Worker pid=272) (Worker_DP0_TP0_EP0 pid=272)
2026-03-17T17:53:58.3942561Z Loading safetensors checkpoint shards:  54% Completed | 88/163 [02:56<02:42,  2.17s/it]
2026-03-17T17:53:59.4039332Z (Worker pid=272) (Worker_DP0_TP0_EP0 pid=272)
2026-03-17T17:53:59.4039966Z Loading safetensors checkpoint shards:  55% Completed | 89/163 [02:57<02:14,  1.82s/it]
2026-03-17T17:54:01.9260848Z (Worker pid=272) (Worker_DP0_TP0_EP0 pid=272)
2026-03-17T17:54:01.9261698Z Loading safetensors checkpoint shards:  55% Completed | 90/163 [03:00<02:28,  2.03s/it]
2026-03-17T17:54:03.3307794Z (Worker pid=272) (Worker_DP0_TP0_EP0 pid=272)
2026-03-17T17:54:03.3308337Z Loading safetensors checkpoint shards:  56% Completed | 91/163 [03:01<02:12,  1.84s/it]
2026-03-17T17:54:04.7922484Z (Worker pid=272) (Worker_DP0_TP0_EP0 pid=272)
2026-03-17T17:54:04.7923037Z Loading safetensors checkpoint shards:  56% Completed | 92/163 [03:02<02:02,  1.73s/it]
2026-03-17T17:54:07.7504078Z (Worker pid=272) (Worker_DP0_TP0_EP0 pid=272)
2026-03-17T17:54:07.7504620Z Loading safetensors checkpoint shards:  57% Completed | 93/163 [03:05<02:26,  2.10s/it]
2026-03-17T17:54:09.1079045Z (Worker pid=272) (Worker_DP0_TP0_EP0 pid=272)
2026-03-17T17:54:09.1079592Z Loading safetensors checkpoint shards:  58% Completed | 94/163 [03:07<02:09,  1.88s/it]
2026-03-17T17:54:10.5386046Z (Worker pid=272) (Worker_DP0_TP0_EP0 pid=272)
2026-03-17T17:54:10.5386600Z Loading safetensors checkpoint shards:  58% Completed | 95/163 [03:08<01:58,  1.74s/it]
2026-03-17T17:54:13.9222344Z (Worker pid=272) (Worker_DP0_TP0_EP0 pid=272)
2026-03-17T17:54:13.9222887Z Loading safetensors checkpoint shards:  59% Completed | 96/163 [03:12<02:29,  2.23s/it]
2026-03-17T17:54:14.8893942Z (Worker pid=272) (Worker_DP0_TP0_EP0 pid=272)
2026-03-17T17:54:14.8894542Z Loading safetensors checkpoint shards:  60% Completed | 97/163 [03:13<02:02,  1.85s/it]
2026-03-17T17:54:17.6480557Z (Worker pid=272) (Worker_DP0_TP0_EP0 pid=272)
2026-03-17T17:54:17.6481104Z Loading safetensors checkpoint shards:  60% Completed | 98/163 [03:15<02:18,  2.13s/it]
2026-03-17T17:54:18.8655054Z (Worker pid=272) (Worker_DP0_TP0_EP0 pid=272)
2026-03-17T17:54:18.8655599Z Loading safetensors checkpoint shards:  61% Completed | 99/163 [03:16<01:58,  1.85s/it]
2026-03-17T17:54:20.3354080Z (Worker pid=272) (Worker_DP0_TP0_EP0 pid=272)
2026-03-17T17:54:20.3354618Z Loading safetensors checkpoint shards:  61% Completed | 100/163 [03:18<01:49,  1.74s/it]
2026-03-17T17:54:23.4379823Z (Worker pid=272) (Worker_DP0_TP0_EP0 pid=272)
2026-03-17T17:54:23.4380522Z Loading safetensors checkpoint shards:  62% Completed | 101/163 [03:21<02:13,  2.15s/it]
2026-03-17T17:54:24.5989688Z (Worker pid=272) (Worker_DP0_TP0_EP0 pid=272)
2026-03-17T17:54:24.5990370Z Loading safetensors checkpoint shards:  63% Completed | 102/163 [03:22<01:52,  1.85s/it]
2026-03-17T17:54:26.0559277Z (Worker pid=272) (Worker_DP0_TP0_EP0 pid=272)
2026-03-17T17:54:26.0559822Z Loading safetensors checkpoint shards:  63% Completed | 103/163 [03:24<01:43,  1.73s/it]
2026-03-17T17:54:29.1901144Z (Worker pid=272) (Worker_DP0_TP0_EP0 pid=272)
2026-03-17T17:54:29.1901698Z Loading safetensors checkpoint shards:  64% Completed | 104/163 [03:27<02:07,  2.15s/it]
2026-03-17T17:54:30.4050614Z (Worker pid=272) (Worker_DP0_TP0_EP0 pid=272)
2026-03-17T17:54:30.4051166Z Loading safetensors checkpoint shards:  64% Completed | 105/163 [03:28<01:48,  1.87s/it]
2026-03-17T17:54:32.9533070Z (Worker pid=272) (Worker_DP0_TP0_EP0 pid=272)
2026-03-17T17:54:32.9533656Z Loading safetensors checkpoint shards:  65% Completed | 106/163 [03:31<01:58,  2.07s/it]
2026-03-17T17:54:34.9181100Z (Worker pid=272) (Worker_DP0_TP0_EP0 pid=272)
2026-03-17T17:54:34.9181660Z Loading safetensors checkpoint shards:  66% Completed | 107/163 [03:33<01:54,  2.04s/it]
2026-03-17T17:54:35.8630516Z (Worker pid=272) (Worker_DP0_TP0_EP0 pid=272)
2026-03-17T17:54:35.8631084Z Loading safetensors checkpoint shards:  66% Completed | 108/163 [03:33<01:34,  1.71s/it]
2026-03-17T17:54:38.6413146Z (Worker pid=272) (Worker_DP0_TP0_EP0 pid=272)
2026-03-17T17:54:38.6413698Z Loading safetensors checkpoint shards:  67% Completed | 109/163 [03:36<01:49,  2.03s/it]
2026-03-17T17:54:39.9158000Z (Worker pid=272) (Worker_DP0_TP0_EP0 pid=272)
2026-03-17T17:54:41.3147928Z Loading safetensors checkpoint shards:  67% Completed | 110/163 [03:38<01:35,  1.81s/it]
2026-03-17T17:54:41.3148481Z (Worker pid=272) (Worker_DP0_TP0_EP0 pid=272)
2026-03-17T17:54:41.3149304Z Loading safetensors checkpoint shards:  68% Completed | 111/163 [03:39<01:27,  1.68s/it]
2026-03-17T17:54:44.3761579Z (Worker pid=272) (Worker_DP0_TP0_EP0 pid=272)
2026-03-17T17:54:44.3762135Z Loading safetensors checkpoint shards:  69% Completed | 112/163 [03:42<01:46,  2.10s/it]
2026-03-17T17:54:45.5587763Z (Worker pid=272) (Worker_DP0_TP0_EP0 pid=272)
2026-03-17T17:54:45.5588364Z Loading safetensors checkpoint shards:  69% Completed | 113/163 [03:43<01:31,  1.82s/it]
2026-03-17T17:54:46.8935772Z (Worker pid=272) (Worker_DP0_TP0_EP0 pid=272)
2026-03-17T17:54:46.8936319Z Loading safetensors checkpoint shards:  70% Completed | 114/163 [03:45<01:22,  1.68s/it]
2026-03-17T17:54:50.1421859Z (Worker pid=272) (Worker_DP0_TP0_EP0 pid=272)
2026-03-17T17:54:50.1422408Z Loading safetensors checkpoint shards:  71% Completed | 115/163 [03:48<01:43,  2.15s/it]
2026-03-17T17:54:51.1573162Z (Worker pid=272) (Worker_DP0_TP0_EP0 pid=272)
2026-03-17T17:54:51.1573644Z Loading safetensors checkpoint shards:  71% Completed | 116/163 [03:49<01:24,  1.81s/it]
2026-03-17T17:54:53.9025817Z (Worker pid=272) (Worker_DP0_TP0_EP0 pid=272)
2026-03-17T17:54:53.9026387Z Loading safetensors checkpoint shards:  72% Completed | 117/163 [03:52<01:36,  2.09s/it]
2026-03-17T17:54:55.1961006Z (Worker pid=272) (Worker_DP0_TP0_EP0 pid=272)
2026-03-17T17:54:55.1961558Z Loading safetensors checkpoint shards:  72% Completed | 118/163 [03:53<01:23,  1.85s/it]
2026-03-17T17:54:56.5744817Z (Worker pid=272) (Worker_DP0_TP0_EP0 pid=272)
2026-03-17T17:54:56.5745368Z Loading safetensors checkpoint shards:  73% Completed | 119/163 [03:54<01:15,  1.71s/it]
2026-03-17T17:54:59.6478571Z (Worker pid=272) (Worker_DP0_TP0_EP0 pid=272)
2026-03-17T17:54:59.6479129Z Loading safetensors checkpoint shards:  74% Completed | 120/163 [03:57<01:31,  2.12s/it]
2026-03-17T17:55:00.7938088Z (Worker pid=272) (Worker_DP0_TP0_EP0 pid=272)
2026-03-17T17:55:00.7938639Z Loading safetensors checkpoint shards:  74% Completed | 121/163 [03:58<01:16,  1.83s/it]
2026-03-17T17:55:02.1717108Z (Worker pid=272) (Worker_DP0_TP0_EP0 pid=272)
2026-03-17T17:55:02.1717703Z Loading safetensors checkpoint shards:  75% Completed | 122/163 [04:00<01:09,  1.69s/it]
2026-03-17T17:55:05.4725436Z (Worker pid=272) (Worker_DP0_TP0_EP0 pid=272)
2026-03-17T17:55:05.4725987Z Loading safetensors checkpoint shards:  75% Completed | 123/163 [04:03<01:26,  2.17s/it]
2026-03-17T17:55:06.4462692Z (Worker pid=272) (Worker_DP0_TP0_EP0 pid=272)
2026-03-17T17:55:06.4463238Z Loading safetensors checkpoint shards:  76% Completed | 124/163 [04:04<01:10,  1.81s/it]
2026-03-17T17:55:09.0562992Z (Worker pid=272) (Worker_DP0_TP0_EP0 pid=272)
2026-03-17T17:55:09.0563541Z Loading safetensors checkpoint shards:  77% Completed | 125/163 [04:07<01:17,  2.05s/it]
2026-03-17T17:55:10.4594043Z (Worker pid=272) (Worker_DP0_TP0_EP0 pid=272)
2026-03-17T17:55:10.4594590Z Loading safetensors checkpoint shards:  77% Completed | 126/163 [04:08<01:08,  1.86s/it]
2026-03-17T17:55:11.8906056Z (Worker pid=272) (Worker_DP0_TP0_EP0 pid=272)
2026-03-17T17:55:11.8906659Z Loading safetensors checkpoint shards:  78% Completed | 127/163 [04:10<01:02,  1.73s/it]
2026-03-17T17:55:15.0885590Z (Worker pid=272) (Worker_DP0_TP0_EP0 pid=272)
2026-03-17T17:55:15.0886154Z Loading safetensors checkpoint shards:  79% Completed | 128/163 [04:13<01:15,  2.17s/it]
2026-03-17T17:55:16.1464384Z (Worker pid=272) (Worker_DP0_TP0_EP0 pid=272)
2026-03-17T17:55:16.1464928Z Loading safetensors checkpoint shards:  79% Completed | 129/163 [04:14<01:02,  1.84s/it]
2026-03-17T17:55:17.4710546Z (Worker pid=272) (Worker_DP0_TP0_EP0 pid=272)
2026-03-17T17:55:17.4711096Z Loading safetensors checkpoint shards:  80% Completed | 130/163 [04:15<00:55,  1.68s/it]
2026-03-17T17:55:20.5888534Z (Worker pid=272) (Worker_DP0_TP0_EP0 pid=272)
2026-03-17T17:55:20.5889082Z Loading safetensors checkpoint shards:  80% Completed | 131/163 [04:18<01:07,  2.11s/it]
2026-03-17T17:55:21.7034329Z (Worker pid=272) (Worker_DP0_TP0_EP0 pid=272)
2026-03-17T17:55:21.7034873Z Loading safetensors checkpoint shards:  81% Completed | 132/163 [04:19<00:56,  1.81s/it]
2026-03-17T17:55:23.6269417Z (Worker pid=272) (Worker_DP0_TP0_EP0 pid=272)
2026-03-17T17:55:23.6270074Z Loading safetensors checkpoint shards:  82% Completed | 133/163 [04:21<00:55,  1.85s/it]
2026-03-17T17:55:26.2240633Z (Worker pid=272) (Worker_DP0_TP0_EP0 pid=272)
2026-03-17T17:55:26.2241227Z Loading safetensors checkpoint shards:  82% Completed | 134/163 [04:24<01:00,  2.07s/it]
2026-03-17T17:55:27.2553449Z (Worker pid=272) (Worker_DP0_TP0_EP0 pid=272)
2026-03-17T17:55:27.2554001Z Loading safetensors checkpoint shards:  83% Completed | 135/163 [04:25<00:49,  1.76s/it]
2026-03-17T17:55:30.0537658Z (Worker pid=272) (Worker_DP0_TP0_EP0 pid=272)
2026-03-17T17:55:31.4115964Z Loading safetensors checkpoint shards:  83% Completed | 136/163 [04:28<00:55,  2.07s/it]
2026-03-17T17:55:31.4116670Z (Worker pid=272) (Worker_DP0_TP0_EP0 pid=272)
2026-03-17T17:55:31.4117097Z Loading safetensors checkpoint shards:  84% Completed | 137/163 [04:29<00:48,  1.86s/it]
2026-03-17T17:55:32.7718377Z (Worker pid=272) (Worker_DP0_TP0_EP0 pid=272)
2026-03-17T17:55:32.7718940Z Loading safetensors checkpoint shards:  85% Completed | 138/163 [04:30<00:42,  1.71s/it]
2026-03-17T17:55:35.9011433Z (Worker pid=272) (Worker_DP0_TP0_EP0 pid=272)
2026-03-17T17:55:35.9011974Z Loading safetensors checkpoint shards:  85% Completed | 139/163 [04:34<00:51,  2.13s/it]
2026-03-17T17:55:37.0978719Z (Worker pid=272) (Worker_DP0_TP0_EP0 pid=272)
2026-03-17T17:55:37.0979280Z Loading safetensors checkpoint shards:  86% Completed | 140/163 [04:35<00:42,  1.85s/it]
2026-03-17T17:55:38.4994419Z (Worker pid=272) (Worker_DP0_TP0_EP0 pid=272)
2026-03-17T17:55:38.4994961Z Loading safetensors checkpoint shards:  87% Completed | 141/163 [04:36<00:37,  1.72s/it]
2026-03-17T17:55:41.8591798Z (Worker pid=272) (Worker_DP0_TP0_EP0 pid=272)
2026-03-17T17:55:41.8592363Z Loading safetensors checkpoint shards:  87% Completed | 142/163 [04:39<00:46,  2.21s/it]
2026-03-17T17:55:42.8967959Z (Worker pid=272) (Worker_DP0_TP0_EP0 pid=272)
2026-03-17T17:55:42.8968562Z Loading safetensors checkpoint shards:  88% Completed | 143/163 [04:41<00:37,  1.86s/it]
2026-03-17T17:55:45.5755032Z (Worker pid=272) (Worker_DP0_TP0_EP0 pid=272)
2026-03-17T17:55:45.5755576Z Loading safetensors checkpoint shards:  88% Completed | 144/163 [04:43<00:39,  2.10s/it]
2026-03-17T17:55:46.8940022Z (Worker pid=272) (Worker_DP0_TP0_EP0 pid=272)
2026-03-17T17:55:46.8940572Z Loading safetensors checkpoint shards:  89% Completed | 145/163 [04:45<00:33,  1.87s/it]
2026-03-17T17:55:48.2681287Z (Worker pid=272) (Worker_DP0_TP0_EP0 pid=272)
2026-03-17T17:55:48.2681815Z Loading safetensors checkpoint shards:  90% Completed | 146/163 [04:46<00:29,  1.72s/it]
2026-03-17T17:55:51.1054273Z (Worker pid=272) (Worker_DP0_TP0_EP0 pid=272)
2026-03-17T17:55:51.1054825Z Loading safetensors checkpoint shards:  90% Completed | 147/163 [04:49<00:32,  2.06s/it]
2026-03-17T17:55:52.4435335Z (Worker pid=272) (Worker_DP0_TP0_EP0 pid=272)
2026-03-17T17:55:52.4435932Z Loading safetensors checkpoint shards:  91% Completed | 148/163 [04:50<00:27,  1.84s/it]
2026-03-17T17:55:53.8208551Z (Worker pid=272) (Worker_DP0_TP0_EP0 pid=272)
2026-03-17T17:55:53.8209093Z Loading safetensors checkpoint shards:  91% Completed | 149/163 [04:51<00:23,  1.70s/it]
2026-03-17T17:55:56.8849424Z (Worker pid=272) (Worker_DP0_TP0_EP0 pid=272)
2026-03-17T17:55:56.8850109Z Loading safetensors checkpoint shards:  92% Completed | 150/163 [04:55<00:27,  2.11s/it]
2026-03-17T17:55:58.0362598Z (Worker pid=272) (Worker_DP0_TP0_EP0 pid=272)
2026-03-17T17:55:58.0363153Z Loading safetensors checkpoint shards:  93% Completed | 151/163 [04:56<00:21,  1.82s/it]
2026-03-17T17:56:00.5888082Z (Worker pid=272) (Worker_DP0_TP0_EP0 pid=272)
2026-03-17T17:56:00.5888619Z Loading safetensors checkpoint shards:  93% Completed | 152/163 [04:58<00:22,  2.04s/it]
2026-03-17T17:56:02.1759937Z (Worker pid=272) (Worker_DP0_TP0_EP0 pid=272)
2026-03-17T17:56:02.1760525Z Loading safetensors checkpoint shards:  94% Completed | 153/163 [05:00<00:19,  1.91s/it]
2026-03-17T17:56:03.4875449Z (Worker pid=272) (Worker_DP0_TP0_EP0 pid=272)
2026-03-17T17:56:03.4875980Z Loading safetensors checkpoint shards:  94% Completed | 154/163 [05:01<00:15,  1.73s/it]
2026-03-17T17:56:06.4714415Z (Worker pid=272) (Worker_DP0_TP0_EP0 pid=272)
2026-03-17T17:56:06.4715007Z Loading safetensors checkpoint shards:  95% Completed | 155/163 [05:04<00:16,  2.10s/it]
2026-03-17T17:56:07.6758865Z (Worker pid=272) (Worker_DP0_TP0_EP0 pid=272)
2026-03-17T17:56:07.6759463Z Loading safetensors checkpoint shards:  96% Completed | 156/163 [05:05<00:12,  1.83s/it]
2026-03-17T17:56:08.9831207Z (Worker pid=272) (Worker_DP0_TP0_EP0 pid=272)
2026-03-17T17:56:08.9831808Z Loading safetensors checkpoint shards:  96% Completed | 157/163 [05:07<00:10,  1.68s/it]
2026-03-17T17:56:10.4360118Z (Worker pid=272) (Worker_DP0_TP0_EP0 pid=272)
2026-03-17T17:56:10.4360667Z Loading safetensors checkpoint shards:  97% Completed | 158/163 [05:08<00:08,  1.61s/it]
2026-03-17T17:56:11.6757352Z (Worker pid=272) (Worker_DP0_TP0_EP0 pid=272)
2026-03-17T17:56:11.6757918Z Loading safetensors checkpoint shards:  98% Completed | 159/163 [05:09<00:05,  1.50s/it]
2026-03-17T17:56:12.8760813Z (Worker pid=272) (Worker_DP0_TP0_EP0 pid=272)
2026-03-17T17:56:12.8761360Z Loading safetensors checkpoint shards:  98% Completed | 160/163 [05:10<00:04,  1.41s/it]
2026-03-17T17:56:14.3627116Z (Worker pid=272) (Worker_DP0_TP0_EP0 pid=272)
2026-03-17T17:56:14.3627677Z Loading safetensors checkpoint shards:  99% Completed | 162/163 [05:12<00:01,  1.10s/it]
2026-03-17T17:56:16.8818893Z (Worker pid=272) (Worker_DP0_TP0_EP0 pid=272)
2026-03-17T17:56:16.8819428Z Loading safetensors checkpoint shards: 100% Completed | 163/163 [05:15<00:00,  1.45s/it]
2026-03-17T17:56:16.8844180Z (Worker pid=272) (Worker_DP0_TP0_EP0 pid=272)
