2026-03-17T20:45:41.0353949Z [Gloo] Rank 0 is connected to 0 peer ranks. Expected number of connected peer ranks is : 0
2026-03-17T20:45:41.0354781Z [Gloo] Rank 0 is connected to 0 peer ranks. Expected number of connected peer ranks is : 0
2026-03-17T20:45:41.0360879Z [Gloo] Rank 0 is connected to 0 peer ranks. Expected number of connected peer ranks is : 0
2026-03-17T20:45:41.0363575Z [Gloo] Rank 0 is connected to 0 peer ranks. Expected number of connected peer ranks is : 0
2026-03-17T20:45:41.0374899Z [Gloo] Rank 0 is connected to 0 peer ranks. Expected number of connected peer ranks is : 0
2026-03-17T20:45:41.0375484Z [Gloo] Rank 0 is connected to 0 peer ranks. Expected number of connected peer ranks is : 0
2026-03-17T20:45:41.0376070Z [Gloo] Rank 0 is connected to 0 peer ranks. Expected number of connected peer ranks is : 0
2026-03-17T20:45:41.0376620Z [Gloo] Rank 0 is connected to 0 peer ranks. Expected number of connected peer ranks is : 0
2026-03-17T20:45:41.0378442Z [Gloo] Rank 0 is connected to 0 peer ranks. Expected number of connected peer ranks is : 0
2026-03-17T20:45:41.0378990Z [Gloo] Rank 0 is connected to 0 peer ranks. Expected number of connected peer ranks is : 0
2026-03-17T20:45:41.0381930Z [Gloo] Rank 0 is connected to 0 peer ranks. Expected number of connected peer ranks is : 0
2026-03-17T20:45:41.0397870Z [Gloo] Rank 0 is connected to 0 peer ranks. Expected number of connected peer ranks is : 0
2026-03-17T20:45:41.0863249Z [Gloo] Rank 0 is connected to 0 peer ranks. Expected number of connected peer ranks is : 0
2026-03-17T20:45:41.0863837Z [Gloo] Rank 0 is connected to 0 peer ranks. Expected number of connected peer ranks is : 0
2026-03-17T20:45:41.0864402Z [Gloo] Rank 0 is connected to 0 peer ranks. Expected number of connected peer ranks is : 0
2026-03-17T20:45:41.0864947Z [Gloo] Rank 0 is connected to 0 peer ranks. Expected number of connected peer ranks is : 0
2026-03-17T20:45:41.0865481Z [Gloo] Rank 0 is connected to 0 peer ranks. Expected number of connected peer ranks is : 0
2026-03-17T20:45:41.0940046Z [Gloo] Rank 0 is connected to 0 peer ranks. Expected number of connected peer ranks is : 0
2026-03-17T20:45:41.0940726Z [Gloo] Rank 0 is connected to 0 peer ranks. Expected number of connected peer ranks is : 0
2026-03-17T20:45:41.0941429Z [Gloo] Rank 0 is connected to 0 peer ranks. Expected number of connected peer ranks is : 0
2026-03-17T20:45:41.0942088Z [Gloo] Rank 0 is connected to 0 peer ranks. Expected number of connected peer ranks is : 0
2026-03-17T20:45:41.0942776Z [Gloo] Rank 0 is connected to 0 peer ranks. Expected number of connected peer ranks is : 0
2026-03-17T20:45:41.0943322Z [Gloo] Rank 0 is connected to 0 peer ranks. Expected number of connected peer ranks is : 0
2026-03-17T20:45:41.0944089Z [Gloo] Rank 0 is connected to 0 peer ranks. Expected number of connected peer ranks is : 0
2026-03-17T20:45:41.0944633Z [Gloo] Rank 0 is connected to 0 peer ranks. Expected number of connected peer ranks is : 0
2026-03-17T20:45:41.0945177Z [Gloo] Rank 0 is connected to 0 peer ranks. Expected number of connected peer ranks is : 0
2026-03-17T20:45:41.0945739Z [Gloo] Rank 0 is connected to 0 peer ranks. Expected number of connected peer ranks is : 0
2026-03-17T20:45:41.0946270Z [Gloo] Rank 0 is connected to 0 peer ranks. Expected number of connected peer ranks is : 0
2026-03-17T20:45:41.0946810Z [Gloo] Rank 0 is connected to 0 peer ranks. Expected number of connected peer ranks is : 0
2026-03-17T20:45:41.0947350Z [Gloo] Rank 0 is connected to 0 peer ranks. Expected number of connected peer ranks is : 0
2026-03-17T20:45:41.0947891Z [Gloo] Rank 0 is connected to 0 peer ranks. Expected number of connected peer ranks is : 0
2026-03-17T20:45:41.0948430Z [Gloo] Rank 0 is connected to 0 peer ranks. Expected number of connected peer ranks is : 0
2026-03-17T20:45:41.0948971Z [Gloo] Rank 0 is connected to 0 peer ranks. Expected number of connected peer ranks is : 0
2026-03-17T20:45:41.0949514Z [Gloo] Rank 0 is connected to 0 peer ranks. Expected number of connected peer ranks is : 0
2026-03-17T20:45:41.0950205Z [Gloo] Rank 0 is connected to 0 peer ranks. Expected number of connected peer ranks is : 0
2026-03-17T20:45:41.0950745Z [Gloo] Rank 0 is connected to 1 peer ranks. Expected number of connected peer ranks is : 1
2026-03-17T20:45:41.0951287Z [Gloo] Rank 1 is connected to 1 peer ranks. Expected number of connected peer ranks is : 1
2026-03-17T20:45:41.0951823Z [Gloo] Rank 0 is connected to 1 peer ranks. Expected number of connected peer ranks is : 1
2026-03-17T20:45:41.0952540Z [Gloo] Rank 0 is connected to 1 peer ranks. Expected number of connected peer ranks is : 1
2026-03-17T20:45:41.0953075Z [Gloo] Rank 0 is connected to 1 peer ranks. Expected number of connected peer ranks is : 1
2026-03-17T20:45:41.0953622Z [Gloo] Rank 0 is connected to 0 peer ranks. Expected number of connected peer ranks is : 0
2026-03-17T20:45:41.0954161Z [Gloo] Rank 1 is connected to 1 peer ranks. Expected number of connected peer ranks is : 1
2026-03-17T20:45:41.0954689Z [Gloo] Rank 1 is connected to 1 peer ranks. Expected number of connected peer ranks is : 1
2026-03-17T20:45:41.0955228Z [Gloo] Rank 1 is connected to 1 peer ranks. Expected number of connected peer ranks is : 1
2026-03-17T20:45:41.0955760Z [Gloo] Rank 0 is connected to 1 peer ranks. Expected number of connected peer ranks is : 1
2026-03-17T20:45:41.0956298Z [Gloo] Rank 1 is connected to 1 peer ranks. Expected number of connected peer ranks is : 1
2026-03-17T20:45:41.0956838Z [Gloo] Rank 1 is connected to 1 peer ranks. Expected number of connected peer ranks is : 1
2026-03-17T20:45:41.0957369Z [Gloo] Rank 1 is connected to 1 peer ranks. Expected number of connected peer ranks is : 1
2026-03-17T20:45:41.0957908Z [Gloo] Rank 0 is connected to 1 peer ranks. Expected number of connected peer ranks is : 1
2026-03-17T20:45:41.0958444Z [Gloo] Rank 0 is connected to 1 peer ranks. Expected number of connected peer ranks is : 1
2026-03-17T20:45:41.0965056Z [Gloo] Rank 0 is connected to 1 peer ranks. Expected number of connected peer ranks is : 1
2026-03-17T20:45:41.0965602Z [Gloo] Rank 1 is connected to 1 peer ranks. Expected number of connected peer ranks is : 1
2026-03-17T20:45:41.1039542Z [Gloo] Rank 0 is connected to 15 peer ranks. Expected number of connected peer ranks is : 15
2026-03-17T20:45:41.1112067Z (Worker pid=1527) INFO 03-17 20:45:41 [parallel_state.py:1715] rank 0 in world size 16 is assigned as DP rank 0, PP rank 0, PCP rank 0, TP rank 0, EP rank 0, EPLB rank N/A
2026-03-17T20:45:41.1602647Z [Gloo] Rank 2 is connected to 15 peer ranks. Expected number of connected peer ranks is : 15
2026-03-17T20:45:41.1603281Z [Gloo] Rank 1 is connected to 15 peer ranks. Expected number of connected peer ranks is : 15
2026-03-17T20:45:41.1603856Z [Gloo] Rank 3 is connected to 15 peer ranks. Expected number of connected peer ranks is : 15
2026-03-17T20:45:41.1605803Z (Worker pid=1687) INFO 03-17 20:45:41 [parallel_state.py:1715] rank 2 in world size 16 is assigned as DP rank 0, PP rank 0, PCP rank 0, TP rank 2, EP rank 2, EPLB rank N/A
2026-03-17T20:45:41.1608081Z (Worker pid=1793) INFO 03-17 20:45:41 [parallel_state.py:1715] rank 3 in world size 16 is assigned as DP rank 0, PP rank 0, PCP rank 0, TP rank 3, EP rank 3, EPLB rank N/A
2026-03-17T20:45:41.1609044Z (Worker pid=1563) INFO 03-17 20:45:41 [parallel_state.py:1715] rank 1 in world size 16 is assigned as DP rank 0, PP rank 0, PCP rank 0, TP rank 1, EP rank 1, EPLB rank N/A
2026-03-17T20:45:41.2242288Z [Gloo] Rank 9 is connected to 15 peer ranks. Expected number of connected peer ranks is : 15
2026-03-17T20:45:41.2247203Z (Worker pid=1567) INFO 03-17 20:45:41 [parallel_state.py:1715] rank 9 in world size 16 is assigned as DP rank 1, PP rank 0, PCP rank 0, TP rank 1, EP rank 9, EPLB rank N/A
2026-03-17T20:45:41.2283206Z [Gloo] Rank 5 is connected to 15 peer ranks. Expected number of connected peer ranks is : 15
2026-03-17T20:45:41.2288891Z (Worker pid=2005) INFO 03-17 20:45:41 [parallel_state.py:1715] rank 5 in world size 16 is assigned as DP rank 0, PP rank 0, PCP rank 0, TP rank 5, EP rank 5, EPLB rank N/A
2026-03-17T20:45:41.2321759Z [Gloo] Rank 6 is connected to 15 peer ranks. Expected number of connected peer ranks is : 15
2026-03-17T20:45:41.2322389Z [Gloo] Rank 4 is connected to 15 peer ranks. Expected number of connected peer ranks is : 15
2026-03-17T20:45:41.2325715Z (Worker pid=2113) INFO 03-17 20:45:41 [parallel_state.py:1715] rank 6 in world size 16 is assigned as DP rank 0, PP rank 0, PCP rank 0, TP rank 6, EP rank 6, EPLB rank N/A
2026-03-17T20:45:41.2327338Z (Worker pid=1899) INFO 03-17 20:45:41 [parallel_state.py:1715] rank 4 in world size 16 is assigned as DP rank 0, PP rank 0, PCP rank 0, TP rank 4, EP rank 4, EPLB rank N/A
2026-03-17T20:45:41.3081826Z [Gloo] Rank 7 is connected to 15 peer ranks. Expected number of connected peer ranks is : 15
2026-03-17T20:45:41.3082499Z [Gloo] Rank 11 is connected to 15 peer ranks. Expected number of connected peer ranks is : 15
2026-03-17T20:45:41.3084194Z [Gloo] Rank 15 is connected to 15 peer ranks. Expected number of connected peer ranks is : 15
2026-03-17T20:45:41.3085671Z (Worker pid=2217) INFO 03-17 20:45:41 [parallel_state.py:1715] rank 7 in world size 16 is assigned as DP rank 0, PP rank 0, PCP rank 0, TP rank 7, EP rank 7, EPLB rank N/A
2026-03-17T20:45:41.3087548Z (Worker pid=1796) INFO 03-17 20:45:41 [parallel_state.py:1715] rank 11 in world size 16 is assigned as DP rank 1, PP rank 0, PCP rank 0, TP rank 3, EP rank 11, EPLB rank N/A
2026-03-17T20:45:41.3088783Z (Worker pid=2219) INFO 03-17 20:45:41 [parallel_state.py:1715] rank 15 in world size 16 is assigned as DP rank 1, PP rank 0, PCP rank 0, TP rank 7, EP rank 15, EPLB rank N/A
2026-03-17T20:45:41.3120283Z [Gloo] Rank 8 is connected to 15 peer ranks. Expected number of connected peer ranks is : 15
2026-03-17T20:45:41.3120906Z [Gloo] Rank 12 is connected to 15 peer ranks. Expected number of connected peer ranks is : 15
2026-03-17T20:45:41.3121896Z [Gloo] Rank 10 is connected to 15 peer ranks. Expected number of connected peer ranks is : 15
2026-03-17T20:45:41.3122511Z [Gloo] Rank 14 is connected to 15 peer ranks. Expected number of connected peer ranks is : 15
2026-03-17T20:45:41.3123072Z [Gloo] Rank 13 is connected to 15 peer ranks. Expected number of connected peer ranks is : 15
2026-03-17T20:45:41.3125544Z (Worker pid=1528) INFO 03-17 20:45:41 [parallel_state.py:1715] rank 8 in world size 16 is assigned as DP rank 1, PP rank 0, PCP rank 0, TP rank 0, EP rank 8, EPLB rank N/A
2026-03-17T20:45:41.3126774Z (Worker pid=2009) INFO 03-17 20:45:41 [parallel_state.py:1715] rank 13 in world size 16 is assigned as DP rank 1, PP rank 0, PCP rank 0, TP rank 5, EP rank 13, EPLB rank N/A
2026-03-17T20:45:41.3127753Z (Worker pid=1690) INFO 03-17 20:45:41 [parallel_state.py:1715] rank 10 in world size 16 is assigned as DP rank 1, PP rank 0, PCP rank 0, TP rank 2, EP rank 10, EPLB rank N/A
2026-03-17T20:45:41.3128836Z (Worker pid=2112) INFO 03-17 20:45:41 [parallel_state.py:1715] rank 14 in world size 16 is assigned as DP rank 1, PP rank 0, PCP rank 0, TP rank 6, EP rank 14, EPLB rank N/A
2026-03-17T20:45:41.3129807Z (Worker pid=1903) INFO 03-17 20:45:41 [parallel_state.py:1715] rank 12 in world size 16 is assigned as DP rank 1, PP rank 0, PCP rank 0, TP rank 4, EP rank 12, EPLB rank N/A
2026-03-17T20:45:41.3173049Z [Gloo] Rank 3 is connected to 15 peer ranks. Expected number of connected peer ranks is : 15
2026-03-17T20:45:41.3178854Z [Gloo] Rank 10 is connected to 15 peer ranks. Expected number of connected peer ranks is : 15
2026-03-17T20:45:41.3179432Z [Gloo] Rank 7 is connected to 15 peer ranks. Expected number of connected peer ranks is : 15
2026-03-17T20:45:41.3180168Z [Gloo] Rank 9 is connected to 15 peer ranks. Expected number of connected peer ranks is : 15
2026-03-17T20:45:41.3182457Z [Gloo] Rank 15 is connected to 15 peer ranks. Expected number of connected peer ranks is : 15
2026-03-17T20:45:41.3183031Z [Gloo] Rank 1 is connected to 15 peer ranks. Expected number of connected peer ranks is : 15
2026-03-17T20:45:41.3183581Z [Gloo] Rank 0 is connected to 15 peer ranks. Expected number of connected peer ranks is : 15
2026-03-17T20:45:41.3184141Z [Gloo] Rank 2 is connected to 15 peer ranks. Expected number of connected peer ranks is : 15
2026-03-17T20:45:41.3184700Z [Gloo] Rank 4 is connected to 15 peer ranks. Expected number of connected peer ranks is : 15
2026-03-17T20:45:41.3185246Z [Gloo] Rank 5 is connected to 15 peer ranks. Expected number of connected peer ranks is : 15
2026-03-17T20:45:41.3186117Z [Gloo] Rank 6 is connected to 15 peer ranks. Expected number of connected peer ranks is : 15
2026-03-17T20:45:41.3186685Z [Gloo] Rank 8 is connected to 15 peer ranks. Expected number of connected peer ranks is : 15
2026-03-17T20:45:41.3187240Z [Gloo] Rank 12 is connected to 15 peer ranks. Expected number of connected peer ranks is : 15
2026-03-17T20:45:41.3187809Z [Gloo] Rank 13 is connected to 15 peer ranks. Expected number of connected peer ranks is : 15
2026-03-17T20:45:41.3188367Z [Gloo] Rank 11 is connected to 15 peer ranks. Expected number of connected peer ranks is : 15
2026-03-17T20:45:41.3188930Z [Gloo] Rank 14 is connected to 15 peer ranks. Expected number of connected peer ranks is : 15
2026-03-17T20:45:41.3288643Z [Gloo] Rank 0 is connected to 1 peer ranks. Expected number of connected peer ranks is : 1
2026-03-17T20:45:41.3289233Z [Gloo] Rank 1 is connected to 1 peer ranks. Expected number of connected peer ranks is : 1
2026-03-17T20:45:41.3289896Z [Gloo] Rank 1 is connected to 1 peer ranks. Expected number of connected peer ranks is : 1
2026-03-17T20:45:41.3290493Z [Gloo] Rank 0 is connected to 1 peer ranks. Expected number of connected peer ranks is : 1
2026-03-17T20:45:41.3291034Z [Gloo] Rank 0 is connected to 1 peer ranks. Expected number of connected peer ranks is : 1
2026-03-17T20:45:41.3291571Z [Gloo] Rank 0 is connected to 1 peer ranks. Expected number of connected peer ranks is : 1
2026-03-17T20:45:41.3292105Z [Gloo] Rank 1 is connected to 1 peer ranks. Expected number of connected peer ranks is : 1
2026-03-17T20:45:41.3292709Z [Gloo] Rank 1 is connected to 1 peer ranks. Expected number of connected peer ranks is : 1
2026-03-17T20:45:41.3293240Z [Gloo] Rank 0 is connected to 1 peer ranks. Expected number of connected peer ranks is : 1
2026-03-17T20:45:41.3293777Z [Gloo] Rank 1 is connected to 1 peer ranks. Expected number of connected peer ranks is : 1
2026-03-17T20:45:41.3294310Z [Gloo] Rank 1 is connected to 1 peer ranks. Expected number of connected peer ranks is : 1
2026-03-17T20:45:41.3294845Z [Gloo] Rank 0 is connected to 1 peer ranks. Expected number of connected peer ranks is : 1
2026-03-17T20:45:41.3295385Z [Gloo] Rank 1 is connected to 1 peer ranks. Expected number of connected peer ranks is : 1
2026-03-17T20:45:41.3295915Z [Gloo] Rank 0 is connected to 1 peer ranks. Expected number of connected peer ranks is : 1
2026-03-17T20:45:41.3298245Z [Gloo] Rank 0 is connected to 1 peer ranks. Expected number of connected peer ranks is : 1
2026-03-17T20:45:41.3298794Z [Gloo] Rank 1 is connected to 1 peer ranks. Expected number of connected peer ranks is : 1
2026-03-17T20:45:45.4814248Z (Worker pid=1796) INFO 03-17 20:45:45 [cpu_binding.py:320] [cpu_bind_mode] mode=global_slice rank=3 visible_npus=[8, 9, 10, 11, 12, 13, 14, 15]
2026-03-17T20:45:45.4815051Z (Worker pid=1796) INFO 03-17 20:45:45 [cpu_binding.py:367] The CPU allocation plan is as follows:
2026-03-17T20:45:45.4815818Z (Worker pid=1796) INFO 03-17 20:45:45 [cpu_binding.py:372] NPU11: main=[222 223 224 225 226 227 228 229 230 231 232 233 234 235 236 237]  acl=[238]  release=[[239]]
2026-03-17T20:45:45.5501278Z (Worker pid=1796) INFO 03-17 20:45:45 [cpu_binding.py:383] The 'migratepages' command is not available, skipping memory binding.
2026-03-17T20:45:45.6191843Z (Worker pid=1796) WARNING 03-17 20:45:45 [__init__.py:204] min_p and logit_bias parameters won't work with speculative decoding.
2026-03-17T20:45:45.6310282Z (Worker pid=1796) INFO 03-17 20:45:45 [base.py:106] Offloader set to NoopOffloader
2026-03-17T20:45:45.6612988Z (Worker pid=1796) WARNING 03-17 20:45:45 [__init__.py:204] min_p and logit_bias parameters won't work with speculative decoding.
2026-03-17T20:45:45.6630125Z (Worker pid=1796) (Worker_DP1_TP3_EP11 pid=1796) INFO 03-17 20:45:45 [model_runner_v1.py:2535] Starting to load model /root/.cache/modelscope/hub/models/vllm-ascend/DeepSeek-V3___2-W8A8...
2026-03-17T20:45:45.8864380Z (Worker pid=2009) INFO 03-17 20:45:45 [cpu_binding.py:320] [cpu_bind_mode] mode=global_slice rank=5 visible_npus=[8, 9, 10, 11, 12, 13, 14, 15]
2026-03-17T20:45:45.8865846Z (Worker pid=2009) INFO 03-17 20:45:45 [cpu_binding.py:367] The CPU allocation plan is as follows:
2026-03-17T20:45:45.8866644Z (Worker pid=2009) INFO 03-17 20:45:45 [cpu_binding.py:372] NPU13: main=[262 263 264 265 266 267 268 269 270 271 272 273 274 275 276 277]  acl=[278]  release=[[279]]
2026-03-17T20:45:45.9387707Z (Worker pid=2009) INFO 03-17 20:45:45 [cpu_binding.py:383] The 'migratepages' command is not available, skipping memory binding.
2026-03-17T20:45:45.9743470Z (Worker pid=2009) WARNING 03-17 20:45:45 [__init__.py:204] min_p and logit_bias parameters won't work with speculative decoding.
2026-03-17T20:45:45.9848457Z (Worker pid=2009) INFO 03-17 20:45:45 [base.py:106] Offloader set to NoopOffloader
2026-03-17T20:45:45.9977445Z (Worker pid=2009) WARNING 03-17 20:45:45 [__init__.py:204] min_p and logit_bias parameters won't work with speculative decoding.
2026-03-17T20:45:45.9990940Z (Worker pid=2009) (Worker_DP1_TP5_EP13 pid=2009) INFO 03-17 20:45:45 [model_runner_v1.py:2535] Starting to load model /root/.cache/modelscope/hub/models/vllm-ascend/DeepSeek-V3___2-W8A8...
2026-03-17T20:45:46.3401075Z (Worker pid=1567) INFO 03-17 20:45:46 [cpu_binding.py:320] [cpu_bind_mode] mode=global_slice rank=1 visible_npus=[8, 9, 10, 11, 12, 13, 14, 15]
2026-03-17T20:45:46.3401847Z (Worker pid=1567) INFO 03-17 20:45:46 [cpu_binding.py:367] The CPU allocation plan is as follows:
2026-03-17T20:45:46.3402650Z (Worker pid=1567) INFO 03-17 20:45:46 [cpu_binding.py:372] NPU9: main=[182 183 184 185 186 187 188 189 190 191 192 193 194 195 196 197]  acl=[198]  release=[[199]]
2026-03-17T20:45:46.3457233Z (Worker pid=1527) INFO 03-17 20:45:46 [cpu_binding.py:320] [cpu_bind_mode] mode=global_slice rank=0 visible_npus=[0, 1, 2, 3, 4, 5, 6, 7]
2026-03-17T20:45:46.3458145Z (Worker pid=1527) INFO 03-17 20:45:46 [cpu_binding.py:367] The CPU allocation plan is as follows:
2026-03-17T20:45:46.3458777Z (Worker pid=1527) INFO 03-17 20:45:46 [cpu_binding.py:372] NPU0: main=[2 3 4 5 6 7 8 9 10 11 12 13 14 15 16 17]  acl=[18]  release=[[19]]
2026-03-17T20:45:46.4053088Z (Worker pid=1567) INFO 03-17 20:45:46 [cpu_binding.py:383] The 'migratepages' command is not available, skipping memory binding.
2026-03-17T20:45:46.4110238Z (Worker pid=1527) INFO 03-17 20:45:46 [cpu_binding.py:383] The 'migratepages' command is not available, skipping memory binding.
2026-03-17T20:45:46.4806154Z (Worker pid=1527) WARNING 03-17 20:45:46 [__init__.py:204] min_p and logit_bias parameters won't work with speculative decoding.
2026-03-17T20:45:46.4839557Z (Worker pid=1567) WARNING 03-17 20:45:46 [__init__.py:204] min_p and logit_bias parameters won't work with speculative decoding.
2026-03-17T20:45:46.4916605Z (Worker pid=1527) INFO 03-17 20:45:46 [base.py:106] Offloader set to NoopOffloader
2026-03-17T20:45:46.4938473Z (Worker pid=1567) INFO 03-17 20:45:46 [base.py:106] Offloader set to NoopOffloader
2026-03-17T20:45:46.5038656Z (Worker pid=1567) WARNING 03-17 20:45:46 [__init__.py:204] min_p and logit_bias parameters won't work with speculative decoding.
2026-03-17T20:45:46.5040824Z (Worker pid=1527) WARNING 03-17 20:45:46 [__init__.py:204] min_p and logit_bias parameters won't work with speculative decoding.
2026-03-17T20:45:46.5050233Z (Worker pid=1567) (Worker_DP1_TP1_EP9 pid=1567) INFO 03-17 20:45:46 [model_runner_v1.py:2535] Starting to load model /root/.cache/modelscope/hub/models/vllm-ascend/DeepSeek-V3___2-W8A8...
2026-03-17T20:45:46.5054987Z (Worker pid=1527) (Worker_DP0_TP0_EP0 pid=1527) INFO 03-17 20:45:46 [model_runner_v1.py:2535] Starting to load model /root/.cache/modelscope/hub/models/vllm-ascend/DeepSeek-V3___2-W8A8...
2026-03-17T20:45:46.5520885Z (Worker pid=1796) (Worker_DP1_TP3_EP11 pid=1796) INFO 03-17 20:45:46 [layer.py:456] [EP Rank 11/16] Expert parallelism is enabled. Expert placement strategy: linear. Local/global number of experts: 16/256. Experts local to global index map: 0->176, 1->177, 2->178, 3->179, 4->180, 5->181, 6->182, 7->183, 8->184, 9->185, 10->186, 11->187, 12->188, 13->189, 14->190, 15->191.
2026-03-17T20:45:46.8860742Z (Worker pid=1687) INFO 03-17 20:45:46 [cpu_binding.py:320] [cpu_bind_mode] mode=global_slice rank=2 visible_npus=[0, 1, 2, 3, 4, 5, 6, 7]
2026-03-17T20:45:46.8861510Z (Worker pid=1687) INFO 03-17 20:45:46 [cpu_binding.py:367] The CPU allocation plan is as follows:
2026-03-17T20:45:46.8862181Z (Worker pid=1687) INFO 03-17 20:45:46 [cpu_binding.py:372] NPU2: main=[42 43 44 45 46 47 48 49 50 51 52 53 54 55 56 57]  acl=[58]  release=[[59]]
2026-03-17T20:45:46.9435198Z (Worker pid=1687) INFO 03-17 20:45:46 [cpu_binding.py:383] The 'migratepages' command is not available, skipping memory binding.
2026-03-17T20:45:46.9850339Z (Worker pid=1687) WARNING 03-17 20:45:46 [__init__.py:204] min_p and logit_bias parameters won't work with speculative decoding.
2026-03-17T20:45:46.9958467Z (Worker pid=1687) INFO 03-17 20:45:46 [base.py:106] Offloader set to NoopOffloader
2026-03-17T20:45:47.0075892Z (Worker pid=1687) WARNING 03-17 20:45:47 [__init__.py:204] min_p and logit_bias parameters won't work with speculative decoding.
2026-03-17T20:45:47.0090053Z (Worker pid=1687) (Worker_DP0_TP2_EP2 pid=1687) INFO 03-17 20:45:47 [model_runner_v1.py:2535] Starting to load model /root/.cache/modelscope/hub/models/vllm-ascend/DeepSeek-V3___2-W8A8...
2026-03-17T20:45:47.0297502Z (Worker pid=2009) (Worker_DP1_TP5_EP13 pid=2009) INFO 03-17 20:45:47 [layer.py:456] [EP Rank 13/16] Expert parallelism is enabled. Expert placement strategy: linear. Local/global number of experts: 16/256. Experts local to global index map: 0->208, 1->209, 2->210, 3->211, 4->212, 5->213, 6->214, 7->215, 8->216, 9->217, 10->218, 11->219, 12->220, 13->221, 14->222, 15->223.
2026-03-17T20:45:47.2233267Z (Worker pid=1567) (Worker_DP1_TP1_EP9 pid=1567) INFO 03-17 20:45:47 [layer.py:456] [EP Rank 9/16] Expert parallelism is enabled. Expert placement strategy: linear. Local/global number of experts: 16/256. Experts local to global index map: 0->144, 1->145, 2->146, 3->147, 4->148, 5->149, 6->150, 7->151, 8->152, 9->153, 10->154, 11->155, 12->156, 13->157, 14->158, 15->159.
2026-03-17T20:45:47.4846387Z (Worker pid=2217) INFO 03-17 20:45:47 [cpu_binding.py:320] [cpu_bind_mode] mode=global_slice rank=7 visible_npus=[0, 1, 2, 3, 4, 5, 6, 7]
2026-03-17T20:45:47.4847150Z (Worker pid=2217) INFO 03-17 20:45:47 [cpu_binding.py:367] The CPU allocation plan is as follows:
2026-03-17T20:45:47.4848151Z (Worker pid=2217) INFO 03-17 20:45:47 [cpu_binding.py:372] NPU7: main=[142 143 144 145 146 147 148 149 150 151 152 153 154 155 156 157]  acl=[158]  release=[[159]]
2026-03-17T20:45:47.5441930Z (Worker pid=2217) INFO 03-17 20:45:47 [cpu_binding.py:383] The 'migratepages' command is not available, skipping memory binding.
2026-03-17T20:45:47.5581102Z (Worker pid=1527) (Worker_DP0_TP0_EP0 pid=1527) INFO 03-17 20:45:47 [layer.py:456] [EP Rank 0/16] Expert parallelism is enabled. Expert placement strategy: linear. Local/global number of experts: 16/256. Experts local to global index map: 0->0, 1->1, 2->2, 3->3, 4->4, 5->5, 6->6, 7->7, 8->8, 9->9, 10->10, 11->11, 12->12, 13->13, 14->14, 15->15.
2026-03-17T20:45:47.5768222Z (Worker pid=2217) WARNING 03-17 20:45:47 [__init__.py:204] min_p and logit_bias parameters won't work with speculative decoding.
2026-03-17T20:45:47.5871303Z (Worker pid=2217) INFO 03-17 20:45:47 [base.py:106] Offloader set to NoopOffloader
2026-03-17T20:45:47.5982614Z (Worker pid=2217) WARNING 03-17 20:45:47 [__init__.py:204] min_p and logit_bias parameters won't work with speculative decoding.
2026-03-17T20:45:47.5995191Z (Worker pid=2217) (Worker_DP0_TP7_EP7 pid=2217) INFO 03-17 20:45:47 [model_runner_v1.py:2535] Starting to load model /root/.cache/modelscope/hub/models/vllm-ascend/DeepSeek-V3___2-W8A8...
2026-03-17T20:45:47.6912205Z (Worker pid=2005) INFO 03-17 20:45:47 [cpu_binding.py:320] [cpu_bind_mode] mode=global_slice rank=5 visible_npus=[0, 1, 2, 3, 4, 5, 6, 7]
2026-03-17T20:45:47.6913355Z (Worker pid=2005) INFO 03-17 20:45:47 [cpu_binding.py:367] The CPU allocation plan is as follows:
2026-03-17T20:45:47.6914484Z (Worker pid=2005) INFO 03-17 20:45:47 [cpu_binding.py:372] NPU5: main=[102 103 104 105 106 107 108 109 110 111 112 113 114 115 116 117]  acl=[118]  release=[[119]]
2026-03-17T20:45:47.7402533Z (Worker pid=2005) INFO 03-17 20:45:47 [cpu_binding.py:383] The 'migratepages' command is not available, skipping memory binding.
2026-03-17T20:45:47.7832561Z (Worker pid=2005) WARNING 03-17 20:45:47 [__init__.py:204] min_p and logit_bias parameters won't work with speculative decoding.
2026-03-17T20:45:47.7934456Z (Worker pid=2005) INFO 03-17 20:45:47 [base.py:106] Offloader set to NoopOffloader
2026-03-17T20:45:47.8045438Z (Worker pid=2005) WARNING 03-17 20:45:47 [__init__.py:204] min_p and logit_bias parameters won't work with speculative decoding.
2026-03-17T20:45:47.8058701Z (Worker pid=2005) (Worker_DP0_TP5_EP5 pid=2005) INFO 03-17 20:45:47 [model_runner_v1.py:2535] Starting to load model /root/.cache/modelscope/hub/models/vllm-ascend/DeepSeek-V3___2-W8A8...
2026-03-17T20:45:47.8838588Z (Worker pid=1899) INFO 03-17 20:45:47 [cpu_binding.py:320] [cpu_bind_mode] mode=global_slice rank=4 visible_npus=[0, 1, 2, 3, 4, 5, 6, 7]
2026-03-17T20:45:47.8839462Z (Worker pid=1903) INFO 03-17 20:45:47 [cpu_binding.py:320] [cpu_bind_mode] mode=global_slice rank=4 visible_npus=[8, 9, 10, 11, 12, 13, 14, 15]
2026-03-17T20:45:47.8840294Z (Worker pid=1899) INFO 03-17 20:45:47 [cpu_binding.py:367] The CPU allocation plan is as follows:
2026-03-17T20:45:47.8840957Z (Worker pid=1899) INFO 03-17 20:45:47 [cpu_binding.py:372] NPU4: main=[82 83 84 85 86 87 88 89 90 91 92 93 94 95 96 97]  acl=[98]  release=[[99]]
2026-03-17T20:45:47.8841615Z (Worker pid=1903) INFO 03-17 20:45:47 [cpu_binding.py:367] The CPU allocation plan is as follows:
2026-03-17T20:45:47.8842337Z (Worker pid=1903) INFO 03-17 20:45:47 [cpu_binding.py:372] NPU12: main=[242 243 244 245 246 247 248 249 250 251 252 253 254 255 256 257]  acl=[258]  release=[[259]]
2026-03-17T20:45:47.9431313Z (Worker pid=1899) INFO 03-17 20:45:47 [cpu_binding.py:383] The 'migratepages' command is not available, skipping memory binding.
2026-03-17T20:45:47.9505765Z (Worker pid=1903) INFO 03-17 20:45:47 [cpu_binding.py:383] The 'migratepages' command is not available, skipping memory binding.
2026-03-17T20:45:47.9911816Z (Worker pid=1899) WARNING 03-17 20:45:47 [__init__.py:204] min_p and logit_bias parameters won't work with speculative decoding.
2026-03-17T20:45:47.9931652Z (Worker pid=1903) WARNING 03-17 20:45:47 [__init__.py:204] min_p and logit_bias parameters won't work with speculative decoding.
2026-03-17T20:45:48.0017328Z (Worker pid=1899) INFO 03-17 20:45:47 [base.py:106] Offloader set to NoopOffloader
2026-03-17T20:45:48.0065695Z (Worker pid=1903) INFO 03-17 20:45:48 [base.py:106] Offloader set to NoopOffloader
2026-03-17T20:45:48.0159647Z (Worker pid=1899) WARNING 03-17 20:45:48 [__init__.py:204] min_p and logit_bias parameters won't work with speculative decoding.
2026-03-17T20:45:48.0173240Z (Worker pid=1899) (Worker_DP0_TP4_EP4 pid=1899) INFO 03-17 20:45:48 [model_runner_v1.py:2535] Starting to load model /root/.cache/modelscope/hub/models/vllm-ascend/DeepSeek-V3___2-W8A8...
2026-03-17T20:45:48.0208944Z (Worker pid=1903) WARNING 03-17 20:45:48 [__init__.py:204] min_p and logit_bias parameters won't work with speculative decoding.
2026-03-17T20:45:48.0224538Z (Worker pid=1903) (Worker_DP1_TP4_EP12 pid=1903) INFO 03-17 20:45:48 [model_runner_v1.py:2535] Starting to load model /root/.cache/modelscope/hub/models/vllm-ascend/DeepSeek-V3___2-W8A8...
2026-03-17T20:45:48.0921186Z (Worker pid=1687) (Worker_DP0_TP2_EP2 pid=1687) INFO 03-17 20:45:48 [layer.py:456] [EP Rank 2/16] Expert parallelism is enabled. Expert placement strategy: linear. Local/global number of experts: 16/256. Experts local to global index map: 0->32, 1->33, 2->34, 3->35, 4->36, 5->37, 6->38, 7->39, 8->40, 9->41, 10->42, 11->43, 12->44, 13->45, 14->46, 15->47.
2026-03-17T20:45:48.2136809Z (Worker pid=1690) INFO 03-17 20:45:48 [cpu_binding.py:320] [cpu_bind_mode] mode=global_slice rank=2 visible_npus=[8, 9, 10, 11, 12, 13, 14, 15]
2026-03-17T20:45:48.2137831Z (Worker pid=1690) INFO 03-17 20:45:48 [cpu_binding.py:367] The CPU allocation plan is as follows:
2026-03-17T20:45:48.2138555Z (Worker pid=1690) INFO 03-17 20:45:48 [cpu_binding.py:372] NPU10: main=[202 203 204 205 206 207 208 209 210 211 212 213 214 215 216 217]  acl=[218]  release=[[219]]
2026-03-17T20:45:48.2402073Z (Worker pid=1563) INFO 03-17 20:45:48 [cpu_binding.py:320] [cpu_bind_mode] mode=global_slice rank=1 visible_npus=[0, 1, 2, 3, 4, 5, 6, 7]
2026-03-17T20:45:48.2402859Z (Worker pid=1563) INFO 03-17 20:45:48 [cpu_binding.py:367] The CPU allocation plan is as follows:
2026-03-17T20:45:48.2403495Z (Worker pid=1563) INFO 03-17 20:45:48 [cpu_binding.py:372] NPU1: main=[22 23 24 25 26 27 28 29 30 31 32 33 34 35 36 37]  acl=[38]  release=[[39]]
2026-03-17T20:45:48.2703647Z (Worker pid=1690) INFO 03-17 20:45:48 [cpu_binding.py:383] The 'migratepages' command is not available, skipping memory binding.
2026-03-17T20:45:48.2947394Z (Worker pid=1563) INFO 03-17 20:45:48 [cpu_binding.py:383] The 'migratepages' command is not available, skipping memory binding.
2026-03-17T20:45:48.2980407Z (Worker pid=2113) INFO 03-17 20:45:48 [cpu_binding.py:320] [cpu_bind_mode] mode=global_slice rank=6 visible_npus=[0, 1, 2, 3, 4, 5, 6, 7]
2026-03-17T20:45:48.2981352Z (Worker pid=2113) INFO 03-17 20:45:48 [cpu_binding.py:367] The CPU allocation plan is as follows:
2026-03-17T20:45:48.2982061Z (Worker pid=2113) INFO 03-17 20:45:48 [cpu_binding.py:372] NPU6: main=[122 123 124 125 126 127 128 129 130 131 132 133 134 135 136 137]  acl=[138]  release=[[139]]
2026-03-17T20:45:48.3199564Z (Worker pid=1690) WARNING 03-17 20:45:48 [__init__.py:204] min_p and logit_bias parameters won't work with speculative decoding.
2026-03-17T20:45:48.3294774Z (Worker pid=1690) INFO 03-17 20:45:48 [base.py:106] Offloader set to NoopOffloader
2026-03-17T20:45:48.3398250Z (Worker pid=1690) WARNING 03-17 20:45:48 [__init__.py:204] min_p and logit_bias parameters won't work with speculative decoding.
2026-03-17T20:45:48.3410096Z (Worker pid=1690) (Worker_DP1_TP2_EP10 pid=1690) INFO 03-17 20:45:48 [model_runner_v1.py:2535] Starting to load model /root/.cache/modelscope/hub/models/vllm-ascend/DeepSeek-V3___2-W8A8...
2026-03-17T20:45:48.3520411Z (Worker pid=2219) INFO 03-17 20:45:48 [cpu_binding.py:320] [cpu_bind_mode] mode=global_slice rank=7 visible_npus=[8, 9, 10, 11, 12, 13, 14, 15]
2026-03-17T20:45:48.3521347Z (Worker pid=2219) INFO 03-17 20:45:48 [cpu_binding.py:367] The CPU allocation plan is as follows:
2026-03-17T20:45:48.3522098Z (Worker pid=2219) INFO 03-17 20:45:48 [cpu_binding.py:372] NPU15: main=[302 303 304 305 306 307 308 309 310 311 312 313 314 315 316 317]  acl=[318]  release=[[319]]
2026-03-17T20:45:48.3535017Z (Worker pid=1563) WARNING 03-17 20:45:48 [__init__.py:204] min_p and logit_bias parameters won't work with speculative decoding.
2026-03-17T20:45:48.3537443Z (Worker pid=2113) INFO 03-17 20:45:48 [cpu_binding.py:383] The 'migratepages' command is not available, skipping memory binding.
2026-03-17T20:45:48.3579984Z (Worker pid=1528) INFO 03-17 20:45:48 [cpu_binding.py:320] [cpu_bind_mode] mode=global_slice rank=0 visible_npus=[8, 9, 10, 11, 12, 13, 14, 15]
2026-03-17T20:45:48.3582928Z (Worker pid=1528) INFO 03-17 20:45:48 [cpu_binding.py:367] The CPU allocation plan is as follows:
2026-03-17T20:45:48.3583647Z (Worker pid=1528) INFO 03-17 20:45:48 [cpu_binding.py:372] NPU8: main=[162 163 164 165 166 167 168 169 170 171 172 173 174 175 176 177]  acl=[178]  release=[[179]]
2026-03-17T20:45:48.3595147Z (Worker pid=2112) INFO 03-17 20:45:48 [cpu_binding.py:320] [cpu_bind_mode] mode=global_slice rank=6 visible_npus=[8, 9, 10, 11, 12, 13, 14, 15]
2026-03-17T20:45:48.3595882Z (Worker pid=2112) INFO 03-17 20:45:48 [cpu_binding.py:367] The CPU allocation plan is as follows:
2026-03-17T20:45:48.3596639Z (Worker pid=2112) INFO 03-17 20:45:48 [cpu_binding.py:372] NPU14: main=[282 283 284 285 286 287 288 289 290 291 292 293 294 295 296 297]  acl=[298]  release=[[299]]
2026-03-17T20:45:48.3597444Z (Worker pid=1793) INFO 03-17 20:45:48 [cpu_binding.py:320] [cpu_bind_mode] mode=global_slice rank=3 visible_npus=[0, 1, 2, 3, 4, 5, 6, 7]
2026-03-17T20:45:48.3598716Z (Worker pid=1793) INFO 03-17 20:45:48 [cpu_binding.py:367] The CPU allocation plan is as follows:
2026-03-17T20:45:48.3599374Z (Worker pid=1793) INFO 03-17 20:45:48 [cpu_binding.py:372] NPU3: main=[62 63 64 65 66 67 68 69 70 71 72 73 74 75 76 77]  acl=[78]  release=[[79]]
2026-03-17T20:45:48.3647378Z (Worker pid=1563) INFO 03-17 20:45:48 [base.py:106] Offloader set to NoopOffloader
2026-03-17T20:45:48.3774060Z (Worker pid=1563) WARNING 03-17 20:45:48 [__init__.py:204] min_p and logit_bias parameters won't work with speculative decoding.
2026-03-17T20:45:48.3787890Z (Worker pid=1563) (Worker_DP0_TP1_EP1 pid=1563) INFO 03-17 20:45:48 [model_runner_v1.py:2535] Starting to load model /root/.cache/modelscope/hub/models/vllm-ascend/DeepSeek-V3___2-W8A8...
2026-03-17T20:45:48.3983479Z (Worker pid=2113) WARNING 03-17 20:45:48 [__init__.py:204] min_p and logit_bias parameters won't work with speculative decoding.
2026-03-17T20:45:48.4090449Z (Worker pid=2113) INFO 03-17 20:45:48 [base.py:106] Offloader set to NoopOffloader
2026-03-17T20:45:48.4115129Z (Worker pid=2219) INFO 03-17 20:45:48 [cpu_binding.py:383] The 'migratepages' command is not available, skipping memory binding.
2026-03-17T20:45:48.4201355Z (Worker pid=1528) INFO 03-17 20:45:48 [cpu_binding.py:383] The 'migratepages' command is not available, skipping memory binding.
2026-03-17T20:45:48.4210261Z (Worker pid=2112) INFO 03-17 20:45:48 [cpu_binding.py:383] The 'migratepages' command is not available, skipping memory binding.
2026-03-17T20:45:48.4217651Z (Worker pid=2113) WARNING 03-17 20:45:48 [__init__.py:204] min_p and logit_bias parameters won't work with speculative decoding.
2026-03-17T20:45:48.4231216Z (Worker pid=2113) (Worker_DP0_TP6_EP6 pid=2113) INFO 03-17 20:45:48 [model_runner_v1.py:2535] Starting to load model /root/.cache/modelscope/hub/models/vllm-ascend/DeepSeek-V3___2-W8A8...
2026-03-17T20:45:48.4274914Z (Worker pid=1793) INFO 03-17 20:45:48 [cpu_binding.py:383] The 'migratepages' command is not available, skipping memory binding.
2026-03-17T20:45:48.4462917Z (Worker pid=2219) WARNING 03-17 20:45:48 [__init__.py:204] min_p and logit_bias parameters won't work with speculative decoding.
2026-03-17T20:45:48.4565879Z (Worker pid=2219) INFO 03-17 20:45:48 [base.py:106] Offloader set to NoopOffloader
2026-03-17T20:45:48.4682063Z (Worker pid=2219) WARNING 03-17 20:45:48 [__init__.py:204] min_p and logit_bias parameters won't work with speculative decoding.
2026-03-17T20:45:48.4690064Z (Worker pid=2112) WARNING 03-17 20:45:48 [__init__.py:204] min_p and logit_bias parameters won't work with speculative decoding.
2026-03-17T20:45:48.4691512Z (Worker pid=2219) (Worker_DP1_TP7_EP15 pid=2219) INFO 03-17 20:45:48 [model_runner_v1.py:2535] Starting to load model /root/.cache/modelscope/hub/models/vllm-ascend/DeepSeek-V3___2-W8A8...
2026-03-17T20:45:48.4742996Z (Worker pid=1528) WARNING 03-17 20:45:48 [__init__.py:204] min_p and logit_bias parameters won't work with speculative decoding.
2026-03-17T20:45:48.4802292Z (Worker pid=1793) WARNING 03-17 20:45:48 [__init__.py:204] min_p and logit_bias parameters won't work with speculative decoding.
2026-03-17T20:45:48.4803020Z (Worker pid=2112) INFO 03-17 20:45:48 [base.py:106] Offloader set to NoopOffloader
2026-03-17T20:45:48.4837529Z (Worker pid=1528) INFO 03-17 20:45:48 [base.py:106] Offloader set to NoopOffloader
2026-03-17T20:45:48.4916481Z (Worker pid=1793) INFO 03-17 20:45:48 [base.py:106] Offloader set to NoopOffloader
2026-03-17T20:45:48.4934500Z (Worker pid=1528) WARNING 03-17 20:45:48 [__init__.py:204] min_p and logit_bias parameters won't work with speculative decoding.
2026-03-17T20:45:48.4935880Z (Worker pid=2112) WARNING 03-17 20:45:48 [__init__.py:204] min_p and logit_bias parameters won't work with speculative decoding.
2026-03-17T20:45:48.4947051Z (Worker pid=1528) (Worker_DP1_TP0_EP8 pid=1528) INFO 03-17 20:45:48 [model_runner_v1.py:2535] Starting to load model /root/.cache/modelscope/hub/models/vllm-ascend/DeepSeek-V3___2-W8A8...
2026-03-17T20:45:48.4951426Z (Worker pid=2112) (Worker_DP1_TP6_EP14 pid=2112) INFO 03-17 20:45:48 [model_runner_v1.py:2535] Starting to load model /root/.cache/modelscope/hub/models/vllm-ascend/DeepSeek-V3___2-W8A8...
2026-03-17T20:45:48.5038744Z (Worker pid=1793) WARNING 03-17 20:45:48 [__init__.py:204] min_p and logit_bias parameters won't work with speculative decoding.
2026-03-17T20:45:48.5052691Z (Worker pid=1793) (Worker_DP0_TP3_EP3 pid=1793) INFO 03-17 20:45:48 [model_runner_v1.py:2535] Starting to load model /root/.cache/modelscope/hub/models/vllm-ascend/DeepSeek-V3___2-W8A8...
2026-03-17T20:45:48.7112566Z (Worker pid=2217) (Worker_DP0_TP7_EP7 pid=2217) INFO 03-17 20:45:48 [layer.py:456] [EP Rank 7/16] Expert parallelism is enabled. Expert placement strategy: linear. Local/global number of experts: 16/256. Experts local to global index map: 0->112, 1->113, 2->114, 3->115, 4->116, 5->117, 6->118, 7->119, 8->120, 9->121, 10->122, 11->123, 12->124, 13->125, 14->126, 15->127.
2026-03-17T20:45:48.9653471Z (Worker pid=2005) (Worker_DP0_TP5_EP5 pid=2005) INFO 03-17 20:45:48 [layer.py:456] [EP Rank 5/16] Expert parallelism is enabled. Expert placement strategy: linear. Local/global number of experts: 16/256. Experts local to global index map: 0->80, 1->81, 2->82, 3->83, 4->84, 5->85, 6->86, 7->87, 8->88, 9->89, 10->90, 11->91, 12->92, 13->93, 14->94, 15->95.
2026-03-17T20:45:49.1479921Z (Worker pid=1903) (Worker_DP1_TP4_EP12 pid=1903) INFO 03-17 20:45:49 [layer.py:456] [EP Rank 12/16] Expert parallelism is enabled. Expert placement strategy: linear. Local/global number of experts: 16/256. Experts local to global index map: 0->192, 1->193, 2->194, 3->195, 4->196, 5->197, 6->198, 7->199, 8->200, 9->201, 10->202, 11->203, 12->204, 13->205, 14->206, 15->207.
2026-03-17T20:45:49.2090149Z (Worker pid=1899) (Worker_DP0_TP4_EP4 pid=1899) INFO 03-17 20:45:49 [layer.py:456] [EP Rank 4/16] Expert parallelism is enabled. Expert placement strategy: linear. Local/global number of experts: 16/256. Experts local to global index map: 0->64, 1->65, 2->66, 3->67, 4->68, 5->69, 6->70, 7->71, 8->72, 9->73, 10->74, 11->75, 12->76, 13->77, 14->78, 15->79.
2026-03-17T20:45:49.2229574Z (Worker pid=1690) (Worker_DP1_TP2_EP10 pid=1690) INFO 03-17 20:45:49 [layer.py:456] [EP Rank 10/16] Expert parallelism is enabled. Expert placement strategy: linear. Local/global number of experts: 16/256. Experts local to global index map: 0->160, 1->161, 2->162, 3->163, 4->164, 5->165, 6->166, 7->167, 8->168, 9->169, 10->170, 11->171, 12->172, 13->173, 14->174, 15->175.
2026-03-17T20:45:49.2437654Z (Worker pid=1528) (Worker_DP1_TP0_EP8 pid=1528) INFO 03-17 20:45:49 [layer.py:456] [EP Rank 8/16] Expert parallelism is enabled. Expert placement strategy: linear. Local/global number of experts: 16/256. Experts local to global index map: 0->128, 1->129, 2->130, 3->131, 4->132, 5->133, 6->134, 7->135, 8->136, 9->137, 10->138, 11->139, 12->140, 13->141, 14->142, 15->143.
2026-03-17T20:45:49.4641151Z (Worker pid=1563) (Worker_DP0_TP1_EP1 pid=1563) INFO 03-17 20:45:49 [layer.py:456] [EP Rank 1/16] Expert parallelism is enabled. Expert placement strategy: linear. Local/global number of experts: 16/256. Experts local to global index map: 0->16, 1->17, 2->18, 3->19, 4->20, 5->21, 6->22, 7->23, 8->24, 9->25, 10->26, 11->27, 12->28, 13->29, 14->30, 15->31.
2026-03-17T20:45:49.5460204Z (Worker pid=2113) (Worker_DP0_TP6_EP6 pid=2113) INFO 03-17 20:45:49 [layer.py:456] [EP Rank 6/16] Expert parallelism is enabled. Expert placement strategy: linear. Local/global number of experts: 16/256. Experts local to global index map: 0->96, 1->97, 2->98, 3->99, 4->100, 5->101, 6->102, 7->103, 8->104, 9->105, 10->106, 11->107, 12->108, 13->109, 14->110, 15->111.
2026-03-17T20:45:49.6275141Z (Worker pid=2219) (Worker_DP1_TP7_EP15 pid=2219) INFO 03-17 20:45:49 [layer.py:456] [EP Rank 15/16] Expert parallelism is enabled. Expert placement strategy: linear. Local/global number of experts: 16/256. Experts local to global index map: 0->240, 1->241, 2->242, 3->243, 4->244, 5->245, 6->246, 7->247, 8->248, 9->249, 10->250, 11->251, 12->252, 13->253, 14->254, 15->255.
2026-03-17T20:45:49.6557328Z (Worker pid=1793) (Worker_DP0_TP3_EP3 pid=1793) INFO 03-17 20:45:49 [layer.py:456] [EP Rank 3/16] Expert parallelism is enabled. Expert placement strategy: linear. Local/global number of experts: 16/256. Experts local to global index map: 0->48, 1->49, 2->50, 3->51, 4->52, 5->53, 6->54, 7->55, 8->56, 9->57, 10->58, 11->59, 12->60, 13->61, 14->62, 15->63.
2026-03-17T20:45:49.7181025Z (Worker pid=2112) (Worker_DP1_TP6_EP14 pid=2112) INFO 03-17 20:45:49 [layer.py:456] [EP Rank 14/16] Expert parallelism is enabled. Expert placement strategy: linear. Local/global number of experts: 16/256. Experts local to global index map: 0->224, 1->225, 2->226, 3->227, 4->228, 5->229, 6->230, 7->231, 8->232, 9->233, 10->234, 11->235, 12->236, 13->237, 14->238, 15->239.
2026-03-17T20:45:50.1831619Z (Worker pid=1687) (Worker_DP0_TP2_EP2 pid=1687) INFO 03-17 20:45:50 [fused_moe.py:285] [EP Rank 2/16] Expert parallelism is enabled. Local/global number of experts: 16/256. Experts local to global index map: 0->32, 1->33, 2->34, 3->35, 4->36, 5->37, 6->38, 7->39, 8->40, 9->41, 10->42, 11->43, 12->44, 13->45, 14->46, 15->47.
2026-03-17T20:45:50.2124290Z (Worker pid=1903) (Worker_DP1_TP4_EP12 pid=1903) INFO 03-17 20:45:50 [fused_moe.py:285] [EP Rank 12/16] Expert parallelism is enabled. Local/global number of experts: 16/256. Experts local to global index map: 0->192, 1->193, 2->194, 3->195, 4->196, 5->197, 6->198, 7->199, 8->200, 9->201, 10->202, 11->203, 12->204, 13->205, 14->206, 15->207.
2026-03-17T20:45:50.2435377Z (Worker pid=2219) (Worker_DP1_TP7_EP15 pid=2219) INFO 03-17 20:45:50 [fused_moe.py:285] [EP Rank 15/16] Expert parallelism is enabled. Local/global number of experts: 16/256. Experts local to global index map: 0->240, 1->241, 2->242, 3->243, 4->244, 5->245, 6->246, 7->247, 8->248, 9->249, 10->250, 11->251, 12->252, 13->253, 14->254, 15->255.
2026-03-17T20:45:50.2814081Z (Worker pid=2005) (Worker_DP0_TP5_EP5 pid=2005) INFO 03-17 20:45:50 [fused_moe.py:285] [EP Rank 5/16] Expert parallelism is enabled. Local/global number of experts: 16/256. Experts local to global index map: 0->80, 1->81, 2->82, 3->83, 4->84, 5->85, 6->86, 7->87, 8->88, 9->89, 10->90, 11->91, 12->92, 13->93, 14->94, 15->95.
2026-03-17T20:45:50.2828282Z (Worker pid=1899) (Worker_DP0_TP4_EP4 pid=1899) INFO 03-17 20:45:50 [fused_moe.py:285] [EP Rank 4/16] Expert parallelism is enabled. Local/global number of experts: 16/256. Experts local to global index map: 0->64, 1->65, 2->66, 3->67, 4->68, 5->69, 6->70, 7->71, 8->72, 9->73, 10->74, 11->75, 12->76, 13->77, 14->78, 15->79.
2026-03-17T20:45:50.3184244Z (Worker pid=1527) (Worker_DP0_TP0_EP0 pid=1527) INFO 03-17 20:45:50 [fused_moe.py:285] [EP Rank 0/16] Expert parallelism is enabled. Local/global number of experts: 16/256. Experts local to global index map: 0->0, 1->1, 2->2, 3->3, 4->4, 5->5, 6->6, 7->7, 8->8, 9->9, 10->10, 11->11, 12->12, 13->13, 14->14, 15->15.
2026-03-17T20:45:50.3186028Z (Worker pid=1563) (Worker_DP0_TP1_EP1 pid=1563) INFO 03-17 20:45:50 [fused_moe.py:285] [EP Rank 1/16] Expert parallelism is enabled. Local/global number of experts: 16/256. Experts local to global index map: 0->16, 1->17, 2->18, 3->19, 4->20, 5->21, 6->22, 7->23, 8->24, 9->25, 10->26, 11->27, 12->28, 13->29, 14->30, 15->31.
2026-03-17T20:45:50.3365151Z (Worker pid=1793) (Worker_DP0_TP3_EP3 pid=1793) INFO 03-17 20:45:50 [fused_moe.py:285] [EP Rank 3/16] Expert parallelism is enabled. Local/global number of experts: 16/256. Experts local to global index map: 0->48, 1->49, 2->50, 3->51, 4->52, 5->53, 6->54, 7->55, 8->56, 9->57, 10->58, 11->59, 12->60, 13->61, 14->62, 15->63.
2026-03-17T20:45:50.3478182Z (Worker pid=1690) (Worker_DP1_TP2_EP10 pid=1690) INFO 03-17 20:45:50 [fused_moe.py:285] [EP Rank 10/16] Expert parallelism is enabled. Local/global number of experts: 16/256. Experts local to global index map: 0->160, 1->161, 2->162, 3->163, 4->164, 5->165, 6->166, 7->167, 8->168, 9->169, 10->170, 11->171, 12->172, 13->173, 14->174, 15->175.
2026-03-17T20:45:50.3484692Z (Worker pid=2009) (Worker_DP1_TP5_EP13 pid=2009) INFO 03-17 20:45:50 [fused_moe.py:285] [EP Rank 13/16] Expert parallelism is enabled. Local/global number of experts: 16/256. Experts local to global index map: 0->208, 1->209, 2->210, 3->211, 4->212, 5->213, 6->214, 7->215, 8->216, 9->217, 10->218, 11->219, 12->220, 13->221, 14->222, 15->223.
2026-03-17T20:45:50.3503574Z (Worker pid=1796) (Worker_DP1_TP3_EP11 pid=1796) INFO 03-17 20:45:50 [fused_moe.py:285] [EP Rank 11/16] Expert parallelism is enabled. Local/global number of experts: 16/256. Experts local to global index map: 0->176, 1->177, 2->178, 3->179, 4->180, 5->181, 6->182, 7->183, 8->184, 9->185, 10->186, 11->187, 12->188, 13->189, 14->190, 15->191.
2026-03-17T20:45:50.3746322Z (Worker pid=2112) (Worker_DP1_TP6_EP14 pid=2112) INFO 03-17 20:45:50 [fused_moe.py:285] [EP Rank 14/16] Expert parallelism is enabled. Local/global number of experts: 16/256. Experts local to global index map: 0->224, 1->225, 2->226, 3->227, 4->228, 5->229, 6->230, 7->231, 8->232, 9->233, 10->234, 11->235, 12->236, 13->237, 14->238, 15->239.
2026-03-17T20:45:50.3867682Z (Worker pid=1567) (Worker_DP1_TP1_EP9 pid=1567) INFO 03-17 20:45:50 [fused_moe.py:285] [EP Rank 9/16] Expert parallelism is enabled. Local/global number of experts: 16/256. Experts local to global index map: 0->144, 1->145, 2->146, 3->147, 4->148, 5->149, 6->150, 7->151, 8->152, 9->153, 10->154, 11->155, 12->156, 13->157, 14->158, 15->159.
2026-03-17T20:45:50.3885642Z (Worker pid=1528) (Worker_DP1_TP0_EP8 pid=1528) INFO 03-17 20:45:50 [fused_moe.py:285] [EP Rank 8/16] Expert parallelism is enabled. Local/global number of experts: 16/256. Experts local to global index map: 0->128, 1->129, 2->130, 3->131, 4->132, 5->133, 6->134, 7->135, 8->136, 9->137, 10->138, 11->139, 12->140, 13->141, 14->142, 15->143.
2026-03-17T20:45:50.4603127Z (Worker pid=2217) (Worker_DP0_TP7_EP7 pid=2217) INFO 03-17 20:45:50 [fused_moe.py:285] [EP Rank 7/16] Expert parallelism is enabled. Local/global number of experts: 16/256. Experts local to global index map: 0->112, 1->113, 2->114, 3->115, 4->116, 5->117, 6->118, 7->119, 8->120, 9->121, 10->122, 11->123, 12->124, 13->125, 14->126, 15->127.
2026-03-17T20:45:50.4616959Z (Worker pid=2113) (Worker_DP0_TP6_EP6 pid=2113) INFO 03-17 20:45:50 [fused_moe.py:285] [EP Rank 6/16] Expert parallelism is enabled. Local/global number of experts: 16/256. Experts local to global index map: 0->96, 1->97, 2->98, 3->99, 4->100, 5->101, 6->102, 7->103, 8->104, 9->105, 10->106, 11->107, 12->108, 13->109, 14->110, 15->111.
2026-03-17T20:45:50.6380416Z (Worker pid=1527) (Worker_DP0_TP0_EP0 pid=1527) INFO 03-17 20:45:50 [fused_moe.py:540] Sequence parallelism is enabled, shared experts are replicated for best performance.
2026-03-17T20:45:50.6630758Z (Worker pid=1793) (Worker_DP0_TP3_EP3 pid=1793) INFO 03-17 20:45:50 [fused_moe.py:540] Sequence parallelism is enabled, shared experts are replicated for best performance.
2026-03-17T20:45:50.6631833Z (Worker pid=1903) (Worker_DP1_TP4_EP12 pid=1903) INFO 03-17 20:45:50 [fused_moe.py:540] Sequence parallelism is enabled, shared experts are replicated for best performance.
2026-03-17T20:45:50.6632952Z (Worker pid=1899) (Worker_DP0_TP4_EP4 pid=1899) INFO 03-17 20:45:50 [fused_moe.py:540] Sequence parallelism is enabled, shared experts are replicated for best performance.
2026-03-17T20:45:50.6637329Z (Worker pid=1687) (Worker_DP0_TP2_EP2 pid=1687) INFO 03-17 20:45:50 [fused_moe.py:540] Sequence parallelism is enabled, shared experts are replicated for best performance.
2026-03-17T20:45:50.6638352Z (Worker pid=2112) (Worker_DP1_TP6_EP14 pid=2112) INFO 03-17 20:45:50 [fused_moe.py:540] Sequence parallelism is enabled, shared experts are replicated for best performance.
2026-03-17T20:45:50.6639389Z (Worker pid=1563) (Worker_DP0_TP1_EP1 pid=1563) INFO 03-17 20:45:50 [fused_moe.py:540] Sequence parallelism is enabled, shared experts are replicated for best performance.
2026-03-17T20:45:50.6640741Z (Worker pid=2005) (Worker_DP0_TP5_EP5 pid=2005) INFO 03-17 20:45:50 [fused_moe.py:540] Sequence parallelism is enabled, shared experts are replicated for best performance.
2026-03-17T20:45:50.6641774Z (Worker pid=2009) (Worker_DP1_TP5_EP13 pid=2009) INFO 03-17 20:45:50 [fused_moe.py:540] Sequence parallelism is enabled, shared experts are replicated for best performance.
