2026-03-17T17:50:10.1735204Z (Worker pid=607) INFO 03-17 17:50:10 [parallel_state.py:1393] world_size=32 rank=12 local_rank=4 distributed_init_method=tcp://10.0.0.170:52731 backend=hccl
2026-03-17T17:50:10.4815166Z (Worker pid=610) INFO 03-17 17:50:10 [parallel_state.py:1393] world_size=32 rank=4 local_rank=4 distributed_init_method=tcp://10.0.0.170:52731 backend=hccl
2026-03-17T17:50:12.5645360Z INFO 03-17 17:50:12 [__init__.py:44] Available plugins for group vllm.platform_plugins:
2026-03-17T17:50:12.5660631Z INFO 03-17 17:50:12 [__init__.py:44] Available plugins for group vllm.platform_plugins:
2026-03-17T17:50:12.5673262Z INFO 03-17 17:50:12 [__init__.py:46] - ascend -> vllm_ascend:register
2026-03-17T17:50:12.5687250Z INFO 03-17 17:50:12 [__init__.py:46] - ascend -> vllm_ascend:register
2026-03-17T17:50:12.5699196Z INFO 03-17 17:50:12 [__init__.py:49] All plugins in this group will be loaded. Set `VLLM_PLUGINS` to control which plugins to load.
2026-03-17T17:50:12.5711384Z INFO 03-17 17:50:12 [__init__.py:49] All plugins in this group will be loaded. Set `VLLM_PLUGINS` to control which plugins to load.
2026-03-17T17:50:12.5748381Z INFO 03-17 17:50:12 [__init__.py:212] Platform plugin ascend is activated
2026-03-17T17:50:12.5762147Z INFO 03-17 17:50:12 [__init__.py:212] Platform plugin ascend is activated
2026-03-17T17:50:20.0815632Z 2026-03-17 17:50:20,078 - 715 - vllmProfiler - INFO - VLLM_USE_V1 not set, auto-detected via vLLM 0.17.0+empty: default 1
2026-03-17T17:50:20.0830410Z 2026-03-17 17:50:20,080 - 714 - vllmProfiler - INFO - VLLM_USE_V1 not set, auto-detected via vLLM 0.17.0+empty: default 1
2026-03-17T17:50:20.0856799Z INFO 03-17 17:50:20 [__init__.py:108] Registered model loader `<class 'vllm_ascend.model_loader.netloader.netloader.ModelNetLoaderElastic'>` with load format `netloader`
2026-03-17T17:50:20.0886544Z INFO 03-17 17:50:20 [__init__.py:108] Registered model loader `<class 'vllm_ascend.model_loader.netloader.netloader.ModelNetLoaderElastic'>` with load format `netloader`
2026-03-17T17:50:21.6465118Z /usr/local/python3.11.14/lib/python3.11/site-packages/transformers/models/auto/image_processing_auto.py:647: FutureWarning: The image_processor_class argument is deprecated and will be removed in v4.42. Please use `slow_image_processor_class`, or `fast_image_processor_class` instead
2026-03-17T17:50:21.6471025Z   warnings.warn(
2026-03-17T17:50:22.0026372Z INFO 03-17 17:50:22 [ascend_config.py:448] Dynamic EPLB is False
2026-03-17T17:50:22.0045072Z INFO 03-17 17:50:22 [ascend_config.py:449] The number of redundant experts is 0
2026-03-17T17:50:22.0059150Z INFO 03-17 17:50:22 [ascend_config.py:56] Linear layer sharding enabled with config: ['q_b_proj', 'o_proj']. Note: This feature works optimally with FLASHCOMM2 and DSA-CP enabled; using it without these features may result in significant performance degradation.
2026-03-17T17:50:22.0530868Z /usr/local/python3.11.14/lib/python3.11/site-packages/transformers/models/auto/image_processing_auto.py:647: FutureWarning: The image_processor_class argument is deprecated and will be removed in v4.42. Please use `slow_image_processor_class`, or `fast_image_processor_class` instead
2026-03-17T17:50:22.0540845Z   warnings.warn(
2026-03-17T17:50:22.4841004Z INFO 03-17 17:50:22 [ascend_config.py:448] Dynamic EPLB is False
2026-03-17T17:50:22.4852100Z INFO 03-17 17:50:22 [ascend_config.py:449] The number of redundant experts is 0
2026-03-17T17:50:22.4864614Z INFO 03-17 17:50:22 [ascend_config.py:56] Linear layer sharding enabled with config: ['q_b_proj', 'o_proj']. Note: This feature works optimally with FLASHCOMM2 and DSA-CP enabled; using it without these features may result in significant performance degradation.
2026-03-17T17:50:23.7628165Z (Worker pid=714) INFO 03-17 17:50:23 [parallel_state.py:1393] world_size=32 rank=5 local_rank=5 distributed_init_method=tcp://10.0.0.170:52731 backend=hccl
2026-03-17T17:50:24.5629032Z INFO 03-17 17:50:24 [__init__.py:44] Available plugins for group vllm.platform_plugins:
2026-03-17T17:50:24.5629637Z INFO 03-17 17:50:24 [__init__.py:46] - ascend -> vllm_ascend:register
2026-03-17T17:50:24.5630399Z INFO 03-17 17:50:24 [__init__.py:49] All plugins in this group will be loaded. Set `VLLM_PLUGINS` to control which plugins to load.
2026-03-17T17:50:24.5660894Z INFO 03-17 17:50:24 [__init__.py:212] Platform plugin ascend is activated
2026-03-17T17:50:24.6044354Z INFO 03-17 17:50:24 [__init__.py:44] Available plugins for group vllm.platform_plugins:
2026-03-17T17:50:24.6055285Z INFO 03-17 17:50:24 [__init__.py:46] - ascend -> vllm_ascend:register
2026-03-17T17:50:24.6066326Z INFO 03-17 17:50:24 [__init__.py:49] All plugins in this group will be loaded. Set `VLLM_PLUGINS` to control which plugins to load.
2026-03-17T17:50:24.6119575Z INFO 03-17 17:50:24 [__init__.py:212] Platform plugin ascend is activated
2026-03-17T17:50:24.8562850Z (Worker pid=715) INFO 03-17 17:50:24 [parallel_state.py:1393] world_size=32 rank=13 local_rank=5 distributed_init_method=tcp://10.0.0.170:52731 backend=hccl
2026-03-17T17:50:30.0387438Z 2026-03-17 17:50:30,036 - 820 - vllmProfiler - INFO - VLLM_USE_V1 not set, auto-detected via vLLM 0.17.0+empty: default 1
2026-03-17T17:50:30.0594613Z INFO 03-17 17:50:30 [__init__.py:108] Registered model loader `<class 'vllm_ascend.model_loader.netloader.netloader.ModelNetLoaderElastic'>` with load format `netloader`
2026-03-17T17:50:30.0605650Z 2026-03-17 17:50:30,044 - 821 - vllmProfiler - INFO - VLLM_USE_V1 not set, auto-detected via vLLM 0.17.0+empty: default 1
2026-03-17T17:50:30.0617121Z INFO 03-17 17:50:30 [__init__.py:108] Registered model loader `<class 'vllm_ascend.model_loader.netloader.netloader.ModelNetLoaderElastic'>` with load format `netloader`
2026-03-17T17:50:31.6387449Z /usr/local/python3.11.14/lib/python3.11/site-packages/transformers/models/auto/image_processing_auto.py:647: FutureWarning: The image_processor_class argument is deprecated and will be removed in v4.42. Please use `slow_image_processor_class`, or `fast_image_processor_class` instead
2026-03-17T17:50:31.6397004Z   warnings.warn(
2026-03-17T17:50:31.7120686Z /usr/local/python3.11.14/lib/python3.11/site-packages/transformers/models/auto/image_processing_auto.py:647: FutureWarning: The image_processor_class argument is deprecated and will be removed in v4.42. Please use `slow_image_processor_class`, or `fast_image_processor_class` instead
2026-03-17T17:50:31.7129426Z   warnings.warn(
2026-03-17T17:50:32.0088022Z INFO 03-17 17:50:32 [ascend_config.py:448] Dynamic EPLB is False
2026-03-17T17:50:32.0097630Z INFO 03-17 17:50:32 [ascend_config.py:449] The number of redundant experts is 0
2026-03-17T17:50:32.0109084Z INFO 03-17 17:50:32 [ascend_config.py:56] Linear layer sharding enabled with config: ['q_b_proj', 'o_proj']. Note: This feature works optimally with FLASHCOMM2 and DSA-CP enabled; using it without these features may result in significant performance degradation.
2026-03-17T17:50:32.0778481Z INFO 03-17 17:50:32 [ascend_config.py:448] Dynamic EPLB is False
2026-03-17T17:50:32.0788166Z INFO 03-17 17:50:32 [ascend_config.py:449] The number of redundant experts is 0
2026-03-17T17:50:32.0801748Z INFO 03-17 17:50:32 [ascend_config.py:56] Linear layer sharding enabled with config: ['q_b_proj', 'o_proj']. Note: This feature works optimally with FLASHCOMM2 and DSA-CP enabled; using it without these features may result in significant performance degradation.
2026-03-17T17:50:33.8186236Z (Worker pid=820) INFO 03-17 17:50:33 [parallel_state.py:1393] world_size=32 rank=6 local_rank=6 distributed_init_method=tcp://10.0.0.170:52731 backend=hccl
2026-03-17T17:50:34.1738387Z (Worker pid=821) INFO 03-17 17:50:34 [parallel_state.py:1393] world_size=32 rank=14 local_rank=6 distributed_init_method=tcp://10.0.0.170:52731 backend=hccl
2026-03-17T17:50:34.7591451Z INFO 03-17 17:50:34 [__init__.py:44] Available plugins for group vllm.platform_plugins:
2026-03-17T17:50:34.7592016Z INFO 03-17 17:50:34 [__init__.py:46] - ascend -> vllm_ascend:register
2026-03-17T17:50:34.7592627Z INFO 03-17 17:50:34 [__init__.py:49] All plugins in this group will be loaded. Set `VLLM_PLUGINS` to control which plugins to load.
2026-03-17T17:50:34.7618495Z INFO 03-17 17:50:34 [__init__.py:212] Platform plugin ascend is activated
2026-03-17T17:50:34.8278994Z INFO 03-17 17:50:34 [__init__.py:44] Available plugins for group vllm.platform_plugins:
2026-03-17T17:50:34.8288788Z INFO 03-17 17:50:34 [__init__.py:46] - ascend -> vllm_ascend:register
2026-03-17T17:50:34.8300780Z INFO 03-17 17:50:34 [__init__.py:49] All plugins in this group will be loaded. Set `VLLM_PLUGINS` to control which plugins to load.
2026-03-17T17:50:34.8367821Z INFO 03-17 17:50:34 [__init__.py:212] Platform plugin ascend is activated
2026-03-17T17:50:40.2005998Z 2026-03-17 17:50:40,186 - 926 - vllmProfiler - INFO - VLLM_USE_V1 not set, auto-detected via vLLM 0.17.0+empty: default 1
2026-03-17T17:50:40.2007041Z INFO 03-17 17:50:40 [__init__.py:108] Registered model loader `<class 'vllm_ascend.model_loader.netloader.netloader.ModelNetLoaderElastic'>` with load format `netloader`
2026-03-17T17:50:40.2926691Z 2026-03-17 17:50:40,285 - 927 - vllmProfiler - INFO - VLLM_USE_V1 not set, auto-detected via vLLM 0.17.0+empty: default 1
2026-03-17T17:50:40.2934469Z INFO 03-17 17:50:40 [__init__.py:108] Registered model loader `<class 'vllm_ascend.model_loader.netloader.netloader.ModelNetLoaderElastic'>` with load format `netloader`
2026-03-17T17:50:41.7722565Z /usr/local/python3.11.14/lib/python3.11/site-packages/transformers/models/auto/image_processing_auto.py:647: FutureWarning: The image_processor_class argument is deprecated and will be removed in v4.42. Please use `slow_image_processor_class`, or `fast_image_processor_class` instead
2026-03-17T17:50:41.7737709Z   warnings.warn(
2026-03-17T17:50:42.1021394Z /usr/local/python3.11.14/lib/python3.11/site-packages/transformers/models/auto/image_processing_auto.py:647: FutureWarning: The image_processor_class argument is deprecated and will be removed in v4.42. Please use `slow_image_processor_class`, or `fast_image_processor_class` instead
2026-03-17T17:50:42.1033349Z   warnings.warn(
2026-03-17T17:50:42.1252155Z INFO 03-17 17:50:42 [ascend_config.py:448] Dynamic EPLB is False
2026-03-17T17:50:42.1263026Z INFO 03-17 17:50:42 [ascend_config.py:449] The number of redundant experts is 0
2026-03-17T17:50:42.1275265Z INFO 03-17 17:50:42 [ascend_config.py:56] Linear layer sharding enabled with config: ['q_b_proj', 'o_proj']. Note: This feature works optimally with FLASHCOMM2 and DSA-CP enabled; using it without these features may result in significant performance degradation.
2026-03-17T17:50:42.4788204Z INFO 03-17 17:50:42 [ascend_config.py:448] Dynamic EPLB is False
2026-03-17T17:50:42.4798699Z INFO 03-17 17:50:42 [ascend_config.py:449] The number of redundant experts is 0
2026-03-17T17:50:42.4811188Z INFO 03-17 17:50:42 [ascend_config.py:56] Linear layer sharding enabled with config: ['q_b_proj', 'o_proj']. Note: This feature works optimally with FLASHCOMM2 and DSA-CP enabled; using it without these features may result in significant performance degradation.
2026-03-17T17:50:44.1452964Z (Worker pid=926) INFO 03-17 17:50:44 [parallel_state.py:1393] world_size=32 rank=7 local_rank=7 distributed_init_method=tcp://10.0.0.170:52731 backend=hccl
2026-03-17T17:50:44.2016640Z (Worker pid=927) INFO 03-17 17:50:44 [parallel_state.py:1393] world_size=32 rank=15 local_rank=7 distributed_init_method=tcp://10.0.0.170:52731 backend=hccl
2026-03-17T17:50:44.2354616Z [Gloo] Rank 11 is connected to 31 peer ranks. Expected number of connected peer ranks is : 31
2026-03-17T17:50:44.2370678Z [Gloo] Rank 3 is connected to 31 peer ranks. Expected number of connected peer ranks is : 31
2026-03-17T17:50:44.2381923Z [Gloo] Rank 1 is connected to 31 peer ranks. Expected number of connected peer ranks is : 31
2026-03-17T17:50:44.2393650Z [Gloo] Rank 9 is connected to 31 peer ranks. Expected number of connected peer ranks is : 31
2026-03-17T17:50:44.2404586Z [Gloo] Rank 4 is connected to 31 peer ranks. Expected number of connected peer ranks is : 31
2026-03-17T17:50:44.2417060Z [Gloo] Rank 5 is connected to 31 peer ranks. Expected number of connected peer ranks is : 31
2026-03-17T17:50:44.2428545Z [Gloo] Rank 8 is connected to 31 peer ranks. Expected number of connected peer ranks is : 31
2026-03-17T17:50:44.2440256Z [Gloo] Rank 7 is connected to 31 peer ranks. Expected number of connected peer ranks is : 31
2026-03-17T17:50:44.2451728Z [Gloo] Rank 10 is connected to 31 peer ranks. Expected number of connected peer ranks is : 31
2026-03-17T17:50:44.2462799Z [Gloo] Rank 2 is connected to 31 peer ranks. Expected number of connected peer ranks is : 31
2026-03-17T17:50:44.2474487Z [Gloo] Rank 6 is connected to 31 peer ranks. Expected number of connected peer ranks is : 31
2026-03-17T17:50:44.2485412Z [Gloo] Rank 15 is connected to 31 peer ranks. Expected number of connected peer ranks is : 31
2026-03-17T17:50:44.2497722Z [Gloo] Rank 14 is connected to 31 peer ranks. Expected number of connected peer ranks is : 31
2026-03-17T17:50:44.2510170Z [Gloo] Rank 12 is connected to 31 peer ranks. Expected number of connected peer ranks is : 31
2026-03-17T17:50:44.2522429Z [Gloo] Rank 13 is connected to 31 peer ranks. Expected number of connected peer ranks is : 31
2026-03-17T17:50:44.2949522Z [Gloo] Rank 0 is connected to 31 peer ranks. Expected number of connected peer ranks is : 31
2026-03-17T17:50:44.3471975Z [Gloo] Rank 3 is connected to 7 peer ranks. Expected number of connected peer ranks is : 7
2026-03-17T17:50:44.3490681Z [Gloo] Rank 0 is connected to 7 peer ranks. Expected number of connected peer ranks is : 7
2026-03-17T17:50:44.3512217Z [Gloo] Rank 1 is connected to 7 peer ranks. Expected number of connected peer ranks is : 7
2026-03-17T17:50:44.3525582Z [Gloo] Rank 2 is connected to 7 peer ranks. Expected number of connected peer ranks is : 7
2026-03-17T17:50:44.3549667Z [Gloo] Rank 0 is connected to 7 peer ranks. Expected number of connected peer ranks is : 7
2026-03-17T17:50:44.3557622Z [Gloo] Rank 1 is connected to 7 peer ranks. Expected number of connected peer ranks is : 7
2026-03-17T17:50:44.3572541Z [Gloo] Rank 7 is connected to 7 peer ranks. Expected number of connected peer ranks is : 7
2026-03-17T17:50:44.3606475Z [Gloo] Rank 2 is connected to 7 peer ranks. Expected number of connected peer ranks is : 7
2026-03-17T17:50:44.3607075Z [Gloo] Rank 4 is connected to 7 peer ranks. Expected number of connected peer ranks is : 7
2026-03-17T17:50:44.3607669Z [Gloo] Rank 5 is connected to 7 peer ranks. Expected number of connected peer ranks is : 7
2026-03-17T17:50:44.3619718Z [Gloo] Rank 7 is connected to 7 peer ranks. Expected number of connected peer ranks is : 7
2026-03-17T17:50:44.3690639Z [Gloo] Rank 6 is connected to 7 peer ranks. Expected number of connected peer ranks is : 7
2026-03-17T17:50:44.3691305Z [Gloo] Rank 3 is connected to 7 peer ranks. Expected number of connected peer ranks is : 7
2026-03-17T17:50:44.3691876Z [Gloo] Rank 4 is connected to 7 peer ranks. Expected number of connected peer ranks is : 7
2026-03-17T17:50:44.3692419Z [Gloo] Rank 6 is connected to 7 peer ranks. Expected number of connected peer ranks is : 7
2026-03-17T17:50:44.3692963Z [Gloo] Rank 5 is connected to 7 peer ranks. Expected number of connected peer ranks is : 7
2026-03-17T17:50:44.3693499Z [Gloo] Rank 0 is connected to 0 peer ranks. Expected number of connected peer ranks is : 0
2026-03-17T17:50:44.3700311Z [Gloo] Rank 0 is connected to 0 peer ranks. Expected number of connected peer ranks is : 0
2026-03-17T17:50:44.3712695Z [Gloo] Rank 0 is connected to 0 peer ranks. Expected number of connected peer ranks is : 0
2026-03-17T17:50:44.3729484Z [Gloo] Rank 0 is connected to 0 peer ranks. Expected number of connected peer ranks is : 0
2026-03-17T17:50:44.3747495Z [Gloo] Rank 0 is connected to 0 peer ranks. Expected number of connected peer ranks is : 0
2026-03-17T17:50:44.3760679Z [Gloo] Rank 0 is connected to 0 peer ranks. Expected number of connected peer ranks is : 0
2026-03-17T17:50:44.3786367Z [Gloo] Rank 0 is connected to 0 peer ranks. Expected number of connected peer ranks is : 0
2026-03-17T17:50:44.3794348Z [Gloo] Rank 0 is connected to 0 peer ranks. Expected number of connected peer ranks is : 0
2026-03-17T17:50:44.3808299Z [Gloo] Rank 0 is connected to 0 peer ranks. Expected number of connected peer ranks is : 0
2026-03-17T17:50:44.3821645Z [Gloo] Rank 0 is connected to 0 peer ranks. Expected number of connected peer ranks is : 0
2026-03-17T17:50:44.3836999Z [Gloo] Rank 0 is connected to 0 peer ranks. Expected number of connected peer ranks is : 0
2026-03-17T17:50:44.3856066Z [Gloo] Rank 0 is connected to 0 peer ranks. Expected number of connected peer ranks is : 0
2026-03-17T17:50:44.3870213Z [Gloo] Rank 0 is connected to 0 peer ranks. Expected number of connected peer ranks is : 0
2026-03-17T17:50:44.3881927Z [Gloo] Rank 0 is connected to 0 peer ranks. Expected number of connected peer ranks is : 0
2026-03-17T17:50:44.3908524Z [Gloo] Rank 0 is connected to 0 peer ranks. Expected number of connected peer ranks is : 0
2026-03-17T17:50:44.3909121Z [Gloo] Rank 0 is connected to 0 peer ranks. Expected number of connected peer ranks is : 0
2026-03-17T17:50:44.3918533Z [Gloo] Rank 0 is connected to 0 peer ranks. Expected number of connected peer ranks is : 0
2026-03-17T17:50:44.3932169Z [Gloo] Rank 0 is connected to 0 peer ranks. Expected number of connected peer ranks is : 0
2026-03-17T17:50:44.3944650Z [Gloo] Rank 0 is connected to 0 peer ranks. Expected number of connected peer ranks is : 0
2026-03-17T17:50:44.3956165Z [Gloo] Rank 0 is connected to 0 peer ranks. Expected number of connected peer ranks is : 0
2026-03-17T17:50:44.3974901Z [Gloo] Rank 0 is connected to 0 peer ranks. Expected number of connected peer ranks is : 0
2026-03-17T17:50:44.3983029Z [Gloo] Rank 0 is connected to 0 peer ranks. Expected number of connected peer ranks is : 0
2026-03-17T17:50:44.3994130Z [Gloo] Rank 0 is connected to 0 peer ranks. Expected number of connected peer ranks is : 0
2026-03-17T17:50:44.4005747Z [Gloo] Rank 0 is connected to 0 peer ranks. Expected number of connected peer ranks is : 0
2026-03-17T17:50:44.4017692Z [Gloo] Rank 0 is connected to 0 peer ranks. Expected number of connected peer ranks is : 0
2026-03-17T17:50:44.4031276Z [Gloo] Rank 0 is connected to 0 peer ranks. Expected number of connected peer ranks is : 0
2026-03-17T17:50:44.4041534Z [Gloo] Rank 0 is connected to 0 peer ranks. Expected number of connected peer ranks is : 0
2026-03-17T17:50:44.4053504Z [Gloo] Rank 0 is connected to 0 peer ranks. Expected number of connected peer ranks is : 0
2026-03-17T17:50:44.4064981Z [Gloo] Rank 0 is connected to 0 peer ranks. Expected number of connected peer ranks is : 0
2026-03-17T17:50:44.4077441Z [Gloo] Rank 0 is connected to 0 peer ranks. Expected number of connected peer ranks is : 0
2026-03-17T17:50:44.4088514Z [Gloo] Rank 0 is connected to 0 peer ranks. Expected number of connected peer ranks is : 0
2026-03-17T17:50:44.4099742Z [Gloo] Rank 0 is connected to 0 peer ranks. Expected number of connected peer ranks is : 0
2026-03-17T17:50:44.4110712Z [Gloo] Rank 0 is connected to 0 peer ranks. Expected number of connected peer ranks is : 0
2026-03-17T17:50:44.4121653Z [Gloo] Rank 0 is connected to 0 peer ranks. Expected number of connected peer ranks is : 0
2026-03-17T17:50:44.4134705Z [Gloo] Rank 0 is connected to 0 peer ranks. Expected number of connected peer ranks is : 0
2026-03-17T17:50:44.4145367Z [Gloo] Rank 0 is connected to 0 peer ranks. Expected number of connected peer ranks is : 0
2026-03-17T17:50:44.4156207Z [Gloo] Rank 0 is connected to 0 peer ranks. Expected number of connected peer ranks is : 0
2026-03-17T17:50:44.4167921Z [Gloo] Rank 0 is connected to 0 peer ranks. Expected number of connected peer ranks is : 0
2026-03-17T17:50:44.4180145Z [Gloo] Rank 0 is connected to 0 peer ranks. Expected number of connected peer ranks is : 0
2026-03-17T17:50:44.4191189Z [Gloo] Rank 0 is connected to 0 peer ranks. Expected number of connected peer ranks is : 0
2026-03-17T17:50:44.4202092Z [Gloo] Rank 0 is connected to 0 peer ranks. Expected number of connected peer ranks is : 0
2026-03-17T17:50:44.4219278Z [Gloo] Rank 0 is connected to 0 peer ranks. Expected number of connected peer ranks is : 0
2026-03-17T17:50:44.4232307Z [Gloo] Rank 0 is connected to 0 peer ranks. Expected number of connected peer ranks is : 0
2026-03-17T17:50:44.4243457Z [Gloo] Rank 0 is connected to 0 peer ranks. Expected number of connected peer ranks is : 0
2026-03-17T17:50:44.4260005Z [Gloo] Rank 0 is connected to 0 peer ranks. Expected number of connected peer ranks is : 0
2026-03-17T17:50:44.4272778Z [Gloo] Rank 0 is connected to 0 peer ranks. Expected number of connected peer ranks is : 0
2026-03-17T17:50:44.4311386Z [Gloo] Rank 0 is connected to 0 peer ranks. Expected number of connected peer ranks is : 0
2026-03-17T17:50:44.4337923Z [Gloo] Rank 0 is connected to 0 peer ranks. Expected number of connected peer ranks is : 0
2026-03-17T17:50:44.4372198Z [Gloo] Rank 1 is connected to 3 peer ranks. Expected number of connected peer ranks is : 3
2026-03-17T17:50:44.4392021Z [Gloo] Rank 0 is connected to 3 peer ranks. Expected number of connected peer ranks is : 3
2026-03-17T17:50:44.4503101Z [Gloo] Rank 0 is connected to 3 peer ranks. Expected number of connected peer ranks is : 3
2026-03-17T17:50:44.4514574Z [Gloo] Rank 1 is connected to 3 peer ranks. Expected number of connected peer ranks is : 3
2026-03-17T17:50:44.4527625Z [Gloo] Rank 0 is connected to 3 peer ranks. Expected number of connected peer ranks is : 3
2026-03-17T17:50:44.4539373Z [Gloo] Rank 1 is connected to 3 peer ranks. Expected number of connected peer ranks is : 3
2026-03-17T17:50:44.4550805Z [Gloo] Rank 1 is connected to 3 peer ranks. Expected number of connected peer ranks is : 3
2026-03-17T17:50:44.4562794Z [Gloo] Rank 0 is connected to 3 peer ranks. Expected number of connected peer ranks is : 3
2026-03-17T17:50:44.4574364Z [Gloo] Rank 0 is connected to 3 peer ranks. Expected number of connected peer ranks is : 3
2026-03-17T17:50:44.4584715Z [Gloo] Rank 1 is connected to 3 peer ranks. Expected number of connected peer ranks is : 3
2026-03-17T17:50:44.4596494Z [Gloo] Rank 0 is connected to 3 peer ranks. Expected number of connected peer ranks is : 3
2026-03-17T17:50:44.4617405Z [Gloo] Rank 0 is connected to 3 peer ranks. Expected number of connected peer ranks is : 3
2026-03-17T17:50:44.4623996Z [Gloo] Rank 1 is connected to 3 peer ranks. Expected number of connected peer ranks is : 3
2026-03-17T17:50:44.4631525Z [Gloo] Rank 1 is connected to 3 peer ranks. Expected number of connected peer ranks is : 3
2026-03-17T17:50:44.4641475Z [Gloo] Rank 1 is connected to 3 peer ranks. Expected number of connected peer ranks is : 3
2026-03-17T17:50:44.4665088Z [Gloo] Rank 0 is connected to 3 peer ranks. Expected number of connected peer ranks is : 3
2026-03-17T17:50:44.4891996Z [Gloo] Rank 10 is connected to 31 peer ranks. Expected number of connected peer ranks is : 31
2026-03-17T17:50:44.4910148Z [Gloo] Rank 8 is connected to 31 peer ranks. Expected number of connected peer ranks is : 31
2026-03-17T17:50:44.4921890Z [Gloo] Rank 1 is connected to 31 peer ranks. Expected number of connected peer ranks is : 31
2026-03-17T17:50:44.4932737Z [Gloo] Rank 0 is connected to 31 peer ranks. Expected number of connected peer ranks is : 31
2026-03-17T17:50:44.4946016Z [Gloo] Rank 2 is connected to 31 peer ranks. Expected number of connected peer ranks is : 31
2026-03-17T17:50:44.4960177Z [Gloo] Rank 12 is connected to 31 peer ranks. Expected number of connected peer ranks is : 31
2026-03-17T17:50:44.4972230Z (Worker pid=396) INFO 03-17 17:50:44 [parallel_state.py:1715] rank 10 in world size 32 is assigned as DP rank 1, PP rank 0, PCP rank 0, TP rank 2, EP rank 10, EPLB rank N/A
2026-03-17T17:50:44.4986718Z [Gloo] Rank 14 is connected to 31 peer ranks. Expected number of connected peer ranks is : 31
2026-03-17T17:50:44.5000157Z [Gloo] Rank 11 is connected to 31 peer ranks. Expected number of connected peer ranks is : 31
2026-03-17T17:50:44.5011649Z (Worker pid=273) INFO 03-17 17:50:44 [parallel_state.py:1715] rank 8 in world size 32 is assigned as DP rank 1, PP rank 0, PCP rank 0, TP rank 0, EP rank 8, EPLB rank N/A
2026-03-17T17:50:44.5023711Z [Gloo] Rank 3 is connected to 31 peer ranks. Expected number of connected peer ranks is : 31
2026-03-17T17:50:44.5034993Z [Gloo] Rank 9 is connected to 31 peer ranks. Expected number of connected peer ranks is : 31
2026-03-17T17:50:44.5046387Z (Worker pid=272) INFO 03-17 17:50:44 [parallel_state.py:1715] rank 0 in world size 32 is assigned as DP rank 0, PP rank 0, PCP rank 0, TP rank 0, EP rank 0, EPLB rank N/A
2026-03-17T17:50:44.5057301Z [Gloo] Rank 7 is connected to 31 peer ranks. Expected number of connected peer ranks is : 31
2026-03-17T17:50:44.5067942Z [Gloo] Rank 5 is connected to 31 peer ranks. Expected number of connected peer ranks is : 31
2026-03-17T17:50:44.5079240Z [Gloo] Rank 6 is connected to 31 peer ranks. Expected number of connected peer ranks is : 31
2026-03-17T17:50:44.5092623Z (Worker pid=821) INFO 03-17 17:50:44 [parallel_state.py:1715] rank 14 in world size 32 is assigned as DP rank 1, PP rank 0, PCP rank 0, TP rank 6, EP rank 14, EPLB rank N/A
2026-03-17T17:50:44.5105489Z (Worker pid=397) INFO 03-17 17:50:44 [parallel_state.py:1715] rank 2 in world size 32 is assigned as DP rank 0, PP rank 0, PCP rank 0, TP rank 2, EP rank 2, EPLB rank N/A
2026-03-17T17:50:44.5117463Z (Worker pid=502) INFO 03-17 17:50:44 [parallel_state.py:1715] rank 11 in world size 32 is assigned as DP rank 1, PP rank 0, PCP rank 0, TP rank 3, EP rank 11, EPLB rank N/A
2026-03-17T17:50:44.5130100Z (Worker pid=292) INFO 03-17 17:50:44 [parallel_state.py:1715] rank 1 in world size 32 is assigned as DP rank 0, PP rank 0, PCP rank 0, TP rank 1, EP rank 1, EPLB rank N/A
2026-03-17T17:50:44.5141470Z [Gloo] Rank 13 is connected to 31 peer ranks. Expected number of connected peer ranks is : 31
2026-03-17T17:50:44.5152322Z (Worker pid=293) INFO 03-17 17:50:44 [parallel_state.py:1715] rank 9 in world size 32 is assigned as DP rank 1, PP rank 0, PCP rank 0, TP rank 1, EP rank 9, EPLB rank N/A
2026-03-17T17:50:44.5175920Z (Worker pid=607) INFO 03-17 17:50:44 [parallel_state.py:1715] rank 12 in world size 32 is assigned as DP rank 1, PP rank 0, PCP rank 0, TP rank 4, EP rank 12, EPLB rank N/A
2026-03-17T17:50:44.5189284Z [Gloo] Rank 15 is connected to 31 peer ranks. Expected number of connected peer ranks is : 31
2026-03-17T17:50:44.5200426Z (Worker pid=926) INFO 03-17 17:50:44 [parallel_state.py:1715] rank 7 in world size 32 is assigned as DP rank 0, PP rank 0, PCP rank 0, TP rank 7, EP rank 7, EPLB rank N/A
2026-03-17T17:50:44.5212328Z (Worker pid=714) INFO 03-17 17:50:44 [parallel_state.py:1715] rank 5 in world size 32 is assigned as DP rank 0, PP rank 0, PCP rank 0, TP rank 5, EP rank 5, EPLB rank N/A
2026-03-17T17:50:44.5226821Z (Worker pid=503) INFO 03-17 17:50:44 [parallel_state.py:1715] rank 3 in world size 32 is assigned as DP rank 0, PP rank 0, PCP rank 0, TP rank 3, EP rank 3, EPLB rank N/A
2026-03-17T17:50:44.5237935Z (Worker pid=820) INFO 03-17 17:50:44 [parallel_state.py:1715] rank 6 in world size 32 is assigned as DP rank 0, PP rank 0, PCP rank 0, TP rank 6, EP rank 6, EPLB rank N/A
2026-03-17T17:50:44.5249687Z (Worker pid=715) INFO 03-17 17:50:44 [parallel_state.py:1715] rank 13 in world size 32 is assigned as DP rank 1, PP rank 0, PCP rank 0, TP rank 5, EP rank 13, EPLB rank N/A
2026-03-17T17:50:44.5262156Z (Worker pid=927) INFO 03-17 17:50:44 [parallel_state.py:1715] rank 15 in world size 32 is assigned as DP rank 1, PP rank 0, PCP rank 0, TP rank 7, EP rank 15, EPLB rank N/A
2026-03-17T17:50:44.5274256Z [Gloo] Rank 4 is connected to 31 peer ranks. Expected number of connected peer ranks is : 31
2026-03-17T17:50:44.5285391Z (Worker pid=610) INFO 03-17 17:50:44 [parallel_state.py:1715] rank 4 in world size 32 is assigned as DP rank 0, PP rank 0, PCP rank 0, TP rank 4, EP rank 4, EPLB rank N/A
2026-03-17T17:50:44.5297450Z [Gloo] Rank 1 is connected to 31 peer ranks. Expected number of connected peer ranks is : 31
2026-03-17T17:50:44.5307521Z [Gloo] Rank 9 is connected to 31 peer ranks. Expected number of connected peer ranks is : 31
2026-03-17T17:50:44.5318460Z [Gloo] Rank 2 is connected to 31 peer ranks. Expected number of connected peer ranks is : 31
2026-03-17T17:50:44.5329403Z [Gloo] Rank 8 is connected to 31 peer ranks. Expected number of connected peer ranks is : 31
2026-03-17T17:50:44.5339796Z [Gloo] Rank 0 is connected to 31 peer ranks. Expected number of connected peer ranks is : 31
2026-03-17T17:50:44.5351602Z [Gloo] Rank 13 is connected to 31 peer ranks. Expected number of connected peer ranks is : 31
2026-03-17T17:50:44.5362635Z [Gloo] Rank 3 is connected to 31 peer ranks. Expected number of connected peer ranks is : 31
2026-03-17T17:50:44.5373669Z [Gloo] Rank 5 is connected to 31 peer ranks. Expected number of connected peer ranks is : 31
2026-03-17T17:50:44.5384240Z [Gloo] Rank 6 is connected to 31 peer ranks. Expected number of connected peer ranks is : 31
2026-03-17T17:50:44.5397164Z [Gloo] Rank 10 is connected to 31 peer ranks. Expected number of connected peer ranks is : 31
2026-03-17T17:50:44.5409521Z [Gloo] Rank 7 is connected to 31 peer ranks. Expected number of connected peer ranks is : 31
2026-03-17T17:50:44.5420651Z [Gloo] Rank 11 is connected to 31 peer ranks. Expected number of connected peer ranks is : 31
2026-03-17T17:50:44.5430887Z [Gloo] Rank 4 is connected to 31 peer ranks. Expected number of connected peer ranks is : 31
2026-03-17T17:50:44.5446223Z [Gloo] Rank 14 is connected to 31 peer ranks. Expected number of connected peer ranks is : 31
2026-03-17T17:50:44.5458962Z [Gloo] Rank 12 is connected to 31 peer ranks. Expected number of connected peer ranks is : 31
2026-03-17T17:50:44.5496095Z [Gloo] Rank 15 is connected to 31 peer ranks. Expected number of connected peer ranks is : 31
2026-03-17T17:50:44.5496705Z [Gloo] Rank 1 is connected to 3 peer ranks. Expected number of connected peer ranks is : 3
2026-03-17T17:50:44.5497298Z [Gloo] Rank 1 is connected to 3 peer ranks. Expected number of connected peer ranks is : 3
2026-03-17T17:50:44.5504407Z [Gloo] Rank 0 is connected to 3 peer ranks. Expected number of connected peer ranks is : 3
2026-03-17T17:50:44.5515972Z [Gloo] Rank 0 is connected to 3 peer ranks. Expected number of connected peer ranks is : 3
2026-03-17T17:50:44.5563534Z [Gloo] Rank 1 is connected to 3 peer ranks. Expected number of connected peer ranks is : 3
2026-03-17T17:50:44.5564121Z [Gloo] Rank 0 is connected to 3 peer ranks. Expected number of connected peer ranks is : 3
2026-03-17T17:50:44.5564709Z [Gloo] Rank 1 is connected to 3 peer ranks. Expected number of connected peer ranks is : 3
2026-03-17T17:50:44.5568173Z [Gloo] Rank 0 is connected to 3 peer ranks. Expected number of connected peer ranks is : 3
2026-03-17T17:50:44.5579166Z [Gloo] Rank 1 is connected to 3 peer ranks. Expected number of connected peer ranks is : 3
2026-03-17T17:50:44.5592253Z [Gloo] Rank 1 is connected to 3 peer ranks. Expected number of connected peer ranks is : 3
2026-03-17T17:50:44.5600701Z [Gloo] Rank 1 is connected to 3 peer ranks. Expected number of connected peer ranks is : 3
2026-03-17T17:50:44.5611365Z [Gloo] Rank 0 is connected to 3 peer ranks. Expected number of connected peer ranks is : 3
2026-03-17T17:50:44.5622415Z [Gloo] Rank 0 is connected to 3 peer ranks. Expected number of connected peer ranks is : 3
2026-03-17T17:50:44.5651719Z [Gloo] Rank 1 is connected to 3 peer ranks. Expected number of connected peer ranks is : 3
2026-03-17T17:50:44.5652302Z [Gloo] Rank 0 is connected to 3 peer ranks. Expected number of connected peer ranks is : 3
2026-03-17T17:50:44.6539536Z [Gloo] Rank 0 is connected to 3 peer ranks. Expected number of connected peer ranks is : 3
2026-03-17T17:50:48.1943804Z (Worker pid=396) INFO 03-17 17:50:48 [cpu_binding.py:320] [cpu_bind_mode] mode=global_slice rank=2 visible_npus=[8, 9, 10, 11, 12, 13, 14, 15]
2026-03-17T17:50:48.1944810Z (Worker pid=396) INFO 03-17 17:50:48 [cpu_binding.py:367] The CPU allocation plan is as follows:
2026-03-17T17:50:48.1946861Z (Worker pid=396) INFO 03-17 17:50:48 [cpu_binding.py:372] NPU10: main=[202 203 204 205 206 207 208 209 210 211 212 213 214 215 216 217]  acl=[218]  release=[[219]]
2026-03-17T17:50:48.2941322Z (Worker pid=396) INFO 03-17 17:50:48 [cpu_binding.py:383] The 'migratepages' command is not available, skipping memory binding.
2026-03-17T17:50:48.3025057Z (Worker pid=396) WARNING 03-17 17:50:48 [__init__.py:204] min_p and logit_bias parameters won't work with speculative decoding.
2026-03-17T17:50:48.3104054Z (Worker pid=396) INFO 03-17 17:50:48 [base.py:106] Offloader set to NoopOffloader
2026-03-17T17:50:48.3572862Z (Worker pid=396) WARNING 03-17 17:50:48 [__init__.py:204] min_p and logit_bias parameters won't work with speculative decoding.
2026-03-17T17:50:48.3584037Z (Worker pid=396) (Worker_DP1_TP2_EP10 pid=396) INFO 03-17 17:50:48 [model_runner_v1.py:2535] Starting to load model /root/.cache/modelscope/hub/models/vllm-ascend/DeepSeek-V3___2-W8A8...
2026-03-17T17:50:48.3903866Z (Worker pid=714) INFO 03-17 17:50:48 [cpu_binding.py:320] [cpu_bind_mode] mode=global_slice rank=5 visible_npus=[0, 1, 2, 3, 4, 5, 6, 7]
2026-03-17T17:50:48.3910333Z (Worker pid=714) INFO 03-17 17:50:48 [cpu_binding.py:367] The CPU allocation plan is as follows:
2026-03-17T17:50:48.3923310Z (Worker pid=714) INFO 03-17 17:50:48 [cpu_binding.py:372] NPU5: main=[102 103 104 105 106 107 108 109 110 111 112 113 114 115 116 117]  acl=[118]  release=[[119]]
2026-03-17T17:50:48.4337465Z (Worker pid=714) INFO 03-17 17:50:48 [cpu_binding.py:383] The 'migratepages' command is not available, skipping memory binding.
2026-03-17T17:50:48.4660059Z (Worker pid=714) WARNING 03-17 17:50:48 [__init__.py:204] min_p and logit_bias parameters won't work with speculative decoding.
2026-03-17T17:50:48.4736413Z (Worker pid=714) INFO 03-17 17:50:48 [base.py:106] Offloader set to NoopOffloader
2026-03-17T17:50:48.4838704Z (Worker pid=714) WARNING 03-17 17:50:48 [__init__.py:204] min_p and logit_bias parameters won't work with speculative decoding.
2026-03-17T17:50:48.4870942Z (Worker pid=714) (Worker_DP0_TP5_EP5 pid=714) INFO 03-17 17:50:48 [model_runner_v1.py:2535] Starting to load model /root/.cache/modelscope/hub/models/vllm-ascend/DeepSeek-V3___2-W8A8...
2026-03-17T17:50:48.6377546Z (Worker pid=820) INFO 03-17 17:50:48 [cpu_binding.py:320] [cpu_bind_mode] mode=global_slice rank=6 visible_npus=[0, 1, 2, 3, 4, 5, 6, 7]
2026-03-17T17:50:48.6387893Z (Worker pid=820) INFO 03-17 17:50:48 [cpu_binding.py:367] The CPU allocation plan is as follows:
2026-03-17T17:50:48.6398088Z (Worker pid=820) INFO 03-17 17:50:48 [cpu_binding.py:372] NPU6: main=[122 123 124 125 126 127 128 129 130 131 132 133 134 135 136 137]  acl=[138]  release=[[139]]
2026-03-17T17:50:48.7043782Z (Worker pid=820) INFO 03-17 17:50:48 [cpu_binding.py:383] The 'migratepages' command is not available, skipping memory binding.
2026-03-17T17:50:48.7393406Z (Worker pid=820) WARNING 03-17 17:50:48 [__init__.py:204] min_p and logit_bias parameters won't work with speculative decoding.
2026-03-17T17:50:48.7550881Z (Worker pid=820) INFO 03-17 17:50:48 [base.py:106] Offloader set to NoopOffloader
2026-03-17T17:50:48.7598273Z (Worker pid=820) WARNING 03-17 17:50:48 [__init__.py:204] min_p and logit_bias parameters won't work with speculative decoding.
2026-03-17T17:50:48.7613620Z (Worker pid=820) (Worker_DP0_TP6_EP6 pid=820) INFO 03-17 17:50:48 [model_runner_v1.py:2535] Starting to load model /root/.cache/modelscope/hub/models/vllm-ascend/DeepSeek-V3___2-W8A8...
2026-03-17T17:50:48.7661549Z (Worker pid=715) INFO 03-17 17:50:48 [cpu_binding.py:320] [cpu_bind_mode] mode=global_slice rank=5 visible_npus=[8, 9, 10, 11, 12, 13, 14, 15]
2026-03-17T17:50:48.7675287Z (Worker pid=715) INFO 03-17 17:50:48 [cpu_binding.py:367] The CPU allocation plan is as follows:
2026-03-17T17:50:48.7684956Z (Worker pid=715) INFO 03-17 17:50:48 [cpu_binding.py:372] NPU13: main=[262 263 264 265 266 267 268 269 270 271 272 273 274 275 276 277]  acl=[278]  release=[[279]]
2026-03-17T17:50:48.8186898Z (Worker pid=715) INFO 03-17 17:50:48 [cpu_binding.py:383] The 'migratepages' command is not available, skipping memory binding.
2026-03-17T17:50:48.8607441Z (Worker pid=715) WARNING 03-17 17:50:48 [__init__.py:204] min_p and logit_bias parameters won't work with speculative decoding.
2026-03-17T17:50:48.8684050Z (Worker pid=715) INFO 03-17 17:50:48 [base.py:106] Offloader set to NoopOffloader
2026-03-17T17:50:48.8789222Z (Worker pid=715) WARNING 03-17 17:50:48 [__init__.py:204] min_p and logit_bias parameters won't work with speculative decoding.
2026-03-17T17:50:48.8824009Z (Worker pid=715) (Worker_DP1_TP5_EP13 pid=715) INFO 03-17 17:50:48 [model_runner_v1.py:2535] Starting to load model /root/.cache/modelscope/hub/models/vllm-ascend/DeepSeek-V3___2-W8A8...
2026-03-17T17:50:49.1853762Z (Worker pid=607) INFO 03-17 17:50:49 [cpu_binding.py:320] [cpu_bind_mode] mode=global_slice rank=4 visible_npus=[8, 9, 10, 11, 12, 13, 14, 15]
2026-03-17T17:50:49.1879791Z (Worker pid=607) INFO 03-17 17:50:49 [cpu_binding.py:367] The CPU allocation plan is as follows:
2026-03-17T17:50:49.1902088Z (Worker pid=607) INFO 03-17 17:50:49 [cpu_binding.py:372] NPU12: main=[242 243 244 245 246 247 248 249 250 251 252 253 254 255 256 257]  acl=[258]  release=[[259]]
2026-03-17T17:50:49.2492253Z (Worker pid=607) INFO 03-17 17:50:49 [cpu_binding.py:383] The 'migratepages' command is not available, skipping memory binding.
2026-03-17T17:50:49.2985407Z (Worker pid=927) INFO 03-17 17:50:49 [cpu_binding.py:320] [cpu_bind_mode] mode=global_slice rank=7 visible_npus=[8, 9, 10, 11, 12, 13, 14, 15]
2026-03-17T17:50:49.3008376Z (Worker pid=927) INFO 03-17 17:50:49 [cpu_binding.py:367] The CPU allocation plan is as follows:
2026-03-17T17:50:49.3020833Z (Worker pid=927) INFO 03-17 17:50:49 [cpu_binding.py:372] NPU15: main=[302 303 304 305 306 307 308 309 310 311 312 313 314 315 316 317]  acl=[318]  release=[[319]]
2026-03-17T17:50:49.3317764Z (Worker pid=607) WARNING 03-17 17:50:49 [__init__.py:204] min_p and logit_bias parameters won't work with speculative decoding.
2026-03-17T17:50:49.3428606Z (Worker pid=607) INFO 03-17 17:50:49 [base.py:106] Offloader set to NoopOffloader
2026-03-17T17:50:49.3453414Z (Worker pid=927) INFO 03-17 17:50:49 [cpu_binding.py:383] The 'migratepages' command is not available, skipping memory binding.
2026-03-17T17:50:49.3559365Z (Worker pid=607) WARNING 03-17 17:50:49 [__init__.py:204] min_p and logit_bias parameters won't work with speculative decoding.
2026-03-17T17:50:49.3611318Z (Worker pid=607) (Worker_DP1_TP4_EP12 pid=607) INFO 03-17 17:50:49 [model_runner_v1.py:2535] Starting to load model /root/.cache/modelscope/hub/models/vllm-ascend/DeepSeek-V3___2-W8A8...
2026-03-17T17:50:49.3799458Z (Worker pid=927) WARNING 03-17 17:50:49 [__init__.py:204] min_p and logit_bias parameters won't work with speculative decoding.
2026-03-17T17:50:49.3877889Z (Worker pid=927) INFO 03-17 17:50:49 [base.py:106] Offloader set to NoopOffloader
2026-03-17T17:50:49.3989988Z (Worker pid=927) WARNING 03-17 17:50:49 [__init__.py:204] min_p and logit_bias parameters won't work with speculative decoding.
2026-03-17T17:50:49.4013519Z (Worker pid=927) (Worker_DP1_TP7_EP15 pid=927) INFO 03-17 17:50:49 [model_runner_v1.py:2535] Starting to load model /root/.cache/modelscope/hub/models/vllm-ascend/DeepSeek-V3___2-W8A8...
2026-03-17T17:50:49.5976190Z (Worker pid=714) (Worker_DP0_TP5_EP5 pid=714) INFO 03-17 17:50:49 [layer.py:456] [EP Rank 5/32] Expert parallelism is enabled. Expert placement strategy: linear. Local/global number of experts: 8/256. Experts local to global index map: 0->40, 1->41, 2->42, 3->43, 4->44, 5->45, 6->46, 7->47.
2026-03-17T17:50:49.6634663Z (Worker pid=503) INFO 03-17 17:50:49 [cpu_binding.py:320] [cpu_bind_mode] mode=global_slice rank=3 visible_npus=[0, 1, 2, 3, 4, 5, 6, 7]
2026-03-17T17:50:49.6669642Z (Worker pid=503) INFO 03-17 17:50:49 [cpu_binding.py:367] The CPU allocation plan is as follows:
2026-03-17T17:50:49.6670713Z (Worker pid=503) INFO 03-17 17:50:49 [cpu_binding.py:372] NPU3: main=[62 63 64 65 66 67 68 69 70 71 72 73 74 75 76 77]  acl=[78]  release=[[79]]
2026-03-17T17:50:49.7187538Z (Worker pid=503) INFO 03-17 17:50:49 [cpu_binding.py:383] The 'migratepages' command is not available, skipping memory binding.
2026-03-17T17:50:49.7470957Z (Worker pid=503) WARNING 03-17 17:50:49 [__init__.py:204] min_p and logit_bias parameters won't work with speculative decoding.
2026-03-17T17:50:49.7575082Z (Worker pid=503) INFO 03-17 17:50:49 [base.py:106] Offloader set to NoopOffloader
2026-03-17T17:50:49.7683931Z (Worker pid=503) WARNING 03-17 17:50:49 [__init__.py:204] min_p and logit_bias parameters won't work with speculative decoding.
2026-03-17T17:50:49.7705377Z (Worker pid=503) (Worker_DP0_TP3_EP3 pid=503) INFO 03-17 17:50:49 [model_runner_v1.py:2535] Starting to load model /root/.cache/modelscope/hub/models/vllm-ascend/DeepSeek-V3___2-W8A8...
2026-03-17T17:50:49.8023312Z (Worker pid=715) (Worker_DP1_TP5_EP13 pid=715) INFO 03-17 17:50:49 [layer.py:456] [EP Rank 13/32] Expert parallelism is enabled. Expert placement strategy: linear. Local/global number of experts: 8/256. Experts local to global index map: 0->104, 1->105, 2->106, 3->107, 4->108, 5->109, 6->110, 7->111.
2026-03-17T17:50:49.8181059Z (Worker pid=820) (Worker_DP0_TP6_EP6 pid=820) INFO 03-17 17:50:49 [layer.py:456] [EP Rank 6/32] Expert parallelism is enabled. Expert placement strategy: linear. Local/global number of experts: 8/256. Experts local to global index map: 0->48, 1->49, 2->50, 3->51, 4->52, 5->53, 6->54, 7->55.
2026-03-17T17:50:49.8632728Z (Worker pid=396) (Worker_DP1_TP2_EP10 pid=396) INFO 03-17 17:50:49 [layer.py:456] [EP Rank 10/32] Expert parallelism is enabled. Expert placement strategy: linear. Local/global number of experts: 8/256. Experts local to global index map: 0->80, 1->81, 2->82, 3->83, 4->84, 5->85, 6->86, 7->87.
2026-03-17T17:50:49.8844362Z (Worker pid=292) INFO 03-17 17:50:49 [cpu_binding.py:320] [cpu_bind_mode] mode=global_slice rank=1 visible_npus=[0, 1, 2, 3, 4, 5, 6, 7]
2026-03-17T17:50:49.8856794Z (Worker pid=292) INFO 03-17 17:50:49 [cpu_binding.py:367] The CPU allocation plan is as follows:
2026-03-17T17:50:49.8869333Z (Worker pid=292) INFO 03-17 17:50:49 [cpu_binding.py:372] NPU1: main=[22 23 24 25 26 27 28 29 30 31 32 33 34 35 36 37]  acl=[38]  release=[[39]]
2026-03-17T17:50:49.9433807Z (Worker pid=292) INFO 03-17 17:50:49 [cpu_binding.py:383] The 'migratepages' command is not available, skipping memory binding.
2026-03-17T17:50:49.9721640Z (Worker pid=292) WARNING 03-17 17:50:49 [__init__.py:204] min_p and logit_bias parameters won't work with speculative decoding.
2026-03-17T17:50:49.9793977Z (Worker pid=292) INFO 03-17 17:50:49 [base.py:106] Offloader set to NoopOffloader
2026-03-17T17:50:49.9910810Z (Worker pid=292) WARNING 03-17 17:50:49 [__init__.py:204] min_p and logit_bias parameters won't work with speculative decoding.
2026-03-17T17:50:49.9937616Z (Worker pid=292) (Worker_DP0_TP1_EP1 pid=292) INFO 03-17 17:50:49 [model_runner_v1.py:2535] Starting to load model /root/.cache/modelscope/hub/models/vllm-ascend/DeepSeek-V3___2-W8A8...
2026-03-17T17:50:50.0822566Z (Worker pid=821) INFO 03-17 17:50:50 [cpu_binding.py:320] [cpu_bind_mode] mode=global_slice rank=6 visible_npus=[8, 9, 10, 11, 12, 13, 14, 15]
2026-03-17T17:50:50.0834556Z (Worker pid=821) INFO 03-17 17:50:50 [cpu_binding.py:367] The CPU allocation plan is as follows:
2026-03-17T17:50:50.0847241Z (Worker pid=821) INFO 03-17 17:50:50 [cpu_binding.py:372] NPU14: main=[282 283 284 285 286 287 288 289 290 291 292 293 294 295 296 297]  acl=[298]  release=[[299]]
2026-03-17T17:50:50.1345710Z (Worker pid=821) INFO 03-17 17:50:50 [cpu_binding.py:383] The 'migratepages' command is not available, skipping memory binding.
2026-03-17T17:50:50.1709108Z (Worker pid=821) WARNING 03-17 17:50:50 [__init__.py:204] min_p and logit_bias parameters won't work with speculative decoding.
2026-03-17T17:50:50.1794143Z (Worker pid=821) INFO 03-17 17:50:50 [base.py:106] Offloader set to NoopOffloader
2026-03-17T17:50:50.1906902Z (Worker pid=821) WARNING 03-17 17:50:50 [__init__.py:204] min_p and logit_bias parameters won't work with speculative decoding.
2026-03-17T17:50:50.1943825Z (Worker pid=821) (Worker_DP1_TP6_EP14 pid=821) INFO 03-17 17:50:50 [model_runner_v1.py:2535] Starting to load model /root/.cache/modelscope/hub/models/vllm-ascend/DeepSeek-V3___2-W8A8...
2026-03-17T17:50:50.4442915Z (Worker pid=607) (Worker_DP1_TP4_EP12 pid=607) INFO 03-17 17:50:50 [layer.py:456] [EP Rank 12/32] Expert parallelism is enabled. Expert placement strategy: linear. Local/global number of experts: 8/256. Experts local to global index map: 0->96, 1->97, 2->98, 3->99, 4->100, 5->101, 6->102, 7->103.
2026-03-17T17:50:50.4568461Z (Worker pid=293) INFO 03-17 17:50:50 [cpu_binding.py:320] [cpu_bind_mode] mode=global_slice rank=1 visible_npus=[8, 9, 10, 11, 12, 13, 14, 15]
2026-03-17T17:50:50.4569213Z (Worker pid=293) INFO 03-17 17:50:50 [cpu_binding.py:367] The CPU allocation plan is as follows:
2026-03-17T17:50:50.4570093Z (Worker pid=293) INFO 03-17 17:50:50 [cpu_binding.py:372] NPU9: main=[182 183 184 185 186 187 188 189 190 191 192 193 194 195 196 197]  acl=[198]  release=[[199]]
2026-03-17T17:50:50.5096506Z (Worker pid=293) INFO 03-17 17:50:50 [cpu_binding.py:383] The 'migratepages' command is not available, skipping memory binding.
2026-03-17T17:50:50.5229489Z (Worker pid=927) (Worker_DP1_TP7_EP15 pid=927) INFO 03-17 17:50:50 [layer.py:456] [EP Rank 15/32] Expert parallelism is enabled. Expert placement strategy: linear. Local/global number of experts: 8/256. Experts local to global index map: 0->120, 1->121, 2->122, 3->123, 4->124, 5->125, 6->126, 7->127.
2026-03-17T17:50:50.5388701Z (Worker pid=293) WARNING 03-17 17:50:50 [__init__.py:204] min_p and logit_bias parameters won't work with speculative decoding.
2026-03-17T17:50:50.5458085Z (Worker pid=293) INFO 03-17 17:50:50 [base.py:106] Offloader set to NoopOffloader
2026-03-17T17:50:50.5552978Z (Worker pid=293) WARNING 03-17 17:50:50 [__init__.py:204] min_p and logit_bias parameters won't work with speculative decoding.
2026-03-17T17:50:50.5583206Z (Worker pid=293) (Worker_DP1_TP1_EP9 pid=293) INFO 03-17 17:50:50 [model_runner_v1.py:2535] Starting to load model /root/.cache/modelscope/hub/models/vllm-ascend/DeepSeek-V3___2-W8A8...
2026-03-17T17:50:50.6946238Z (Worker pid=926) INFO 03-17 17:50:50 [cpu_binding.py:320] [cpu_bind_mode] mode=global_slice rank=7 visible_npus=[0, 1, 2, 3, 4, 5, 6, 7]
2026-03-17T17:50:50.6960041Z (Worker pid=926) INFO 03-17 17:50:50 [cpu_binding.py:367] The CPU allocation plan is as follows:
2026-03-17T17:50:50.6973219Z (Worker pid=926) INFO 03-17 17:50:50 [cpu_binding.py:372] NPU7: main=[142 143 144 145 146 147 148 149 150 151 152 153 154 155 156 157]  acl=[158]  release=[[159]]
2026-03-17T17:50:50.7453344Z (Worker pid=926) INFO 03-17 17:50:50 [cpu_binding.py:383] The 'migratepages' command is not available, skipping memory binding.
2026-03-17T17:50:50.7773685Z (Worker pid=926) WARNING 03-17 17:50:50 [__init__.py:204] min_p and logit_bias parameters won't work with speculative decoding.
2026-03-17T17:50:50.7848233Z (Worker pid=926) INFO 03-17 17:50:50 [base.py:106] Offloader set to NoopOffloader
2026-03-17T17:50:50.7962070Z (Worker pid=926) WARNING 03-17 17:50:50 [__init__.py:204] min_p and logit_bias parameters won't work with speculative decoding.
2026-03-17T17:50:50.7985397Z (Worker pid=926) (Worker_DP0_TP7_EP7 pid=926) INFO 03-17 17:50:50 [model_runner_v1.py:2535] Starting to load model /root/.cache/modelscope/hub/models/vllm-ascend/DeepSeek-V3___2-W8A8...
2026-03-17T17:50:50.8740371Z (Worker pid=503) (Worker_DP0_TP3_EP3 pid=503) INFO 03-17 17:50:50 [layer.py:456] [EP Rank 3/32] Expert parallelism is enabled. Expert placement strategy: linear. Local/global number of experts: 8/256. Experts local to global index map: 0->24, 1->25, 2->26, 3->27, 4->28, 5->29, 6->30, 7->31.
2026-03-17T17:50:50.9791798Z (Worker pid=502) INFO 03-17 17:50:50 [cpu_binding.py:320] [cpu_bind_mode] mode=global_slice rank=3 visible_npus=[8, 9, 10, 11, 12, 13, 14, 15]
2026-03-17T17:50:50.9813384Z (Worker pid=502) INFO 03-17 17:50:50 [cpu_binding.py:367] The CPU allocation plan is as follows:
2026-03-17T17:50:50.9824726Z (Worker pid=502) INFO 03-17 17:50:50 [cpu_binding.py:372] NPU11: main=[222 223 224 225 226 227 228 229 230 231 232 233 234 235 236 237]  acl=[238]  release=[[239]]
2026-03-17T17:50:51.0338571Z (Worker pid=610) INFO 03-17 17:50:51 [cpu_binding.py:320] [cpu_bind_mode] mode=global_slice rank=4 visible_npus=[0, 1, 2, 3, 4, 5, 6, 7]
2026-03-17T17:50:51.0351269Z (Worker pid=502) INFO 03-17 17:50:51 [cpu_binding.py:383] The 'migratepages' command is not available, skipping memory binding.
2026-03-17T17:50:51.0361052Z (Worker pid=610) INFO 03-17 17:50:51 [cpu_binding.py:367] The CPU allocation plan is as follows:
2026-03-17T17:50:51.0372971Z (Worker pid=610) INFO 03-17 17:50:51 [cpu_binding.py:372] NPU4: main=[82 83 84 85 86 87 88 89 90 91 92 93 94 95 96 97]  acl=[98]  release=[[99]]
