2026-03-15T20:02:31.9493137Z [Gloo] Rank 0 is connected to 0 peer ranks. Expected number of connected peer ranks is : 0
2026-03-15T20:02:31.9494489Z [Gloo] Rank 0 is connected to 0 peer ranks. Expected number of connected peer ranks is : 0
2026-03-15T20:02:31.9495938Z [Gloo] Rank 0 is connected to 0 peer ranks. Expected number of connected peer ranks is : 0
2026-03-15T20:02:31.9496985Z [Gloo] Rank 0 is connected to 0 peer ranks. Expected number of connected peer ranks is : 0
2026-03-15T20:02:31.9511753Z [Gloo] Rank 0 is connected to 0 peer ranks. Expected number of connected peer ranks is : 0
2026-03-15T20:02:31.9512595Z [Gloo] Rank 0 is connected to 0 peer ranks. Expected number of connected peer ranks is : 0
2026-03-15T20:02:31.9513336Z [Gloo] Rank 0 is connected to 0 peer ranks. Expected number of connected peer ranks is : 0
2026-03-15T20:02:31.9514194Z [Gloo] Rank 0 is connected to 0 peer ranks. Expected number of connected peer ranks is : 0
2026-03-15T20:02:31.9515125Z [Gloo] Rank 0 is connected to 0 peer ranks. Expected number of connected peer ranks is : 0
2026-03-15T20:02:31.9515849Z [Gloo] Rank 0 is connected to 0 peer ranks. Expected number of connected peer ranks is : 0
2026-03-15T20:02:31.9516587Z [Gloo] Rank 0 is connected to 0 peer ranks. Expected number of connected peer ranks is : 0
2026-03-15T20:02:31.9517320Z [Gloo] Rank 0 is connected to 0 peer ranks. Expected number of connected peer ranks is : 0
2026-03-15T20:02:32.0147194Z [Gloo] Rank 0 is connected to 0 peer ranks. Expected number of connected peer ranks is : 0
2026-03-15T20:02:32.0148032Z [Gloo] Rank 0 is connected to 0 peer ranks. Expected number of connected peer ranks is : 0
2026-03-15T20:02:32.0148805Z [Gloo] Rank 0 is connected to 0 peer ranks. Expected number of connected peer ranks is : 0
2026-03-15T20:02:32.0149539Z [Gloo] Rank 0 is connected to 0 peer ranks. Expected number of connected peer ranks is : 0
2026-03-15T20:02:32.0150270Z [Gloo] Rank 0 is connected to 0 peer ranks. Expected number of connected peer ranks is : 0
2026-03-15T20:02:32.0150993Z [Gloo] Rank 0 is connected to 0 peer ranks. Expected number of connected peer ranks is : 0
2026-03-15T20:02:32.0151887Z [Gloo] Rank 0 is connected to 0 peer ranks. Expected number of connected peer ranks is : 0
2026-03-15T20:02:32.0152919Z [Gloo] Rank 0 is connected to 0 peer ranks. Expected number of connected peer ranks is : 0
2026-03-15T20:02:32.0162344Z [Gloo] Rank 0 is connected to 0 peer ranks. Expected number of connected peer ranks is : 0
2026-03-15T20:02:32.0164641Z [Gloo] Rank 0 is connected to 0 peer ranks. Expected number of connected peer ranks is : 0
2026-03-15T20:02:32.0165540Z [Gloo] Rank 0 is connected to 0 peer ranks. Expected number of connected peer ranks is : 0
2026-03-15T20:02:32.0170945Z [Gloo] Rank 0 is connected to 0 peer ranks. Expected number of connected peer ranks is : 0
2026-03-15T20:02:32.0172003Z [Gloo] Rank 0 is connected to 0 peer ranks. Expected number of connected peer ranks is : 0
2026-03-15T20:02:32.0172821Z [Gloo] Rank 0 is connected to 0 peer ranks. Expected number of connected peer ranks is : 0
2026-03-15T20:02:32.0173544Z [Gloo] Rank 0 is connected to 0 peer ranks. Expected number of connected peer ranks is : 0
2026-03-15T20:02:32.0176270Z [Gloo] Rank 0 is connected to 0 peer ranks. Expected number of connected peer ranks is : 0
2026-03-15T20:02:32.0179800Z [Gloo] Rank 0 is connected to 0 peer ranks. Expected number of connected peer ranks is : 0
2026-03-15T20:02:32.0180560Z [Gloo] Rank 0 is connected to 0 peer ranks. Expected number of connected peer ranks is : 0
2026-03-15T20:02:32.0186994Z [Gloo] Rank 0 is connected to 0 peer ranks. Expected number of connected peer ranks is : 0
2026-03-15T20:02:32.0187733Z [Gloo] Rank 0 is connected to 0 peer ranks. Expected number of connected peer ranks is : 0
2026-03-15T20:02:32.0188480Z [Gloo] Rank 0 is connected to 0 peer ranks. Expected number of connected peer ranks is : 0
2026-03-15T20:02:32.0192421Z [Gloo] Rank 0 is connected to 0 peer ranks. Expected number of connected peer ranks is : 0
2026-03-15T20:02:32.0193410Z [Gloo] Rank 1 is connected to 1 peer ranks. Expected number of connected peer ranks is : 1
2026-03-15T20:02:32.0194148Z [Gloo] Rank 0 is connected to 1 peer ranks. Expected number of connected peer ranks is : 1
2026-03-15T20:02:32.0198005Z [Gloo] Rank 0 is connected to 1 peer ranks. Expected number of connected peer ranks is : 1
2026-03-15T20:02:32.0198751Z [Gloo] Rank 1 is connected to 1 peer ranks. Expected number of connected peer ranks is : 1
2026-03-15T20:02:32.0199689Z [Gloo] Rank 0 is connected to 1 peer ranks. Expected number of connected peer ranks is : 1
2026-03-15T20:02:32.0200415Z [Gloo] Rank 1 is connected to 1 peer ranks. Expected number of connected peer ranks is : 1
2026-03-15T20:02:32.0204501Z [Gloo] Rank 1 is connected to 1 peer ranks. Expected number of connected peer ranks is : 1
2026-03-15T20:02:32.0205318Z [Gloo] Rank 0 is connected to 1 peer ranks. Expected number of connected peer ranks is : 1
2026-03-15T20:02:32.0208819Z [Gloo] Rank 0 is connected to 1 peer ranks. Expected number of connected peer ranks is : 1
2026-03-15T20:02:32.0209554Z [Gloo] Rank 1 is connected to 1 peer ranks. Expected number of connected peer ranks is : 1
2026-03-15T20:02:32.0225866Z [Gloo] Rank 0 is connected to 1 peer ranks. Expected number of connected peer ranks is : 1
2026-03-15T20:02:32.0226623Z [Gloo] Rank 1 is connected to 1 peer ranks. Expected number of connected peer ranks is : 1
2026-03-15T20:02:32.0227353Z [Gloo] Rank 0 is connected to 1 peer ranks. Expected number of connected peer ranks is : 1
2026-03-15T20:02:32.0228084Z [Gloo] Rank 1 is connected to 1 peer ranks. Expected number of connected peer ranks is : 1
2026-03-15T20:02:32.0234418Z [Gloo] Rank 0 is connected to 0 peer ranks. Expected number of connected peer ranks is : 0
2026-03-15T20:02:32.0254846Z [Gloo] Rank 0 is connected to 0 peer ranks. Expected number of connected peer ranks is : 0
2026-03-15T20:02:32.0271759Z [Gloo] Rank 0 is connected to 1 peer ranks. Expected number of connected peer ranks is : 1
2026-03-15T20:02:32.0272597Z [Gloo] Rank 1 is connected to 1 peer ranks. Expected number of connected peer ranks is : 1
2026-03-15T20:02:32.0329388Z [Gloo] Rank 0 is connected to 15 peer ranks. Expected number of connected peer ranks is : 15
2026-03-15T20:02:32.0346469Z (Worker pid=1530) INFO 03-15 20:02:32 [parallel_state.py:1715] rank 0 in world size 16 is assigned as DP rank 0, PP rank 0, PCP rank 0, TP rank 0, EP rank 0, EPLB rank N/A
2026-03-15T20:02:32.0804472Z [Gloo] Rank 2 is connected to 15 peer ranks. Expected number of connected peer ranks is : 15
2026-03-15T20:02:32.0808883Z (Worker pid=1684) INFO 03-15 20:02:32 [parallel_state.py:1715] rank 2 in world size 16 is assigned as DP rank 0, PP rank 0, PCP rank 0, TP rank 2, EP rank 2, EPLB rank N/A
2026-03-15T20:02:32.0845152Z [Gloo] Rank 1 is connected to 15 peer ranks. Expected number of connected peer ranks is : 15
2026-03-15T20:02:32.0853128Z (Worker pid=1564) INFO 03-15 20:02:32 [parallel_state.py:1715] rank 1 in world size 16 is assigned as DP rank 0, PP rank 0, PCP rank 0, TP rank 1, EP rank 1, EPLB rank N/A
2026-03-15T20:02:32.0883666Z [Gloo] Rank 6 is connected to 15 peer ranks. Expected number of connected peer ranks is : 15
2026-03-15T20:02:32.0891347Z (Worker pid=2106) INFO 03-15 20:02:32 [parallel_state.py:1715] rank 6 in world size 16 is assigned as DP rank 0, PP rank 0, PCP rank 0, TP rank 6, EP rank 6, EPLB rank N/A
2026-03-15T20:02:32.0921285Z [Gloo] Rank 11 is connected to 15 peer ranks. Expected number of connected peer ranks is : 15
2026-03-15T20:02:32.0922078Z [Gloo] Rank 14 is connected to 15 peer ranks. Expected number of connected peer ranks is : 15
2026-03-15T20:02:32.0928951Z (Worker pid=2109) INFO 03-15 20:02:32 [parallel_state.py:1715] rank 14 in world size 16 is assigned as DP rank 1, PP rank 0, PCP rank 0, TP rank 6, EP rank 14, EPLB rank N/A
2026-03-15T20:02:32.0930297Z (Worker pid=1789) INFO 03-15 20:02:32 [parallel_state.py:1715] rank 11 in world size 16 is assigned as DP rank 1, PP rank 0, PCP rank 0, TP rank 3, EP rank 11, EPLB rank N/A
2026-03-15T20:02:32.1242910Z [Gloo] Rank 4 is connected to 15 peer ranks. Expected number of connected peer ranks is : 15
2026-03-15T20:02:32.1243722Z [Gloo] Rank 5 is connected to 15 peer ranks. Expected number of connected peer ranks is : 15
2026-03-15T20:02:32.1244550Z [Gloo] Rank 3 is connected to 15 peer ranks. Expected number of connected peer ranks is : 15
2026-03-15T20:02:32.1246937Z (Worker pid=1895) INFO 03-15 20:02:32 [parallel_state.py:1715] rank 4 in world size 16 is assigned as DP rank 0, PP rank 0, PCP rank 0, TP rank 4, EP rank 4, EPLB rank N/A
2026-03-15T20:02:32.1248279Z (Worker pid=2000) INFO 03-15 20:02:32 [parallel_state.py:1715] rank 5 in world size 16 is assigned as DP rank 0, PP rank 0, PCP rank 0, TP rank 5, EP rank 5, EPLB rank N/A
2026-03-15T20:02:32.1249597Z (Worker pid=1790) INFO 03-15 20:02:32 [parallel_state.py:1715] rank 3 in world size 16 is assigned as DP rank 0, PP rank 0, PCP rank 0, TP rank 3, EP rank 3, EPLB rank N/A
2026-03-15T20:02:32.1642091Z [Gloo] Rank 13 is connected to 15 peer ranks. Expected number of connected peer ranks is : 15
2026-03-15T20:02:32.1643001Z [Gloo] Rank 10 is connected to 15 peer ranks. Expected number of connected peer ranks is : 15
2026-03-15T20:02:32.1643757Z [Gloo] Rank 12 is connected to 15 peer ranks. Expected number of connected peer ranks is : 15
2026-03-15T20:02:32.1646575Z (Worker pid=1683) INFO 03-15 20:02:32 [parallel_state.py:1715] rank 10 in world size 16 is assigned as DP rank 1, PP rank 0, PCP rank 0, TP rank 2, EP rank 10, EPLB rank N/A
2026-03-15T20:02:32.1647907Z (Worker pid=1896) INFO 03-15 20:02:32 [parallel_state.py:1715] rank 12 in world size 16 is assigned as DP rank 1, PP rank 0, PCP rank 0, TP rank 4, EP rank 12, EPLB rank N/A
2026-03-15T20:02:32.1649234Z (Worker pid=2003) INFO 03-15 20:02:32 [parallel_state.py:1715] rank 13 in world size 16 is assigned as DP rank 1, PP rank 0, PCP rank 0, TP rank 5, EP rank 13, EPLB rank N/A
2026-03-15T20:02:32.1680174Z [Gloo] Rank 15 is connected to 15 peer ranks. Expected number of connected peer ranks is : 15
2026-03-15T20:02:32.1686090Z (Worker pid=2214) INFO 03-15 20:02:32 [parallel_state.py:1715] rank 15 in world size 16 is assigned as DP rank 1, PP rank 0, PCP rank 0, TP rank 7, EP rank 15, EPLB rank N/A
2026-03-15T20:02:32.1883171Z [Gloo] Rank 7 is connected to 15 peer ranks. Expected number of connected peer ranks is : 15
2026-03-15T20:02:32.1883966Z [Gloo] Rank 8 is connected to 15 peer ranks. Expected number of connected peer ranks is : 15
2026-03-15T20:02:32.1884722Z [Gloo] Rank 9 is connected to 15 peer ranks. Expected number of connected peer ranks is : 15
2026-03-15T20:02:32.1888896Z (Worker pid=1529) INFO 03-15 20:02:32 [parallel_state.py:1715] rank 8 in world size 16 is assigned as DP rank 1, PP rank 0, PCP rank 0, TP rank 0, EP rank 8, EPLB rank N/A
2026-03-15T20:02:32.1890474Z (Worker pid=2213) INFO 03-15 20:02:32 [parallel_state.py:1715] rank 7 in world size 16 is assigned as DP rank 0, PP rank 0, PCP rank 0, TP rank 7, EP rank 7, EPLB rank N/A
2026-03-15T20:02:32.1891781Z (Worker pid=1567) INFO 03-15 20:02:32 [parallel_state.py:1715] rank 9 in world size 16 is assigned as DP rank 1, PP rank 0, PCP rank 0, TP rank 1, EP rank 9, EPLB rank N/A
2026-03-15T20:02:32.1940521Z [Gloo] Rank 0 is connected to 15 peer ranks. Expected number of connected peer ranks is : 15
2026-03-15T20:02:32.1943890Z [Gloo] Rank 1 is connected to 15 peer ranks. Expected number of connected peer ranks is : 15
2026-03-15T20:02:32.1945825Z [Gloo] Rank 2 is connected to 15 peer ranks. Expected number of connected peer ranks is : 15
2026-03-15T20:02:32.1946942Z [Gloo] Rank 3 is connected to 15 peer ranks. Expected number of connected peer ranks is : 15
2026-03-15T20:02:32.1947730Z [Gloo] Rank 4 is connected to 15 peer ranks. Expected number of connected peer ranks is : 15
2026-03-15T20:02:32.1948518Z [Gloo] Rank 5 is connected to 15 peer ranks. Expected number of connected peer ranks is : 15
2026-03-15T20:02:32.1949255Z [Gloo] Rank 6 is connected to 15 peer ranks. Expected number of connected peer ranks is : 15
2026-03-15T20:02:32.1950006Z [Gloo] Rank 11 is connected to 15 peer ranks. Expected number of connected peer ranks is : 15
2026-03-15T20:02:32.1950767Z [Gloo] Rank 12 is connected to 15 peer ranks. Expected number of connected peer ranks is : 15
2026-03-15T20:02:32.1951507Z [Gloo] Rank 7 is connected to 15 peer ranks. Expected number of connected peer ranks is : 15
2026-03-15T20:02:32.1952616Z [Gloo] Rank 14 is connected to 15 peer ranks. Expected number of connected peer ranks is : 15
2026-03-15T20:02:32.1953361Z [Gloo] Rank 8 is connected to 15 peer ranks. Expected number of connected peer ranks is : 15
2026-03-15T20:02:32.1954111Z [Gloo] Rank 9 is connected to 15 peer ranks. Expected number of connected peer ranks is : 15
2026-03-15T20:02:32.1955015Z [Gloo] Rank 10 is connected to 15 peer ranks. Expected number of connected peer ranks is : 15
2026-03-15T20:02:32.1955768Z [Gloo] Rank 13 is connected to 15 peer ranks. Expected number of connected peer ranks is : 15
2026-03-15T20:02:32.1956521Z [Gloo] Rank 15 is connected to 15 peer ranks. Expected number of connected peer ranks is : 15
2026-03-15T20:02:32.2041755Z [Gloo] Rank 0 is connected to 1 peer ranks. Expected number of connected peer ranks is : 1
2026-03-15T20:02:32.2042579Z [Gloo] Rank 1 is connected to 1 peer ranks. Expected number of connected peer ranks is : 1
2026-03-15T20:02:32.2044192Z [Gloo] Rank 0 is connected to 1 peer ranks. Expected number of connected peer ranks is : 1
2026-03-15T20:02:32.2045046Z [Gloo] Rank 1 is connected to 1 peer ranks. Expected number of connected peer ranks is : 1
2026-03-15T20:02:32.2045784Z [Gloo] Rank 0 is connected to 1 peer ranks. Expected number of connected peer ranks is : 1
2026-03-15T20:02:32.2046521Z [Gloo] Rank 1 is connected to 1 peer ranks. Expected number of connected peer ranks is : 1
2026-03-15T20:02:32.2047257Z [Gloo] Rank 1 is connected to 1 peer ranks. Expected number of connected peer ranks is : 1
2026-03-15T20:02:32.2047991Z [Gloo] Rank 0 is connected to 1 peer ranks. Expected number of connected peer ranks is : 1
2026-03-15T20:02:32.2048710Z [Gloo] Rank 1 is connected to 1 peer ranks. Expected number of connected peer ranks is : 1
2026-03-15T20:02:32.2049440Z [Gloo] Rank 0 is connected to 1 peer ranks. Expected number of connected peer ranks is : 1
2026-03-15T20:02:32.2050160Z [Gloo] Rank 0 is connected to 1 peer ranks. Expected number of connected peer ranks is : 1
2026-03-15T20:02:32.2050899Z [Gloo] Rank 1 is connected to 1 peer ranks. Expected number of connected peer ranks is : 1
2026-03-15T20:02:32.2051632Z [Gloo] Rank 0 is connected to 1 peer ranks. Expected number of connected peer ranks is : 1
2026-03-15T20:02:32.2052482Z [Gloo] Rank 1 is connected to 1 peer ranks. Expected number of connected peer ranks is : 1
2026-03-15T20:02:32.2053218Z [Gloo] Rank 0 is connected to 1 peer ranks. Expected number of connected peer ranks is : 1
2026-03-15T20:02:32.2054143Z [Gloo] Rank 1 is connected to 1 peer ranks. Expected number of connected peer ranks is : 1
2026-03-15T20:02:35.6776117Z (Worker pid=2109) INFO 03-15 20:02:35 [cpu_binding.py:320] [cpu_bind_mode] mode=global_slice rank=6 visible_npus=[8, 9, 10, 11, 12, 13, 14, 15]
2026-03-15T20:02:35.6784782Z (Worker pid=2109) INFO 03-15 20:02:35 [cpu_binding.py:367] The CPU allocation plan is as follows:
2026-03-15T20:02:35.6785896Z (Worker pid=2109) INFO 03-15 20:02:35 [cpu_binding.py:372] NPU14: main=[282 283 284 285 286 287 288 289 290 291 292 293 294 295 296 297]  acl=[298]  release=[[299]]
2026-03-15T20:02:35.7580173Z (Worker pid=2109) INFO 03-15 20:02:35 [cpu_binding.py:383] The 'migratepages' command is not available, skipping memory binding.
2026-03-15T20:02:35.8137197Z (Worker pid=2109) WARNING 03-15 20:02:35 [__init__.py:204] min_p and logit_bias parameters won't work with speculative decoding.
2026-03-15T20:02:35.8259142Z (Worker pid=2109) INFO 03-15 20:02:35 [base.py:106] Offloader set to NoopOffloader
2026-03-15T20:02:35.8569765Z (Worker pid=2109) WARNING 03-15 20:02:35 [__init__.py:204] min_p and logit_bias parameters won't work with speculative decoding.
2026-03-15T20:02:35.8589057Z (Worker pid=2109) (Worker_DP1_TP6_EP14 pid=2109) INFO 03-15 20:02:35 [model_runner_v1.py:2534] Starting to load model /root/.cache/modelscope/hub/models/vllm-ascend/DeepSeek-V3___2-W8A8...
2026-03-15T20:02:35.9349852Z (Worker pid=1896) INFO 03-15 20:02:35 [cpu_binding.py:320] [cpu_bind_mode] mode=global_slice rank=4 visible_npus=[8, 9, 10, 11, 12, 13, 14, 15]
2026-03-15T20:02:35.9352007Z (Worker pid=1896) INFO 03-15 20:02:35 [cpu_binding.py:367] The CPU allocation plan is as follows:
2026-03-15T20:02:35.9353410Z (Worker pid=1896) INFO 03-15 20:02:35 [cpu_binding.py:372] NPU12: main=[242 243 244 245 246 247 248 249 250 251 252 253 254 255 256 257]  acl=[258]  release=[[259]]
2026-03-15T20:02:35.9969588Z (Worker pid=1896) INFO 03-15 20:02:35 [cpu_binding.py:383] The 'migratepages' command is not available, skipping memory binding.
2026-03-15T20:02:36.0268417Z (Worker pid=1896) WARNING 03-15 20:02:36 [__init__.py:204] min_p and logit_bias parameters won't work with speculative decoding.
2026-03-15T20:02:36.0364999Z (Worker pid=1896) INFO 03-15 20:02:36 [base.py:106] Offloader set to NoopOffloader
2026-03-15T20:02:36.0458355Z (Worker pid=1896) WARNING 03-15 20:02:36 [__init__.py:204] min_p and logit_bias parameters won't work with speculative decoding.
2026-03-15T20:02:36.0470838Z (Worker pid=1896) (Worker_DP1_TP4_EP12 pid=1896) INFO 03-15 20:02:36 [model_runner_v1.py:2534] Starting to load model /root/.cache/modelscope/hub/models/vllm-ascend/DeepSeek-V3___2-W8A8...
2026-03-15T20:02:36.2444089Z (Worker pid=2003) INFO 03-15 20:02:36 [cpu_binding.py:320] [cpu_bind_mode] mode=global_slice rank=5 visible_npus=[8, 9, 10, 11, 12, 13, 14, 15]
2026-03-15T20:02:36.2445146Z (Worker pid=2003) INFO 03-15 20:02:36 [cpu_binding.py:367] The CPU allocation plan is as follows:
2026-03-15T20:02:36.2446147Z (Worker pid=2003) INFO 03-15 20:02:36 [cpu_binding.py:372] NPU13: main=[262 263 264 265 266 267 268 269 270 271 272 273 274 275 276 277]  acl=[278]  release=[[279]]
2026-03-15T20:02:36.2974529Z (Worker pid=2003) INFO 03-15 20:02:36 [cpu_binding.py:383] The 'migratepages' command is not available, skipping memory binding.
2026-03-15T20:02:36.3273150Z (Worker pid=2003) WARNING 03-15 20:02:36 [__init__.py:204] min_p and logit_bias parameters won't work with speculative decoding.
2026-03-15T20:02:36.3378314Z (Worker pid=2003) INFO 03-15 20:02:36 [base.py:106] Offloader set to NoopOffloader
2026-03-15T20:02:36.3491898Z (Worker pid=2003) WARNING 03-15 20:02:36 [__init__.py:204] min_p and logit_bias parameters won't work with speculative decoding.
2026-03-15T20:02:36.3505288Z (Worker pid=2003) (Worker_DP1_TP5_EP13 pid=2003) INFO 03-15 20:02:36 [model_runner_v1.py:2534] Starting to load model /root/.cache/modelscope/hub/models/vllm-ascend/DeepSeek-V3___2-W8A8...
2026-03-15T20:02:36.4584975Z (Worker pid=2214) INFO 03-15 20:02:36 [cpu_binding.py:320] [cpu_bind_mode] mode=global_slice rank=7 visible_npus=[8, 9, 10, 11, 12, 13, 14, 15]
2026-03-15T20:02:36.4585970Z (Worker pid=2214) INFO 03-15 20:02:36 [cpu_binding.py:367] The CPU allocation plan is as follows:
2026-03-15T20:02:36.4586959Z (Worker pid=2214) INFO 03-15 20:02:36 [cpu_binding.py:372] NPU15: main=[302 303 304 305 306 307 308 309 310 311 312 313 314 315 316 317]  acl=[318]  release=[[319]]
2026-03-15T20:02:36.5166582Z (Worker pid=2214) INFO 03-15 20:02:36 [cpu_binding.py:383] The 'migratepages' command is not available, skipping memory binding.
2026-03-15T20:02:36.5497354Z (Worker pid=2214) WARNING 03-15 20:02:36 [__init__.py:204] min_p and logit_bias parameters won't work with speculative decoding.
2026-03-15T20:02:36.5631148Z (Worker pid=2214) INFO 03-15 20:02:36 [base.py:106] Offloader set to NoopOffloader
2026-03-15T20:02:36.5749519Z (Worker pid=2214) WARNING 03-15 20:02:36 [__init__.py:204] min_p and logit_bias parameters won't work with speculative decoding.
2026-03-15T20:02:36.5763504Z (Worker pid=2214) (Worker_DP1_TP7_EP15 pid=2214) INFO 03-15 20:02:36 [model_runner_v1.py:2534] Starting to load model /root/.cache/modelscope/hub/models/vllm-ascend/DeepSeek-V3___2-W8A8...
2026-03-15T20:02:36.8296092Z (Worker pid=1790) INFO 03-15 20:02:36 [cpu_binding.py:320] [cpu_bind_mode] mode=global_slice rank=3 visible_npus=[0, 1, 2, 3, 4, 5, 6, 7]
2026-03-15T20:02:36.8297061Z (Worker pid=1790) INFO 03-15 20:02:36 [cpu_binding.py:367] The CPU allocation plan is as follows:
2026-03-15T20:02:36.8298282Z (Worker pid=1790) INFO 03-15 20:02:36 [cpu_binding.py:372] NPU3: main=[62 63 64 65 66 67 68 69 70 71 72 73 74 75 76 77]  acl=[78]  release=[[79]]
2026-03-15T20:02:36.8879215Z (Worker pid=1790) INFO 03-15 20:02:36 [cpu_binding.py:383] The 'migratepages' command is not available, skipping memory binding.
2026-03-15T20:02:36.9213961Z (Worker pid=1790) WARNING 03-15 20:02:36 [__init__.py:204] min_p and logit_bias parameters won't work with speculative decoding.
2026-03-15T20:02:36.9270149Z (Worker pid=1896) (Worker_DP1_TP4_EP12 pid=1896) INFO 03-15 20:02:36 [layer.py:456] [EP Rank 12/16] Expert parallelism is enabled. Expert placement strategy: linear. Local/global number of experts: 16/256. Experts local to global index map: 0->192, 1->193, 2->194, 3->195, 4->196, 5->197, 6->198, 7->199, 8->200, 9->201, 10->202, 11->203, 12->204, 13->205, 14->206, 15->207.
2026-03-15T20:02:36.9320341Z (Worker pid=1790) INFO 03-15 20:02:36 [base.py:106] Offloader set to NoopOffloader
2026-03-15T20:02:36.9438130Z (Worker pid=1790) WARNING 03-15 20:02:36 [__init__.py:204] min_p and logit_bias parameters won't work with speculative decoding.
2026-03-15T20:02:36.9451749Z (Worker pid=1790) (Worker_DP0_TP3_EP3 pid=1790) INFO 03-15 20:02:36 [model_runner_v1.py:2534] Starting to load model /root/.cache/modelscope/hub/models/vllm-ascend/DeepSeek-V3___2-W8A8...
2026-03-15T20:02:37.0428030Z (Worker pid=2109) (Worker_DP1_TP6_EP14 pid=2109) INFO 03-15 20:02:37 [layer.py:456] [EP Rank 14/16] Expert parallelism is enabled. Expert placement strategy: linear. Local/global number of experts: 16/256. Experts local to global index map: 0->224, 1->225, 2->226, 3->227, 4->228, 5->229, 6->230, 7->231, 8->232, 9->233, 10->234, 11->235, 12->236, 13->237, 14->238, 15->239.
2026-03-15T20:02:37.1127859Z (Worker pid=1895) INFO 03-15 20:02:37 [cpu_binding.py:320] [cpu_bind_mode] mode=global_slice rank=4 visible_npus=[0, 1, 2, 3, 4, 5, 6, 7]
2026-03-15T20:02:37.1128838Z (Worker pid=1895) INFO 03-15 20:02:37 [cpu_binding.py:367] The CPU allocation plan is as follows:
2026-03-15T20:02:37.1129870Z (Worker pid=1895) INFO 03-15 20:02:37 [cpu_binding.py:372] NPU4: main=[82 83 84 85 86 87 88 89 90 91 92 93 94 95 96 97]  acl=[98]  release=[[99]]
2026-03-15T20:02:37.1571224Z (Worker pid=2106) INFO 03-15 20:02:37 [cpu_binding.py:320] [cpu_bind_mode] mode=global_slice rank=6 visible_npus=[0, 1, 2, 3, 4, 5, 6, 7]
2026-03-15T20:02:37.1572234Z (Worker pid=2106) INFO 03-15 20:02:37 [cpu_binding.py:367] The CPU allocation plan is as follows:
2026-03-15T20:02:37.1573635Z (Worker pid=2106) INFO 03-15 20:02:37 [cpu_binding.py:372] NPU6: main=[122 123 124 125 126 127 128 129 130 131 132 133 134 135 136 137]  acl=[138]  release=[[139]]
2026-03-15T20:02:37.1777241Z (Worker pid=1895) INFO 03-15 20:02:37 [cpu_binding.py:383] The 'migratepages' command is not available, skipping memory binding.
2026-03-15T20:02:37.2131317Z (Worker pid=1895) WARNING 03-15 20:02:37 [__init__.py:204] min_p and logit_bias parameters won't work with speculative decoding.
2026-03-15T20:02:37.2195594Z (Worker pid=2106) INFO 03-15 20:02:37 [cpu_binding.py:383] The 'migratepages' command is not available, skipping memory binding.
2026-03-15T20:02:37.2237349Z (Worker pid=1895) INFO 03-15 20:02:37 [base.py:106] Offloader set to NoopOffloader
2026-03-15T20:02:37.2350088Z (Worker pid=1895) WARNING 03-15 20:02:37 [__init__.py:204] min_p and logit_bias parameters won't work with speculative decoding.
2026-03-15T20:02:37.2365700Z (Worker pid=1895) (Worker_DP0_TP4_EP4 pid=1895) INFO 03-15 20:02:37 [model_runner_v1.py:2534] Starting to load model /root/.cache/modelscope/hub/models/vllm-ascend/DeepSeek-V3___2-W8A8...
2026-03-15T20:02:37.2503712Z (Worker pid=2106) WARNING 03-15 20:02:37 [__init__.py:204] min_p and logit_bias parameters won't work with speculative decoding.
2026-03-15T20:02:37.2609119Z (Worker pid=2106) INFO 03-15 20:02:37 [base.py:106] Offloader set to NoopOffloader
2026-03-15T20:02:37.2754931Z (Worker pid=2106) WARNING 03-15 20:02:37 [__init__.py:204] min_p and logit_bias parameters won't work with speculative decoding.
2026-03-15T20:02:37.2756522Z (Worker pid=2106) (Worker_DP0_TP6_EP6 pid=2106) INFO 03-15 20:02:37 [model_runner_v1.py:2534] Starting to load model /root/.cache/modelscope/hub/models/vllm-ascend/DeepSeek-V3___2-W8A8...
2026-03-15T20:02:37.2757814Z (Worker pid=2213) INFO 03-15 20:02:37 [cpu_binding.py:320] [cpu_bind_mode] mode=global_slice rank=7 visible_npus=[0, 1, 2, 3, 4, 5, 6, 7]
2026-03-15T20:02:37.2758737Z (Worker pid=2213) INFO 03-15 20:02:37 [cpu_binding.py:367] The CPU allocation plan is as follows:
2026-03-15T20:02:37.2759713Z (Worker pid=2213) INFO 03-15 20:02:37 [cpu_binding.py:372] NPU7: main=[142 143 144 145 146 147 148 149 150 151 152 153 154 155 156 157]  acl=[158]  release=[[159]]
2026-03-15T20:02:37.3393524Z (Worker pid=2213) INFO 03-15 20:02:37 [cpu_binding.py:383] The 'migratepages' command is not available, skipping memory binding.
2026-03-15T20:02:37.3712214Z (Worker pid=2213) WARNING 03-15 20:02:37 [__init__.py:204] min_p and logit_bias parameters won't work with speculative decoding.
2026-03-15T20:02:37.3810486Z (Worker pid=2213) INFO 03-15 20:02:37 [base.py:106] Offloader set to NoopOffloader
2026-03-15T20:02:37.3909458Z (Worker pid=2213) WARNING 03-15 20:02:37 [__init__.py:204] min_p and logit_bias parameters won't work with speculative decoding.
2026-03-15T20:02:37.3922344Z (Worker pid=2213) (Worker_DP0_TP7_EP7 pid=2213) INFO 03-15 20:02:37 [model_runner_v1.py:2534] Starting to load model /root/.cache/modelscope/hub/models/vllm-ascend/DeepSeek-V3___2-W8A8...
2026-03-15T20:02:37.4460817Z (Worker pid=2003) (Worker_DP1_TP5_EP13 pid=2003) INFO 03-15 20:02:37 [layer.py:456] [EP Rank 13/16] Expert parallelism is enabled. Expert placement strategy: linear. Local/global number of experts: 16/256. Experts local to global index map: 0->208, 1->209, 2->210, 3->211, 4->212, 5->213, 6->214, 7->215, 8->216, 9->217, 10->218, 11->219, 12->220, 13->221, 14->222, 15->223.
2026-03-15T20:02:37.5508094Z (Worker pid=1683) INFO 03-15 20:02:37 [cpu_binding.py:320] [cpu_bind_mode] mode=global_slice rank=2 visible_npus=[8, 9, 10, 11, 12, 13, 14, 15]
2026-03-15T20:02:37.5509107Z (Worker pid=1683) INFO 03-15 20:02:37 [cpu_binding.py:367] The CPU allocation plan is as follows:
2026-03-15T20:02:37.5510092Z (Worker pid=1683) INFO 03-15 20:02:37 [cpu_binding.py:372] NPU10: main=[202 203 204 205 206 207 208 209 210 211 212 213 214 215 216 217]  acl=[218]  release=[[219]]
2026-03-15T20:02:37.6163561Z (Worker pid=1683) INFO 03-15 20:02:37 [cpu_binding.py:383] The 'migratepages' command is not available, skipping memory binding.
2026-03-15T20:02:37.6485568Z (Worker pid=1683) WARNING 03-15 20:02:37 [__init__.py:204] min_p and logit_bias parameters won't work with speculative decoding.
2026-03-15T20:02:37.6495476Z (Worker pid=1567) INFO 03-15 20:02:37 [cpu_binding.py:320] [cpu_bind_mode] mode=global_slice rank=1 visible_npus=[8, 9, 10, 11, 12, 13, 14, 15]
2026-03-15T20:02:37.6496431Z (Worker pid=1567) INFO 03-15 20:02:37 [cpu_binding.py:367] The CPU allocation plan is as follows:
2026-03-15T20:02:37.6497406Z (Worker pid=1567) INFO 03-15 20:02:37 [cpu_binding.py:372] NPU9: main=[182 183 184 185 186 187 188 189 190 191 192 193 194 195 196 197]  acl=[198]  release=[[199]]
2026-03-15T20:02:37.6608507Z (Worker pid=1683) INFO 03-15 20:02:37 [base.py:106] Offloader set to NoopOffloader
2026-03-15T20:02:37.6836835Z (Worker pid=1683) WARNING 03-15 20:02:37 [__init__.py:204] min_p and logit_bias parameters won't work with speculative decoding.
2026-03-15T20:02:37.6854445Z (Worker pid=1683) (Worker_DP1_TP2_EP10 pid=1683) INFO 03-15 20:02:37 [model_runner_v1.py:2534] Starting to load model /root/.cache/modelscope/hub/models/vllm-ascend/DeepSeek-V3___2-W8A8...
2026-03-15T20:02:37.7070094Z (Worker pid=1567) INFO 03-15 20:02:37 [cpu_binding.py:383] The 'migratepages' command is not available, skipping memory binding.
2026-03-15T20:02:37.7405017Z (Worker pid=2214) (Worker_DP1_TP7_EP15 pid=2214) INFO 03-15 20:02:37 [layer.py:456] [EP Rank 15/16] Expert parallelism is enabled. Expert placement strategy: linear. Local/global number of experts: 16/256. Experts local to global index map: 0->240, 1->241, 2->242, 3->243, 4->244, 5->245, 6->246, 7->247, 8->248, 9->249, 10->250, 11->251, 12->252, 13->253, 14->254, 15->255.
2026-03-15T20:02:37.7412413Z (Worker pid=1567) WARNING 03-15 20:02:37 [__init__.py:204] min_p and logit_bias parameters won't work with speculative decoding.
2026-03-15T20:02:37.7519858Z (Worker pid=1567) INFO 03-15 20:02:37 [base.py:106] Offloader set to NoopOffloader
2026-03-15T20:02:37.7652406Z (Worker pid=1567) WARNING 03-15 20:02:37 [__init__.py:204] min_p and logit_bias parameters won't work with speculative decoding.
2026-03-15T20:02:37.7666287Z (Worker pid=1567) (Worker_DP1_TP1_EP9 pid=1567) INFO 03-15 20:02:37 [model_runner_v1.py:2534] Starting to load model /root/.cache/modelscope/hub/models/vllm-ascend/DeepSeek-V3___2-W8A8...
2026-03-15T20:02:37.8063381Z (Worker pid=2000) INFO 03-15 20:02:37 [cpu_binding.py:320] [cpu_bind_mode] mode=global_slice rank=5 visible_npus=[0, 1, 2, 3, 4, 5, 6, 7]
2026-03-15T20:02:37.8064316Z (Worker pid=2000) INFO 03-15 20:02:37 [cpu_binding.py:367] The CPU allocation plan is as follows:
2026-03-15T20:02:37.8065430Z (Worker pid=2000) INFO 03-15 20:02:37 [cpu_binding.py:372] NPU5: main=[102 103 104 105 106 107 108 109 110 111 112 113 114 115 116 117]  acl=[118]  release=[[119]]
2026-03-15T20:02:37.8543810Z (Worker pid=2000) INFO 03-15 20:02:37 [cpu_binding.py:383] The 'migratepages' command is not available, skipping memory binding.
2026-03-15T20:02:37.8841674Z (Worker pid=2000) WARNING 03-15 20:02:37 [__init__.py:204] min_p and logit_bias parameters won't work with speculative decoding.
2026-03-15T20:02:37.8934221Z (Worker pid=2000) INFO 03-15 20:02:37 [base.py:106] Offloader set to NoopOffloader
2026-03-15T20:02:37.9024141Z (Worker pid=2000) WARNING 03-15 20:02:37 [__init__.py:204] min_p and logit_bias parameters won't work with speculative decoding.
2026-03-15T20:02:37.9035398Z (Worker pid=2000) (Worker_DP0_TP5_EP5 pid=2000) INFO 03-15 20:02:37 [model_runner_v1.py:2534] Starting to load model /root/.cache/modelscope/hub/models/vllm-ascend/DeepSeek-V3___2-W8A8...
2026-03-15T20:02:38.0017081Z (Worker pid=1789) INFO 03-15 20:02:38 [cpu_binding.py:320] [cpu_bind_mode] mode=global_slice rank=3 visible_npus=[8, 9, 10, 11, 12, 13, 14, 15]
2026-03-15T20:02:38.0091815Z (Worker pid=1789) INFO 03-15 20:02:38 [cpu_binding.py:367] The CPU allocation plan is as follows:
2026-03-15T20:02:38.0092969Z (Worker pid=1789) INFO 03-15 20:02:38 [cpu_binding.py:372] NPU11: main=[222 223 224 225 226 227 228 229 230 231 232 233 234 235 236 237]  acl=[238]  release=[[239]]
2026-03-15T20:02:38.0556657Z (Worker pid=1789) INFO 03-15 20:02:38 [cpu_binding.py:383] The 'migratepages' command is not available, skipping memory binding.
2026-03-15T20:02:38.0899513Z (Worker pid=1789) WARNING 03-15 20:02:38 [__init__.py:204] min_p and logit_bias parameters won't work with speculative decoding.
2026-03-15T20:02:38.0904531Z (Worker pid=1790) (Worker_DP0_TP3_EP3 pid=1790) INFO 03-15 20:02:38 [layer.py:456] [EP Rank 3/16] Expert parallelism is enabled. Expert placement strategy: linear. Local/global number of experts: 16/256. Experts local to global index map: 0->48, 1->49, 2->50, 3->51, 4->52, 5->53, 6->54, 7->55, 8->56, 9->57, 10->58, 11->59, 12->60, 13->61, 14->62, 15->63.
2026-03-15T20:02:38.1008983Z (Worker pid=1789) INFO 03-15 20:02:38 [base.py:106] Offloader set to NoopOffloader
2026-03-15T20:02:38.1141953Z (Worker pid=1789) WARNING 03-15 20:02:38 [__init__.py:204] min_p and logit_bias parameters won't work with speculative decoding.
2026-03-15T20:02:38.1157336Z (Worker pid=1789) (Worker_DP1_TP3_EP11 pid=1789) INFO 03-15 20:02:38 [model_runner_v1.py:2534] Starting to load model /root/.cache/modelscope/hub/models/vllm-ascend/DeepSeek-V3___2-W8A8...
2026-03-15T20:02:38.1248155Z (Worker pid=1564) INFO 03-15 20:02:38 [cpu_binding.py:320] [cpu_bind_mode] mode=global_slice rank=1 visible_npus=[0, 1, 2, 3, 4, 5, 6, 7]
2026-03-15T20:02:38.1249563Z (Worker pid=1564) INFO 03-15 20:02:38 [cpu_binding.py:367] The CPU allocation plan is as follows:
2026-03-15T20:02:38.1251075Z (Worker pid=1564) INFO 03-15 20:02:38 [cpu_binding.py:372] NPU1: main=[22 23 24 25 26 27 28 29 30 31 32 33 34 35 36 37]  acl=[38]  release=[[39]]
2026-03-15T20:02:38.1872827Z (Worker pid=1564) INFO 03-15 20:02:38 [cpu_binding.py:383] The 'migratepages' command is not available, skipping memory binding.
2026-03-15T20:02:38.2170830Z (Worker pid=1564) WARNING 03-15 20:02:38 [__init__.py:204] min_p and logit_bias parameters won't work with speculative decoding.
2026-03-15T20:02:38.2275387Z (Worker pid=1564) INFO 03-15 20:02:38 [base.py:106] Offloader set to NoopOffloader
2026-03-15T20:02:38.2512852Z (Worker pid=1564) WARNING 03-15 20:02:38 [__init__.py:204] min_p and logit_bias parameters won't work with speculative decoding.
2026-03-15T20:02:38.2545903Z (Worker pid=1564) (Worker_DP0_TP1_EP1 pid=1564) INFO 03-15 20:02:38 [model_runner_v1.py:2534] Starting to load model /root/.cache/modelscope/hub/models/vllm-ascend/DeepSeek-V3___2-W8A8...
2026-03-15T20:02:38.2717698Z (Worker pid=1530) INFO 03-15 20:02:38 [cpu_binding.py:320] [cpu_bind_mode] mode=global_slice rank=0 visible_npus=[0, 1, 2, 3, 4, 5, 6, 7]
2026-03-15T20:02:38.2719474Z (Worker pid=1530) INFO 03-15 20:02:38 [cpu_binding.py:367] The CPU allocation plan is as follows:
2026-03-15T20:02:38.2721052Z (Worker pid=1530) INFO 03-15 20:02:38 [cpu_binding.py:372] NPU0: main=[2 3 4 5 6 7 8 9 10 11 12 13 14 15 16 17]  acl=[18]  release=[[19]]
2026-03-15T20:02:38.3021667Z (Worker pid=1895) (Worker_DP0_TP4_EP4 pid=1895) INFO 03-15 20:02:38 [layer.py:456] [EP Rank 4/16] Expert parallelism is enabled. Expert placement strategy: linear. Local/global number of experts: 16/256. Experts local to global index map: 0->64, 1->65, 2->66, 3->67, 4->68, 5->69, 6->70, 7->71, 8->72, 9->73, 10->74, 11->75, 12->76, 13->77, 14->78, 15->79.
2026-03-15T20:02:38.3205256Z (Worker pid=1530) INFO 03-15 20:02:38 [cpu_binding.py:383] The 'migratepages' command is not available, skipping memory binding.
2026-03-15T20:02:38.3689337Z (Worker pid=1530) WARNING 03-15 20:02:38 [__init__.py:204] min_p and logit_bias parameters won't work with speculative decoding.
2026-03-15T20:02:38.3808439Z (Worker pid=1530) INFO 03-15 20:02:38 [base.py:106] Offloader set to NoopOffloader
2026-03-15T20:02:38.3949422Z (Worker pid=1530) WARNING 03-15 20:02:38 [__init__.py:204] min_p and logit_bias parameters won't work with speculative decoding.
2026-03-15T20:02:38.3965555Z (Worker pid=1530) (Worker_DP0_TP0_EP0 pid=1530) INFO 03-15 20:02:38 [model_runner_v1.py:2534] Starting to load model /root/.cache/modelscope/hub/models/vllm-ascend/DeepSeek-V3___2-W8A8...
2026-03-15T20:02:38.4284397Z (Worker pid=2213) (Worker_DP0_TP7_EP7 pid=2213) INFO 03-15 20:02:38 [layer.py:456] [EP Rank 7/16] Expert parallelism is enabled. Expert placement strategy: linear. Local/global number of experts: 16/256. Experts local to global index map: 0->112, 1->113, 2->114, 3->115, 4->116, 5->117, 6->118, 7->119, 8->120, 9->121, 10->122, 11->123, 12->124, 13->125, 14->126, 15->127.
2026-03-15T20:02:38.5456814Z (Worker pid=2106) (Worker_DP0_TP6_EP6 pid=2106) INFO 03-15 20:02:38 [layer.py:456] [EP Rank 6/16] Expert parallelism is enabled. Expert placement strategy: linear. Local/global number of experts: 16/256. Experts local to global index map: 0->96, 1->97, 2->98, 3->99, 4->100, 5->101, 6->102, 7->103, 8->104, 9->105, 10->106, 11->107, 12->108, 13->109, 14->110, 15->111.
2026-03-15T20:02:38.6279592Z (Worker pid=1529) INFO 03-15 20:02:38 [cpu_binding.py:320] [cpu_bind_mode] mode=global_slice rank=0 visible_npus=[8, 9, 10, 11, 12, 13, 14, 15]
2026-03-15T20:02:38.6280620Z (Worker pid=1529) INFO 03-15 20:02:38 [cpu_binding.py:367] The CPU allocation plan is as follows:
2026-03-15T20:02:38.6281603Z (Worker pid=1529) INFO 03-15 20:02:38 [cpu_binding.py:372] NPU8: main=[162 163 164 165 166 167 168 169 170 171 172 173 174 175 176 177]  acl=[178]  release=[[179]]
2026-03-15T20:02:38.6597600Z (Worker pid=1684) INFO 03-15 20:02:38 [cpu_binding.py:320] [cpu_bind_mode] mode=global_slice rank=2 visible_npus=[0, 1, 2, 3, 4, 5, 6, 7]
2026-03-15T20:02:38.6598548Z (Worker pid=1684) INFO 03-15 20:02:38 [cpu_binding.py:367] The CPU allocation plan is as follows:
2026-03-15T20:02:38.6599865Z (Worker pid=1684) INFO 03-15 20:02:38 [cpu_binding.py:372] NPU2: main=[42 43 44 45 46 47 48 49 50 51 52 53 54 55 56 57]  acl=[58]  release=[[59]]
2026-03-15T20:02:38.6832515Z (Worker pid=1529) INFO 03-15 20:02:38 [cpu_binding.py:383] The 'migratepages' command is not available, skipping memory binding.
2026-03-15T20:02:38.6982837Z (Worker pid=2000) (Worker_DP0_TP5_EP5 pid=2000) INFO 03-15 20:02:38 [layer.py:456] [EP Rank 5/16] Expert parallelism is enabled. Expert placement strategy: linear. Local/global number of experts: 16/256. Experts local to global index map: 0->80, 1->81, 2->82, 3->83, 4->84, 5->85, 6->86, 7->87, 8->88, 9->89, 10->90, 11->91, 12->92, 13->93, 14->94, 15->95.
2026-03-15T20:02:38.7158239Z (Worker pid=1684) INFO 03-15 20:02:38 [cpu_binding.py:383] The 'migratepages' command is not available, skipping memory binding.
2026-03-15T20:02:38.7168904Z (Worker pid=1529) WARNING 03-15 20:02:38 [__init__.py:204] min_p and logit_bias parameters won't work with speculative decoding.
2026-03-15T20:02:38.7272562Z (Worker pid=1529) INFO 03-15 20:02:38 [base.py:106] Offloader set to NoopOffloader
2026-03-15T20:02:38.7381588Z (Worker pid=1529) WARNING 03-15 20:02:38 [__init__.py:204] min_p and logit_bias parameters won't work with speculative decoding.
2026-03-15T20:02:38.7394680Z (Worker pid=1529) (Worker_DP1_TP0_EP8 pid=1529) INFO 03-15 20:02:38 [model_runner_v1.py:2534] Starting to load model /root/.cache/modelscope/hub/models/vllm-ascend/DeepSeek-V3___2-W8A8...
2026-03-15T20:02:38.7475498Z (Worker pid=1684) WARNING 03-15 20:02:38 [__init__.py:204] min_p and logit_bias parameters won't work with speculative decoding.
2026-03-15T20:02:38.7582647Z (Worker pid=1684) INFO 03-15 20:02:38 [base.py:106] Offloader set to NoopOffloader
2026-03-15T20:02:38.7703531Z (Worker pid=1684) WARNING 03-15 20:02:38 [__init__.py:204] min_p and logit_bias parameters won't work with speculative decoding.
2026-03-15T20:02:38.7715665Z (Worker pid=1684) (Worker_DP0_TP2_EP2 pid=1684) INFO 03-15 20:02:38 [model_runner_v1.py:2534] Starting to load model /root/.cache/modelscope/hub/models/vllm-ascend/DeepSeek-V3___2-W8A8...
2026-03-15T20:02:38.8965198Z (Worker pid=1567) (Worker_DP1_TP1_EP9 pid=1567) INFO 03-15 20:02:38 [layer.py:456] [EP Rank 9/16] Expert parallelism is enabled. Expert placement strategy: linear. Local/global number of experts: 16/256. Experts local to global index map: 0->144, 1->145, 2->146, 3->147, 4->148, 5->149, 6->150, 7->151, 8->152, 9->153, 10->154, 11->155, 12->156, 13->157, 14->158, 15->159.
2026-03-15T20:02:38.9630672Z (Worker pid=1683) (Worker_DP1_TP2_EP10 pid=1683) INFO 03-15 20:02:38 [layer.py:456] [EP Rank 10/16] Expert parallelism is enabled. Expert placement strategy: linear. Local/global number of experts: 16/256. Experts local to global index map: 0->160, 1->161, 2->162, 3->163, 4->164, 5->165, 6->166, 7->167, 8->168, 9->169, 10->170, 11->171, 12->172, 13->173, 14->174, 15->175.
2026-03-15T20:02:39.2902624Z (Worker pid=1789) (Worker_DP1_TP3_EP11 pid=1789) INFO 03-15 20:02:39 [layer.py:456] [EP Rank 11/16] Expert parallelism is enabled. Expert placement strategy: linear. Local/global number of experts: 16/256. Experts local to global index map: 0->176, 1->177, 2->178, 3->179, 4->180, 5->181, 6->182, 7->183, 8->184, 9->185, 10->186, 11->187, 12->188, 13->189, 14->190, 15->191.
2026-03-15T20:02:39.3667839Z (Worker pid=1564) (Worker_DP0_TP1_EP1 pid=1564) INFO 03-15 20:02:39 [layer.py:456] [EP Rank 1/16] Expert parallelism is enabled. Expert placement strategy: linear. Local/global number of experts: 16/256. Experts local to global index map: 0->16, 1->17, 2->18, 3->19, 4->20, 5->21, 6->22, 7->23, 8->24, 9->25, 10->26, 11->27, 12->28, 13->29, 14->30, 15->31.
2026-03-15T20:02:39.7601183Z (Worker pid=1530) (Worker_DP0_TP0_EP0 pid=1530) INFO 03-15 20:02:39 [layer.py:456] [EP Rank 0/16] Expert parallelism is enabled. Expert placement strategy: linear. Local/global number of experts: 16/256. Experts local to global index map: 0->0, 1->1, 2->2, 3->3, 4->4, 5->5, 6->6, 7->7, 8->8, 9->9, 10->10, 11->11, 12->12, 13->13, 14->14, 15->15.
2026-03-15T20:02:39.7769457Z (Worker pid=1529) (Worker_DP1_TP0_EP8 pid=1529) INFO 03-15 20:02:39 [layer.py:456] [EP Rank 8/16] Expert parallelism is enabled. Expert placement strategy: linear. Local/global number of experts: 16/256. Experts local to global index map: 0->128, 1->129, 2->130, 3->131, 4->132, 5->133, 6->134, 7->135, 8->136, 9->137, 10->138, 11->139, 12->140, 13->141, 14->142, 15->143.
2026-03-15T20:02:39.9472295Z (Worker pid=1684) (Worker_DP0_TP2_EP2 pid=1684) INFO 03-15 20:02:39 [layer.py:456] [EP Rank 2/16] Expert parallelism is enabled. Expert placement strategy: linear. Local/global number of experts: 16/256. Experts local to global index map: 0->32, 1->33, 2->34, 3->35, 4->36, 5->37, 6->38, 7->39, 8->40, 9->41, 10->42, 11->43, 12->44, 13->45, 14->46, 15->47.
2026-03-15T20:02:40.4639138Z (Worker pid=2106) (Worker_DP0_TP6_EP6 pid=2106) INFO 03-15 20:02:40 [fused_moe.py:285] [EP Rank 6/16] Expert parallelism is enabled. Local/global number of experts: 16/256. Experts local to global index map: 0->96, 1->97, 2->98, 3->99, 4->100, 5->101, 6->102, 7->103, 8->104, 9->105, 10->106, 11->107, 12->108, 13->109, 14->110, 15->111.
2026-03-15T20:02:40.4686963Z (Worker pid=1790) (Worker_DP0_TP3_EP3 pid=1790) INFO 03-15 20:02:40 [fused_moe.py:285] [EP Rank 3/16] Expert parallelism is enabled. Local/global number of experts: 16/256. Experts local to global index map: 0->48, 1->49, 2->50, 3->51, 4->52, 5->53, 6->54, 7->55, 8->56, 9->57, 10->58, 11->59, 12->60, 13->61, 14->62, 15->63.
2026-03-15T20:02:40.4745816Z (Worker pid=1789) (Worker_DP1_TP3_EP11 pid=1789) INFO 03-15 20:02:40 [fused_moe.py:285] [EP Rank 11/16] Expert parallelism is enabled. Local/global number of experts: 16/256. Experts local to global index map: 0->176, 1->177, 2->178, 3->179, 4->180, 5->181, 6->182, 7->183, 8->184, 9->185, 10->186, 11->187, 12->188, 13->189, 14->190, 15->191.
2026-03-15T20:02:40.4901946Z (Worker pid=1896) (Worker_DP1_TP4_EP12 pid=1896) INFO 03-15 20:02:40 [fused_moe.py:285] [EP Rank 12/16] Expert parallelism is enabled. Local/global number of experts: 16/256. Experts local to global index map: 0->192, 1->193, 2->194, 3->195, 4->196, 5->197, 6->198, 7->199, 8->200, 9->201, 10->202, 11->203, 12->204, 13->205, 14->206, 15->207.
2026-03-15T20:02:40.5132733Z (Worker pid=1895) (Worker_DP0_TP4_EP4 pid=1895) INFO 03-15 20:02:40 [fused_moe.py:285] [EP Rank 4/16] Expert parallelism is enabled. Local/global number of experts: 16/256. Experts local to global index map: 0->64, 1->65, 2->66, 3->67, 4->68, 5->69, 6->70, 7->71, 8->72, 9->73, 10->74, 11->75, 12->76, 13->77, 14->78, 15->79.
2026-03-15T20:02:40.5149030Z (Worker pid=2000) (Worker_DP0_TP5_EP5 pid=2000) INFO 03-15 20:02:40 [fused_moe.py:285] [EP Rank 5/16] Expert parallelism is enabled. Local/global number of experts: 16/256. Experts local to global index map: 0->80, 1->81, 2->82, 3->83, 4->84, 5->85, 6->86, 7->87, 8->88, 9->89, 10->90, 11->91, 12->92, 13->93, 14->94, 15->95.
2026-03-15T20:02:40.5199886Z (Worker pid=1567) (Worker_DP1_TP1_EP9 pid=1567) INFO 03-15 20:02:40 [fused_moe.py:285] [EP Rank 9/16] Expert parallelism is enabled. Local/global number of experts: 16/256. Experts local to global index map: 0->144, 1->145, 2->146, 3->147, 4->148, 5->149, 6->150, 7->151, 8->152, 9->153, 10->154, 11->155, 12->156, 13->157, 14->158, 15->159.
2026-03-15T20:02:40.5203072Z (Worker pid=2214) (Worker_DP1_TP7_EP15 pid=2214) INFO 03-15 20:02:40 [fused_moe.py:285] [EP Rank 15/16] Expert parallelism is enabled. Local/global number of experts: 16/256. Experts local to global index map: 0->240, 1->241, 2->242, 3->243, 4->244, 5->245, 6->246, 7->247, 8->248, 9->249, 10->250, 11->251, 12->252, 13->253, 14->254, 15->255.
2026-03-15T20:02:40.5223388Z (Worker pid=2109) (Worker_DP1_TP6_EP14 pid=2109) INFO 03-15 20:02:40 [fused_moe.py:285] [EP Rank 14/16] Expert parallelism is enabled. Local/global number of experts: 16/256. Experts local to global index map: 0->224, 1->225, 2->226, 3->227, 4->228, 5->229, 6->230, 7->231, 8->232, 9->233, 10->234, 11->235, 12->236, 13->237, 14->238, 15->239.
2026-03-15T20:02:40.5236582Z (Worker pid=1529) (Worker_DP1_TP0_EP8 pid=1529) INFO 03-15 20:02:40 [fused_moe.py:285] [EP Rank 8/16] Expert parallelism is enabled. Local/global number of experts: 16/256. Experts local to global index map: 0->128, 1->129, 2->130, 3->131, 4->132, 5->133, 6->134, 7->135, 8->136, 9->137, 10->138, 11->139, 12->140, 13->141, 14->142, 15->143.
2026-03-15T20:02:40.5466208Z (Worker pid=1530) (Worker_DP0_TP0_EP0 pid=1530) INFO 03-15 20:02:40 [fused_moe.py:285] [EP Rank 0/16] Expert parallelism is enabled. Local/global number of experts: 16/256. Experts local to global index map: 0->0, 1->1, 2->2, 3->3, 4->4, 5->5, 6->6, 7->7, 8->8, 9->9, 10->10, 11->11, 12->12, 13->13, 14->14, 15->15.
2026-03-15T20:02:40.6045538Z (Worker pid=1684) (Worker_DP0_TP2_EP2 pid=1684) INFO 03-15 20:02:40 [fused_moe.py:285] [EP Rank 2/16] Expert parallelism is enabled. Local/global number of experts: 16/256. Experts local to global index map: 0->32, 1->33, 2->34, 3->35, 4->36, 5->37, 6->38, 7->39, 8->40, 9->41, 10->42, 11->43, 12->44, 13->45, 14->46, 15->47.
2026-03-15T20:02:40.6470892Z (Worker pid=2003) (Worker_DP1_TP5_EP13 pid=2003) INFO 03-15 20:02:40 [fused_moe.py:285] [EP Rank 13/16] Expert parallelism is enabled. Local/global number of experts: 16/256. Experts local to global index map: 0->208, 1->209, 2->210, 3->211, 4->212, 5->213, 6->214, 7->215, 8->216, 9->217, 10->218, 11->219, 12->220, 13->221, 14->222, 15->223.
2026-03-15T20:02:40.7051723Z (Worker pid=1564) (Worker_DP0_TP1_EP1 pid=1564) INFO 03-15 20:02:40 [fused_moe.py:285] [EP Rank 1/16] Expert parallelism is enabled. Local/global number of experts: 16/256. Experts local to global index map: 0->16, 1->17, 2->18, 3->19, 4->20, 5->21, 6->22, 7->23, 8->24, 9->25, 10->26, 11->27, 12->28, 13->29, 14->30, 15->31.
2026-03-15T20:02:40.7054377Z (Worker pid=1683) (Worker_DP1_TP2_EP10 pid=1683) INFO 03-15 20:02:40 [fused_moe.py:285] [EP Rank 10/16] Expert parallelism is enabled. Local/global number of experts: 16/256. Experts local to global index map: 0->160, 1->161, 2->162, 3->163, 4->164, 5->165, 6->166, 7->167, 8->168, 9->169, 10->170, 11->171, 12->172, 13->173, 14->174, 15->175.
2026-03-15T20:02:40.7056976Z (Worker pid=2213) (Worker_DP0_TP7_EP7 pid=2213) INFO 03-15 20:02:40 [fused_moe.py:285] [EP Rank 7/16] Expert parallelism is enabled. Local/global number of experts: 16/256. Experts local to global index map: 0->112, 1->113, 2->114, 3->115, 4->116, 5->117, 6->118, 7->119, 8->120, 9->121, 10->122, 11->123, 12->124, 13->125, 14->126, 15->127.
2026-03-15T20:02:40.8902957Z (Worker pid=1530) (Worker_DP0_TP0_EP0 pid=1530) INFO 03-15 20:02:40 [fused_moe.py:540] Sequence parallelism is enabled, shared experts are replicated for best performance.
2026-03-15T20:02:40.8919749Z (Worker pid=2214) (Worker_DP1_TP7_EP15 pid=2214) INFO 03-15 20:02:40 [fused_moe.py:540] Sequence parallelism is enabled, shared experts are replicated for best performance.
2026-03-15T20:02:40.8921957Z (Worker pid=2109) (Worker_DP1_TP6_EP14 pid=2109) INFO 03-15 20:02:40 [fused_moe.py:540] Sequence parallelism is enabled, shared experts are replicated for best performance.
2026-03-15T20:02:40.8925456Z (Worker pid=1896) (Worker_DP1_TP4_EP12 pid=1896) INFO 03-15 20:02:40 [fused_moe.py:540] Sequence parallelism is enabled, shared experts are replicated for best performance.
2026-03-15T20:02:40.8931502Z (Worker pid=1789) (Worker_DP1_TP3_EP11 pid=1789) INFO 03-15 20:02:40 [fused_moe.py:540] Sequence parallelism is enabled, shared experts are replicated for best performance.
2026-03-15T20:02:40.8939093Z (Worker pid=2106) (Worker_DP0_TP6_EP6 pid=2106) INFO 03-15 20:02:40 [fused_moe.py:540] Sequence parallelism is enabled, shared experts are replicated for best performance.
2026-03-15T20:02:40.8995214Z (Worker pid=1895) (Worker_DP0_TP4_EP4 pid=1895) INFO 03-15 20:02:40 [fused_moe.py:540] Sequence parallelism is enabled, shared experts are replicated for best performance.
2026-03-15T20:02:40.8997005Z (Worker pid=2000) (Worker_DP0_TP5_EP5 pid=2000) INFO 03-15 20:02:40 [fused_moe.py:540] Sequence parallelism is enabled, shared experts are replicated for best performance.
2026-03-15T20:02:40.8998564Z (Worker pid=1567) (Worker_DP1_TP1_EP9 pid=1567) INFO 03-15 20:02:40 [fused_moe.py:540] Sequence parallelism is enabled, shared experts are replicated for best performance.
