2026-03-15T16:51:57.5800682Z [Gloo] Rank 1 is connected to 3 peer ranks. Expected number of connected peer ranks is : 3
2026-03-15T16:51:57.5817580Z [Gloo] Rank 0 is connected to 3 peer ranks. Expected number of connected peer ranks is : 3
2026-03-15T16:51:57.5822019Z [Gloo] Rank 1 is connected to 3 peer ranks. Expected number of connected peer ranks is : 3
2026-03-15T16:51:57.5833503Z [Gloo] Rank 0 is connected to 3 peer ranks. Expected number of connected peer ranks is : 3
2026-03-15T16:51:57.5846544Z [Gloo] Rank 1 is connected to 3 peer ranks. Expected number of connected peer ranks is : 3
2026-03-15T16:51:57.5857892Z [Gloo] Rank 0 is connected to 3 peer ranks. Expected number of connected peer ranks is : 3
2026-03-15T16:51:57.5869955Z [Gloo] Rank 1 is connected to 3 peer ranks. Expected number of connected peer ranks is : 3
2026-03-15T16:51:57.5881150Z [Gloo] Rank 0 is connected to 3 peer ranks. Expected number of connected peer ranks is : 3
2026-03-15T16:51:57.5891822Z [Gloo] Rank 0 is connected to 0 peer ranks. Expected number of connected peer ranks is : 0
2026-03-15T16:51:57.5902637Z [Gloo] Rank 1 is connected to 3 peer ranks. Expected number of connected peer ranks is : 3
2026-03-15T16:51:57.5913262Z [Gloo] Rank 0 is connected to 3 peer ranks. Expected number of connected peer ranks is : 3
2026-03-15T16:51:57.5924863Z [Gloo] Rank 1 is connected to 3 peer ranks. Expected number of connected peer ranks is : 3
2026-03-15T16:51:57.5935220Z [Gloo] Rank 0 is connected to 3 peer ranks. Expected number of connected peer ranks is : 3
2026-03-15T16:51:57.5945965Z [Gloo] Rank 0 is connected to 3 peer ranks. Expected number of connected peer ranks is : 3
2026-03-15T16:51:57.5956343Z [Gloo] Rank 1 is connected to 3 peer ranks. Expected number of connected peer ranks is : 3
2026-03-15T16:51:57.5966848Z [Gloo] Rank 0 is connected to 3 peer ranks. Expected number of connected peer ranks is : 3
2026-03-15T16:51:57.5977113Z [Gloo] Rank 1 is connected to 3 peer ranks. Expected number of connected peer ranks is : 3
2026-03-15T16:51:57.6167779Z [Gloo] Rank 10 is connected to 31 peer ranks. Expected number of connected peer ranks is : 31
2026-03-15T16:51:57.6189087Z [Gloo] Rank 0 is connected to 31 peer ranks. Expected number of connected peer ranks is : 31
2026-03-15T16:51:57.6199508Z [Gloo] Rank 2 is connected to 31 peer ranks. Expected number of connected peer ranks is : 31
2026-03-15T16:51:57.6212303Z [Gloo] Rank 1 is connected to 31 peer ranks. Expected number of connected peer ranks is : 31
2026-03-15T16:51:57.6226300Z [Gloo] Rank 3 is connected to 31 peer ranks. Expected number of connected peer ranks is : 31
2026-03-15T16:51:57.6237863Z [Gloo] Rank 4 is connected to 31 peer ranks. Expected number of connected peer ranks is : 31
2026-03-15T16:51:57.6249127Z [Gloo] Rank 5 is connected to 31 peer ranks. Expected number of connected peer ranks is : 31
2026-03-15T16:51:57.6260941Z [Gloo] Rank 11 is connected to 31 peer ranks. Expected number of connected peer ranks is : 31
2026-03-15T16:51:57.6272813Z [Gloo] Rank 7 is connected to 31 peer ranks. Expected number of connected peer ranks is : 31
2026-03-15T16:51:57.6284182Z [Gloo] Rank 9 is connected to 31 peer ranks. Expected number of connected peer ranks is : 31
2026-03-15T16:51:57.6296026Z (Worker pid=406) INFO 03-15 16:51:57 [parallel_state.py:1715] rank 10 in world size 32 is assigned as DP rank 1, PP rank 0, PCP rank 0, TP rank 2, EP rank 10, EPLB rank N/A
2026-03-15T16:51:57.6306985Z (Worker pid=271) INFO 03-15 16:51:57 [parallel_state.py:1715] rank 1 in world size 32 is assigned as DP rank 0, PP rank 0, PCP rank 0, TP rank 1, EP rank 1, EPLB rank N/A
2026-03-15T16:51:57.6318879Z (Worker pid=220) INFO 03-15 16:51:57 [parallel_state.py:1715] rank 0 in world size 32 is assigned as DP rank 0, PP rank 0, PCP rank 0, TP rank 0, EP rank 0, EPLB rank N/A
2026-03-15T16:51:57.6330200Z [Gloo] Rank 6 is connected to 31 peer ranks. Expected number of connected peer ranks is : 31
2026-03-15T16:51:57.6341956Z (Worker pid=509) INFO 03-15 16:51:57 [parallel_state.py:1715] rank 3 in world size 32 is assigned as DP rank 0, PP rank 0, PCP rank 0, TP rank 3, EP rank 3, EPLB rank N/A
2026-03-15T16:51:57.6366155Z (Worker pid=403) INFO 03-15 16:51:57 [parallel_state.py:1715] rank 2 in world size 32 is assigned as DP rank 0, PP rank 0, PCP rank 0, TP rank 2, EP rank 2, EPLB rank N/A
2026-03-15T16:51:57.6367273Z (Worker pid=931) INFO 03-15 16:51:57 [parallel_state.py:1715] rank 7 in world size 32 is assigned as DP rank 0, PP rank 0, PCP rank 0, TP rank 7, EP rank 7, EPLB rank N/A
2026-03-15T16:51:57.6375242Z [Gloo] Rank 13 is connected to 31 peer ranks. Expected number of connected peer ranks is : 31
2026-03-15T16:51:57.6385654Z [Gloo] Rank 8 is connected to 31 peer ranks. Expected number of connected peer ranks is : 31
2026-03-15T16:51:57.6397046Z (Worker pid=274) INFO 03-15 16:51:57 [parallel_state.py:1715] rank 9 in world size 32 is assigned as DP rank 1, PP rank 0, PCP rank 0, TP rank 1, EP rank 9, EPLB rank N/A
2026-03-15T16:51:57.6408411Z (Worker pid=512) INFO 03-15 16:51:57 [parallel_state.py:1715] rank 11 in world size 32 is assigned as DP rank 1, PP rank 0, PCP rank 0, TP rank 3, EP rank 11, EPLB rank N/A
2026-03-15T16:51:57.6419199Z [Gloo] Rank 14 is connected to 31 peer ranks. Expected number of connected peer ranks is : 31
2026-03-15T16:51:57.6431691Z (Worker pid=615) INFO 03-15 16:51:57 [parallel_state.py:1715] rank 4 in world size 32 is assigned as DP rank 0, PP rank 0, PCP rank 0, TP rank 4, EP rank 4, EPLB rank N/A
2026-03-15T16:51:57.6441811Z [Gloo] Rank 12 is connected to 31 peer ranks. Expected number of connected peer ranks is : 31
2026-03-15T16:51:57.6453115Z (Worker pid=721) INFO 03-15 16:51:57 [parallel_state.py:1715] rank 5 in world size 32 is assigned as DP rank 0, PP rank 0, PCP rank 0, TP rank 5, EP rank 5, EPLB rank N/A
2026-03-15T16:51:57.6464239Z (Worker pid=827) INFO 03-15 16:51:57 [parallel_state.py:1715] rank 6 in world size 32 is assigned as DP rank 0, PP rank 0, PCP rank 0, TP rank 6, EP rank 6, EPLB rank N/A
2026-03-15T16:51:57.6476075Z (Worker pid=725) INFO 03-15 16:51:57 [parallel_state.py:1715] rank 13 in world size 32 is assigned as DP rank 1, PP rank 0, PCP rank 0, TP rank 5, EP rank 13, EPLB rank N/A
2026-03-15T16:51:57.6487374Z [Gloo] Rank 15 is connected to 31 peer ranks. Expected number of connected peer ranks is : 31
2026-03-15T16:51:57.6499281Z (Worker pid=221) INFO 03-15 16:51:57 [parallel_state.py:1715] rank 8 in world size 32 is assigned as DP rank 1, PP rank 0, PCP rank 0, TP rank 0, EP rank 8, EPLB rank N/A
2026-03-15T16:51:57.6510906Z (Worker pid=831) INFO 03-15 16:51:57 [parallel_state.py:1715] rank 14 in world size 32 is assigned as DP rank 1, PP rank 0, PCP rank 0, TP rank 6, EP rank 14, EPLB rank N/A
2026-03-15T16:51:57.6522185Z (Worker pid=618) INFO 03-15 16:51:57 [parallel_state.py:1715] rank 12 in world size 32 is assigned as DP rank 1, PP rank 0, PCP rank 0, TP rank 4, EP rank 12, EPLB rank N/A
2026-03-15T16:51:57.6534198Z (Worker pid=941) INFO 03-15 16:51:57 [parallel_state.py:1715] rank 15 in world size 32 is assigned as DP rank 1, PP rank 0, PCP rank 0, TP rank 7, EP rank 15, EPLB rank N/A
2026-03-15T16:51:57.6544362Z [Gloo] Rank 15 is connected to 31 peer ranks. Expected number of connected peer ranks is : 31
2026-03-15T16:51:57.6603650Z [Gloo] Rank 0 is connected to 31 peer ranks. Expected number of connected peer ranks is : 31
2026-03-15T16:51:57.6613662Z [Gloo] Rank 2 is connected to 31 peer ranks. Expected number of connected peer ranks is : 31
2026-03-15T16:51:57.6624381Z [Gloo] Rank 3 is connected to 31 peer ranks. Expected number of connected peer ranks is : 31
2026-03-15T16:51:57.6635233Z [Gloo] Rank 1 is connected to 31 peer ranks. Expected number of connected peer ranks is : 31
2026-03-15T16:51:57.6646284Z [Gloo] Rank 4 is connected to 31 peer ranks. Expected number of connected peer ranks is : 31
2026-03-15T16:51:57.6656933Z [Gloo] Rank 7 is connected to 31 peer ranks. Expected number of connected peer ranks is : 31
2026-03-15T16:51:57.6667039Z [Gloo] Rank 5 is connected to 31 peer ranks. Expected number of connected peer ranks is : 31
2026-03-15T16:51:57.6678423Z [Gloo] Rank 8 is connected to 31 peer ranks. Expected number of connected peer ranks is : 31
2026-03-15T16:51:57.6689117Z [Gloo] Rank 9 is connected to 31 peer ranks. Expected number of connected peer ranks is : 31
2026-03-15T16:51:57.6701023Z [Gloo] Rank 10 is connected to 31 peer ranks. Expected number of connected peer ranks is : 31
2026-03-15T16:51:57.6711720Z [Gloo] Rank 12 is connected to 31 peer ranks. Expected number of connected peer ranks is : 31
2026-03-15T16:51:57.6721859Z [Gloo] Rank 6 is connected to 31 peer ranks. Expected number of connected peer ranks is : 31
2026-03-15T16:51:57.6732825Z [Gloo] Rank 11 is connected to 31 peer ranks. Expected number of connected peer ranks is : 31
2026-03-15T16:51:57.6742923Z [Gloo] Rank 14 is connected to 31 peer ranks. Expected number of connected peer ranks is : 31
2026-03-15T16:51:57.6754034Z [Gloo] Rank 13 is connected to 31 peer ranks. Expected number of connected peer ranks is : 31
2026-03-15T16:51:57.6765064Z [Gloo] Rank 1 is connected to 3 peer ranks. Expected number of connected peer ranks is : 3
2026-03-15T16:51:57.6776969Z [Gloo] Rank 1 is connected to 3 peer ranks. Expected number of connected peer ranks is : 3
2026-03-15T16:51:57.6787000Z [Gloo] Rank 0 is connected to 3 peer ranks. Expected number of connected peer ranks is : 3
2026-03-15T16:51:57.6797855Z [Gloo] Rank 1 is connected to 3 peer ranks. Expected number of connected peer ranks is : 3
2026-03-15T16:51:57.6808859Z [Gloo] Rank 0 is connected to 3 peer ranks. Expected number of connected peer ranks is : 3
2026-03-15T16:51:57.6820176Z [Gloo] Rank 0 is connected to 3 peer ranks. Expected number of connected peer ranks is : 3
2026-03-15T16:51:57.6831353Z [Gloo] Rank 1 is connected to 3 peer ranks. Expected number of connected peer ranks is : 3
2026-03-15T16:51:57.6841616Z [Gloo] Rank 0 is connected to 3 peer ranks. Expected number of connected peer ranks is : 3
2026-03-15T16:51:57.6852710Z [Gloo] Rank 0 is connected to 3 peer ranks. Expected number of connected peer ranks is : 3
2026-03-15T16:51:57.6863445Z [Gloo] Rank 1 is connected to 3 peer ranks. Expected number of connected peer ranks is : 3
2026-03-15T16:51:57.6873800Z [Gloo] Rank 0 is connected to 3 peer ranks. Expected number of connected peer ranks is : 3
2026-03-15T16:51:57.6885024Z [Gloo] Rank 1 is connected to 3 peer ranks. Expected number of connected peer ranks is : 3
2026-03-15T16:51:57.6896064Z [Gloo] Rank 1 is connected to 3 peer ranks. Expected number of connected peer ranks is : 3
2026-03-15T16:51:57.6906956Z [Gloo] Rank 1 is connected to 3 peer ranks. Expected number of connected peer ranks is : 3
2026-03-15T16:51:57.6918925Z [Gloo] Rank 0 is connected to 3 peer ranks. Expected number of connected peer ranks is : 3
2026-03-15T16:51:57.8006413Z [Gloo] Rank 0 is connected to 3 peer ranks. Expected number of connected peer ranks is : 3
2026-03-15T16:52:01.2831582Z (Worker pid=721) INFO 03-15 16:52:01 [cpu_binding.py:320] [cpu_bind_mode] mode=global_slice rank=5 visible_npus=[0, 1, 2, 3, 4, 5, 6, 7]
2026-03-15T16:52:01.2854460Z (Worker pid=721) INFO 03-15 16:52:01 [cpu_binding.py:367] The CPU allocation plan is as follows:
2026-03-15T16:52:01.2867154Z (Worker pid=721) INFO 03-15 16:52:01 [cpu_binding.py:372] NPU5: main=[102 103 104 105 106 107 108 109 110 111 112 113 114 115 116 117]  acl=[118]  release=[[119]]
2026-03-15T16:52:01.3550743Z (Worker pid=721) INFO 03-15 16:52:01 [cpu_binding.py:383] The 'migratepages' command is not available, skipping memory binding.
2026-03-15T16:52:01.4117349Z (Worker pid=721) WARNING 03-15 16:52:01 [__init__.py:204] min_p and logit_bias parameters won't work with speculative decoding.
2026-03-15T16:52:01.4201712Z (Worker pid=721) INFO 03-15 16:52:01 [base.py:106] Offloader set to NoopOffloader
2026-03-15T16:52:01.4481088Z (Worker pid=721) WARNING 03-15 16:52:01 [__init__.py:204] min_p and logit_bias parameters won't work with speculative decoding.
2026-03-15T16:52:01.4582315Z (Worker pid=721) (Worker_DP0_TP5_EP5 pid=721) INFO 03-15 16:52:01 [model_runner_v1.py:2534] Starting to load model /root/.cache/modelscope/hub/models/vllm-ascend/DeepSeek-V3___2-W8A8...
2026-03-15T16:52:01.5237129Z (Worker pid=941) INFO 03-15 16:52:01 [cpu_binding.py:320] [cpu_bind_mode] mode=global_slice rank=7 visible_npus=[8, 9, 10, 11, 12, 13, 14, 15]
2026-03-15T16:52:01.5260182Z (Worker pid=941) INFO 03-15 16:52:01 [cpu_binding.py:367] The CPU allocation plan is as follows:
2026-03-15T16:52:01.5279308Z (Worker pid=941) INFO 03-15 16:52:01 [cpu_binding.py:372] NPU15: main=[302 303 304 305 306 307 308 309 310 311 312 313 314 315 316 317]  acl=[318]  release=[[319]]
2026-03-15T16:52:01.5733994Z (Worker pid=941) INFO 03-15 16:52:01 [cpu_binding.py:383] The 'migratepages' command is not available, skipping memory binding.
2026-03-15T16:52:01.6134143Z (Worker pid=941) WARNING 03-15 16:52:01 [__init__.py:204] min_p and logit_bias parameters won't work with speculative decoding.
2026-03-15T16:52:01.6200272Z (Worker pid=941) INFO 03-15 16:52:01 [base.py:106] Offloader set to NoopOffloader
2026-03-15T16:52:01.6287836Z (Worker pid=941) WARNING 03-15 16:52:01 [__init__.py:204] min_p and logit_bias parameters won't work with speculative decoding.
2026-03-15T16:52:01.6312336Z (Worker pid=941) (Worker_DP1_TP7_EP15 pid=941) INFO 03-15 16:52:01 [model_runner_v1.py:2534] Starting to load model /root/.cache/modelscope/hub/models/vllm-ascend/DeepSeek-V3___2-W8A8...
2026-03-15T16:52:01.7231539Z (Worker pid=725) INFO 03-15 16:52:01 [cpu_binding.py:320] [cpu_bind_mode] mode=global_slice rank=5 visible_npus=[8, 9, 10, 11, 12, 13, 14, 15]
2026-03-15T16:52:01.7241598Z (Worker pid=725) INFO 03-15 16:52:01 [cpu_binding.py:367] The CPU allocation plan is as follows:
2026-03-15T16:52:01.7252531Z (Worker pid=725) INFO 03-15 16:52:01 [cpu_binding.py:372] NPU13: main=[262 263 264 265 266 267 268 269 270 271 272 273 274 275 276 277]  acl=[278]  release=[[279]]
2026-03-15T16:52:01.7782647Z (Worker pid=725) INFO 03-15 16:52:01 [cpu_binding.py:383] The 'migratepages' command is not available, skipping memory binding.
2026-03-15T16:52:01.8242384Z (Worker pid=725) WARNING 03-15 16:52:01 [__init__.py:204] min_p and logit_bias parameters won't work with speculative decoding.
2026-03-15T16:52:01.8315832Z (Worker pid=725) INFO 03-15 16:52:01 [base.py:106] Offloader set to NoopOffloader
2026-03-15T16:52:01.8409080Z (Worker pid=725) WARNING 03-15 16:52:01 [__init__.py:204] min_p and logit_bias parameters won't work with speculative decoding.
2026-03-15T16:52:01.8432063Z (Worker pid=725) (Worker_DP1_TP5_EP13 pid=725) INFO 03-15 16:52:01 [model_runner_v1.py:2534] Starting to load model /root/.cache/modelscope/hub/models/vllm-ascend/DeepSeek-V3___2-W8A8...
2026-03-15T16:52:01.9981799Z (Worker pid=615) INFO 03-15 16:52:01 [cpu_binding.py:320] [cpu_bind_mode] mode=global_slice rank=4 visible_npus=[0, 1, 2, 3, 4, 5, 6, 7]
2026-03-15T16:52:01.9982506Z (Worker pid=615) INFO 03-15 16:52:01 [cpu_binding.py:367] The CPU allocation plan is as follows:
2026-03-15T16:52:01.9983167Z (Worker pid=615) INFO 03-15 16:52:01 [cpu_binding.py:372] NPU4: main=[82 83 84 85 86 87 88 89 90 91 92 93 94 95 96 97]  acl=[98]  release=[[99]]
2026-03-15T16:52:02.0527478Z (Worker pid=615) INFO 03-15 16:52:02 [cpu_binding.py:383] The 'migratepages' command is not available, skipping memory binding.
2026-03-15T16:52:02.0843046Z (Worker pid=615) WARNING 03-15 16:52:02 [__init__.py:204] min_p and logit_bias parameters won't work with speculative decoding.
2026-03-15T16:52:02.0913564Z (Worker pid=615) INFO 03-15 16:52:02 [base.py:106] Offloader set to NoopOffloader
2026-03-15T16:52:02.1014011Z (Worker pid=615) WARNING 03-15 16:52:02 [__init__.py:204] min_p and logit_bias parameters won't work with speculative decoding.
2026-03-15T16:52:02.1026875Z (Worker pid=615) (Worker_DP0_TP4_EP4 pid=615) INFO 03-15 16:52:02 [model_runner_v1.py:2534] Starting to load model /root/.cache/modelscope/hub/models/vllm-ascend/DeepSeek-V3___2-W8A8...
2026-03-15T16:52:02.2211818Z (Worker pid=721) (Worker_DP0_TP5_EP5 pid=721) INFO 03-15 16:52:02 [layer.py:456] [EP Rank 5/32] Expert parallelism is enabled. Expert placement strategy: linear. Local/global number of experts: 8/256. Experts local to global index map: 0->40, 1->41, 2->42, 3->43, 4->44, 5->45, 6->46, 7->47.
2026-03-15T16:52:02.3676359Z (Worker pid=941) (Worker_DP1_TP7_EP15 pid=941) INFO 03-15 16:52:02 [layer.py:456] [EP Rank 15/32] Expert parallelism is enabled. Expert placement strategy: linear. Local/global number of experts: 8/256. Experts local to global index map: 0->120, 1->121, 2->122, 3->123, 4->124, 5->125, 6->126, 7->127.
2026-03-15T16:52:02.5327114Z (Worker pid=403) INFO 03-15 16:52:02 [cpu_binding.py:320] [cpu_bind_mode] mode=global_slice rank=2 visible_npus=[0, 1, 2, 3, 4, 5, 6, 7]
2026-03-15T16:52:02.5337995Z (Worker pid=403) INFO 03-15 16:52:02 [cpu_binding.py:367] The CPU allocation plan is as follows:
2026-03-15T16:52:02.5349817Z (Worker pid=403) INFO 03-15 16:52:02 [cpu_binding.py:372] NPU2: main=[42 43 44 45 46 47 48 49 50 51 52 53 54 55 56 57]  acl=[58]  release=[[59]]
2026-03-15T16:52:02.5865191Z (Worker pid=221) INFO 03-15 16:52:02 [cpu_binding.py:320] [cpu_bind_mode] mode=global_slice rank=0 visible_npus=[8, 9, 10, 11, 12, 13, 14, 15]
2026-03-15T16:52:02.5876846Z (Worker pid=221) INFO 03-15 16:52:02 [cpu_binding.py:367] The CPU allocation plan is as follows:
2026-03-15T16:52:02.5888760Z (Worker pid=221) INFO 03-15 16:52:02 [cpu_binding.py:372] NPU8: main=[162 163 164 165 166 167 168 169 170 171 172 173 174 175 176 177]  acl=[178]  release=[[179]]
2026-03-15T16:52:02.5967732Z (Worker pid=403) INFO 03-15 16:52:02 [cpu_binding.py:383] The 'migratepages' command is not available, skipping memory binding.
2026-03-15T16:52:02.6303545Z (Worker pid=403) WARNING 03-15 16:52:02 [__init__.py:204] min_p and logit_bias parameters won't work with speculative decoding.
2026-03-15T16:52:02.6345706Z (Worker pid=274) INFO 03-15 16:52:02 [cpu_binding.py:320] [cpu_bind_mode] mode=global_slice rank=1 visible_npus=[8, 9, 10, 11, 12, 13, 14, 15]
2026-03-15T16:52:02.6356927Z (Worker pid=274) INFO 03-15 16:52:02 [cpu_binding.py:367] The CPU allocation plan is as follows:
2026-03-15T16:52:02.6369105Z (Worker pid=274) INFO 03-15 16:52:02 [cpu_binding.py:372] NPU9: main=[182 183 184 185 186 187 188 189 190 191 192 193 194 195 196 197]  acl=[198]  release=[[199]]
2026-03-15T16:52:02.6412599Z (Worker pid=403) INFO 03-15 16:52:02 [base.py:106] Offloader set to NoopOffloader
2026-03-15T16:52:02.6477420Z (Worker pid=221) INFO 03-15 16:52:02 [cpu_binding.py:383] The 'migratepages' command is not available, skipping memory binding.
2026-03-15T16:52:02.6536697Z (Worker pid=403) WARNING 03-15 16:52:02 [__init__.py:204] min_p and logit_bias parameters won't work with speculative decoding.
2026-03-15T16:52:02.6562049Z (Worker pid=403) (Worker_DP0_TP2_EP2 pid=403) INFO 03-15 16:52:02 [model_runner_v1.py:2534] Starting to load model /root/.cache/modelscope/hub/models/vllm-ascend/DeepSeek-V3___2-W8A8...
2026-03-15T16:52:02.6854117Z (Worker pid=274) INFO 03-15 16:52:02 [cpu_binding.py:383] The 'migratepages' command is not available, skipping memory binding.
2026-03-15T16:52:02.6876695Z (Worker pid=221) WARNING 03-15 16:52:02 [__init__.py:204] min_p and logit_bias parameters won't work with speculative decoding.
2026-03-15T16:52:02.6943507Z (Worker pid=221) INFO 03-15 16:52:02 [base.py:106] Offloader set to NoopOffloader
2026-03-15T16:52:02.7045936Z (Worker pid=221) WARNING 03-15 16:52:02 [__init__.py:204] min_p and logit_bias parameters won't work with speculative decoding.
2026-03-15T16:52:02.7067453Z (Worker pid=221) (Worker_DP1_TP0_EP8 pid=221) INFO 03-15 16:52:02 [model_runner_v1.py:2534] Starting to load model /root/.cache/modelscope/hub/models/vllm-ascend/DeepSeek-V3___2-W8A8...
2026-03-15T16:52:02.7197773Z (Worker pid=274) WARNING 03-15 16:52:02 [__init__.py:204] min_p and logit_bias parameters won't work with speculative decoding.
2026-03-15T16:52:02.7276493Z (Worker pid=274) INFO 03-15 16:52:02 [base.py:106] Offloader set to NoopOffloader
2026-03-15T16:52:02.7381125Z (Worker pid=274) WARNING 03-15 16:52:02 [__init__.py:204] min_p and logit_bias parameters won't work with speculative decoding.
2026-03-15T16:52:02.7403057Z (Worker pid=274) (Worker_DP1_TP1_EP9 pid=274) INFO 03-15 16:52:02 [model_runner_v1.py:2534] Starting to load model /root/.cache/modelscope/hub/models/vllm-ascend/DeepSeek-V3___2-W8A8...
2026-03-15T16:52:02.7941331Z (Worker pid=615) (Worker_DP0_TP4_EP4 pid=615) INFO 03-15 16:52:02 [layer.py:456] [EP Rank 4/32] Expert parallelism is enabled. Expert placement strategy: linear. Local/global number of experts: 8/256. Experts local to global index map: 0->32, 1->33, 2->34, 3->35, 4->36, 5->37, 6->38, 7->39.
2026-03-15T16:52:02.8167946Z (Worker pid=725) (Worker_DP1_TP5_EP13 pid=725) INFO 03-15 16:52:02 [layer.py:456] [EP Rank 13/32] Expert parallelism is enabled. Expert placement strategy: linear. Local/global number of experts: 8/256. Experts local to global index map: 0->104, 1->105, 2->106, 3->107, 4->108, 5->109, 6->110, 7->111.
2026-03-15T16:52:02.8395736Z (Worker pid=512) INFO 03-15 16:52:02 [cpu_binding.py:320] [cpu_bind_mode] mode=global_slice rank=3 visible_npus=[8, 9, 10, 11, 12, 13, 14, 15]
2026-03-15T16:52:02.8415207Z (Worker pid=512) INFO 03-15 16:52:02 [cpu_binding.py:367] The CPU allocation plan is as follows:
2026-03-15T16:52:02.8426657Z (Worker pid=512) INFO 03-15 16:52:02 [cpu_binding.py:372] NPU11: main=[222 223 224 225 226 227 228 229 230 231 232 233 234 235 236 237]  acl=[238]  release=[[239]]
2026-03-15T16:52:02.9042569Z (Worker pid=512) INFO 03-15 16:52:02 [cpu_binding.py:383] The 'migratepages' command is not available, skipping memory binding.
2026-03-15T16:52:02.9370755Z (Worker pid=509) INFO 03-15 16:52:02 [cpu_binding.py:320] [cpu_bind_mode] mode=global_slice rank=3 visible_npus=[0, 1, 2, 3, 4, 5, 6, 7]
2026-03-15T16:52:02.9381798Z (Worker pid=509) INFO 03-15 16:52:02 [cpu_binding.py:367] The CPU allocation plan is as follows:
2026-03-15T16:52:02.9393697Z (Worker pid=509) INFO 03-15 16:52:02 [cpu_binding.py:372] NPU3: main=[62 63 64 65 66 67 68 69 70 71 72 73 74 75 76 77]  acl=[78]  release=[[79]]
2026-03-15T16:52:02.9435441Z (Worker pid=512) WARNING 03-15 16:52:02 [__init__.py:204] min_p and logit_bias parameters won't work with speculative decoding.
2026-03-15T16:52:02.9681914Z (Worker pid=512) INFO 03-15 16:52:02 [base.py:106] Offloader set to NoopOffloader
2026-03-15T16:52:02.9809352Z (Worker pid=512) WARNING 03-15 16:52:02 [__init__.py:204] min_p and logit_bias parameters won't work with speculative decoding.
2026-03-15T16:52:02.9834129Z (Worker pid=512) (Worker_DP1_TP3_EP11 pid=512) INFO 03-15 16:52:02 [model_runner_v1.py:2534] Starting to load model /root/.cache/modelscope/hub/models/vllm-ascend/DeepSeek-V3___2-W8A8...
2026-03-15T16:52:02.9982171Z (Worker pid=509) INFO 03-15 16:52:02 [cpu_binding.py:383] The 'migratepages' command is not available, skipping memory binding.
2026-03-15T16:52:03.0625092Z (Worker pid=509) WARNING 03-15 16:52:03 [__init__.py:204] min_p and logit_bias parameters won't work with speculative decoding.
2026-03-15T16:52:03.0722079Z (Worker pid=509) INFO 03-15 16:52:03 [base.py:106] Offloader set to NoopOffloader
2026-03-15T16:52:03.0872748Z (Worker pid=509) WARNING 03-15 16:52:03 [__init__.py:204] min_p and logit_bias parameters won't work with speculative decoding.
2026-03-15T16:52:03.0902103Z (Worker pid=509) (Worker_DP0_TP3_EP3 pid=509) INFO 03-15 16:52:03 [model_runner_v1.py:2534] Starting to load model /root/.cache/modelscope/hub/models/vllm-ascend/DeepSeek-V3___2-W8A8...
2026-03-15T16:52:03.3823078Z (Worker pid=618) INFO 03-15 16:52:03 [cpu_binding.py:320] [cpu_bind_mode] mode=global_slice rank=4 visible_npus=[8, 9, 10, 11, 12, 13, 14, 15]
2026-03-15T16:52:03.3832867Z (Worker pid=618) INFO 03-15 16:52:03 [cpu_binding.py:367] The CPU allocation plan is as follows:
2026-03-15T16:52:03.3844112Z (Worker pid=618) INFO 03-15 16:52:03 [cpu_binding.py:372] NPU12: main=[242 243 244 245 246 247 248 249 250 251 252 253 254 255 256 257]  acl=[258]  release=[[259]]
2026-03-15T16:52:03.4397398Z (Worker pid=618) INFO 03-15 16:52:03 [cpu_binding.py:383] The 'migratepages' command is not available, skipping memory binding.
2026-03-15T16:52:03.4828977Z (Worker pid=618) WARNING 03-15 16:52:03 [__init__.py:204] min_p and logit_bias parameters won't work with speculative decoding.
2026-03-15T16:52:03.4900956Z (Worker pid=618) INFO 03-15 16:52:03 [base.py:106] Offloader set to NoopOffloader
2026-03-15T16:52:03.4999902Z (Worker pid=618) WARNING 03-15 16:52:03 [__init__.py:204] min_p and logit_bias parameters won't work with speculative decoding.
2026-03-15T16:52:03.5054409Z (Worker pid=618) (Worker_DP1_TP4_EP12 pid=618) INFO 03-15 16:52:03 [model_runner_v1.py:2534] Starting to load model /root/.cache/modelscope/hub/models/vllm-ascend/DeepSeek-V3___2-W8A8...
2026-03-15T16:52:03.5122258Z (Worker pid=827) INFO 03-15 16:52:03 [cpu_binding.py:320] [cpu_bind_mode] mode=global_slice rank=6 visible_npus=[0, 1, 2, 3, 4, 5, 6, 7]
2026-03-15T16:52:03.5144513Z (Worker pid=827) INFO 03-15 16:52:03 [cpu_binding.py:367] The CPU allocation plan is as follows:
2026-03-15T16:52:03.5155969Z (Worker pid=827) INFO 03-15 16:52:03 [cpu_binding.py:372] NPU6: main=[122 123 124 125 126 127 128 129 130 131 132 133 134 135 136 137]  acl=[138]  release=[[139]]
2026-03-15T16:52:03.5726412Z (Worker pid=827) INFO 03-15 16:52:03 [cpu_binding.py:383] The 'migratepages' command is not available, skipping memory binding.
2026-03-15T16:52:03.6102115Z (Worker pid=827) WARNING 03-15 16:52:03 [__init__.py:204] min_p and logit_bias parameters won't work with speculative decoding.
2026-03-15T16:52:03.6152395Z (Worker pid=827) INFO 03-15 16:52:03 [base.py:106] Offloader set to NoopOffloader
2026-03-15T16:52:03.6247185Z (Worker pid=827) WARNING 03-15 16:52:03 [__init__.py:204] min_p and logit_bias parameters won't work with speculative decoding.
2026-03-15T16:52:03.6270602Z (Worker pid=827) (Worker_DP0_TP6_EP6 pid=827) INFO 03-15 16:52:03 [model_runner_v1.py:2534] Starting to load model /root/.cache/modelscope/hub/models/vllm-ascend/DeepSeek-V3___2-W8A8...
2026-03-15T16:52:03.6602363Z (Worker pid=831) INFO 03-15 16:52:03 [cpu_binding.py:320] [cpu_bind_mode] mode=global_slice rank=6 visible_npus=[8, 9, 10, 11, 12, 13, 14, 15]
2026-03-15T16:52:03.6646836Z (Worker pid=831) INFO 03-15 16:52:03 [cpu_binding.py:367] The CPU allocation plan is as follows:
2026-03-15T16:52:03.6647914Z (Worker pid=831) INFO 03-15 16:52:03 [cpu_binding.py:372] NPU14: main=[282 283 284 285 286 287 288 289 290 291 292 293 294 295 296 297]  acl=[298]  release=[[299]]
2026-03-15T16:52:03.6796485Z (Worker pid=271) INFO 03-15 16:52:03 [cpu_binding.py:320] [cpu_bind_mode] mode=global_slice rank=1 visible_npus=[0, 1, 2, 3, 4, 5, 6, 7]
2026-03-15T16:52:03.6808963Z (Worker pid=271) INFO 03-15 16:52:03 [cpu_binding.py:367] The CPU allocation plan is as follows:
2026-03-15T16:52:03.6819429Z (Worker pid=271) INFO 03-15 16:52:03 [cpu_binding.py:372] NPU1: main=[22 23 24 25 26 27 28 29 30 31 32 33 34 35 36 37]  acl=[38]  release=[[39]]
2026-03-15T16:52:03.7310138Z (Worker pid=831) INFO 03-15 16:52:03 [cpu_binding.py:383] The 'migratepages' command is not available, skipping memory binding.
2026-03-15T16:52:03.7336111Z (Worker pid=271) INFO 03-15 16:52:03 [cpu_binding.py:383] The 'migratepages' command is not available, skipping memory binding.
2026-03-15T16:52:03.7480744Z (Worker pid=406) INFO 03-15 16:52:03 [cpu_binding.py:320] [cpu_bind_mode] mode=global_slice rank=2 visible_npus=[8, 9, 10, 11, 12, 13, 14, 15]
2026-03-15T16:52:03.7491662Z (Worker pid=406) INFO 03-15 16:52:03 [cpu_binding.py:367] The CPU allocation plan is as follows:
2026-03-15T16:52:03.7503233Z (Worker pid=406) INFO 03-15 16:52:03 [cpu_binding.py:372] NPU10: main=[202 203 204 205 206 207 208 209 210 211 212 213 214 215 216 217]  acl=[218]  release=[[219]]
2026-03-15T16:52:03.7626743Z (Worker pid=831) WARNING 03-15 16:52:03 [__init__.py:204] min_p and logit_bias parameters won't work with speculative decoding.
2026-03-15T16:52:03.7713493Z (Worker pid=271) WARNING 03-15 16:52:03 [__init__.py:204] min_p and logit_bias parameters won't work with speculative decoding.
2026-03-15T16:52:03.7727114Z (Worker pid=831) INFO 03-15 16:52:03 [base.py:106] Offloader set to NoopOffloader
2026-03-15T16:52:03.7780695Z (Worker pid=271) INFO 03-15 16:52:03 [base.py:106] Offloader set to NoopOffloader
2026-03-15T16:52:03.7803417Z (Worker pid=831) WARNING 03-15 16:52:03 [__init__.py:204] min_p and logit_bias parameters won't work with speculative decoding.
2026-03-15T16:52:03.7825516Z (Worker pid=831) (Worker_DP1_TP6_EP14 pid=831) INFO 03-15 16:52:03 [model_runner_v1.py:2534] Starting to load model /root/.cache/modelscope/hub/models/vllm-ascend/DeepSeek-V3___2-W8A8...
2026-03-15T16:52:03.8322395Z (Worker pid=271) WARNING 03-15 16:52:03 [__init__.py:204] min_p and logit_bias parameters won't work with speculative decoding.
2026-03-15T16:52:03.8323416Z (Worker pid=271) (Worker_DP0_TP1_EP1 pid=271) INFO 03-15 16:52:03 [model_runner_v1.py:2534] Starting to load model /root/.cache/modelscope/hub/models/vllm-ascend/DeepSeek-V3___2-W8A8...
2026-03-15T16:52:03.8324357Z (Worker pid=406) INFO 03-15 16:52:03 [cpu_binding.py:383] The 'migratepages' command is not available, skipping memory binding.
2026-03-15T16:52:03.8412170Z (Worker pid=274) (Worker_DP1_TP1_EP9 pid=274) INFO 03-15 16:52:03 [layer.py:456] [EP Rank 9/32] Expert parallelism is enabled. Expert placement strategy: linear. Local/global number of experts: 8/256. Experts local to global index map: 0->72, 1->73, 2->74, 3->75, 4->76, 5->77, 6->78, 7->79.
2026-03-15T16:52:03.8431017Z (Worker pid=406) WARNING 03-15 16:52:03 [__init__.py:204] min_p and logit_bias parameters won't work with speculative decoding.
2026-03-15T16:52:03.8466210Z (Worker pid=221) (Worker_DP1_TP0_EP8 pid=221) INFO 03-15 16:52:03 [layer.py:456] [EP Rank 8/32] Expert parallelism is enabled. Expert placement strategy: linear. Local/global number of experts: 8/256. Experts local to global index map: 0->64, 1->65, 2->66, 3->67, 4->68, 5->69, 6->70, 7->71.
2026-03-15T16:52:03.8516605Z (Worker pid=406) INFO 03-15 16:52:03 [base.py:106] Offloader set to NoopOffloader
2026-03-15T16:52:03.8659776Z (Worker pid=406) WARNING 03-15 16:52:03 [__init__.py:204] min_p and logit_bias parameters won't work with speculative decoding.
2026-03-15T16:52:03.8689109Z (Worker pid=406) (Worker_DP1_TP2_EP10 pid=406) INFO 03-15 16:52:03 [model_runner_v1.py:2534] Starting to load model /root/.cache/modelscope/hub/models/vllm-ascend/DeepSeek-V3___2-W8A8...
2026-03-15T16:52:04.1054059Z (Worker pid=931) INFO 03-15 16:52:04 [cpu_binding.py:320] [cpu_bind_mode] mode=global_slice rank=7 visible_npus=[0, 1, 2, 3, 4, 5, 6, 7]
2026-03-15T16:52:04.1054807Z (Worker pid=931) INFO 03-15 16:52:04 [cpu_binding.py:367] The CPU allocation plan is as follows:
2026-03-15T16:52:04.1055574Z (Worker pid=931) INFO 03-15 16:52:04 [cpu_binding.py:372] NPU7: main=[142 143 144 145 146 147 148 149 150 151 152 153 154 155 156 157]  acl=[158]  release=[[159]]
2026-03-15T16:52:04.1290640Z (Worker pid=220) INFO 03-15 16:52:04 [cpu_binding.py:320] [cpu_bind_mode] mode=global_slice rank=0 visible_npus=[0, 1, 2, 3, 4, 5, 6, 7]
2026-03-15T16:52:04.1313330Z (Worker pid=220) INFO 03-15 16:52:04 [cpu_binding.py:367] The CPU allocation plan is as follows:
2026-03-15T16:52:04.1325073Z (Worker pid=220) INFO 03-15 16:52:04 [cpu_binding.py:372] NPU0: main=[2 3 4 5 6 7 8 9 10 11 12 13 14 15 16 17]  acl=[18]  release=[[19]]
2026-03-15T16:52:04.1557136Z (Worker pid=931) INFO 03-15 16:52:04 [cpu_binding.py:383] The 'migratepages' command is not available, skipping memory binding.
2026-03-15T16:52:04.1859707Z (Worker pid=931) WARNING 03-15 16:52:04 [__init__.py:204] min_p and logit_bias parameters won't work with speculative decoding.
2026-03-15T16:52:04.1896052Z (Worker pid=220) INFO 03-15 16:52:04 [cpu_binding.py:383] The 'migratepages' command is not available, skipping memory binding.
2026-03-15T16:52:04.1933068Z (Worker pid=931) INFO 03-15 16:52:04 [base.py:106] Offloader set to NoopOffloader
2026-03-15T16:52:04.2008265Z (Worker pid=618) (Worker_DP1_TP4_EP12 pid=618) INFO 03-15 16:52:04 [layer.py:456] [EP Rank 12/32] Expert parallelism is enabled. Expert placement strategy: linear. Local/global number of experts: 8/256. Experts local to global index map: 0->96, 1->97, 2->98, 3->99, 4->100, 5->101, 6->102, 7->103.
2026-03-15T16:52:04.2030103Z (Worker pid=931) WARNING 03-15 16:52:04 [__init__.py:204] min_p and logit_bias parameters won't work with speculative decoding.
2026-03-15T16:52:04.2091896Z (Worker pid=931) (Worker_DP0_TP7_EP7 pid=931) INFO 03-15 16:52:04 [model_runner_v1.py:2534] Starting to load model /root/.cache/modelscope/hub/models/vllm-ascend/DeepSeek-V3___2-W8A8...
2026-03-15T16:52:04.2200520Z (Worker pid=220) WARNING 03-15 16:52:04 [__init__.py:204] min_p and logit_bias parameters won't work with speculative decoding.
2026-03-15T16:52:04.2290134Z (Worker pid=220) INFO 03-15 16:52:04 [base.py:106] Offloader set to NoopOffloader
2026-03-15T16:52:04.2387950Z (Worker pid=220) WARNING 03-15 16:52:04 [__init__.py:204] min_p and logit_bias parameters won't work with speculative decoding.
2026-03-15T16:52:04.2429653Z (Worker pid=220) (Worker_DP0_TP0_EP0 pid=220) INFO 03-15 16:52:04 [model_runner_v1.py:2534] Starting to load model /root/.cache/modelscope/hub/models/vllm-ascend/DeepSeek-V3___2-W8A8...
2026-03-15T16:52:04.2597153Z (Worker pid=509) (Worker_DP0_TP3_EP3 pid=509) INFO 03-15 16:52:04 [layer.py:456] [EP Rank 3/32] Expert parallelism is enabled. Expert placement strategy: linear. Local/global number of experts: 8/256. Experts local to global index map: 0->24, 1->25, 2->26, 3->27, 4->28, 5->29, 6->30, 7->31.
2026-03-15T16:52:04.2812429Z (Worker pid=403) (Worker_DP0_TP2_EP2 pid=403) INFO 03-15 16:52:04 [layer.py:456] [EP Rank 2/32] Expert parallelism is enabled. Expert placement strategy: linear. Local/global number of experts: 8/256. Experts local to global index map: 0->16, 1->17, 2->18, 3->19, 4->20, 5->21, 6->22, 7->23.
2026-03-15T16:52:04.3915579Z (Worker pid=827) (Worker_DP0_TP6_EP6 pid=827) INFO 03-15 16:52:04 [layer.py:456] [EP Rank 6/32] Expert parallelism is enabled. Expert placement strategy: linear. Local/global number of experts: 8/256. Experts local to global index map: 0->48, 1->49, 2->50, 3->51, 4->52, 5->53, 6->54, 7->55.
2026-03-15T16:52:04.4428156Z (Worker pid=512) (Worker_DP1_TP3_EP11 pid=512) INFO 03-15 16:52:04 [layer.py:456] [EP Rank 11/32] Expert parallelism is enabled. Expert placement strategy: linear. Local/global number of experts: 8/256. Experts local to global index map: 0->88, 1->89, 2->90, 3->91, 4->92, 5->93, 6->94, 7->95.
2026-03-15T16:52:04.6255063Z (Worker pid=831) (Worker_DP1_TP6_EP14 pid=831) INFO 03-15 16:52:04 [layer.py:456] [EP Rank 14/32] Expert parallelism is enabled. Expert placement strategy: linear. Local/global number of experts: 8/256. Experts local to global index map: 0->112, 1->113, 2->114, 3->115, 4->116, 5->117, 6->118, 7->119.
2026-03-15T16:52:04.9719758Z (Worker pid=406) (Worker_DP1_TP2_EP10 pid=406) INFO 03-15 16:52:04 [layer.py:456] [EP Rank 10/32] Expert parallelism is enabled. Expert placement strategy: linear. Local/global number of experts: 8/256. Experts local to global index map: 0->80, 1->81, 2->82, 3->83, 4->84, 5->85, 6->86, 7->87.
2026-03-15T16:52:04.9748033Z (Worker pid=931) (Worker_DP0_TP7_EP7 pid=931) INFO 03-15 16:52:04 [layer.py:456] [EP Rank 7/32] Expert parallelism is enabled. Expert placement strategy: linear. Local/global number of experts: 8/256. Experts local to global index map: 0->56, 1->57, 2->58, 3->59, 4->60, 5->61, 6->62, 7->63.
2026-03-15T16:52:05.2653864Z (Worker pid=271) (Worker_DP0_TP1_EP1 pid=271) INFO 03-15 16:52:05 [layer.py:456] [EP Rank 1/32] Expert parallelism is enabled. Expert placement strategy: linear. Local/global number of experts: 8/256. Experts local to global index map: 0->8, 1->9, 2->10, 3->11, 4->12, 5->13, 6->14, 7->15.
2026-03-15T16:52:05.3567179Z (Worker pid=220) (Worker_DP0_TP0_EP0 pid=220) INFO 03-15 16:52:05 [layer.py:456] [EP Rank 0/32] Expert parallelism is enabled. Expert placement strategy: linear. Local/global number of experts: 8/256. Experts local to global index map: 0->0, 1->1, 2->2, 3->3, 4->4, 5->5, 6->6, 7->7.
2026-03-15T16:52:05.9480230Z (Worker pid=220) (Worker_DP0_TP0_EP0 pid=220) INFO 03-15 16:52:05 [fused_moe.py:285] [EP Rank 0/32] Expert parallelism is enabled. Local/global number of experts: 8/256. Experts local to global index map: 0->0, 1->1, 2->2, 3->3, 4->4, 5->5, 6->6, 7->7.
2026-03-15T16:52:06.0936477Z (Worker pid=271) (Worker_DP0_TP1_EP1 pid=271) INFO 03-15 16:52:06 [fused_moe.py:285] [EP Rank 1/32] Expert parallelism is enabled. Local/global number of experts: 8/256. Experts local to global index map: 0->8, 1->9, 2->10, 3->11, 4->12, 5->13, 6->14, 7->15.
2026-03-15T16:52:06.1128367Z (Worker pid=831) (Worker_DP1_TP6_EP14 pid=831) INFO 03-15 16:52:06 [fused_moe.py:285] [EP Rank 14/32] Expert parallelism is enabled. Local/global number of experts: 8/256. Experts local to global index map: 0->112, 1->113, 2->114, 3->115, 4->116, 5->117, 6->118, 7->119.
2026-03-15T16:52:06.1329203Z (Worker pid=725) (Worker_DP1_TP5_EP13 pid=725) INFO 03-15 16:52:06 [fused_moe.py:285] [EP Rank 13/32] Expert parallelism is enabled. Local/global number of experts: 8/256. Experts local to global index map: 0->104, 1->105, 2->106, 3->107, 4->108, 5->109, 6->110, 7->111.
2026-03-15T16:52:06.1356133Z (Worker pid=403) (Worker_DP0_TP2_EP2 pid=403) INFO 03-15 16:52:06 [fused_moe.py:285] [EP Rank 2/32] Expert parallelism is enabled. Local/global number of experts: 8/256. Experts local to global index map: 0->16, 1->17, 2->18, 3->19, 4->20, 5->21, 6->22, 7->23.
2026-03-15T16:52:06.1393932Z (Worker pid=827) (Worker_DP0_TP6_EP6 pid=827) INFO 03-15 16:52:06 [fused_moe.py:285] [EP Rank 6/32] Expert parallelism is enabled. Local/global number of experts: 8/256. Experts local to global index map: 0->48, 1->49, 2->50, 3->51, 4->52, 5->53, 6->54, 7->55.
2026-03-15T16:52:06.1444805Z (Worker pid=221) (Worker_DP1_TP0_EP8 pid=221) INFO 03-15 16:52:06 [fused_moe.py:285] [EP Rank 8/32] Expert parallelism is enabled. Local/global number of experts: 8/256. Experts local to global index map: 0->64, 1->65, 2->66, 3->67, 4->68, 5->69, 6->70, 7->71.
2026-03-15T16:52:06.1470243Z (Worker pid=512) (Worker_DP1_TP3_EP11 pid=512) INFO 03-15 16:52:06 [fused_moe.py:285] [EP Rank 11/32] Expert parallelism is enabled. Local/global number of experts: 8/256. Experts local to global index map: 0->88, 1->89, 2->90, 3->91, 4->92, 5->93, 6->94, 7->95.
2026-03-15T16:52:06.1637210Z (Worker pid=941) (Worker_DP1_TP7_EP15 pid=941) INFO 03-15 16:52:06 [fused_moe.py:285] [EP Rank 15/32] Expert parallelism is enabled. Local/global number of experts: 8/256. Experts local to global index map: 0->120, 1->121, 2->122, 3->123, 4->124, 5->125, 6->126, 7->127.
2026-03-15T16:52:06.1842508Z (Worker pid=618) (Worker_DP1_TP4_EP12 pid=618) INFO 03-15 16:52:06 [fused_moe.py:285] [EP Rank 12/32] Expert parallelism is enabled. Local/global number of experts: 8/256. Experts local to global index map: 0->96, 1->97, 2->98, 3->99, 4->100, 5->101, 6->102, 7->103.
2026-03-15T16:52:06.1884379Z (Worker pid=509) (Worker_DP0_TP3_EP3 pid=509) INFO 03-15 16:52:06 [fused_moe.py:285] [EP Rank 3/32] Expert parallelism is enabled. Local/global number of experts: 8/256. Experts local to global index map: 0->24, 1->25, 2->26, 3->27, 4->28, 5->29, 6->30, 7->31.
2026-03-15T16:52:06.1954782Z (Worker pid=931) (Worker_DP0_TP7_EP7 pid=931) INFO 03-15 16:52:06 [fused_moe.py:285] [EP Rank 7/32] Expert parallelism is enabled. Local/global number of experts: 8/256. Experts local to global index map: 0->56, 1->57, 2->58, 3->59, 4->60, 5->61, 6->62, 7->63.
2026-03-15T16:52:06.1999526Z (Worker pid=274) (Worker_DP1_TP1_EP9 pid=274) INFO 03-15 16:52:06 [fused_moe.py:285] [EP Rank 9/32] Expert parallelism is enabled. Local/global number of experts: 8/256. Experts local to global index map: 0->72, 1->73, 2->74, 3->75, 4->76, 5->77, 6->78, 7->79.
2026-03-15T16:52:06.2255012Z (Worker pid=406) (Worker_DP1_TP2_EP10 pid=406) INFO 03-15 16:52:06 [fused_moe.py:285] [EP Rank 10/32] Expert parallelism is enabled. Local/global number of experts: 8/256. Experts local to global index map: 0->80, 1->81, 2->82, 3->83, 4->84, 5->85, 6->86, 7->87.
2026-03-15T16:52:06.2293018Z (Worker pid=721) (Worker_DP0_TP5_EP5 pid=721) INFO 03-15 16:52:06 [fused_moe.py:285] [EP Rank 5/32] Expert parallelism is enabled. Local/global number of experts: 8/256. Experts local to global index map: 0->40, 1->41, 2->42, 3->43, 4->44, 5->45, 6->46, 7->47.
2026-03-15T16:52:06.2304251Z (Worker pid=615) (Worker_DP0_TP4_EP4 pid=615) INFO 03-15 16:52:06 [fused_moe.py:285] [EP Rank 4/32] Expert parallelism is enabled. Local/global number of experts: 8/256. Experts local to global index map: 0->32, 1->33, 2->34, 3->35, 4->36, 5->37, 6->38, 7->39.
2026-03-15T16:52:06.4687429Z (Worker pid=831) (Worker_DP1_TP6_EP14 pid=831) INFO 03-15 16:52:06 [fused_moe.py:540] Sequence parallelism is enabled, shared experts are replicated for best performance.
2026-03-15T16:52:06.4700597Z (Worker pid=941) (Worker_DP1_TP7_EP15 pid=941) INFO 03-15 16:52:06 [fused_moe.py:540] Sequence parallelism is enabled, shared experts are replicated for best performance.
2026-03-15T16:52:06.4877023Z (Worker pid=403) (Worker_DP0_TP2_EP2 pid=403) INFO 03-15 16:52:06 [fused_moe.py:540] Sequence parallelism is enabled, shared experts are replicated for best performance.
2026-03-15T16:52:06.4902369Z (Worker pid=618) (Worker_DP1_TP4_EP12 pid=618) INFO 03-15 16:52:06 [fused_moe.py:540] Sequence parallelism is enabled, shared experts are replicated for best performance.
2026-03-15T16:52:06.4929797Z (Worker pid=827) (Worker_DP0_TP6_EP6 pid=827) INFO 03-15 16:52:06 [fused_moe.py:540] Sequence parallelism is enabled, shared experts are replicated for best performance.
2026-03-15T16:52:06.4942097Z (Worker pid=509) (Worker_DP0_TP3_EP3 pid=509) INFO 03-15 16:52:06 [fused_moe.py:540] Sequence parallelism is enabled, shared experts are replicated for best performance.
2026-03-15T16:52:06.4953839Z (Worker pid=725) (Worker_DP1_TP5_EP13 pid=725) INFO 03-15 16:52:06 [fused_moe.py:540] Sequence parallelism is enabled, shared experts are replicated for best performance.
2026-03-15T16:52:06.4964838Z (Worker pid=931) (Worker_DP0_TP7_EP7 pid=931) INFO 03-15 16:52:06 [fused_moe.py:540] Sequence parallelism is enabled, shared experts are replicated for best performance.
2026-03-15T16:52:06.4976431Z (Worker pid=221) (Worker_DP1_TP0_EP8 pid=221) INFO 03-15 16:52:06 [fused_moe.py:540] Sequence parallelism is enabled, shared experts are replicated for best performance.
2026-03-15T16:52:06.5111379Z (Worker pid=274) (Worker_DP1_TP1_EP9 pid=274) INFO 03-15 16:52:06 [fused_moe.py:540] Sequence parallelism is enabled, shared experts are replicated for best performance.
2026-03-15T16:52:06.5288085Z (Worker pid=512) (Worker_DP1_TP3_EP11 pid=512) INFO 03-15 16:52:06 [fused_moe.py:540] Sequence parallelism is enabled, shared experts are replicated for best performance.
2026-03-15T16:52:06.5299365Z (Worker pid=406) (Worker_DP1_TP2_EP10 pid=406) INFO 03-15 16:52:06 [fused_moe.py:540] Sequence parallelism is enabled, shared experts are replicated for best performance.
2026-03-15T16:52:06.5313062Z (Worker pid=721) (Worker_DP0_TP5_EP5 pid=721) INFO 03-15 16:52:06 [fused_moe.py:540] Sequence parallelism is enabled, shared experts are replicated for best performance.
2026-03-15T16:52:06.5324893Z (Worker pid=615) (Worker_DP0_TP4_EP4 pid=615) INFO 03-15 16:52:06 [fused_moe.py:540] Sequence parallelism is enabled, shared experts are replicated for best performance.
2026-03-15T16:52:06.5864489Z (Worker pid=220) (Worker_DP0_TP0_EP0 pid=220) INFO 03-15 16:52:06 [fused_moe.py:540] Sequence parallelism is enabled, shared experts are replicated for best performance.
2026-03-15T16:52:06.6053138Z (Worker pid=271) (Worker_DP0_TP1_EP1 pid=271) INFO 03-15 16:52:06 [fused_moe.py:540] Sequence parallelism is enabled, shared experts are replicated for best performance.
2026-03-15T16:52:14.0543396Z (Worker pid=509) (Worker_DP0_TP3_EP3 pid=509) INFO 03-15 16:52:14 [compilation.py:937] Using OOT custom backend for compilation.
2026-03-15T16:52:14.1850641Z (Worker pid=403) (Worker_DP0_TP2_EP2 pid=403) INFO 03-15 16:52:14 [compilation.py:937] Using OOT custom backend for compilation.
2026-03-15T16:52:14.5695721Z (Worker pid=220) (Worker_DP0_TP0_EP0 pid=220) INFO 03-15 16:52:14 [compilation.py:937] Using OOT custom backend for compilation.
2026-03-15T16:52:14.6012434Z (Worker pid=941) (Worker_DP1_TP7_EP15 pid=941) INFO 03-15 16:52:14 [compilation.py:937] Using OOT custom backend for compilation.
2026-03-15T16:52:14.6782283Z (Worker pid=831) (Worker_DP1_TP6_EP14 pid=831) INFO 03-15 16:52:14 [compilation.py:937] Using OOT custom backend for compilation.
2026-03-15T16:52:14.6826370Z (Worker pid=721) (Worker_DP0_TP5_EP5 pid=721) INFO 03-15 16:52:14 [compilation.py:937] Using OOT custom backend for compilation.
2026-03-15T16:52:14.6909602Z (Worker pid=271) (Worker_DP0_TP1_EP1 pid=271) INFO 03-15 16:52:14 [compilation.py:937] Using OOT custom backend for compilation.
2026-03-15T16:52:14.7104257Z (Worker pid=725) (Worker_DP1_TP5_EP13 pid=725) INFO 03-15 16:52:14 [compilation.py:937] Using OOT custom backend for compilation.
2026-03-15T16:52:14.7241621Z (Worker pid=220) (Worker_DP0_TP0_EP0 pid=220)
2026-03-15T16:52:14.7242086Z Loading safetensors checkpoint shards:   0% Completed | 0/163 [00:00<?, ?it/s]
2026-03-15T16:52:14.8014014Z (Worker pid=618) (Worker_DP1_TP4_EP12 pid=618) INFO 03-15 16:52:14 [compilation.py:937] Using OOT custom backend for compilation.
2026-03-15T16:52:14.8043792Z (Worker pid=615) (Worker_DP0_TP4_EP4 pid=615) INFO 03-15 16:52:14 [compilation.py:937] Using OOT custom backend for compilation.
2026-03-15T16:52:14.8082330Z (Worker pid=406) (Worker_DP1_TP2_EP10 pid=406) INFO 03-15 16:52:14 [compilation.py:937] Using OOT custom backend for compilation.
2026-03-15T16:52:14.8657199Z (Worker pid=512) (Worker_DP1_TP3_EP11 pid=512) INFO 03-15 16:52:14 [compilation.py:937] Using OOT custom backend for compilation.
2026-03-15T16:52:14.9222588Z (Worker pid=931) (Worker_DP0_TP7_EP7 pid=931) INFO 03-15 16:52:14 [compilation.py:937] Using OOT custom backend for compilation.
2026-03-15T16:52:15.0230128Z (Worker pid=274) (Worker_DP1_TP1_EP9 pid=274) INFO 03-15 16:52:15 [compilation.py:937] Using OOT custom backend for compilation.
2026-03-15T16:52:15.0503170Z (Worker pid=827) (Worker_DP0_TP6_EP6 pid=827) INFO 03-15 16:52:15 [compilation.py:937] Using OOT custom backend for compilation.
2026-03-15T16:52:15.1223201Z (Worker pid=221) (Worker_DP1_TP0_EP8 pid=221) INFO 03-15 16:52:15 [compilation.py:937] Using OOT custom backend for compilation.
2026-03-15T16:52:19.7263674Z (Worker pid=220) (Worker_DP0_TP0_EP0 pid=220)
2026-03-15T16:52:19.7264231Z Loading safetensors checkpoint shards:   1% Completed | 1/163 [00:05<13:30,  5.00s/it]
2026-03-15T16:52:21.0894576Z (Worker pid=220) (Worker_DP0_TP0_EP0 pid=220)
2026-03-15T16:52:21.0895124Z Loading safetensors checkpoint shards:   1% Completed | 2/163 [00:06<07:40,  2.86s/it]
2026-03-15T16:52:22.7564335Z (Worker pid=220) (Worker_DP0_TP0_EP0 pid=220)
2026-03-15T16:52:22.7564865Z Loading safetensors checkpoint shards:   2% Completed | 3/163 [00:08<06:10,  2.32s/it]
2026-03-15T16:52:25.9174559Z (Worker pid=220) (Worker_DP0_TP0_EP0 pid=220)
2026-03-15T16:52:25.9175123Z Loading safetensors checkpoint shards:   2% Completed | 4/163 [00:11<07:01,  2.65s/it]
2026-03-15T16:52:27.2282815Z (Worker pid=220) (Worker_DP0_TP0_EP0 pid=220)
2026-03-15T16:52:27.2283360Z Loading safetensors checkpoint shards:   3% Completed | 5/163 [00:12<05:42,  2.17s/it]
2026-03-15T16:52:30.1455473Z (Worker pid=220) (Worker_DP0_TP0_EP0 pid=220)
2026-03-15T16:52:30.1456029Z Loading safetensors checkpoint shards:   4% Completed | 6/163 [00:15<06:20,  2.42s/it]
2026-03-15T16:52:31.4268823Z (Worker pid=220) (Worker_DP0_TP0_EP0 pid=220)
2026-03-15T16:52:31.4269310Z Loading safetensors checkpoint shards:   4% Completed | 7/163 [00:16<05:19,  2.05s/it]
2026-03-15T16:52:33.0432875Z (Worker pid=220) (Worker_DP0_TP0_EP0 pid=220)
2026-03-15T16:52:33.0433430Z Loading safetensors checkpoint shards:   5% Completed | 8/163 [00:18<04:56,  1.91s/it]
2026-03-15T16:52:36.2637027Z (Worker pid=220) (Worker_DP0_TP0_EP0 pid=220)
2026-03-15T16:52:36.2637577Z Loading safetensors checkpoint shards:   6% Completed | 9/163 [00:21<05:57,  2.32s/it]
2026-03-15T16:52:37.5277410Z (Worker pid=220) (Worker_DP0_TP0_EP0 pid=220)
2026-03-15T16:52:37.5277965Z Loading safetensors checkpoint shards:   6% Completed | 10/163 [00:22<05:05,  1.99s/it]
2026-03-15T16:52:39.0377584Z (Worker pid=220) (Worker_DP0_TP0_EP0 pid=220)
2026-03-15T16:52:39.0378152Z Loading safetensors checkpoint shards:   7% Completed | 11/163 [00:24<04:40,  1.85s/it]
2026-03-15T16:52:42.1978923Z (Worker pid=220) (Worker_DP0_TP0_EP0 pid=220)
2026-03-15T16:52:42.1979466Z Loading safetensors checkpoint shards:   7% Completed | 12/163 [00:27<05:39,  2.25s/it]
2026-03-15T16:52:43.6729447Z (Worker pid=220) (Worker_DP0_TP0_EP0 pid=220)
2026-03-15T16:52:43.6730092Z Loading safetensors checkpoint shards:   8% Completed | 13/163 [00:28<05:01,  2.01s/it]
2026-03-15T16:52:46.0066243Z (Worker pid=220) (Worker_DP0_TP0_EP0 pid=220)
2026-03-15T16:52:46.0066725Z Loading safetensors checkpoint shards:   9% Completed | 14/163 [00:31<05:14,  2.11s/it]
