2026-03-19T05:50:01.3446136Z [Gloo] Rank 0 is connected to 0 peer ranks. Expected number of connected peer ranks is : 0
2026-03-19T05:50:01.3446693Z [Gloo] Rank 0 is connected to 0 peer ranks. Expected number of connected peer ranks is : 0
2026-03-19T05:50:01.3447229Z [Gloo] Rank 0 is connected to 0 peer ranks. Expected number of connected peer ranks is : 0
2026-03-19T05:50:01.3449222Z [Gloo] Rank 0 is connected to 0 peer ranks. Expected number of connected peer ranks is : 0
2026-03-19T05:50:01.3451030Z [Gloo] Rank 0 is connected to 0 peer ranks. Expected number of connected peer ranks is : 0
2026-03-19T05:50:01.3459564Z [Gloo] Rank 0 is connected to 0 peer ranks. Expected number of connected peer ranks is : 0
2026-03-19T05:50:01.3467729Z [Gloo] Rank 0 is connected to 0 peer ranks. Expected number of connected peer ranks is : 0
2026-03-19T05:50:01.3468313Z [Gloo] Rank 0 is connected to 0 peer ranks. Expected number of connected peer ranks is : 0
2026-03-19T05:50:01.3468900Z [Gloo] Rank 0 is connected to 0 peer ranks. Expected number of connected peer ranks is : 0
2026-03-19T05:50:01.3469442Z [Gloo] Rank 0 is connected to 0 peer ranks. Expected number of connected peer ranks is : 0
2026-03-19T05:50:01.3470130Z [Gloo] Rank 0 is connected to 0 peer ranks. Expected number of connected peer ranks is : 0
2026-03-19T05:50:01.3475297Z [Gloo] Rank 0 is connected to 0 peer ranks. Expected number of connected peer ranks is : 0
2026-03-19T05:50:01.5604162Z [Gloo] Rank 0 is connected to 0 peer ranks. Expected number of connected peer ranks is : 0
2026-03-19T05:50:01.5604770Z [Gloo] Rank 0 is connected to 0 peer ranks. Expected number of connected peer ranks is : 0
2026-03-19T05:50:01.5605365Z [Gloo] Rank 0 is connected to 0 peer ranks. Expected number of connected peer ranks is : 0
2026-03-19T05:50:01.5605915Z [Gloo] Rank 0 is connected to 0 peer ranks. Expected number of connected peer ranks is : 0
2026-03-19T05:50:01.5606472Z [Gloo] Rank 0 is connected to 0 peer ranks. Expected number of connected peer ranks is : 0
2026-03-19T05:50:01.5607022Z [Gloo] Rank 0 is connected to 0 peer ranks. Expected number of connected peer ranks is : 0
2026-03-19T05:50:01.5607571Z [Gloo] Rank 0 is connected to 0 peer ranks. Expected number of connected peer ranks is : 0
2026-03-19T05:50:01.5608120Z [Gloo] Rank 0 is connected to 0 peer ranks. Expected number of connected peer ranks is : 0
2026-03-19T05:50:01.5618380Z [Gloo] Rank 0 is connected to 0 peer ranks. Expected number of connected peer ranks is : 0
2026-03-19T05:50:01.5624872Z [Gloo] Rank 0 is connected to 0 peer ranks. Expected number of connected peer ranks is : 0
2026-03-19T05:50:01.5629334Z [Gloo] Rank 0 is connected to 0 peer ranks. Expected number of connected peer ranks is : 0
2026-03-19T05:50:01.5630320Z [Gloo] Rank 0 is connected to 0 peer ranks. Expected number of connected peer ranks is : 0
2026-03-19T05:50:01.5637370Z [Gloo] Rank 0 is connected to 0 peer ranks. Expected number of connected peer ranks is : 0
2026-03-19T05:50:01.5637926Z [Gloo] Rank 0 is connected to 0 peer ranks. Expected number of connected peer ranks is : 0
2026-03-19T05:50:01.5638480Z [Gloo] Rank 0 is connected to 0 peer ranks. Expected number of connected peer ranks is : 0
2026-03-19T05:50:01.5639046Z [Gloo] Rank 0 is connected to 0 peer ranks. Expected number of connected peer ranks is : 0
2026-03-19T05:50:01.5639597Z [Gloo] Rank 0 is connected to 0 peer ranks. Expected number of connected peer ranks is : 0
2026-03-19T05:50:01.5641926Z [Gloo] Rank 0 is connected to 0 peer ranks. Expected number of connected peer ranks is : 0
2026-03-19T05:50:01.5646266Z [Gloo] Rank 0 is connected to 0 peer ranks. Expected number of connected peer ranks is : 0
2026-03-19T05:50:01.5646827Z [Gloo] Rank 0 is connected to 0 peer ranks. Expected number of connected peer ranks is : 0
2026-03-19T05:50:01.5656235Z [Gloo] Rank 0 is connected to 1 peer ranks. Expected number of connected peer ranks is : 1
2026-03-19T05:50:01.5656814Z [Gloo] Rank 1 is connected to 1 peer ranks. Expected number of connected peer ranks is : 1
2026-03-19T05:50:01.5667794Z [Gloo] Rank 0 is connected to 0 peer ranks. Expected number of connected peer ranks is : 0
2026-03-19T05:50:01.5668376Z [Gloo] Rank 0 is connected to 0 peer ranks. Expected number of connected peer ranks is : 0
2026-03-19T05:50:01.5668974Z [Gloo] Rank 0 is connected to 0 peer ranks. Expected number of connected peer ranks is : 0
2026-03-19T05:50:01.5669666Z [Gloo] Rank 0 is connected to 0 peer ranks. Expected number of connected peer ranks is : 0
2026-03-19T05:50:01.5670808Z [Gloo] Rank 0 is connected to 1 peer ranks. Expected number of connected peer ranks is : 1
2026-03-19T05:50:01.5671726Z [Gloo] Rank 1 is connected to 1 peer ranks. Expected number of connected peer ranks is : 1
2026-03-19T05:50:01.5672274Z [Gloo] Rank 0 is connected to 1 peer ranks. Expected number of connected peer ranks is : 1
2026-03-19T05:50:01.5672824Z [Gloo] Rank 1 is connected to 1 peer ranks. Expected number of connected peer ranks is : 1
2026-03-19T05:50:01.5673368Z [Gloo] Rank 1 is connected to 1 peer ranks. Expected number of connected peer ranks is : 1
2026-03-19T05:50:01.5673914Z [Gloo] Rank 0 is connected to 1 peer ranks. Expected number of connected peer ranks is : 1
2026-03-19T05:50:01.5698942Z [Gloo] Rank 0 is connected to 1 peer ranks. Expected number of connected peer ranks is : 1
2026-03-19T05:50:01.5699522Z [Gloo] Rank 1 is connected to 1 peer ranks. Expected number of connected peer ranks is : 1
2026-03-19T05:50:01.5700218Z [Gloo] Rank 1 is connected to 1 peer ranks. Expected number of connected peer ranks is : 1
2026-03-19T05:50:01.5700759Z [Gloo] Rank 0 is connected to 1 peer ranks. Expected number of connected peer ranks is : 1
2026-03-19T05:50:01.5701347Z [Gloo] Rank 1 is connected to 1 peer ranks. Expected number of connected peer ranks is : 1
2026-03-19T05:50:01.5701896Z [Gloo] Rank 0 is connected to 1 peer ranks. Expected number of connected peer ranks is : 1
2026-03-19T05:50:01.5704020Z [Gloo] Rank 1 is connected to 1 peer ranks. Expected number of connected peer ranks is : 1
2026-03-19T05:50:01.5704564Z [Gloo] Rank 0 is connected to 1 peer ranks. Expected number of connected peer ranks is : 1
2026-03-19T05:50:01.5777232Z [Gloo] Rank 0 is connected to 15 peer ranks. Expected number of connected peer ranks is : 15
2026-03-19T05:50:01.5790843Z (Worker pid=1533) INFO 03-19 05:50:01 [parallel_state.py:1715] rank 0 in world size 16 is assigned as DP rank 0, PP rank 0, PCP rank 0, TP rank 0, EP rank 0, EPLB rank N/A
2026-03-19T05:50:01.7098754Z [Gloo] Rank 10 is connected to 15 peer ranks. Expected number of connected peer ranks is : 15
2026-03-19T05:50:01.7099422Z [Gloo] Rank 13 is connected to 15 peer ranks. Expected number of connected peer ranks is : 15
2026-03-19T05:50:01.7101999Z [Gloo] Rank 1 is connected to 15 peer ranks. Expected number of connected peer ranks is : 15
2026-03-19T05:50:01.7103116Z (Worker pid=1686) INFO 03-19 05:50:01 [parallel_state.py:1715] rank 10 in world size 16 is assigned as DP rank 1, PP rank 0, PCP rank 0, TP rank 2, EP rank 10, EPLB rank N/A
2026-03-19T05:50:01.7104115Z (Worker pid=2004) INFO 03-19 05:50:01 [parallel_state.py:1715] rank 13 in world size 16 is assigned as DP rank 1, PP rank 0, PCP rank 0, TP rank 5, EP rank 13, EPLB rank N/A
2026-03-19T05:50:01.7109731Z (Worker pid=1571) INFO 03-19 05:50:01 [parallel_state.py:1715] rank 1 in world size 16 is assigned as DP rank 0, PP rank 0, PCP rank 0, TP rank 1, EP rank 1, EPLB rank N/A
2026-03-19T05:50:01.7177758Z [Gloo] Rank 11 is connected to 15 peer ranks. Expected number of connected peer ranks is : 15
2026-03-19T05:50:01.7178376Z [Gloo] Rank 14 is connected to 15 peer ranks. Expected number of connected peer ranks is : 15
2026-03-19T05:50:01.7182187Z (Worker pid=2110) INFO 03-19 05:50:01 [parallel_state.py:1715] rank 14 in world size 16 is assigned as DP rank 1, PP rank 0, PCP rank 0, TP rank 6, EP rank 14, EPLB rank N/A
2026-03-19T05:50:01.7183997Z (Worker pid=1792) INFO 03-19 05:50:01 [parallel_state.py:1715] rank 11 in world size 16 is assigned as DP rank 1, PP rank 0, PCP rank 0, TP rank 3, EP rank 11, EPLB rank N/A
2026-03-19T05:50:01.7618085Z [Gloo] Rank 9 is connected to 15 peer ranks. Expected number of connected peer ranks is : 15
2026-03-19T05:50:01.7618716Z [Gloo] Rank 4 is connected to 15 peer ranks. Expected number of connected peer ranks is : 15
2026-03-19T05:50:01.7620214Z [Gloo] Rank 2 is connected to 15 peer ranks. Expected number of connected peer ranks is : 15
2026-03-19T05:50:01.7620932Z [Gloo] Rank 8 is connected to 15 peer ranks. Expected number of connected peer ranks is : 15
2026-03-19T05:50:01.7621766Z (Worker pid=1568) INFO 03-19 05:50:01 [parallel_state.py:1715] rank 9 in world size 16 is assigned as DP rank 1, PP rank 0, PCP rank 0, TP rank 1, EP rank 9, EPLB rank N/A
2026-03-19T05:50:01.7622742Z (Worker pid=1902) INFO 03-19 05:50:01 [parallel_state.py:1715] rank 4 in world size 16 is assigned as DP rank 0, PP rank 0, PCP rank 0, TP rank 4, EP rank 4, EPLB rank N/A
2026-03-19T05:50:01.7623706Z (Worker pid=1689) INFO 03-19 05:50:01 [parallel_state.py:1715] rank 2 in world size 16 is assigned as DP rank 0, PP rank 0, PCP rank 0, TP rank 2, EP rank 2, EPLB rank N/A
2026-03-19T05:50:01.7624672Z (Worker pid=1534) INFO 03-19 05:50:01 [parallel_state.py:1715] rank 8 in world size 16 is assigned as DP rank 1, PP rank 0, PCP rank 0, TP rank 0, EP rank 8, EPLB rank N/A
2026-03-19T05:50:01.7659776Z [Gloo] Rank 3 is connected to 15 peer ranks. Expected number of connected peer ranks is : 15
2026-03-19T05:50:01.7666354Z (Worker pid=1796) INFO 03-19 05:50:01 [parallel_state.py:1715] rank 3 in world size 16 is assigned as DP rank 0, PP rank 0, PCP rank 0, TP rank 3, EP rank 3, EPLB rank N/A
2026-03-19T05:50:01.7697082Z [Gloo] Rank 12 is connected to 15 peer ranks. Expected number of connected peer ranks is : 15
2026-03-19T05:50:01.7704101Z (Worker pid=1898) INFO 03-19 05:50:01 [parallel_state.py:1715] rank 12 in world size 16 is assigned as DP rank 1, PP rank 0, PCP rank 0, TP rank 4, EP rank 12, EPLB rank N/A
2026-03-19T05:50:01.7817848Z [Gloo] Rank 7 is connected to 15 peer ranks. Expected number of connected peer ranks is : 15
2026-03-19T05:50:01.7818456Z [Gloo] Rank 5 is connected to 15 peer ranks. Expected number of connected peer ranks is : 15
2026-03-19T05:50:01.7823418Z (Worker pid=2220) INFO 03-19 05:50:01 [parallel_state.py:1715] rank 7 in world size 16 is assigned as DP rank 0, PP rank 0, PCP rank 0, TP rank 7, EP rank 7, EPLB rank N/A
2026-03-19T05:50:01.7824397Z (Worker pid=2008) INFO 03-19 05:50:01 [parallel_state.py:1715] rank 5 in world size 16 is assigned as DP rank 0, PP rank 0, PCP rank 0, TP rank 5, EP rank 5, EPLB rank N/A
2026-03-19T05:50:01.7856629Z [Gloo] Rank 15 is connected to 15 peer ranks. Expected number of connected peer ranks is : 15
2026-03-19T05:50:01.7864130Z (Worker pid=2216) INFO 03-19 05:50:01 [parallel_state.py:1715] rank 15 in world size 16 is assigned as DP rank 1, PP rank 0, PCP rank 0, TP rank 7, EP rank 15, EPLB rank N/A
2026-03-19T05:50:01.7896153Z [Gloo] Rank 6 is connected to 15 peer ranks. Expected number of connected peer ranks is : 15
2026-03-19T05:50:01.7900990Z (Worker pid=2114) INFO 03-19 05:50:01 [parallel_state.py:1715] rank 6 in world size 16 is assigned as DP rank 0, PP rank 0, PCP rank 0, TP rank 6, EP rank 6, EPLB rank N/A
2026-03-19T05:50:01.7948609Z [Gloo] Rank 0 is connected to 15 peer ranks. Expected number of connected peer ranks is : 15
2026-03-19T05:50:01.7949232Z [Gloo] Rank 2 is connected to 15 peer ranks. Expected number of connected peer ranks is : 15
2026-03-19T05:50:01.7949908Z [Gloo] Rank 1 is connected to 15 peer ranks. Expected number of connected peer ranks is : 15
2026-03-19T05:50:01.7950529Z [Gloo] Rank 5 is connected to 15 peer ranks. Expected number of connected peer ranks is : 15
2026-03-19T05:50:01.7951093Z [Gloo] Rank 8 is connected to 15 peer ranks. Expected number of connected peer ranks is : 15
2026-03-19T05:50:01.7951712Z [Gloo] Rank 12 is connected to 15 peer ranks. Expected number of connected peer ranks is : 15
2026-03-19T05:50:01.7952270Z [Gloo] Rank 3 is connected to 15 peer ranks. Expected number of connected peer ranks is : 15
2026-03-19T05:50:01.7952826Z [Gloo] Rank 4 is connected to 15 peer ranks. Expected number of connected peer ranks is : 15
2026-03-19T05:50:01.7953370Z [Gloo] Rank 6 is connected to 15 peer ranks. Expected number of connected peer ranks is : 15
2026-03-19T05:50:01.7953931Z [Gloo] Rank 7 is connected to 15 peer ranks. Expected number of connected peer ranks is : 15
2026-03-19T05:50:01.7954638Z [Gloo] Rank 11 is connected to 15 peer ranks. Expected number of connected peer ranks is : 15
2026-03-19T05:50:01.7955200Z [Gloo] Rank 9 is connected to 15 peer ranks. Expected number of connected peer ranks is : 15
2026-03-19T05:50:01.7955765Z [Gloo] Rank 10 is connected to 15 peer ranks. Expected number of connected peer ranks is : 15
2026-03-19T05:50:01.7956326Z [Gloo] Rank 14 is connected to 15 peer ranks. Expected number of connected peer ranks is : 15
2026-03-19T05:50:01.7956886Z [Gloo] Rank 13 is connected to 15 peer ranks. Expected number of connected peer ranks is : 15
2026-03-19T05:50:01.7957440Z [Gloo] Rank 15 is connected to 15 peer ranks. Expected number of connected peer ranks is : 15
2026-03-19T05:50:01.8083598Z [Gloo] Rank 0 is connected to 1 peer ranks. Expected number of connected peer ranks is : 1
2026-03-19T05:50:01.8084202Z [Gloo] Rank 1 is connected to 1 peer ranks. Expected number of connected peer ranks is : 1
2026-03-19T05:50:01.8084794Z [Gloo] Rank 0 is connected to 1 peer ranks. Expected number of connected peer ranks is : 1
2026-03-19T05:50:01.8085347Z [Gloo] Rank 1 is connected to 1 peer ranks. Expected number of connected peer ranks is : 1
2026-03-19T05:50:01.8085886Z [Gloo] Rank 1 is connected to 1 peer ranks. Expected number of connected peer ranks is : 1
2026-03-19T05:50:01.8086438Z [Gloo] Rank 0 is connected to 1 peer ranks. Expected number of connected peer ranks is : 1
2026-03-19T05:50:01.8086996Z [Gloo] Rank 0 is connected to 1 peer ranks. Expected number of connected peer ranks is : 1
2026-03-19T05:50:01.8087536Z [Gloo] Rank 1 is connected to 1 peer ranks. Expected number of connected peer ranks is : 1
2026-03-19T05:50:01.8088079Z [Gloo] Rank 0 is connected to 1 peer ranks. Expected number of connected peer ranks is : 1
2026-03-19T05:50:01.8088627Z [Gloo] Rank 0 is connected to 1 peer ranks. Expected number of connected peer ranks is : 1
2026-03-19T05:50:01.8089174Z [Gloo] Rank 1 is connected to 1 peer ranks. Expected number of connected peer ranks is : 1
2026-03-19T05:50:01.8089722Z [Gloo] Rank 1 is connected to 1 peer ranks. Expected number of connected peer ranks is : 1
2026-03-19T05:50:01.8090401Z [Gloo] Rank 0 is connected to 1 peer ranks. Expected number of connected peer ranks is : 1
2026-03-19T05:50:01.8090944Z [Gloo] Rank 1 is connected to 1 peer ranks. Expected number of connected peer ranks is : 1
2026-03-19T05:50:01.8091669Z [Gloo] Rank 0 is connected to 1 peer ranks. Expected number of connected peer ranks is : 1
2026-03-19T05:50:01.8092213Z [Gloo] Rank 1 is connected to 1 peer ranks. Expected number of connected peer ranks is : 1
2026-03-19T05:50:05.4202196Z (Worker pid=1796) INFO 03-19 05:50:05 [cpu_binding.py:320] [cpu_bind_mode] mode=global_slice rank=3 visible_npus=[0, 1, 2, 3, 4, 5, 6, 7]
2026-03-19T05:50:05.4202922Z (Worker pid=1796) INFO 03-19 05:50:05 [cpu_binding.py:367] The CPU allocation plan is as follows:
2026-03-19T05:50:05.4203581Z (Worker pid=1796) INFO 03-19 05:50:05 [cpu_binding.py:372] NPU3: main=[62 63 64 65 66 67 68 69 70 71 72 73 74 75 76 77]  acl=[78]  release=[[79]]
2026-03-19T05:50:05.4998671Z (Worker pid=1796) INFO 03-19 05:50:05 [cpu_binding.py:383] The 'migratepages' command is not available, skipping memory binding.
2026-03-19T05:50:05.5991885Z (Worker pid=1796) WARNING 03-19 05:50:05 [__init__.py:204] min_p and logit_bias parameters won't work with speculative decoding.
2026-03-19T05:50:05.6123554Z (Worker pid=1796) INFO 03-19 05:50:05 [base.py:106] Offloader set to NoopOffloader
2026-03-19T05:50:05.6517602Z (Worker pid=1796) WARNING 03-19 05:50:05 [__init__.py:204] min_p and logit_bias parameters won't work with speculative decoding.
2026-03-19T05:50:05.6541200Z (Worker pid=1796) (Worker_DP0_TP3_EP3 pid=1796) INFO 03-19 05:50:05 [model_runner_v1.py:2543] Starting to load model /root/.cache/modelscope/hub/models/vllm-ascend/DeepSeek-V3___2-W8A8...
2026-03-19T05:50:05.6568553Z (Worker pid=1898) INFO 03-19 05:50:05 [cpu_binding.py:320] [cpu_bind_mode] mode=global_slice rank=4 visible_npus=[8, 9, 10, 11, 12, 13, 14, 15]
2026-03-19T05:50:05.6570918Z (Worker pid=1898) INFO 03-19 05:50:05 [cpu_binding.py:367] The CPU allocation plan is as follows:
2026-03-19T05:50:05.6571730Z (Worker pid=1898) INFO 03-19 05:50:05 [cpu_binding.py:372] NPU12: main=[242 243 244 245 246 247 248 249 250 251 252 253 254 255 256 257]  acl=[258]  release=[[259]]
2026-03-19T05:50:05.7037294Z (Worker pid=1898) INFO 03-19 05:50:05 [cpu_binding.py:383] The 'migratepages' command is not available, skipping memory binding.
2026-03-19T05:50:05.7490609Z (Worker pid=1898) WARNING 03-19 05:50:05 [__init__.py:204] min_p and logit_bias parameters won't work with speculative decoding.
2026-03-19T05:50:05.7630096Z (Worker pid=1898) INFO 03-19 05:50:05 [base.py:106] Offloader set to NoopOffloader
2026-03-19T05:50:05.7784123Z (Worker pid=1898) WARNING 03-19 05:50:05 [__init__.py:204] min_p and logit_bias parameters won't work with speculative decoding.
2026-03-19T05:50:05.7800425Z (Worker pid=1898) (Worker_DP1_TP4_EP12 pid=1898) INFO 03-19 05:50:05 [model_runner_v1.py:2543] Starting to load model /root/.cache/modelscope/hub/models/vllm-ascend/DeepSeek-V3___2-W8A8...
2026-03-19T05:50:05.8386687Z (Worker pid=2216) INFO 03-19 05:50:05 [cpu_binding.py:320] [cpu_bind_mode] mode=global_slice rank=7 visible_npus=[8, 9, 10, 11, 12, 13, 14, 15]
2026-03-19T05:50:05.8387469Z (Worker pid=2216) INFO 03-19 05:50:05 [cpu_binding.py:367] The CPU allocation plan is as follows:
2026-03-19T05:50:05.8388210Z (Worker pid=2216) INFO 03-19 05:50:05 [cpu_binding.py:372] NPU15: main=[302 303 304 305 306 307 308 309 310 311 312 313 314 315 316 317]  acl=[318]  release=[[319]]
2026-03-19T05:50:05.8945140Z (Worker pid=2216) INFO 03-19 05:50:05 [cpu_binding.py:383] The 'migratepages' command is not available, skipping memory binding.
2026-03-19T05:50:05.9476943Z (Worker pid=2216) WARNING 03-19 05:50:05 [__init__.py:204] min_p and logit_bias parameters won't work with speculative decoding.
2026-03-19T05:50:05.9653377Z (Worker pid=2216) INFO 03-19 05:50:05 [base.py:106] Offloader set to NoopOffloader
2026-03-19T05:50:05.9998375Z (Worker pid=2216) WARNING 03-19 05:50:05 [__init__.py:204] min_p and logit_bias parameters won't work with speculative decoding.
2026-03-19T05:50:06.0019600Z (Worker pid=2216) (Worker_DP1_TP7_EP15 pid=2216) INFO 03-19 05:50:06 [model_runner_v1.py:2543] Starting to load model /root/.cache/modelscope/hub/models/vllm-ascend/DeepSeek-V3___2-W8A8...
2026-03-19T05:50:06.1165048Z (Worker pid=1792) INFO 03-19 05:50:06 [cpu_binding.py:320] [cpu_bind_mode] mode=global_slice rank=3 visible_npus=[8, 9, 10, 11, 12, 13, 14, 15]
2026-03-19T05:50:06.1165845Z (Worker pid=1792) INFO 03-19 05:50:06 [cpu_binding.py:367] The CPU allocation plan is as follows:
2026-03-19T05:50:06.1166630Z (Worker pid=1792) INFO 03-19 05:50:06 [cpu_binding.py:372] NPU11: main=[222 223 224 225 226 227 228 229 230 231 232 233 234 235 236 237]  acl=[238]  release=[[239]]
2026-03-19T05:50:06.1640469Z (Worker pid=1792) INFO 03-19 05:50:06 [cpu_binding.py:383] The 'migratepages' command is not available, skipping memory binding.
2026-03-19T05:50:06.2341619Z (Worker pid=1792) WARNING 03-19 05:50:06 [__init__.py:204] min_p and logit_bias parameters won't work with speculative decoding.
2026-03-19T05:50:06.2593992Z (Worker pid=1792) INFO 03-19 05:50:06 [base.py:106] Offloader set to NoopOffloader
2026-03-19T05:50:06.2942354Z (Worker pid=1792) WARNING 03-19 05:50:06 [__init__.py:204] min_p and logit_bias parameters won't work with speculative decoding.
2026-03-19T05:50:06.2966861Z (Worker pid=1792) (Worker_DP1_TP3_EP11 pid=1792) INFO 03-19 05:50:06 [model_runner_v1.py:2543] Starting to load model /root/.cache/modelscope/hub/models/vllm-ascend/DeepSeek-V3___2-W8A8...
2026-03-19T05:50:06.3207862Z (Worker pid=1571) INFO 03-19 05:50:06 [cpu_binding.py:320] [cpu_bind_mode] mode=global_slice rank=1 visible_npus=[0, 1, 2, 3, 4, 5, 6, 7]
2026-03-19T05:50:06.3208617Z (Worker pid=1571) INFO 03-19 05:50:06 [cpu_binding.py:367] The CPU allocation plan is as follows:
2026-03-19T05:50:06.3209293Z (Worker pid=1571) INFO 03-19 05:50:06 [cpu_binding.py:372] NPU1: main=[22 23 24 25 26 27 28 29 30 31 32 33 34 35 36 37]  acl=[38]  release=[[39]]
2026-03-19T05:50:06.3756590Z (Worker pid=1571) INFO 03-19 05:50:06 [cpu_binding.py:383] The 'migratepages' command is not available, skipping memory binding.
2026-03-19T05:50:06.4226362Z (Worker pid=1571) WARNING 03-19 05:50:06 [__init__.py:204] min_p and logit_bias parameters won't work with speculative decoding.
2026-03-19T05:50:06.4324332Z (Worker pid=1571) INFO 03-19 05:50:06 [base.py:106] Offloader set to NoopOffloader
2026-03-19T05:50:06.4419454Z (Worker pid=1571) WARNING 03-19 05:50:06 [__init__.py:204] min_p and logit_bias parameters won't work with speculative decoding.
2026-03-19T05:50:06.4429966Z (Worker pid=1571) (Worker_DP0_TP1_EP1 pid=1571) INFO 03-19 05:50:06 [model_runner_v1.py:2543] Starting to load model /root/.cache/modelscope/hub/models/vllm-ascend/DeepSeek-V3___2-W8A8...
2026-03-19T05:50:06.5324151Z (Worker pid=1796) (Worker_DP0_TP3_EP3 pid=1796) INFO 03-19 05:50:06 [layer.py:456] [EP Rank 3/16] Expert parallelism is enabled. Expert placement strategy: linear. Local/global number of experts: 16/256. Experts local to global index map: 0->48, 1->49, 2->50, 3->51, 4->52, 5->53, 6->54, 7->55, 8->56, 9->57, 10->58, 11->59, 12->60, 13->61, 14->62, 15->63.
2026-03-19T05:50:06.5480202Z (Worker pid=2004) INFO 03-19 05:50:06 [cpu_binding.py:320] [cpu_bind_mode] mode=global_slice rank=5 visible_npus=[8, 9, 10, 11, 12, 13, 14, 15]
2026-03-19T05:50:06.5480965Z (Worker pid=2004) INFO 03-19 05:50:06 [cpu_binding.py:367] The CPU allocation plan is as follows:
2026-03-19T05:50:06.5481746Z (Worker pid=2004) INFO 03-19 05:50:06 [cpu_binding.py:372] NPU13: main=[262 263 264 265 266 267 268 269 270 271 272 273 274 275 276 277]  acl=[278]  release=[[279]]
2026-03-19T05:50:06.6127343Z (Worker pid=2004) INFO 03-19 05:50:06 [cpu_binding.py:383] The 'migratepages' command is not available, skipping memory binding.
2026-03-19T05:50:06.6667566Z (Worker pid=2004) WARNING 03-19 05:50:06 [__init__.py:204] min_p and logit_bias parameters won't work with speculative decoding.
2026-03-19T05:50:06.6771181Z (Worker pid=2004) INFO 03-19 05:50:06 [base.py:106] Offloader set to NoopOffloader
2026-03-19T05:50:06.6771915Z (Worker pid=2220) INFO 03-19 05:50:06 [cpu_binding.py:320] [cpu_bind_mode] mode=global_slice rank=7 visible_npus=[0, 1, 2, 3, 4, 5, 6, 7]
2026-03-19T05:50:06.6775963Z (Worker pid=2220) INFO 03-19 05:50:06 [cpu_binding.py:367] The CPU allocation plan is as follows:
2026-03-19T05:50:06.6776964Z (Worker pid=2220) INFO 03-19 05:50:06 [cpu_binding.py:372] NPU7: main=[142 143 144 145 146 147 148 149 150 151 152 153 154 155 156 157]  acl=[158]  release=[[159]]
2026-03-19T05:50:06.6885535Z (Worker pid=2004) WARNING 03-19 05:50:06 [__init__.py:204] min_p and logit_bias parameters won't work with speculative decoding.
2026-03-19T05:50:06.6897623Z (Worker pid=2004) (Worker_DP1_TP5_EP13 pid=2004) INFO 03-19 05:50:06 [model_runner_v1.py:2543] Starting to load model /root/.cache/modelscope/hub/models/vllm-ascend/DeepSeek-V3___2-W8A8...
2026-03-19T05:50:06.7276432Z (Worker pid=2220) INFO 03-19 05:50:06 [cpu_binding.py:383] The 'migratepages' command is not available, skipping memory binding.
2026-03-19T05:50:06.7621600Z (Worker pid=2220) WARNING 03-19 05:50:06 [__init__.py:204] min_p and logit_bias parameters won't work with speculative decoding.
2026-03-19T05:50:06.7723020Z (Worker pid=2220) INFO 03-19 05:50:06 [base.py:106] Offloader set to NoopOffloader
2026-03-19T05:50:06.7829691Z (Worker pid=2220) WARNING 03-19 05:50:06 [__init__.py:204] min_p and logit_bias parameters won't work with speculative decoding.
2026-03-19T05:50:06.7841836Z (Worker pid=2220) (Worker_DP0_TP7_EP7 pid=2220) INFO 03-19 05:50:06 [model_runner_v1.py:2543] Starting to load model /root/.cache/modelscope/hub/models/vllm-ascend/DeepSeek-V3___2-W8A8...
2026-03-19T05:50:07.2064212Z (Worker pid=1571) (Worker_DP0_TP1_EP1 pid=1571) INFO 03-19 05:50:07 [layer.py:456] [EP Rank 1/16] Expert parallelism is enabled. Expert placement strategy: linear. Local/global number of experts: 16/256. Experts local to global index map: 0->16, 1->17, 2->18, 3->19, 4->20, 5->21, 6->22, 7->23, 8->24, 9->25, 10->26, 11->27, 12->28, 13->29, 14->30, 15->31.
2026-03-19T05:50:07.2993258Z (Worker pid=2008) INFO 03-19 05:50:07 [cpu_binding.py:320] [cpu_bind_mode] mode=global_slice rank=5 visible_npus=[0, 1, 2, 3, 4, 5, 6, 7]
2026-03-19T05:50:07.2994042Z (Worker pid=2008) INFO 03-19 05:50:07 [cpu_binding.py:367] The CPU allocation plan is as follows:
2026-03-19T05:50:07.2994842Z (Worker pid=2008) INFO 03-19 05:50:07 [cpu_binding.py:372] NPU5: main=[102 103 104 105 106 107 108 109 110 111 112 113 114 115 116 117]  acl=[118]  release=[[119]]
2026-03-19T05:50:07.3517216Z (Worker pid=2008) INFO 03-19 05:50:07 [cpu_binding.py:383] The 'migratepages' command is not available, skipping memory binding.
2026-03-19T05:50:07.3557689Z (Worker pid=2110) INFO 03-19 05:50:07 [cpu_binding.py:320] [cpu_bind_mode] mode=global_slice rank=6 visible_npus=[8, 9, 10, 11, 12, 13, 14, 15]
2026-03-19T05:50:07.3560826Z (Worker pid=2110) INFO 03-19 05:50:07 [cpu_binding.py:367] The CPU allocation plan is as follows:
2026-03-19T05:50:07.3561639Z (Worker pid=2110) INFO 03-19 05:50:07 [cpu_binding.py:372] NPU14: main=[282 283 284 285 286 287 288 289 290 291 292 293 294 295 296 297]  acl=[298]  release=[[299]]
2026-03-19T05:50:07.4028638Z (Worker pid=2008) WARNING 03-19 05:50:07 [__init__.py:204] min_p and logit_bias parameters won't work with speculative decoding.
2026-03-19T05:50:07.4135101Z (Worker pid=2008) INFO 03-19 05:50:07 [base.py:106] Offloader set to NoopOffloader
2026-03-19T05:50:07.4159580Z (Worker pid=2110) INFO 03-19 05:50:07 [cpu_binding.py:383] The 'migratepages' command is not available, skipping memory binding.
2026-03-19T05:50:07.4256191Z (Worker pid=2008) WARNING 03-19 05:50:07 [__init__.py:204] min_p and logit_bias parameters won't work with speculative decoding.
2026-03-19T05:50:07.4269219Z (Worker pid=2008) (Worker_DP0_TP5_EP5 pid=2008) INFO 03-19 05:50:07 [model_runner_v1.py:2543] Starting to load model /root/.cache/modelscope/hub/models/vllm-ascend/DeepSeek-V3___2-W8A8...
2026-03-19T05:50:07.4805912Z (Worker pid=2110) WARNING 03-19 05:50:07 [__init__.py:204] min_p and logit_bias parameters won't work with speculative decoding.
2026-03-19T05:50:07.4930484Z (Worker pid=2110) INFO 03-19 05:50:07 [base.py:106] Offloader set to NoopOffloader
2026-03-19T05:50:07.5060567Z (Worker pid=2110) WARNING 03-19 05:50:07 [__init__.py:204] min_p and logit_bias parameters won't work with speculative decoding.
2026-03-19T05:50:07.5074130Z (Worker pid=2110) (Worker_DP1_TP6_EP14 pid=2110) INFO 03-19 05:50:07 [model_runner_v1.py:2543] Starting to load model /root/.cache/modelscope/hub/models/vllm-ascend/DeepSeek-V3___2-W8A8...
2026-03-19T05:50:07.6324363Z (Worker pid=1902) INFO 03-19 05:50:07 [cpu_binding.py:320] [cpu_bind_mode] mode=global_slice rank=4 visible_npus=[0, 1, 2, 3, 4, 5, 6, 7]
2026-03-19T05:50:07.6325110Z (Worker pid=1902) INFO 03-19 05:50:07 [cpu_binding.py:367] The CPU allocation plan is as follows:
2026-03-19T05:50:07.6325781Z (Worker pid=1902) INFO 03-19 05:50:07 [cpu_binding.py:372] NPU4: main=[82 83 84 85 86 87 88 89 90 91 92 93 94 95 96 97]  acl=[98]  release=[[99]]
2026-03-19T05:50:07.6879391Z (Worker pid=1902) INFO 03-19 05:50:07 [cpu_binding.py:383] The 'migratepages' command is not available, skipping memory binding.
2026-03-19T05:50:07.6963660Z (Worker pid=1689) INFO 03-19 05:50:07 [cpu_binding.py:320] [cpu_bind_mode] mode=global_slice rank=2 visible_npus=[0, 1, 2, 3, 4, 5, 6, 7]
2026-03-19T05:50:07.6964762Z (Worker pid=1689) INFO 03-19 05:50:07 [cpu_binding.py:367] The CPU allocation plan is as follows:
2026-03-19T05:50:07.6965465Z (Worker pid=1689) INFO 03-19 05:50:07 [cpu_binding.py:372] NPU2: main=[42 43 44 45 46 47 48 49 50 51 52 53 54 55 56 57]  acl=[58]  release=[[59]]
2026-03-19T05:50:07.7551392Z (Worker pid=1689) INFO 03-19 05:50:07 [cpu_binding.py:383] The 'migratepages' command is not available, skipping memory binding.
2026-03-19T05:50:07.7826188Z (Worker pid=2004) (Worker_DP1_TP5_EP13 pid=2004) INFO 03-19 05:50:07 [layer.py:456] [EP Rank 13/16] Expert parallelism is enabled. Expert placement strategy: linear. Local/global number of experts: 16/256. Experts local to global index map: 0->208, 1->209, 2->210, 3->211, 4->212, 5->213, 6->214, 7->215, 8->216, 9->217, 10->218, 11->219, 12->220, 13->221, 14->222, 15->223.
2026-03-19T05:50:07.8060126Z (Worker pid=1902) WARNING 03-19 05:50:07 [__init__.py:204] min_p and logit_bias parameters won't work with speculative decoding.
2026-03-19T05:50:07.8105862Z (Worker pid=1689) WARNING 03-19 05:50:07 [__init__.py:204] min_p and logit_bias parameters won't work with speculative decoding.
2026-03-19T05:50:07.8208884Z (Worker pid=1689) INFO 03-19 05:50:07 [base.py:106] Offloader set to NoopOffloader
2026-03-19T05:50:07.8209404Z (Worker pid=1902) INFO 03-19 05:50:07 [base.py:106] Offloader set to NoopOffloader
2026-03-19T05:50:07.8469936Z (Worker pid=1902) WARNING 03-19 05:50:07 [__init__.py:204] min_p and logit_bias parameters won't work with speculative decoding.
2026-03-19T05:50:07.8486812Z (Worker pid=1689) WARNING 03-19 05:50:07 [__init__.py:204] min_p and logit_bias parameters won't work with speculative decoding.
2026-03-19T05:50:07.8495568Z (Worker pid=1902) (Worker_DP0_TP4_EP4 pid=1902) INFO 03-19 05:50:07 [model_runner_v1.py:2543] Starting to load model /root/.cache/modelscope/hub/models/vllm-ascend/DeepSeek-V3___2-W8A8...
2026-03-19T05:50:07.8506657Z (Worker pid=1689) (Worker_DP0_TP2_EP2 pid=1689) INFO 03-19 05:50:07 [model_runner_v1.py:2543] Starting to load model /root/.cache/modelscope/hub/models/vllm-ascend/DeepSeek-V3___2-W8A8...
2026-03-19T05:50:07.9668994Z (Worker pid=1898) (Worker_DP1_TP4_EP12 pid=1898) INFO 03-19 05:50:07 [layer.py:456] [EP Rank 12/16] Expert parallelism is enabled. Expert placement strategy: linear. Local/global number of experts: 16/256. Experts local to global index map: 0->192, 1->193, 2->194, 3->195, 4->196, 5->197, 6->198, 7->199, 8->200, 9->201, 10->202, 11->203, 12->204, 13->205, 14->206, 15->207.
2026-03-19T05:50:07.9823785Z (Worker pid=2220) (Worker_DP0_TP7_EP7 pid=2220) INFO 03-19 05:50:07 [layer.py:456] [EP Rank 7/16] Expert parallelism is enabled. Expert placement strategy: linear. Local/global number of experts: 16/256. Experts local to global index map: 0->112, 1->113, 2->114, 3->115, 4->116, 5->117, 6->118, 7->119, 8->120, 9->121, 10->122, 11->123, 12->124, 13->125, 14->126, 15->127.
2026-03-19T05:50:08.0120555Z (Worker pid=1686) INFO 03-19 05:50:08 [cpu_binding.py:320] [cpu_bind_mode] mode=global_slice rank=2 visible_npus=[8, 9, 10, 11, 12, 13, 14, 15]
2026-03-19T05:50:08.0121320Z (Worker pid=1686) INFO 03-19 05:50:08 [cpu_binding.py:367] The CPU allocation plan is as follows:
2026-03-19T05:50:08.0122110Z (Worker pid=1686) INFO 03-19 05:50:08 [cpu_binding.py:372] NPU10: main=[202 203 204 205 206 207 208 209 210 211 212 213 214 215 216 217]  acl=[218]  release=[[219]]
2026-03-19T05:50:08.0802435Z (Worker pid=1686) INFO 03-19 05:50:08 [cpu_binding.py:383] The 'migratepages' command is not available, skipping memory binding.
2026-03-19T05:50:08.0839609Z (Worker pid=2114) INFO 03-19 05:50:08 [cpu_binding.py:320] [cpu_bind_mode] mode=global_slice rank=6 visible_npus=[0, 1, 2, 3, 4, 5, 6, 7]
2026-03-19T05:50:08.0840434Z (Worker pid=2114) INFO 03-19 05:50:08 [cpu_binding.py:367] The CPU allocation plan is as follows:
2026-03-19T05:50:08.0841182Z (Worker pid=2114) INFO 03-19 05:50:08 [cpu_binding.py:372] NPU6: main=[122 123 124 125 126 127 128 129 130 131 132 133 134 135 136 137]  acl=[138]  release=[[139]]
2026-03-19T05:50:08.1228173Z (Worker pid=1686) WARNING 03-19 05:50:08 [__init__.py:204] min_p and logit_bias parameters won't work with speculative decoding.
2026-03-19T05:50:08.1332578Z (Worker pid=1686) INFO 03-19 05:50:08 [base.py:106] Offloader set to NoopOffloader
2026-03-19T05:50:08.1369235Z (Worker pid=2114) INFO 03-19 05:50:08 [cpu_binding.py:383] The 'migratepages' command is not available, skipping memory binding.
2026-03-19T05:50:08.1457584Z (Worker pid=1686) WARNING 03-19 05:50:08 [__init__.py:204] min_p and logit_bias parameters won't work with speculative decoding.
2026-03-19T05:50:08.1470168Z (Worker pid=1686) (Worker_DP1_TP2_EP10 pid=1686) INFO 03-19 05:50:08 [model_runner_v1.py:2543] Starting to load model /root/.cache/modelscope/hub/models/vllm-ascend/DeepSeek-V3___2-W8A8...
2026-03-19T05:50:08.1704600Z (Worker pid=2114) WARNING 03-19 05:50:08 [__init__.py:204] min_p and logit_bias parameters won't work with speculative decoding.
2026-03-19T05:50:08.1705457Z (Worker pid=1533) INFO 03-19 05:50:08 [cpu_binding.py:320] [cpu_bind_mode] mode=global_slice rank=0 visible_npus=[0, 1, 2, 3, 4, 5, 6, 7]
2026-03-19T05:50:08.1706180Z (Worker pid=1533) INFO 03-19 05:50:08 [cpu_binding.py:367] The CPU allocation plan is as follows:
2026-03-19T05:50:08.1706831Z (Worker pid=1533) INFO 03-19 05:50:08 [cpu_binding.py:372] NPU0: main=[2 3 4 5 6 7 8 9 10 11 12 13 14 15 16 17]  acl=[18]  release=[[19]]
2026-03-19T05:50:08.1806110Z (Worker pid=2114) INFO 03-19 05:50:08 [base.py:106] Offloader set to NoopOffloader
2026-03-19T05:50:08.1916726Z (Worker pid=2114) WARNING 03-19 05:50:08 [__init__.py:204] min_p and logit_bias parameters won't work with speculative decoding.
2026-03-19T05:50:08.1929089Z (Worker pid=2114) (Worker_DP0_TP6_EP6 pid=2114) INFO 03-19 05:50:08 [model_runner_v1.py:2543] Starting to load model /root/.cache/modelscope/hub/models/vllm-ascend/DeepSeek-V3___2-W8A8...
2026-03-19T05:50:08.2192920Z (Worker pid=1533) INFO 03-19 05:50:08 [cpu_binding.py:383] The 'migratepages' command is not available, skipping memory binding.
2026-03-19T05:50:08.2681653Z (Worker pid=1533) WARNING 03-19 05:50:08 [__init__.py:204] min_p and logit_bias parameters won't work with speculative decoding.
2026-03-19T05:50:08.2789362Z (Worker pid=1533) INFO 03-19 05:50:08 [base.py:106] Offloader set to NoopOffloader
2026-03-19T05:50:08.2906599Z (Worker pid=1533) WARNING 03-19 05:50:08 [__init__.py:204] min_p and logit_bias parameters won't work with speculative decoding.
2026-03-19T05:50:08.2918475Z (Worker pid=1533) (Worker_DP0_TP0_EP0 pid=1533) INFO 03-19 05:50:08 [model_runner_v1.py:2543] Starting to load model /root/.cache/modelscope/hub/models/vllm-ascend/DeepSeek-V3___2-W8A8...
2026-03-19T05:50:08.4096173Z (Worker pid=1568) INFO 03-19 05:50:08 [cpu_binding.py:320] [cpu_bind_mode] mode=global_slice rank=1 visible_npus=[8, 9, 10, 11, 12, 13, 14, 15]
2026-03-19T05:50:08.4096963Z (Worker pid=1568) INFO 03-19 05:50:08 [cpu_binding.py:367] The CPU allocation plan is as follows:
2026-03-19T05:50:08.4097961Z (Worker pid=1568) INFO 03-19 05:50:08 [cpu_binding.py:372] NPU9: main=[182 183 184 185 186 187 188 189 190 191 192 193 194 195 196 197]  acl=[198]  release=[[199]]
2026-03-19T05:50:08.4655529Z (Worker pid=1568) INFO 03-19 05:50:08 [cpu_binding.py:383] The 'migratepages' command is not available, skipping memory binding.
2026-03-19T05:50:08.4784800Z (Worker pid=1534) INFO 03-19 05:50:08 [cpu_binding.py:320] [cpu_bind_mode] mode=global_slice rank=0 visible_npus=[8, 9, 10, 11, 12, 13, 14, 15]
2026-03-19T05:50:08.4785695Z (Worker pid=1534) INFO 03-19 05:50:08 [cpu_binding.py:367] The CPU allocation plan is as follows:
2026-03-19T05:50:08.4786431Z (Worker pid=1534) INFO 03-19 05:50:08 [cpu_binding.py:372] NPU8: main=[162 163 164 165 166 167 168 169 170 171 172 173 174 175 176 177]  acl=[178]  release=[[179]]
2026-03-19T05:50:08.5006880Z (Worker pid=1568) WARNING 03-19 05:50:08 [__init__.py:204] min_p and logit_bias parameters won't work with speculative decoding.
2026-03-19T05:50:08.5108004Z (Worker pid=1568) INFO 03-19 05:50:08 [base.py:106] Offloader set to NoopOffloader
2026-03-19T05:50:08.5194112Z (Worker pid=1792) (Worker_DP1_TP3_EP11 pid=1792) INFO 03-19 05:50:08 [layer.py:456] [EP Rank 11/16] Expert parallelism is enabled. Expert placement strategy: linear. Local/global number of experts: 16/256. Experts local to global index map: 0->176, 1->177, 2->178, 3->179, 4->180, 5->181, 6->182, 7->183, 8->184, 9->185, 10->186, 11->187, 12->188, 13->189, 14->190, 15->191.
2026-03-19T05:50:08.5211559Z (Worker pid=1568) WARNING 03-19 05:50:08 [__init__.py:204] min_p and logit_bias parameters won't work with speculative decoding.
2026-03-19T05:50:08.5223583Z (Worker pid=1568) (Worker_DP1_TP1_EP9 pid=1568) INFO 03-19 05:50:08 [model_runner_v1.py:2543] Starting to load model /root/.cache/modelscope/hub/models/vllm-ascend/DeepSeek-V3___2-W8A8...
2026-03-19T05:50:08.5290134Z (Worker pid=1534) INFO 03-19 05:50:08 [cpu_binding.py:383] The 'migratepages' command is not available, skipping memory binding.
2026-03-19T05:50:08.5360972Z (Worker pid=2008) (Worker_DP0_TP5_EP5 pid=2008) INFO 03-19 05:50:08 [layer.py:456] [EP Rank 5/16] Expert parallelism is enabled. Expert placement strategy: linear. Local/global number of experts: 16/256. Experts local to global index map: 0->80, 1->81, 2->82, 3->83, 4->84, 5->85, 6->86, 7->87, 8->88, 9->89, 10->90, 11->91, 12->92, 13->93, 14->94, 15->95.
2026-03-19T05:50:08.5483597Z (Worker pid=2216) (Worker_DP1_TP7_EP15 pid=2216) INFO 03-19 05:50:08 [layer.py:456] [EP Rank 15/16] Expert parallelism is enabled. Expert placement strategy: linear. Local/global number of experts: 16/256. Experts local to global index map: 0->240, 1->241, 2->242, 3->243, 4->244, 5->245, 6->246, 7->247, 8->248, 9->249, 10->250, 11->251, 12->252, 13->253, 14->254, 15->255.
2026-03-19T05:50:08.5634407Z (Worker pid=1534) WARNING 03-19 05:50:08 [__init__.py:204] min_p and logit_bias parameters won't work with speculative decoding.
2026-03-19T05:50:08.5716178Z (Worker pid=1534) INFO 03-19 05:50:08 [base.py:106] Offloader set to NoopOffloader
2026-03-19T05:50:08.5867907Z (Worker pid=1534) WARNING 03-19 05:50:08 [__init__.py:204] min_p and logit_bias parameters won't work with speculative decoding.
2026-03-19T05:50:08.5880260Z (Worker pid=1534) (Worker_DP1_TP0_EP8 pid=1534) INFO 03-19 05:50:08 [model_runner_v1.py:2543] Starting to load model /root/.cache/modelscope/hub/models/vllm-ascend/DeepSeek-V3___2-W8A8...
2026-03-19T05:50:08.6912145Z (Worker pid=2110) (Worker_DP1_TP6_EP14 pid=2110) INFO 03-19 05:50:08 [layer.py:456] [EP Rank 14/16] Expert parallelism is enabled. Expert placement strategy: linear. Local/global number of experts: 16/256. Experts local to global index map: 0->224, 1->225, 2->226, 3->227, 4->228, 5->229, 6->230, 7->231, 8->232, 9->233, 10->234, 11->235, 12->236, 13->237, 14->238, 15->239.
2026-03-19T05:50:09.1165235Z (Worker pid=1689) (Worker_DP0_TP2_EP2 pid=1689) INFO 03-19 05:50:09 [layer.py:456] [EP Rank 2/16] Expert parallelism is enabled. Expert placement strategy: linear. Local/global number of experts: 16/256. Experts local to global index map: 0->32, 1->33, 2->34, 3->35, 4->36, 5->37, 6->38, 7->39, 8->40, 9->41, 10->42, 11->43, 12->44, 13->45, 14->46, 15->47.
2026-03-19T05:50:09.3220531Z (Worker pid=2114) (Worker_DP0_TP6_EP6 pid=2114) INFO 03-19 05:50:09 [layer.py:456] [EP Rank 6/16] Expert parallelism is enabled. Expert placement strategy: linear. Local/global number of experts: 16/256. Experts local to global index map: 0->96, 1->97, 2->98, 3->99, 4->100, 5->101, 6->102, 7->103, 8->104, 9->105, 10->106, 11->107, 12->108, 13->109, 14->110, 15->111.
2026-03-19T05:50:09.3363532Z (Worker pid=1686) (Worker_DP1_TP2_EP10 pid=1686) INFO 03-19 05:50:09 [layer.py:456] [EP Rank 10/16] Expert parallelism is enabled. Expert placement strategy: linear. Local/global number of experts: 16/256. Experts local to global index map: 0->160, 1->161, 2->162, 3->163, 4->164, 5->165, 6->166, 7->167, 8->168, 9->169, 10->170, 11->171, 12->172, 13->173, 14->174, 15->175.
2026-03-19T05:50:09.4165371Z (Worker pid=1533) (Worker_DP0_TP0_EP0 pid=1533) INFO 03-19 05:50:09 [layer.py:456] [EP Rank 0/16] Expert parallelism is enabled. Expert placement strategy: linear. Local/global number of experts: 16/256. Experts local to global index map: 0->0, 1->1, 2->2, 3->3, 4->4, 5->5, 6->6, 7->7, 8->8, 9->9, 10->10, 11->11, 12->12, 13->13, 14->14, 15->15.
2026-03-19T05:50:09.4894293Z (Worker pid=1902) (Worker_DP0_TP4_EP4 pid=1902) INFO 03-19 05:50:09 [layer.py:456] [EP Rank 4/16] Expert parallelism is enabled. Expert placement strategy: linear. Local/global number of experts: 16/256. Experts local to global index map: 0->64, 1->65, 2->66, 3->67, 4->68, 5->69, 6->70, 7->71, 8->72, 9->73, 10->74, 11->75, 12->76, 13->77, 14->78, 15->79.
2026-03-19T05:50:09.6995535Z (Worker pid=1568) (Worker_DP1_TP1_EP9 pid=1568) INFO 03-19 05:50:09 [layer.py:456] [EP Rank 9/16] Expert parallelism is enabled. Expert placement strategy: linear. Local/global number of experts: 16/256. Experts local to global index map: 0->144, 1->145, 2->146, 3->147, 4->148, 5->149, 6->150, 7->151, 8->152, 9->153, 10->154, 11->155, 12->156, 13->157, 14->158, 15->159.
2026-03-19T05:50:09.7257995Z (Worker pid=1534) (Worker_DP1_TP0_EP8 pid=1534) INFO 03-19 05:50:09 [layer.py:456] [EP Rank 8/16] Expert parallelism is enabled. Expert placement strategy: linear. Local/global number of experts: 16/256. Experts local to global index map: 0->128, 1->129, 2->130, 3->131, 4->132, 5->133, 6->134, 7->135, 8->136, 9->137, 10->138, 11->139, 12->140, 13->141, 14->142, 15->143.
2026-03-19T05:50:10.2225765Z (Worker pid=1533) (Worker_DP0_TP0_EP0 pid=1533) INFO 03-19 05:50:10 [fused_moe.py:321] [EP Rank 0/16] Expert parallelism is enabled. Local/global number of experts: 16/256. Experts local to global index map: 0->0, 1->1, 2->2, 3->3, 4->4, 5->5, 6->6, 7->7, 8->8, 9->9, 10->10, 11->11, 12->12, 13->13, 14->14, 15->15.
2026-03-19T05:50:10.3357207Z (Worker pid=1571) (Worker_DP0_TP1_EP1 pid=1571) INFO 03-19 05:50:10 [fused_moe.py:321] [EP Rank 1/16] Expert parallelism is enabled. Local/global number of experts: 16/256. Experts local to global index map: 0->16, 1->17, 2->18, 3->19, 4->20, 5->21, 6->22, 7->23, 8->24, 9->25, 10->26, 11->27, 12->28, 13->29, 14->30, 15->31.
2026-03-19T05:50:10.3605785Z (Worker pid=1898) (Worker_DP1_TP4_EP12 pid=1898) INFO 03-19 05:50:10 [fused_moe.py:321] [EP Rank 12/16] Expert parallelism is enabled. Local/global number of experts: 16/256. Experts local to global index map: 0->192, 1->193, 2->194, 3->195, 4->196, 5->197, 6->198, 7->199, 8->200, 9->201, 10->202, 11->203, 12->204, 13->205, 14->206, 15->207.
2026-03-19T05:50:10.3666148Z (Worker pid=2110) (Worker_DP1_TP6_EP14 pid=2110) INFO 03-19 05:50:10 [fused_moe.py:321] [EP Rank 14/16] Expert parallelism is enabled. Local/global number of experts: 16/256. Experts local to global index map: 0->224, 1->225, 2->226, 3->227, 4->228, 5->229, 6->230, 7->231, 8->232, 9->233, 10->234, 11->235, 12->236, 13->237, 14->238, 15->239.
2026-03-19T05:50:10.3667979Z (Worker pid=1796) (Worker_DP0_TP3_EP3 pid=1796) INFO 03-19 05:50:10 [fused_moe.py:321] [EP Rank 3/16] Expert parallelism is enabled. Local/global number of experts: 16/256. Experts local to global index map: 0->48, 1->49, 2->50, 3->51, 4->52, 5->53, 6->54, 7->55, 8->56, 9->57, 10->58, 11->59, 12->60, 13->61, 14->62, 15->63.
2026-03-19T05:50:10.3670160Z (Worker pid=2216) (Worker_DP1_TP7_EP15 pid=2216) INFO 03-19 05:50:10 [fused_moe.py:321] [EP Rank 15/16] Expert parallelism is enabled. Local/global number of experts: 16/256. Experts local to global index map: 0->240, 1->241, 2->242, 3->243, 4->244, 5->245, 6->246, 7->247, 8->248, 9->249, 10->250, 11->251, 12->252, 13->253, 14->254, 15->255.
2026-03-19T05:50:10.3672027Z (Worker pid=1689) (Worker_DP0_TP2_EP2 pid=1689) INFO 03-19 05:50:10 [fused_moe.py:321] [EP Rank 2/16] Expert parallelism is enabled. Local/global number of experts: 16/256. Experts local to global index map: 0->32, 1->33, 2->34, 3->35, 4->36, 5->37, 6->38, 7->39, 8->40, 9->41, 10->42, 11->43, 12->44, 13->45, 14->46, 15->47.
2026-03-19T05:50:10.3911665Z (Worker pid=2008) (Worker_DP0_TP5_EP5 pid=2008) INFO 03-19 05:50:10 [fused_moe.py:321] [EP Rank 5/16] Expert parallelism is enabled. Local/global number of experts: 16/256. Experts local to global index map: 0->80, 1->81, 2->82, 3->83, 4->84, 5->85, 6->86, 7->87, 8->88, 9->89, 10->90, 11->91, 12->92, 13->93, 14->94, 15->95.
2026-03-19T05:50:10.3924190Z (Worker pid=1902) (Worker_DP0_TP4_EP4 pid=1902) INFO 03-19 05:50:10 [fused_moe.py:321] [EP Rank 4/16] Expert parallelism is enabled. Local/global number of experts: 16/256. Experts local to global index map: 0->64, 1->65, 2->66, 3->67, 4->68, 5->69, 6->70, 7->71, 8->72, 9->73, 10->74, 11->75, 12->76, 13->77, 14->78, 15->79.
2026-03-19T05:50:10.3934700Z (Worker pid=1686) (Worker_DP1_TP2_EP10 pid=1686) INFO 03-19 05:50:10 [fused_moe.py:321] [EP Rank 10/16] Expert parallelism is enabled. Local/global number of experts: 16/256. Experts local to global index map: 0->160, 1->161, 2->162, 3->163, 4->164, 5->165, 6->166, 7->167, 8->168, 9->169, 10->170, 11->171, 12->172, 13->173, 14->174, 15->175.
2026-03-19T05:50:10.3951057Z (Worker pid=1792) (Worker_DP1_TP3_EP11 pid=1792) INFO 03-19 05:50:10 [fused_moe.py:321] [EP Rank 11/16] Expert parallelism is enabled. Local/global number of experts: 16/256. Experts local to global index map: 0->176, 1->177, 2->178, 3->179, 4->180, 5->181, 6->182, 7->183, 8->184, 9->185, 10->186, 11->187, 12->188, 13->189, 14->190, 15->191.
2026-03-19T05:50:10.4155175Z (Worker pid=2004) (Worker_DP1_TP5_EP13 pid=2004) INFO 03-19 05:50:10 [fused_moe.py:321] [EP Rank 13/16] Expert parallelism is enabled. Local/global number of experts: 16/256. Experts local to global index map: 0->208, 1->209, 2->210, 3->211, 4->212, 5->213, 6->214, 7->215, 8->216, 9->217, 10->218, 11->219, 12->220, 13->221, 14->222, 15->223.
2026-03-19T05:50:10.4211807Z (Worker pid=1568) (Worker_DP1_TP1_EP9 pid=1568) INFO 03-19 05:50:10 [fused_moe.py:321] [EP Rank 9/16] Expert parallelism is enabled. Local/global number of experts: 16/256. Experts local to global index map: 0->144, 1->145, 2->146, 3->147, 4->148, 5->149, 6->150, 7->151, 8->152, 9->153, 10->154, 11->155, 12->156, 13->157, 14->158, 15->159.
2026-03-19T05:50:10.4227491Z (Worker pid=1534) (Worker_DP1_TP0_EP8 pid=1534) INFO 03-19 05:50:10 [fused_moe.py:321] [EP Rank 8/16] Expert parallelism is enabled. Local/global number of experts: 16/256. Experts local to global index map: 0->128, 1->129, 2->130, 3->131, 4->132, 5->133, 6->134, 7->135, 8->136, 9->137, 10->138, 11->139, 12->140, 13->141, 14->142, 15->143.
2026-03-19T05:50:10.4240508Z (Worker pid=2220) (Worker_DP0_TP7_EP7 pid=2220) INFO 03-19 05:50:10 [fused_moe.py:321] [EP Rank 7/16] Expert parallelism is enabled. Local/global number of experts: 16/256. Experts local to global index map: 0->112, 1->113, 2->114, 3->115, 4->116, 5->117, 6->118, 7->119, 8->120, 9->121, 10->122, 11->123, 12->124, 13->125, 14->126, 15->127.
2026-03-19T05:50:10.4255900Z (Worker pid=2114) (Worker_DP0_TP6_EP6 pid=2114) INFO 03-19 05:50:10 [fused_moe.py:321] [EP Rank 6/16] Expert parallelism is enabled. Local/global number of experts: 16/256. Experts local to global index map: 0->96, 1->97, 2->98, 3->99, 4->100, 5->101, 6->102, 7->103, 8->104, 9->105, 10->106, 11->107, 12->108, 13->109, 14->110, 15->111.
2026-03-19T05:50:10.6306245Z (Worker pid=1571) (Worker_DP0_TP1_EP1 pid=1571) INFO 03-19 05:50:10 [fused_moe.py:576] Sequence parallelism is enabled, shared experts are replicated for best performance.
2026-03-19T05:50:10.6523625Z (Worker pid=1898) (Worker_DP1_TP4_EP12 pid=1898) INFO 03-19 05:50:10 [fused_moe.py:576] Sequence parallelism is enabled, shared experts are replicated for best performance.
2026-03-19T05:50:10.6931022Z (Worker pid=1796) (Worker_DP0_TP3_EP3 pid=1796) INFO 03-19 05:50:10 [fused_moe.py:576] Sequence parallelism is enabled, shared experts are replicated for best performance.
2026-03-19T05:50:10.6932143Z (Worker pid=2004) (Worker_DP1_TP5_EP13 pid=2004) INFO 03-19 05:50:10 [fused_moe.py:576] Sequence parallelism is enabled, shared experts are replicated for best performance.
2026-03-19T05:50:10.6934909Z (Worker pid=1689) (Worker_DP0_TP2_EP2 pid=1689) INFO 03-19 05:50:10 [fused_moe.py:576] Sequence parallelism is enabled, shared experts are replicated for best performance.
2026-03-19T05:50:10.7126810Z (Worker pid=2216) (Worker_DP1_TP7_EP15 pid=2216) INFO 03-19 05:50:10 [fused_moe.py:576] Sequence parallelism is enabled, shared experts are replicated for best performance.
2026-03-19T05:50:10.7127927Z (Worker pid=2008) (Worker_DP0_TP5_EP5 pid=2008) INFO 03-19 05:50:10 [fused_moe.py:576] Sequence parallelism is enabled, shared experts are replicated for best performance.
2026-03-19T05:50:10.7134696Z (Worker pid=1902) (Worker_DP0_TP4_EP4 pid=1902) INFO 03-19 05:50:10 [fused_moe.py:576] Sequence parallelism is enabled, shared experts are replicated for best performance.
2026-03-19T05:50:10.7161984Z (Worker pid=2110) (Worker_DP1_TP6_EP14 pid=2110) INFO 03-19 05:50:10 [fused_moe.py:576] Sequence parallelism is enabled, shared experts are replicated for best performance.
