2026-03-19T01:01:03.2666036Z [Gloo] Rank 0 is connected to 3 peer ranks. Expected number of connected peer ranks is : 3
2026-03-19T01:01:03.2690288Z [Gloo] Rank 1 is connected to 3 peer ranks. Expected number of connected peer ranks is : 3
2026-03-19T01:01:03.2782119Z [Gloo] Rank 0 is connected to 3 peer ranks. Expected number of connected peer ranks is : 3
2026-03-19T01:01:03.2792270Z [Gloo] Rank 0 is connected to 3 peer ranks. Expected number of connected peer ranks is : 3
2026-03-19T01:01:03.2802839Z [Gloo] Rank 0 is connected to 3 peer ranks. Expected number of connected peer ranks is : 3
2026-03-19T01:01:03.2813291Z [Gloo] Rank 1 is connected to 3 peer ranks. Expected number of connected peer ranks is : 3
2026-03-19T01:01:03.2823776Z [Gloo] Rank 1 is connected to 3 peer ranks. Expected number of connected peer ranks is : 3
2026-03-19T01:01:03.2834177Z [Gloo] Rank 1 is connected to 3 peer ranks. Expected number of connected peer ranks is : 3
2026-03-19T01:01:03.2845178Z [Gloo] Rank 0 is connected to 3 peer ranks. Expected number of connected peer ranks is : 3
2026-03-19T01:01:03.2856937Z [Gloo] Rank 1 is connected to 3 peer ranks. Expected number of connected peer ranks is : 3
2026-03-19T01:01:03.2866172Z [Gloo] Rank 0 is connected to 3 peer ranks. Expected number of connected peer ranks is : 3
2026-03-19T01:01:03.2876686Z [Gloo] Rank 0 is connected to 3 peer ranks. Expected number of connected peer ranks is : 3
2026-03-19T01:01:03.2886899Z [Gloo] Rank 1 is connected to 3 peer ranks. Expected number of connected peer ranks is : 3
2026-03-19T01:01:03.2897345Z [Gloo] Rank 1 is connected to 3 peer ranks. Expected number of connected peer ranks is : 3
2026-03-19T01:01:03.3140326Z [Gloo] Rank 0 is connected to 31 peer ranks. Expected number of connected peer ranks is : 31
2026-03-19T01:01:03.3165590Z [Gloo] Rank 1 is connected to 31 peer ranks. Expected number of connected peer ranks is : 31
2026-03-19T01:01:03.3176503Z (Worker pid=228) INFO 03-19 01:01:03 [parallel_state.py:1715] rank 0 in world size 32 is assigned as DP rank 0, PP rank 0, PCP rank 0, TP rank 0, EP rank 0, EPLB rank N/A
2026-03-19T01:01:03.3186269Z [Gloo] Rank 2 is connected to 31 peer ranks. Expected number of connected peer ranks is : 31
2026-03-19T01:01:03.3196817Z (Worker pid=282) INFO 03-19 01:01:03 [parallel_state.py:1715] rank 1 in world size 32 is assigned as DP rank 0, PP rank 0, PCP rank 0, TP rank 1, EP rank 1, EPLB rank N/A
2026-03-19T01:01:03.3206843Z [Gloo] Rank 4 is connected to 31 peer ranks. Expected number of connected peer ranks is : 31
2026-03-19T01:01:03.3217127Z [Gloo] Rank 3 is connected to 31 peer ranks. Expected number of connected peer ranks is : 31
2026-03-19T01:01:03.3238009Z (Worker pid=415) INFO 03-19 01:01:03 [parallel_state.py:1715] rank 2 in world size 32 is assigned as DP rank 0, PP rank 0, PCP rank 0, TP rank 2, EP rank 2, EPLB rank N/A
2026-03-19T01:01:03.3239318Z [Gloo] Rank 5 is connected to 31 peer ranks. Expected number of connected peer ranks is : 31
2026-03-19T01:01:03.3250777Z [Gloo] Rank 6 is connected to 31 peer ranks. Expected number of connected peer ranks is : 31
2026-03-19T01:01:03.3262051Z [Gloo] Rank 7 is connected to 31 peer ranks. Expected number of connected peer ranks is : 31
2026-03-19T01:01:03.3273815Z [Gloo] Rank 8 is connected to 31 peer ranks. Expected number of connected peer ranks is : 31
2026-03-19T01:01:03.3283963Z (Worker pid=732) INFO 03-19 01:01:03 [parallel_state.py:1715] rank 5 in world size 32 is assigned as DP rank 0, PP rank 0, PCP rank 0, TP rank 5, EP rank 5, EPLB rank N/A
2026-03-19T01:01:03.3295032Z (Worker pid=521) INFO 03-19 01:01:03 [parallel_state.py:1715] rank 3 in world size 32 is assigned as DP rank 0, PP rank 0, PCP rank 0, TP rank 3, EP rank 3, EPLB rank N/A
2026-03-19T01:01:03.3305392Z (Worker pid=624) INFO 03-19 01:01:03 [parallel_state.py:1715] rank 4 in world size 32 is assigned as DP rank 0, PP rank 0, PCP rank 0, TP rank 4, EP rank 4, EPLB rank N/A
2026-03-19T01:01:03.3316322Z [Gloo] Rank 9 is connected to 31 peer ranks. Expected number of connected peer ranks is : 31
2026-03-19T01:01:03.3326815Z (Worker pid=941) INFO 03-19 01:01:03 [parallel_state.py:1715] rank 7 in world size 32 is assigned as DP rank 0, PP rank 0, PCP rank 0, TP rank 7, EP rank 7, EPLB rank N/A
2026-03-19T01:01:03.3337072Z [Gloo] Rank 10 is connected to 31 peer ranks. Expected number of connected peer ranks is : 31
2026-03-19T01:01:03.3347485Z [Gloo] Rank 12 is connected to 31 peer ranks. Expected number of connected peer ranks is : 31
2026-03-19T01:01:03.3358470Z (Worker pid=835) INFO 03-19 01:01:03 [parallel_state.py:1715] rank 6 in world size 32 is assigned as DP rank 0, PP rank 0, PCP rank 0, TP rank 6, EP rank 6, EPLB rank N/A
2026-03-19T01:01:03.3368683Z [Gloo] Rank 11 is connected to 31 peer ranks. Expected number of connected peer ranks is : 31
2026-03-19T01:01:03.3379095Z (Worker pid=229) INFO 03-19 01:01:03 [parallel_state.py:1715] rank 8 in world size 32 is assigned as DP rank 1, PP rank 0, PCP rank 0, TP rank 0, EP rank 8, EPLB rank N/A
2026-03-19T01:01:03.3390489Z [Gloo] Rank 13 is connected to 31 peer ranks. Expected number of connected peer ranks is : 31
2026-03-19T01:01:03.3400179Z (Worker pid=279) INFO 03-19 01:01:03 [parallel_state.py:1715] rank 9 in world size 32 is assigned as DP rank 1, PP rank 0, PCP rank 0, TP rank 1, EP rank 9, EPLB rank N/A
2026-03-19T01:01:03.3409507Z [Gloo] Rank 14 is connected to 31 peer ranks. Expected number of connected peer ranks is : 31
2026-03-19T01:01:03.3420597Z (Worker pid=625) INFO 03-19 01:01:03 [parallel_state.py:1715] rank 12 in world size 32 is assigned as DP rank 1, PP rank 0, PCP rank 0, TP rank 4, EP rank 12, EPLB rank N/A
2026-03-19T01:01:03.3431147Z [Gloo] Rank 15 is connected to 31 peer ranks. Expected number of connected peer ranks is : 31
2026-03-19T01:01:03.3441228Z (Worker pid=730) INFO 03-19 01:01:03 [parallel_state.py:1715] rank 13 in world size 32 is assigned as DP rank 1, PP rank 0, PCP rank 0, TP rank 5, EP rank 13, EPLB rank N/A
2026-03-19T01:01:03.3451331Z (Worker pid=411) INFO 03-19 01:01:03 [parallel_state.py:1715] rank 10 in world size 32 is assigned as DP rank 1, PP rank 0, PCP rank 0, TP rank 2, EP rank 10, EPLB rank N/A
2026-03-19T01:01:03.3461658Z (Worker pid=517) INFO 03-19 01:01:03 [parallel_state.py:1715] rank 11 in world size 32 is assigned as DP rank 1, PP rank 0, PCP rank 0, TP rank 3, EP rank 11, EPLB rank N/A
2026-03-19T01:01:03.3473092Z (Worker pid=838) INFO 03-19 01:01:03 [parallel_state.py:1715] rank 14 in world size 32 is assigned as DP rank 1, PP rank 0, PCP rank 0, TP rank 6, EP rank 14, EPLB rank N/A
2026-03-19T01:01:03.3483706Z (Worker pid=944) INFO 03-19 01:01:03 [parallel_state.py:1715] rank 15 in world size 32 is assigned as DP rank 1, PP rank 0, PCP rank 0, TP rank 7, EP rank 15, EPLB rank N/A
2026-03-19T01:01:03.3575614Z [Gloo] Rank 0 is connected to 31 peer ranks. Expected number of connected peer ranks is : 31
2026-03-19T01:01:03.3585507Z [Gloo] Rank 1 is connected to 31 peer ranks. Expected number of connected peer ranks is : 31
2026-03-19T01:01:03.3600148Z [Gloo] Rank 2 is connected to 31 peer ranks. Expected number of connected peer ranks is : 31
2026-03-19T01:01:03.3609391Z [Gloo] Rank 3 is connected to 31 peer ranks. Expected number of connected peer ranks is : 31
2026-03-19T01:01:03.3619332Z [Gloo] Rank 4 is connected to 31 peer ranks. Expected number of connected peer ranks is : 31
2026-03-19T01:01:03.3630135Z [Gloo] Rank 5 is connected to 31 peer ranks. Expected number of connected peer ranks is : 31
2026-03-19T01:01:03.3639994Z [Gloo] Rank 6 is connected to 31 peer ranks. Expected number of connected peer ranks is : 31
2026-03-19T01:01:03.3649680Z [Gloo] Rank 7 is connected to 31 peer ranks. Expected number of connected peer ranks is : 31
2026-03-19T01:01:03.3659878Z [Gloo] Rank 8 is connected to 31 peer ranks. Expected number of connected peer ranks is : 31
2026-03-19T01:01:03.3670682Z [Gloo] Rank 9 is connected to 31 peer ranks. Expected number of connected peer ranks is : 31
2026-03-19T01:01:03.3680792Z [Gloo] Rank 10 is connected to 31 peer ranks. Expected number of connected peer ranks is : 31
2026-03-19T01:01:03.3691372Z [Gloo] Rank 11 is connected to 31 peer ranks. Expected number of connected peer ranks is : 31
2026-03-19T01:01:03.3701328Z [Gloo] Rank 12 is connected to 31 peer ranks. Expected number of connected peer ranks is : 31
2026-03-19T01:01:03.3711659Z [Gloo] Rank 13 is connected to 31 peer ranks. Expected number of connected peer ranks is : 31
2026-03-19T01:01:03.3723135Z [Gloo] Rank 14 is connected to 31 peer ranks. Expected number of connected peer ranks is : 31
2026-03-19T01:01:03.3732372Z [Gloo] Rank 15 is connected to 31 peer ranks. Expected number of connected peer ranks is : 31
2026-03-19T01:01:03.3757745Z [Gloo] Rank 0 is connected to 3 peer ranks. Expected number of connected peer ranks is : 3
2026-03-19T01:01:03.3768336Z [Gloo] Rank 0 is connected to 3 peer ranks. Expected number of connected peer ranks is : 3
2026-03-19T01:01:03.3778536Z [Gloo] Rank 0 is connected to 3 peer ranks. Expected number of connected peer ranks is : 3
2026-03-19T01:01:03.3789000Z [Gloo] Rank 0 is connected to 3 peer ranks. Expected number of connected peer ranks is : 3
2026-03-19T01:01:03.3798979Z [Gloo] Rank 0 is connected to 3 peer ranks. Expected number of connected peer ranks is : 3
2026-03-19T01:01:03.3809098Z [Gloo] Rank 1 is connected to 3 peer ranks. Expected number of connected peer ranks is : 3
2026-03-19T01:01:03.3819518Z [Gloo] Rank 1 is connected to 3 peer ranks. Expected number of connected peer ranks is : 3
2026-03-19T01:01:03.3831152Z [Gloo] Rank 1 is connected to 3 peer ranks. Expected number of connected peer ranks is : 3
2026-03-19T01:01:03.3841749Z [Gloo] Rank 1 is connected to 3 peer ranks. Expected number of connected peer ranks is : 3
2026-03-19T01:01:03.3852334Z [Gloo] Rank 0 is connected to 3 peer ranks. Expected number of connected peer ranks is : 3
2026-03-19T01:01:03.3862641Z [Gloo] Rank 1 is connected to 3 peer ranks. Expected number of connected peer ranks is : 3
2026-03-19T01:01:03.3873346Z [Gloo] Rank 0 is connected to 3 peer ranks. Expected number of connected peer ranks is : 3
2026-03-19T01:01:03.3883520Z [Gloo] Rank 1 is connected to 3 peer ranks. Expected number of connected peer ranks is : 3
2026-03-19T01:01:03.3893266Z [Gloo] Rank 1 is connected to 3 peer ranks. Expected number of connected peer ranks is : 3
2026-03-19T01:01:03.3903447Z [Gloo] Rank 1 is connected to 3 peer ranks. Expected number of connected peer ranks is : 3
2026-03-19T01:01:03.5309243Z [Gloo] Rank 0 is connected to 3 peer ranks. Expected number of connected peer ranks is : 3
2026-03-19T01:01:06.8855408Z (Worker pid=835) INFO 03-19 01:01:06 [cpu_binding.py:320] [cpu_bind_mode] mode=global_slice rank=6 visible_npus=[0, 1, 2, 3, 4, 5, 6, 7]
2026-03-19T01:01:06.8865214Z (Worker pid=835) INFO 03-19 01:01:06 [cpu_binding.py:367] The CPU allocation plan is as follows:
2026-03-19T01:01:06.8878226Z (Worker pid=835) INFO 03-19 01:01:06 [cpu_binding.py:372] NPU6: main=[122 123 124 125 126 127 128 129 130 131 132 133 134 135 136 137]  acl=[138]  release=[[139]]
2026-03-19T01:01:06.9577149Z (Worker pid=835) INFO 03-19 01:01:06 [cpu_binding.py:383] The 'migratepages' command is not available, skipping memory binding.
2026-03-19T01:01:07.0102577Z (Worker pid=835) WARNING 03-19 01:01:07 [__init__.py:204] min_p and logit_bias parameters won't work with speculative decoding.
2026-03-19T01:01:07.0217257Z (Worker pid=835) INFO 03-19 01:01:07 [base.py:106] Offloader set to NoopOffloader
2026-03-19T01:01:07.0524091Z (Worker pid=835) WARNING 03-19 01:01:07 [__init__.py:204] min_p and logit_bias parameters won't work with speculative decoding.
2026-03-19T01:01:07.0584735Z (Worker pid=835) (Worker_DP0_TP6_EP6 pid=835) INFO 03-19 01:01:07 [model_runner_v1.py:2543] Starting to load model /root/.cache/modelscope/hub/models/vllm-ascend/DeepSeek-V3___2-W8A8...
2026-03-19T01:01:07.0878818Z (Worker pid=624) INFO 03-19 01:01:07 [cpu_binding.py:320] [cpu_bind_mode] mode=global_slice rank=4 visible_npus=[0, 1, 2, 3, 4, 5, 6, 7]
2026-03-19T01:01:07.0890037Z (Worker pid=624) INFO 03-19 01:01:07 [cpu_binding.py:367] The CPU allocation plan is as follows:
2026-03-19T01:01:07.0900598Z (Worker pid=624) INFO 03-19 01:01:07 [cpu_binding.py:372] NPU4: main=[82 83 84 85 86 87 88 89 90 91 92 93 94 95 96 97]  acl=[98]  release=[[99]]
2026-03-19T01:01:07.1365967Z (Worker pid=624) INFO 03-19 01:01:07 [cpu_binding.py:383] The 'migratepages' command is not available, skipping memory binding.
2026-03-19T01:01:07.1707565Z (Worker pid=624) WARNING 03-19 01:01:07 [__init__.py:204] min_p and logit_bias parameters won't work with speculative decoding.
2026-03-19T01:01:07.1785142Z (Worker pid=624) INFO 03-19 01:01:07 [base.py:106] Offloader set to NoopOffloader
2026-03-19T01:01:07.1889479Z (Worker pid=624) WARNING 03-19 01:01:07 [__init__.py:204] min_p and logit_bias parameters won't work with speculative decoding.
2026-03-19T01:01:07.1917548Z (Worker pid=624) (Worker_DP0_TP4_EP4 pid=624) INFO 03-19 01:01:07 [model_runner_v1.py:2543] Starting to load model /root/.cache/modelscope/hub/models/vllm-ascend/DeepSeek-V3___2-W8A8...
2026-03-19T01:01:07.6283641Z (Worker pid=941) INFO 03-19 01:01:07 [cpu_binding.py:320] [cpu_bind_mode] mode=global_slice rank=7 visible_npus=[0, 1, 2, 3, 4, 5, 6, 7]
2026-03-19T01:01:07.6293082Z (Worker pid=941) INFO 03-19 01:01:07 [cpu_binding.py:367] The CPU allocation plan is as follows:
2026-03-19T01:01:07.6303996Z (Worker pid=941) INFO 03-19 01:01:07 [cpu_binding.py:372] NPU7: main=[142 143 144 145 146 147 148 149 150 151 152 153 154 155 156 157]  acl=[158]  release=[[159]]
2026-03-19T01:01:07.6884738Z (Worker pid=941) INFO 03-19 01:01:07 [cpu_binding.py:383] The 'migratepages' command is not available, skipping memory binding.
2026-03-19T01:01:07.7357973Z (Worker pid=941) WARNING 03-19 01:01:07 [__init__.py:204] min_p and logit_bias parameters won't work with speculative decoding.
2026-03-19T01:01:07.7439850Z (Worker pid=941) INFO 03-19 01:01:07 [base.py:106] Offloader set to NoopOffloader
2026-03-19T01:01:07.7586740Z (Worker pid=941) WARNING 03-19 01:01:07 [__init__.py:204] min_p and logit_bias parameters won't work with speculative decoding.
2026-03-19T01:01:07.7691155Z (Worker pid=941) (Worker_DP0_TP7_EP7 pid=941) INFO 03-19 01:01:07 [model_runner_v1.py:2543] Starting to load model /root/.cache/modelscope/hub/models/vllm-ascend/DeepSeek-V3___2-W8A8...
2026-03-19T01:01:07.8608663Z (Worker pid=229) INFO 03-19 01:01:07 [cpu_binding.py:320] [cpu_bind_mode] mode=global_slice rank=0 visible_npus=[8, 9, 10, 11, 12, 13, 14, 15]
2026-03-19T01:01:07.8630207Z (Worker pid=229) INFO 03-19 01:01:07 [cpu_binding.py:367] The CPU allocation plan is as follows:
2026-03-19T01:01:07.8641609Z (Worker pid=229) INFO 03-19 01:01:07 [cpu_binding.py:372] NPU8: main=[162 163 164 165 166 167 168 169 170 171 172 173 174 175 176 177]  acl=[178]  release=[[179]]
2026-03-19T01:01:07.9177743Z (Worker pid=229) INFO 03-19 01:01:07 [cpu_binding.py:383] The 'migratepages' command is not available, skipping memory binding.
2026-03-19T01:01:07.9539695Z (Worker pid=229) WARNING 03-19 01:01:07 [__init__.py:204] min_p and logit_bias parameters won't work with speculative decoding.
2026-03-19T01:01:07.9617347Z (Worker pid=229) INFO 03-19 01:01:07 [base.py:106] Offloader set to NoopOffloader
2026-03-19T01:01:07.9719161Z (Worker pid=229) WARNING 03-19 01:01:07 [__init__.py:204] min_p and logit_bias parameters won't work with speculative decoding.
2026-03-19T01:01:07.9743506Z (Worker pid=229) (Worker_DP1_TP0_EP8 pid=229) INFO 03-19 01:01:07 [model_runner_v1.py:2543] Starting to load model /root/.cache/modelscope/hub/models/vllm-ascend/DeepSeek-V3___2-W8A8...
2026-03-19T01:01:08.0655650Z (Worker pid=521) INFO 03-19 01:01:08 [cpu_binding.py:320] [cpu_bind_mode] mode=global_slice rank=3 visible_npus=[0, 1, 2, 3, 4, 5, 6, 7]
2026-03-19T01:01:08.0677741Z (Worker pid=521) INFO 03-19 01:01:08 [cpu_binding.py:367] The CPU allocation plan is as follows:
2026-03-19T01:01:08.0690978Z (Worker pid=521) INFO 03-19 01:01:08 [cpu_binding.py:372] NPU3: main=[62 63 64 65 66 67 68 69 70 71 72 73 74 75 76 77]  acl=[78]  release=[[79]]
2026-03-19T01:01:08.1408637Z (Worker pid=521) INFO 03-19 01:01:08 [cpu_binding.py:383] The 'migratepages' command is not available, skipping memory binding.
2026-03-19T01:01:08.1481048Z (Worker pid=279) INFO 03-19 01:01:08 [cpu_binding.py:320] [cpu_bind_mode] mode=global_slice rank=1 visible_npus=[8, 9, 10, 11, 12, 13, 14, 15]
2026-03-19T01:01:08.1501604Z (Worker pid=279) INFO 03-19 01:01:08 [cpu_binding.py:367] The CPU allocation plan is as follows:
2026-03-19T01:01:08.1514486Z (Worker pid=279) INFO 03-19 01:01:08 [cpu_binding.py:372] NPU9: main=[182 183 184 185 186 187 188 189 190 191 192 193 194 195 196 197]  acl=[198]  release=[[199]]
2026-03-19T01:01:08.1718946Z (Worker pid=521) WARNING 03-19 01:01:08 [__init__.py:204] min_p and logit_bias parameters won't work with speculative decoding.
2026-03-19T01:01:08.1801524Z (Worker pid=521) INFO 03-19 01:01:08 [base.py:106] Offloader set to NoopOffloader
2026-03-19T01:01:08.1917014Z (Worker pid=521) WARNING 03-19 01:01:08 [__init__.py:204] min_p and logit_bias parameters won't work with speculative decoding.
2026-03-19T01:01:08.1940282Z (Worker pid=521) (Worker_DP0_TP3_EP3 pid=521) INFO 03-19 01:01:08 [model_runner_v1.py:2543] Starting to load model /root/.cache/modelscope/hub/models/vllm-ascend/DeepSeek-V3___2-W8A8...
2026-03-19T01:01:08.2049832Z (Worker pid=279) INFO 03-19 01:01:08 [cpu_binding.py:383] The 'migratepages' command is not available, skipping memory binding.
2026-03-19T01:01:08.2236503Z (Worker pid=835) (Worker_DP0_TP6_EP6 pid=835) INFO 03-19 01:01:08 [layer.py:456] [EP Rank 6/32] Expert parallelism is enabled. Expert placement strategy: linear. Local/global number of experts: 8/256. Experts local to global index map: 0->48, 1->49, 2->50, 3->51, 4->52, 5->53, 6->54, 7->55.
2026-03-19T01:01:08.2264986Z (Worker pid=624) (Worker_DP0_TP4_EP4 pid=624) INFO 03-19 01:01:08 [layer.py:456] [EP Rank 4/32] Expert parallelism is enabled. Expert placement strategy: linear. Local/global number of experts: 8/256. Experts local to global index map: 0->32, 1->33, 2->34, 3->35, 4->36, 5->37, 6->38, 7->39.
2026-03-19T01:01:08.2379807Z (Worker pid=279) WARNING 03-19 01:01:08 [__init__.py:204] min_p and logit_bias parameters won't work with speculative decoding.
2026-03-19T01:01:08.2474918Z (Worker pid=279) INFO 03-19 01:01:08 [base.py:106] Offloader set to NoopOffloader
2026-03-19T01:01:08.2624217Z (Worker pid=279) WARNING 03-19 01:01:08 [__init__.py:204] min_p and logit_bias parameters won't work with speculative decoding.
2026-03-19T01:01:08.2654491Z (Worker pid=279) (Worker_DP1_TP1_EP9 pid=279) INFO 03-19 01:01:08 [model_runner_v1.py:2543] Starting to load model /root/.cache/modelscope/hub/models/vllm-ascend/DeepSeek-V3___2-W8A8...
2026-03-19T01:01:08.2843066Z (Worker pid=411) INFO 03-19 01:01:08 [cpu_binding.py:320] [cpu_bind_mode] mode=global_slice rank=2 visible_npus=[8, 9, 10, 11, 12, 13, 14, 15]
2026-03-19T01:01:08.2853369Z (Worker pid=411) INFO 03-19 01:01:08 [cpu_binding.py:367] The CPU allocation plan is as follows:
2026-03-19T01:01:08.2863303Z (Worker pid=411) INFO 03-19 01:01:08 [cpu_binding.py:372] NPU10: main=[202 203 204 205 206 207 208 209 210 211 212 213 214 215 216 217]  acl=[218]  release=[[219]]
2026-03-19T01:01:08.3467377Z (Worker pid=411) INFO 03-19 01:01:08 [cpu_binding.py:383] The 'migratepages' command is not available, skipping memory binding.
2026-03-19T01:01:08.3762182Z (Worker pid=411) WARNING 03-19 01:01:08 [__init__.py:204] min_p and logit_bias parameters won't work with speculative decoding.
2026-03-19T01:01:08.3846303Z (Worker pid=411) INFO 03-19 01:01:08 [base.py:106] Offloader set to NoopOffloader
2026-03-19T01:01:08.3955327Z (Worker pid=411) WARNING 03-19 01:01:08 [__init__.py:204] min_p and logit_bias parameters won't work with speculative decoding.
2026-03-19T01:01:08.3994473Z (Worker pid=411) (Worker_DP1_TP2_EP10 pid=411) INFO 03-19 01:01:08 [model_runner_v1.py:2543] Starting to load model /root/.cache/modelscope/hub/models/vllm-ascend/DeepSeek-V3___2-W8A8...
2026-03-19T01:01:08.4338274Z (Worker pid=625) INFO 03-19 01:01:08 [cpu_binding.py:320] [cpu_bind_mode] mode=global_slice rank=4 visible_npus=[8, 9, 10, 11, 12, 13, 14, 15]
2026-03-19T01:01:08.4361727Z (Worker pid=625) INFO 03-19 01:01:08 [cpu_binding.py:367] The CPU allocation plan is as follows:
2026-03-19T01:01:08.4371971Z (Worker pid=625) INFO 03-19 01:01:08 [cpu_binding.py:372] NPU12: main=[242 243 244 245 246 247 248 249 250 251 252 253 254 255 256 257]  acl=[258]  release=[[259]]
2026-03-19T01:01:08.4822058Z (Worker pid=625) INFO 03-19 01:01:08 [cpu_binding.py:383] The 'migratepages' command is not available, skipping memory binding.
2026-03-19T01:01:08.5474624Z (Worker pid=625) WARNING 03-19 01:01:08 [__init__.py:204] min_p and logit_bias parameters won't work with speculative decoding.
2026-03-19T01:01:08.5551457Z (Worker pid=625) INFO 03-19 01:01:08 [base.py:106] Offloader set to NoopOffloader
2026-03-19T01:01:08.5646220Z (Worker pid=625) WARNING 03-19 01:01:08 [__init__.py:204] min_p and logit_bias parameters won't work with speculative decoding.
2026-03-19T01:01:08.5674594Z (Worker pid=625) (Worker_DP1_TP4_EP12 pid=625) INFO 03-19 01:01:08 [model_runner_v1.py:2543] Starting to load model /root/.cache/modelscope/hub/models/vllm-ascend/DeepSeek-V3___2-W8A8...
2026-03-19T01:01:08.6031068Z (Worker pid=517) INFO 03-19 01:01:08 [cpu_binding.py:320] [cpu_bind_mode] mode=global_slice rank=3 visible_npus=[8, 9, 10, 11, 12, 13, 14, 15]
2026-03-19T01:01:08.6040611Z (Worker pid=517) INFO 03-19 01:01:08 [cpu_binding.py:367] The CPU allocation plan is as follows:
2026-03-19T01:01:08.6050274Z (Worker pid=517) INFO 03-19 01:01:08 [cpu_binding.py:372] NPU11: main=[222 223 224 225 226 227 228 229 230 231 232 233 234 235 236 237]  acl=[238]  release=[[239]]
2026-03-19T01:01:08.6519532Z (Worker pid=517) INFO 03-19 01:01:08 [cpu_binding.py:383] The 'migratepages' command is not available, skipping memory binding.
2026-03-19T01:01:08.6716757Z (Worker pid=944) INFO 03-19 01:01:08 [cpu_binding.py:320] [cpu_bind_mode] mode=global_slice rank=7 visible_npus=[8, 9, 10, 11, 12, 13, 14, 15]
2026-03-19T01:01:08.6726515Z (Worker pid=944) INFO 03-19 01:01:08 [cpu_binding.py:367] The CPU allocation plan is as follows:
2026-03-19T01:01:08.6736376Z (Worker pid=944) INFO 03-19 01:01:08 [cpu_binding.py:372] NPU15: main=[302 303 304 305 306 307 308 309 310 311 312 313 314 315 316 317]  acl=[318]  release=[[319]]
2026-03-19T01:01:08.6839141Z (Worker pid=517) WARNING 03-19 01:01:08 [__init__.py:204] min_p and logit_bias parameters won't work with speculative decoding.
2026-03-19T01:01:08.6920089Z (Worker pid=517) INFO 03-19 01:01:08 [base.py:106] Offloader set to NoopOffloader
2026-03-19T01:01:08.7045333Z (Worker pid=517) WARNING 03-19 01:01:08 [__init__.py:204] min_p and logit_bias parameters won't work with speculative decoding.
2026-03-19T01:01:08.7068886Z (Worker pid=517) (Worker_DP1_TP3_EP11 pid=517) INFO 03-19 01:01:08 [model_runner_v1.py:2543] Starting to load model /root/.cache/modelscope/hub/models/vllm-ascend/DeepSeek-V3___2-W8A8...
2026-03-19T01:01:08.7161764Z (Worker pid=944) INFO 03-19 01:01:08 [cpu_binding.py:383] The 'migratepages' command is not available, skipping memory binding.
2026-03-19T01:01:08.7422117Z (Worker pid=944) WARNING 03-19 01:01:08 [__init__.py:204] min_p and logit_bias parameters won't work with speculative decoding.
2026-03-19T01:01:08.7495826Z (Worker pid=944) INFO 03-19 01:01:08 [base.py:106] Offloader set to NoopOffloader
2026-03-19T01:01:08.7589773Z (Worker pid=944) WARNING 03-19 01:01:08 [__init__.py:204] min_p and logit_bias parameters won't work with speculative decoding.
2026-03-19T01:01:08.7616344Z (Worker pid=944) (Worker_DP1_TP7_EP15 pid=944) INFO 03-19 01:01:08 [model_runner_v1.py:2543] Starting to load model /root/.cache/modelscope/hub/models/vllm-ascend/DeepSeek-V3___2-W8A8...
2026-03-19T01:01:08.8173763Z (Worker pid=732) INFO 03-19 01:01:08 [cpu_binding.py:320] [cpu_bind_mode] mode=global_slice rank=5 visible_npus=[0, 1, 2, 3, 4, 5, 6, 7]
2026-03-19T01:01:08.8183844Z (Worker pid=732) INFO 03-19 01:01:08 [cpu_binding.py:367] The CPU allocation plan is as follows:
2026-03-19T01:01:08.8194008Z (Worker pid=732) INFO 03-19 01:01:08 [cpu_binding.py:372] NPU5: main=[102 103 104 105 106 107 108 109 110 111 112 113 114 115 116 117]  acl=[118]  release=[[119]]
2026-03-19T01:01:08.8695592Z (Worker pid=732) INFO 03-19 01:01:08 [cpu_binding.py:383] The 'migratepages' command is not available, skipping memory binding.
2026-03-19T01:01:08.8762367Z (Worker pid=941) (Worker_DP0_TP7_EP7 pid=941) INFO 03-19 01:01:08 [layer.py:456] [EP Rank 7/32] Expert parallelism is enabled. Expert placement strategy: linear. Local/global number of experts: 8/256. Experts local to global index map: 0->56, 1->57, 2->58, 3->59, 4->60, 5->61, 6->62, 7->63.
2026-03-19T01:01:08.9007663Z (Worker pid=732) WARNING 03-19 01:01:08 [__init__.py:204] min_p and logit_bias parameters won't work with speculative decoding.
2026-03-19T01:01:08.9084644Z (Worker pid=732) INFO 03-19 01:01:08 [base.py:106] Offloader set to NoopOffloader
2026-03-19T01:01:08.9192246Z (Worker pid=732) WARNING 03-19 01:01:08 [__init__.py:204] min_p and logit_bias parameters won't work with speculative decoding.
2026-03-19T01:01:08.9213956Z (Worker pid=732) (Worker_DP0_TP5_EP5 pid=732) INFO 03-19 01:01:08 [model_runner_v1.py:2543] Starting to load model /root/.cache/modelscope/hub/models/vllm-ascend/DeepSeek-V3___2-W8A8...
2026-03-19T01:01:08.9654956Z (Worker pid=730) INFO 03-19 01:01:08 [cpu_binding.py:320] [cpu_bind_mode] mode=global_slice rank=5 visible_npus=[8, 9, 10, 11, 12, 13, 14, 15]
2026-03-19T01:01:08.9664405Z (Worker pid=730) INFO 03-19 01:01:08 [cpu_binding.py:367] The CPU allocation plan is as follows:
2026-03-19T01:01:08.9675479Z (Worker pid=730) INFO 03-19 01:01:08 [cpu_binding.py:372] NPU13: main=[262 263 264 265 266 267 268 269 270 271 272 273 274 275 276 277]  acl=[278]  release=[[279]]
2026-03-19T01:01:09.0185541Z (Worker pid=730) INFO 03-19 01:01:09 [cpu_binding.py:383] The 'migratepages' command is not available, skipping memory binding.
2026-03-19T01:01:09.0326683Z (Worker pid=229) (Worker_DP1_TP0_EP8 pid=229) INFO 03-19 01:01:09 [layer.py:456] [EP Rank 8/32] Expert parallelism is enabled. Expert placement strategy: linear. Local/global number of experts: 8/256. Experts local to global index map: 0->64, 1->65, 2->66, 3->67, 4->68, 5->69, 6->70, 7->71.
2026-03-19T01:01:09.0464038Z (Worker pid=730) WARNING 03-19 01:01:09 [__init__.py:204] min_p and logit_bias parameters won't work with speculative decoding.
2026-03-19T01:01:09.0523517Z (Worker pid=730) INFO 03-19 01:01:09 [base.py:106] Offloader set to NoopOffloader
2026-03-19T01:01:09.0634395Z (Worker pid=730) WARNING 03-19 01:01:09 [__init__.py:204] min_p and logit_bias parameters won't work with speculative decoding.
2026-03-19T01:01:09.0644479Z (Worker pid=730) (Worker_DP1_TP5_EP13 pid=730) INFO 03-19 01:01:09 [model_runner_v1.py:2543] Starting to load model /root/.cache/modelscope/hub/models/vllm-ascend/DeepSeek-V3___2-W8A8...
2026-03-19T01:01:09.1589367Z (Worker pid=415) INFO 03-19 01:01:09 [cpu_binding.py:320] [cpu_bind_mode] mode=global_slice rank=2 visible_npus=[0, 1, 2, 3, 4, 5, 6, 7]
2026-03-19T01:01:09.1613252Z (Worker pid=415) INFO 03-19 01:01:09 [cpu_binding.py:367] The CPU allocation plan is as follows:
2026-03-19T01:01:09.1624040Z (Worker pid=415) INFO 03-19 01:01:09 [cpu_binding.py:372] NPU2: main=[42 43 44 45 46 47 48 49 50 51 52 53 54 55 56 57]  acl=[58]  release=[[59]]
2026-03-19T01:01:09.2136516Z (Worker pid=415) INFO 03-19 01:01:09 [cpu_binding.py:383] The 'migratepages' command is not available, skipping memory binding.
2026-03-19T01:01:09.2457439Z (Worker pid=415) WARNING 03-19 01:01:09 [__init__.py:204] min_p and logit_bias parameters won't work with speculative decoding.
2026-03-19T01:01:09.2535894Z (Worker pid=415) INFO 03-19 01:01:09 [base.py:106] Offloader set to NoopOffloader
2026-03-19T01:01:09.2606921Z (Worker pid=521) (Worker_DP0_TP3_EP3 pid=521) INFO 03-19 01:01:09 [layer.py:456] [EP Rank 3/32] Expert parallelism is enabled. Expert placement strategy: linear. Local/global number of experts: 8/256. Experts local to global index map: 0->24, 1->25, 2->26, 3->27, 4->28, 5->29, 6->30, 7->31.
2026-03-19T01:01:09.2663212Z (Worker pid=415) WARNING 03-19 01:01:09 [__init__.py:204] min_p and logit_bias parameters won't work with speculative decoding.
2026-03-19T01:01:09.2689607Z (Worker pid=415) (Worker_DP0_TP2_EP2 pid=415) INFO 03-19 01:01:09 [model_runner_v1.py:2543] Starting to load model /root/.cache/modelscope/hub/models/vllm-ascend/DeepSeek-V3___2-W8A8...
2026-03-19T01:01:09.2951730Z (Worker pid=838) INFO 03-19 01:01:09 [cpu_binding.py:320] [cpu_bind_mode] mode=global_slice rank=6 visible_npus=[8, 9, 10, 11, 12, 13, 14, 15]
2026-03-19T01:01:09.2961004Z (Worker pid=838) INFO 03-19 01:01:09 [cpu_binding.py:367] The CPU allocation plan is as follows:
2026-03-19T01:01:09.2971634Z (Worker pid=838) INFO 03-19 01:01:09 [cpu_binding.py:372] NPU14: main=[282 283 284 285 286 287 288 289 290 291 292 293 294 295 296 297]  acl=[298]  release=[[299]]
2026-03-19T01:01:09.3269197Z (Worker pid=625) (Worker_DP1_TP4_EP12 pid=625) INFO 03-19 01:01:09 [layer.py:456] [EP Rank 12/32] Expert parallelism is enabled. Expert placement strategy: linear. Local/global number of experts: 8/256. Experts local to global index map: 0->96, 1->97, 2->98, 3->99, 4->100, 5->101, 6->102, 7->103.
2026-03-19T01:01:09.3455363Z (Worker pid=838) INFO 03-19 01:01:09 [cpu_binding.py:383] The 'migratepages' command is not available, skipping memory binding.
2026-03-19T01:01:09.3713312Z (Worker pid=838) WARNING 03-19 01:01:09 [__init__.py:204] min_p and logit_bias parameters won't work with speculative decoding.
2026-03-19T01:01:09.3787624Z (Worker pid=838) INFO 03-19 01:01:09 [base.py:106] Offloader set to NoopOffloader
2026-03-19T01:01:09.3879170Z (Worker pid=838) WARNING 03-19 01:01:09 [__init__.py:204] min_p and logit_bias parameters won't work with speculative decoding.
2026-03-19T01:01:09.3900063Z (Worker pid=838) (Worker_DP1_TP6_EP14 pid=838) INFO 03-19 01:01:09 [model_runner_v1.py:2543] Starting to load model /root/.cache/modelscope/hub/models/vllm-ascend/DeepSeek-V3___2-W8A8...
2026-03-19T01:01:09.5225351Z (Worker pid=279) (Worker_DP1_TP1_EP9 pid=279) INFO 03-19 01:01:09 [layer.py:456] [EP Rank 9/32] Expert parallelism is enabled. Expert placement strategy: linear. Local/global number of experts: 8/256. Experts local to global index map: 0->72, 1->73, 2->74, 3->75, 4->76, 5->77, 6->78, 7->79.
2026-03-19T01:01:09.5545175Z (Worker pid=411) (Worker_DP1_TP2_EP10 pid=411) INFO 03-19 01:01:09 [layer.py:456] [EP Rank 10/32] Expert parallelism is enabled. Expert placement strategy: linear. Local/global number of experts: 8/256. Experts local to global index map: 0->80, 1->81, 2->82, 3->83, 4->84, 5->85, 6->86, 7->87.
2026-03-19T01:01:09.5764907Z (Worker pid=944) (Worker_DP1_TP7_EP15 pid=944) INFO 03-19 01:01:09 [layer.py:456] [EP Rank 15/32] Expert parallelism is enabled. Expert placement strategy: linear. Local/global number of experts: 8/256. Experts local to global index map: 0->120, 1->121, 2->122, 3->123, 4->124, 5->125, 6->126, 7->127.
2026-03-19T01:01:09.6908097Z (Worker pid=282) INFO 03-19 01:01:09 [cpu_binding.py:320] [cpu_bind_mode] mode=global_slice rank=1 visible_npus=[0, 1, 2, 3, 4, 5, 6, 7]
2026-03-19T01:01:09.6917034Z (Worker pid=282) INFO 03-19 01:01:09 [cpu_binding.py:367] The CPU allocation plan is as follows:
2026-03-19T01:01:09.6930475Z (Worker pid=282) INFO 03-19 01:01:09 [cpu_binding.py:372] NPU1: main=[22 23 24 25 26 27 28 29 30 31 32 33 34 35 36 37]  acl=[38]  release=[[39]]
2026-03-19T01:01:09.7482924Z (Worker pid=282) INFO 03-19 01:01:09 [cpu_binding.py:383] The 'migratepages' command is not available, skipping memory binding.
2026-03-19T01:01:09.7510038Z (Worker pid=228) INFO 03-19 01:01:09 [cpu_binding.py:320] [cpu_bind_mode] mode=global_slice rank=0 visible_npus=[0, 1, 2, 3, 4, 5, 6, 7]
2026-03-19T01:01:09.7520220Z (Worker pid=228) INFO 03-19 01:01:09 [cpu_binding.py:367] The CPU allocation plan is as follows:
2026-03-19T01:01:09.7530312Z (Worker pid=228) INFO 03-19 01:01:09 [cpu_binding.py:372] NPU0: main=[2 3 4 5 6 7 8 9 10 11 12 13 14 15 16 17]  acl=[18]  release=[[19]]
2026-03-19T01:01:09.7812466Z (Worker pid=282) WARNING 03-19 01:01:09 [__init__.py:204] min_p and logit_bias parameters won't work with speculative decoding.
2026-03-19T01:01:09.7849720Z (Worker pid=282) INFO 03-19 01:01:09 [base.py:106] Offloader set to NoopOffloader
2026-03-19T01:01:09.7924760Z (Worker pid=730) (Worker_DP1_TP5_EP13 pid=730) INFO 03-19 01:01:09 [layer.py:456] [EP Rank 13/32] Expert parallelism is enabled. Expert placement strategy: linear. Local/global number of experts: 8/256. Experts local to global index map: 0->104, 1->105, 2->106, 3->107, 4->108, 5->109, 6->110, 7->111.
2026-03-19T01:01:09.7963756Z (Worker pid=282) WARNING 03-19 01:01:09 [__init__.py:204] min_p and logit_bias parameters won't work with speculative decoding.
2026-03-19T01:01:09.7993345Z (Worker pid=228) INFO 03-19 01:01:09 [cpu_binding.py:383] The 'migratepages' command is not available, skipping memory binding.
2026-03-19T01:01:09.8004190Z (Worker pid=282) (Worker_DP0_TP1_EP1 pid=282) INFO 03-19 01:01:09 [model_runner_v1.py:2543] Starting to load model /root/.cache/modelscope/hub/models/vllm-ascend/DeepSeek-V3___2-W8A8...
2026-03-19T01:01:09.8285835Z (Worker pid=228) WARNING 03-19 01:01:09 [__init__.py:204] min_p and logit_bias parameters won't work with speculative decoding.
2026-03-19T01:01:09.8368269Z (Worker pid=228) INFO 03-19 01:01:09 [base.py:106] Offloader set to NoopOffloader
2026-03-19T01:01:09.8490597Z (Worker pid=228) WARNING 03-19 01:01:09 [__init__.py:204] min_p and logit_bias parameters won't work with speculative decoding.
2026-03-19T01:01:09.8534579Z (Worker pid=228) (Worker_DP0_TP0_EP0 pid=228) INFO 03-19 01:01:09 [model_runner_v1.py:2543] Starting to load model /root/.cache/modelscope/hub/models/vllm-ascend/DeepSeek-V3___2-W8A8...
2026-03-19T01:01:09.8666010Z (Worker pid=517) (Worker_DP1_TP3_EP11 pid=517) INFO 03-19 01:01:09 [layer.py:456] [EP Rank 11/32] Expert parallelism is enabled. Expert placement strategy: linear. Local/global number of experts: 8/256. Experts local to global index map: 0->88, 1->89, 2->90, 3->91, 4->92, 5->93, 6->94, 7->95.
2026-03-19T01:01:09.9490013Z (Worker pid=732) (Worker_DP0_TP5_EP5 pid=732) INFO 03-19 01:01:09 [layer.py:456] [EP Rank 5/32] Expert parallelism is enabled. Expert placement strategy: linear. Local/global number of experts: 8/256. Experts local to global index map: 0->40, 1->41, 2->42, 3->43, 4->44, 5->45, 6->46, 7->47.
2026-03-19T01:01:10.3676001Z (Worker pid=415) (Worker_DP0_TP2_EP2 pid=415) INFO 03-19 01:01:10 [layer.py:456] [EP Rank 2/32] Expert parallelism is enabled. Expert placement strategy: linear. Local/global number of experts: 8/256. Experts local to global index map: 0->16, 1->17, 2->18, 3->19, 4->20, 5->21, 6->22, 7->23.
2026-03-19T01:01:10.4096285Z (Worker pid=838) (Worker_DP1_TP6_EP14 pid=838) INFO 03-19 01:01:10 [layer.py:456] [EP Rank 14/32] Expert parallelism is enabled. Expert placement strategy: linear. Local/global number of experts: 8/256. Experts local to global index map: 0->112, 1->113, 2->114, 3->115, 4->116, 5->117, 6->118, 7->119.
2026-03-19T01:01:10.9091915Z (Worker pid=282) (Worker_DP0_TP1_EP1 pid=282) INFO 03-19 01:01:10 [layer.py:456] [EP Rank 1/32] Expert parallelism is enabled. Expert placement strategy: linear. Local/global number of experts: 8/256. Experts local to global index map: 0->8, 1->9, 2->10, 3->11, 4->12, 5->13, 6->14, 7->15.
2026-03-19T01:01:11.1191759Z (Worker pid=228) (Worker_DP0_TP0_EP0 pid=228) INFO 03-19 01:01:11 [layer.py:456] [EP Rank 0/32] Expert parallelism is enabled. Expert placement strategy: linear. Local/global number of experts: 8/256. Experts local to global index map: 0->0, 1->1, 2->2, 3->3, 4->4, 5->5, 6->6, 7->7.
2026-03-19T01:01:11.6922217Z (Worker pid=228) (Worker_DP0_TP0_EP0 pid=228) INFO 03-19 01:01:11 [fused_moe.py:321] [EP Rank 0/32] Expert parallelism is enabled. Local/global number of experts: 8/256. Experts local to global index map: 0->0, 1->1, 2->2, 3->3, 4->4, 5->5, 6->6, 7->7.
2026-03-19T01:01:11.8643384Z (Worker pid=282) (Worker_DP0_TP1_EP1 pid=282) INFO 03-19 01:01:11 [fused_moe.py:321] [EP Rank 1/32] Expert parallelism is enabled. Local/global number of experts: 8/256. Experts local to global index map: 0->8, 1->9, 2->10, 3->11, 4->12, 5->13, 6->14, 7->15.
2026-03-19T01:01:11.8653648Z (Worker pid=944) (Worker_DP1_TP7_EP15 pid=944) INFO 03-19 01:01:11 [fused_moe.py:321] [EP Rank 15/32] Expert parallelism is enabled. Local/global number of experts: 8/256. Experts local to global index map: 0->120, 1->121, 2->122, 3->123, 4->124, 5->125, 6->126, 7->127.
2026-03-19T01:01:11.8714504Z (Worker pid=624) (Worker_DP0_TP4_EP4 pid=624) INFO 03-19 01:01:11 [fused_moe.py:321] [EP Rank 4/32] Expert parallelism is enabled. Local/global number of experts: 8/256. Experts local to global index map: 0->32, 1->33, 2->34, 3->35, 4->36, 5->37, 6->38, 7->39.
2026-03-19T01:01:11.8833281Z (Worker pid=625) (Worker_DP1_TP4_EP12 pid=625) INFO 03-19 01:01:11 [fused_moe.py:321] [EP Rank 12/32] Expert parallelism is enabled. Local/global number of experts: 8/256. Experts local to global index map: 0->96, 1->97, 2->98, 3->99, 4->100, 5->101, 6->102, 7->103.
2026-03-19T01:01:11.8906713Z (Worker pid=521) (Worker_DP0_TP3_EP3 pid=521) INFO 03-19 01:01:11 [fused_moe.py:321] [EP Rank 3/32] Expert parallelism is enabled. Local/global number of experts: 8/256. Experts local to global index map: 0->24, 1->25, 2->26, 3->27, 4->28, 5->29, 6->30, 7->31.
2026-03-19T01:01:11.8955740Z (Worker pid=411) (Worker_DP1_TP2_EP10 pid=411) INFO 03-19 01:01:11 [fused_moe.py:321] [EP Rank 10/32] Expert parallelism is enabled. Local/global number of experts: 8/256. Experts local to global index map: 0->80, 1->81, 2->82, 3->83, 4->84, 5->85, 6->86, 7->87.
2026-03-19T01:01:11.9098901Z (Worker pid=835) (Worker_DP0_TP6_EP6 pid=835) INFO 03-19 01:01:11 [fused_moe.py:321] [EP Rank 6/32] Expert parallelism is enabled. Local/global number of experts: 8/256. Experts local to global index map: 0->48, 1->49, 2->50, 3->51, 4->52, 5->53, 6->54, 7->55.
2026-03-19T01:01:11.9306413Z (Worker pid=838) (Worker_DP1_TP6_EP14 pid=838) INFO 03-19 01:01:11 [fused_moe.py:321] [EP Rank 14/32] Expert parallelism is enabled. Local/global number of experts: 8/256. Experts local to global index map: 0->112, 1->113, 2->114, 3->115, 4->116, 5->117, 6->118, 7->119.
2026-03-19T01:01:11.9337818Z (Worker pid=732) (Worker_DP0_TP5_EP5 pid=732) INFO 03-19 01:01:11 [fused_moe.py:321] [EP Rank 5/32] Expert parallelism is enabled. Local/global number of experts: 8/256. Experts local to global index map: 0->40, 1->41, 2->42, 3->43, 4->44, 5->45, 6->46, 7->47.
2026-03-19T01:01:11.9360372Z (Worker pid=730) (Worker_DP1_TP5_EP13 pid=730) INFO 03-19 01:01:11 [fused_moe.py:321] [EP Rank 13/32] Expert parallelism is enabled. Local/global number of experts: 8/256. Experts local to global index map: 0->104, 1->105, 2->106, 3->107, 4->108, 5->109, 6->110, 7->111.
2026-03-19T01:01:11.9418703Z (Worker pid=229) (Worker_DP1_TP0_EP8 pid=229) INFO 03-19 01:01:11 [fused_moe.py:321] [EP Rank 8/32] Expert parallelism is enabled. Local/global number of experts: 8/256. Experts local to global index map: 0->64, 1->65, 2->66, 3->67, 4->68, 5->69, 6->70, 7->71.
2026-03-19T01:01:11.9458978Z (Worker pid=415) (Worker_DP0_TP2_EP2 pid=415) INFO 03-19 01:01:11 [fused_moe.py:321] [EP Rank 2/32] Expert parallelism is enabled. Local/global number of experts: 8/256. Experts local to global index map: 0->16, 1->17, 2->18, 3->19, 4->20, 5->21, 6->22, 7->23.
2026-03-19T01:01:11.9492684Z (Worker pid=517) (Worker_DP1_TP3_EP11 pid=517) INFO 03-19 01:01:11 [fused_moe.py:321] [EP Rank 11/32] Expert parallelism is enabled. Local/global number of experts: 8/256. Experts local to global index map: 0->88, 1->89, 2->90, 3->91, 4->92, 5->93, 6->94, 7->95.
2026-03-19T01:01:11.9679788Z (Worker pid=941) (Worker_DP0_TP7_EP7 pid=941) INFO 03-19 01:01:11 [fused_moe.py:321] [EP Rank 7/32] Expert parallelism is enabled. Local/global number of experts: 8/256. Experts local to global index map: 0->56, 1->57, 2->58, 3->59, 4->60, 5->61, 6->62, 7->63.
2026-03-19T01:01:11.9935344Z (Worker pid=279) (Worker_DP1_TP1_EP9 pid=279) INFO 03-19 01:01:11 [fused_moe.py:321] [EP Rank 9/32] Expert parallelism is enabled. Local/global number of experts: 8/256. Experts local to global index map: 0->72, 1->73, 2->74, 3->75, 4->76, 5->77, 6->78, 7->79.
2026-03-19T01:01:12.1658753Z (Worker pid=282) (Worker_DP0_TP1_EP1 pid=282) INFO 03-19 01:01:12 [fused_moe.py:576] Sequence parallelism is enabled, shared experts are replicated for best performance.
2026-03-19T01:01:12.2305851Z (Worker pid=624) (Worker_DP0_TP4_EP4 pid=624) INFO 03-19 01:01:12 [fused_moe.py:576] Sequence parallelism is enabled, shared experts are replicated for best performance.
2026-03-19T01:01:12.2331470Z (Worker pid=732) (Worker_DP0_TP5_EP5 pid=732) INFO 03-19 01:01:12 [fused_moe.py:576] Sequence parallelism is enabled, shared experts are replicated for best performance.
2026-03-19T01:01:12.2342142Z (Worker pid=838) (Worker_DP1_TP6_EP14 pid=838) INFO 03-19 01:01:12 [fused_moe.py:576] Sequence parallelism is enabled, shared experts are replicated for best performance.
2026-03-19T01:01:12.2356550Z (Worker pid=625) (Worker_DP1_TP4_EP12 pid=625) INFO 03-19 01:01:12 [fused_moe.py:576] Sequence parallelism is enabled, shared experts are replicated for best performance.
2026-03-19T01:01:12.2366230Z (Worker pid=730) (Worker_DP1_TP5_EP13 pid=730) INFO 03-19 01:01:12 [fused_moe.py:576] Sequence parallelism is enabled, shared experts are replicated for best performance.
2026-03-19T01:01:12.2377361Z (Worker pid=944) (Worker_DP1_TP7_EP15 pid=944) INFO 03-19 01:01:12 [fused_moe.py:576] Sequence parallelism is enabled, shared experts are replicated for best performance.
2026-03-19T01:01:12.2516739Z (Worker pid=521) (Worker_DP0_TP3_EP3 pid=521) INFO 03-19 01:01:12 [fused_moe.py:576] Sequence parallelism is enabled, shared experts are replicated for best performance.
2026-03-19T01:01:12.2540284Z (Worker pid=411) (Worker_DP1_TP2_EP10 pid=411) INFO 03-19 01:01:12 [fused_moe.py:576] Sequence parallelism is enabled, shared experts are replicated for best performance.
2026-03-19T01:01:12.2551090Z (Worker pid=517) (Worker_DP1_TP3_EP11 pid=517) INFO 03-19 01:01:12 [fused_moe.py:576] Sequence parallelism is enabled, shared experts are replicated for best performance.
2026-03-19T01:01:12.2606955Z (Worker pid=415) (Worker_DP0_TP2_EP2 pid=415) INFO 03-19 01:01:12 [fused_moe.py:576] Sequence parallelism is enabled, shared experts are replicated for best performance.
2026-03-19T01:01:12.2715465Z (Worker pid=835) (Worker_DP0_TP6_EP6 pid=835) INFO 03-19 01:01:12 [fused_moe.py:576] Sequence parallelism is enabled, shared experts are replicated for best performance.
2026-03-19T01:01:12.2743868Z (Worker pid=941) (Worker_DP0_TP7_EP7 pid=941) INFO 03-19 01:01:12 [fused_moe.py:576] Sequence parallelism is enabled, shared experts are replicated for best performance.
2026-03-19T01:01:12.2882076Z (Worker pid=229) (Worker_DP1_TP0_EP8 pid=229) INFO 03-19 01:01:12 [fused_moe.py:576] Sequence parallelism is enabled, shared experts are replicated for best performance.
2026-03-19T01:01:12.2919213Z (Worker pid=279) (Worker_DP1_TP1_EP9 pid=279) INFO 03-19 01:01:12 [fused_moe.py:576] Sequence parallelism is enabled, shared experts are replicated for best performance.
2026-03-19T01:01:12.3458933Z (Worker pid=228) (Worker_DP0_TP0_EP0 pid=228) INFO 03-19 01:01:12 [fused_moe.py:576] Sequence parallelism is enabled, shared experts are replicated for best performance.
2026-03-19T01:01:19.6705222Z (Worker pid=835) (Worker_DP0_TP6_EP6 pid=835) INFO 03-19 01:01:19 [compilation.py:937] Using OOT custom backend for compilation.
2026-03-19T01:01:19.8834295Z (Worker pid=282) (Worker_DP0_TP1_EP1 pid=282) INFO 03-19 01:01:19 [compilation.py:937] Using OOT custom backend for compilation.
2026-03-19T01:01:19.9103468Z (Worker pid=941) (Worker_DP0_TP7_EP7 pid=941) INFO 03-19 01:01:19 [compilation.py:937] Using OOT custom backend for compilation.
2026-03-19T01:01:20.0614897Z (Worker pid=517) (Worker_DP1_TP3_EP11 pid=517) INFO 03-19 01:01:20 [compilation.py:937] Using OOT custom backend for compilation.
2026-03-19T01:01:20.1107258Z (Worker pid=411) (Worker_DP1_TP2_EP10 pid=411) INFO 03-19 01:01:20 [compilation.py:937] Using OOT custom backend for compilation.
2026-03-19T01:01:20.1200792Z (Worker pid=228) (Worker_DP0_TP0_EP0 pid=228) INFO 03-19 01:01:20 [compilation.py:937] Using OOT custom backend for compilation.
2026-03-19T01:01:20.2684112Z (Worker pid=228) (Worker_DP0_TP0_EP0 pid=228)
2026-03-19T01:01:20.2684554Z Loading safetensors checkpoint shards:   0% Completed | 0/163 [00:00<?, ?it/s]
2026-03-19T01:01:20.3426786Z (Worker pid=730) (Worker_DP1_TP5_EP13 pid=730) INFO 03-19 01:01:20 [compilation.py:937] Using OOT custom backend for compilation.
2026-03-19T01:01:20.4301613Z (Worker pid=625) (Worker_DP1_TP4_EP12 pid=625) INFO 03-19 01:01:20 [compilation.py:937] Using OOT custom backend for compilation.
2026-03-19T01:01:20.4691801Z (Worker pid=838) (Worker_DP1_TP6_EP14 pid=838) INFO 03-19 01:01:20 [compilation.py:937] Using OOT custom backend for compilation.
2026-03-19T01:01:20.4972356Z (Worker pid=279) (Worker_DP1_TP1_EP9 pid=279) INFO 03-19 01:01:20 [compilation.py:937] Using OOT custom backend for compilation.
2026-03-19T01:01:20.5032915Z (Worker pid=415) (Worker_DP0_TP2_EP2 pid=415) INFO 03-19 01:01:20 [compilation.py:937] Using OOT custom backend for compilation.
2026-03-19T01:01:20.5046338Z (Worker pid=732) (Worker_DP0_TP5_EP5 pid=732) INFO 03-19 01:01:20 [compilation.py:937] Using OOT custom backend for compilation.
2026-03-19T01:01:20.5589065Z (Worker pid=944) (Worker_DP1_TP7_EP15 pid=944) INFO 03-19 01:01:20 [compilation.py:937] Using OOT custom backend for compilation.
2026-03-19T01:01:20.5707477Z (Worker pid=229) (Worker_DP1_TP0_EP8 pid=229) INFO 03-19 01:01:20 [compilation.py:937] Using OOT custom backend for compilation.
2026-03-19T01:01:20.6021832Z (Worker pid=521) (Worker_DP0_TP3_EP3 pid=521) INFO 03-19 01:01:20 [compilation.py:937] Using OOT custom backend for compilation.
2026-03-19T01:01:20.6132225Z (Worker pid=624) (Worker_DP0_TP4_EP4 pid=624) INFO 03-19 01:01:20 [compilation.py:937] Using OOT custom backend for compilation.
2026-03-19T01:01:26.3974009Z (Worker pid=228) (Worker_DP0_TP0_EP0 pid=228)
2026-03-19T01:01:26.3974838Z Loading safetensors checkpoint shards:   1% Completed | 1/163 [00:06<16:32,  6.13s/it]
2026-03-19T01:01:27.7518290Z (Worker pid=228) (Worker_DP0_TP0_EP0 pid=228)
2026-03-19T01:01:27.7518782Z Loading safetensors checkpoint shards:   1% Completed | 2/163 [00:07<08:54,  3.32s/it]
2026-03-19T01:01:29.3707527Z (Worker pid=228) (Worker_DP0_TP0_EP0 pid=228)
2026-03-19T01:01:29.3707939Z Loading safetensors checkpoint shards:   2% Completed | 3/163 [00:09<06:46,  2.54s/it]
2026-03-19T01:01:32.5237186Z (Worker pid=228) (Worker_DP0_TP0_EP0 pid=228)
2026-03-19T01:01:32.5237707Z Loading safetensors checkpoint shards:   2% Completed | 4/163 [00:12<07:22,  2.78s/it]
2026-03-19T01:01:33.8959875Z (Worker pid=228) (Worker_DP0_TP0_EP0 pid=228)
2026-03-19T01:01:33.8960568Z Loading safetensors checkpoint shards:   3% Completed | 5/163 [00:13<05:59,  2.27s/it]
2026-03-19T01:01:36.4608931Z (Worker pid=228) (Worker_DP0_TP0_EP0 pid=228)
2026-03-19T01:01:36.4609384Z Loading safetensors checkpoint shards:   4% Completed | 6/163 [00:16<06:12,  2.37s/it]
2026-03-19T01:01:38.2462524Z (Worker pid=228) (Worker_DP0_TP0_EP0 pid=228)
2026-03-19T01:01:38.2462987Z Loading safetensors checkpoint shards:   4% Completed | 7/163 [00:17<05:40,  2.18s/it]
2026-03-19T01:01:39.7504274Z (Worker pid=228) (Worker_DP0_TP0_EP0 pid=228)
2026-03-19T01:01:39.7504740Z Loading safetensors checkpoint shards:   5% Completed | 8/163 [00:19<05:04,  1.97s/it]
2026-03-19T01:01:42.6316506Z (Worker pid=228) (Worker_DP0_TP0_EP0 pid=228)
2026-03-19T01:01:42.6316964Z Loading safetensors checkpoint shards:   6% Completed | 9/163 [00:22<05:46,  2.25s/it]
2026-03-19T01:01:44.1539936Z (Worker pid=228) (Worker_DP0_TP0_EP0 pid=228)
2026-03-19T01:01:44.1541252Z Loading safetensors checkpoint shards:   6% Completed | 10/163 [00:23<05:10,  2.03s/it]
2026-03-19T01:01:45.6392982Z (Worker pid=228) (Worker_DP0_TP0_EP0 pid=228)
2026-03-19T01:01:45.6393508Z Loading safetensors checkpoint shards:   7% Completed | 11/163 [00:25<04:42,  1.86s/it]
2026-03-19T01:01:48.9528155Z (Worker pid=228) (Worker_DP0_TP0_EP0 pid=228)
2026-03-19T01:01:48.9528635Z Loading safetensors checkpoint shards:   7% Completed | 12/163 [00:28<05:47,  2.30s/it]
2026-03-19T01:01:50.3877066Z (Worker pid=228) (Worker_DP0_TP0_EP0 pid=228)
2026-03-19T01:01:50.3877565Z Loading safetensors checkpoint shards:   8% Completed | 13/163 [00:30<05:05,  2.04s/it]
2026-03-19T01:01:52.4105040Z (Worker pid=228) (Worker_DP0_TP0_EP0 pid=228)
2026-03-19T01:01:52.4105570Z Loading safetensors checkpoint shards:   9% Completed | 14/163 [00:32<05:03,  2.03s/it]
2026-03-19T01:01:55.1620313Z (Worker pid=228) (Worker_DP0_TP0_EP0 pid=228)
2026-03-19T01:01:55.1620886Z Loading safetensors checkpoint shards:   9% Completed | 15/163 [00:34<05:33,  2.25s/it]
2026-03-19T01:01:56.3361730Z (Worker pid=228) (Worker_DP0_TP0_EP0 pid=228)
2026-03-19T01:01:56.3362288Z Loading safetensors checkpoint shards:  10% Completed | 16/163 [00:36<04:43,  1.93s/it]
