2026-03-20T23:30:57.0957385Z [Gloo] Rank 0 is connected to 0 peer ranks. Expected number of connected peer ranks is : 0
2026-03-20T23:30:57.0957990Z [Gloo] Rank 0 is connected to 0 peer ranks. Expected number of connected peer ranks is : 0
2026-03-20T23:30:57.0958757Z [Gloo] Rank 0 is connected to 0 peer ranks. Expected number of connected peer ranks is : 0
2026-03-20T23:30:57.0964773Z [Gloo] Rank 0 is connected to 0 peer ranks. Expected number of connected peer ranks is : 0
2026-03-20T23:30:57.0970923Z [Gloo] Rank 0 is connected to 0 peer ranks. Expected number of connected peer ranks is : 0
2026-03-20T23:30:57.0975743Z [Gloo] Rank 0 is connected to 0 peer ranks. Expected number of connected peer ranks is : 0
2026-03-20T23:30:57.0976880Z [Gloo] Rank 0 is connected to 0 peer ranks. Expected number of connected peer ranks is : 0
2026-03-20T23:30:57.0977952Z [Gloo] Rank 0 is connected to 0 peer ranks. Expected number of connected peer ranks is : 0
2026-03-20T23:30:57.0978560Z [Gloo] Rank 0 is connected to 0 peer ranks. Expected number of connected peer ranks is : 0
2026-03-20T23:30:57.0979184Z [Gloo] Rank 0 is connected to 0 peer ranks. Expected number of connected peer ranks is : 0
2026-03-20T23:30:57.0981014Z [Gloo] Rank 0 is connected to 0 peer ranks. Expected number of connected peer ranks is : 0
2026-03-20T23:30:57.0982384Z [Gloo] Rank 0 is connected to 0 peer ranks. Expected number of connected peer ranks is : 0
2026-03-20T23:30:57.1229813Z [Gloo] Rank 0 is connected to 0 peer ranks. Expected number of connected peer ranks is : 0
2026-03-20T23:30:57.1230476Z [Gloo] Rank 0 is connected to 0 peer ranks. Expected number of connected peer ranks is : 0
2026-03-20T23:30:57.1231073Z [Gloo] Rank 0 is connected to 0 peer ranks. Expected number of connected peer ranks is : 0
2026-03-20T23:30:57.1231690Z [Gloo] Rank 0 is connected to 0 peer ranks. Expected number of connected peer ranks is : 0
2026-03-20T23:30:57.1232277Z [Gloo] Rank 0 is connected to 0 peer ranks. Expected number of connected peer ranks is : 0
2026-03-20T23:30:57.1232874Z [Gloo] Rank 0 is connected to 0 peer ranks. Expected number of connected peer ranks is : 0
2026-03-20T23:30:57.1233464Z [Gloo] Rank 0 is connected to 0 peer ranks. Expected number of connected peer ranks is : 0
2026-03-20T23:30:57.1234047Z [Gloo] Rank 0 is connected to 0 peer ranks. Expected number of connected peer ranks is : 0
2026-03-20T23:30:57.1251030Z [Gloo] Rank 0 is connected to 0 peer ranks. Expected number of connected peer ranks is : 0
2026-03-20T23:30:57.1258190Z [Gloo] Rank 0 is connected to 0 peer ranks. Expected number of connected peer ranks is : 0
2026-03-20T23:30:57.1258776Z [Gloo] Rank 0 is connected to 0 peer ranks. Expected number of connected peer ranks is : 0
2026-03-20T23:30:57.1259858Z [Gloo] Rank 0 is connected to 0 peer ranks. Expected number of connected peer ranks is : 0
2026-03-20T23:30:57.1260440Z [Gloo] Rank 0 is connected to 0 peer ranks. Expected number of connected peer ranks is : 0
2026-03-20T23:30:57.1261026Z [Gloo] Rank 0 is connected to 0 peer ranks. Expected number of connected peer ranks is : 0
2026-03-20T23:30:57.1261610Z [Gloo] Rank 0 is connected to 0 peer ranks. Expected number of connected peer ranks is : 0
2026-03-20T23:30:57.1265384Z [Gloo] Rank 0 is connected to 0 peer ranks. Expected number of connected peer ranks is : 0
2026-03-20T23:30:57.1280338Z [Gloo] Rank 0 is connected to 0 peer ranks. Expected number of connected peer ranks is : 0
2026-03-20T23:30:57.1287855Z [Gloo] Rank 0 is connected to 0 peer ranks. Expected number of connected peer ranks is : 0
2026-03-20T23:30:57.1288452Z [Gloo] Rank 0 is connected to 0 peer ranks. Expected number of connected peer ranks is : 0
2026-03-20T23:30:57.1289041Z [Gloo] Rank 0 is connected to 0 peer ranks. Expected number of connected peer ranks is : 0
2026-03-20T23:30:57.1289627Z [Gloo] Rank 0 is connected to 0 peer ranks. Expected number of connected peer ranks is : 0
2026-03-20T23:30:57.1290217Z [Gloo] Rank 0 is connected to 0 peer ranks. Expected number of connected peer ranks is : 0
2026-03-20T23:30:57.1290809Z [Gloo] Rank 1 is connected to 1 peer ranks. Expected number of connected peer ranks is : 1
2026-03-20T23:30:57.1291396Z [Gloo] Rank 0 is connected to 1 peer ranks. Expected number of connected peer ranks is : 1
2026-03-20T23:30:57.1291991Z [Gloo] Rank 0 is connected to 0 peer ranks. Expected number of connected peer ranks is : 0
2026-03-20T23:30:57.1299475Z [Gloo] Rank 0 is connected to 1 peer ranks. Expected number of connected peer ranks is : 1
2026-03-20T23:30:57.1301523Z [Gloo] Rank 1 is connected to 1 peer ranks. Expected number of connected peer ranks is : 1
2026-03-20T23:30:57.1316845Z [Gloo] Rank 0 is connected to 0 peer ranks. Expected number of connected peer ranks is : 0
2026-03-20T23:30:57.1322342Z [Gloo] Rank 0 is connected to 1 peer ranks. Expected number of connected peer ranks is : 1
2026-03-20T23:30:57.1322941Z [Gloo] Rank 0 is connected to 1 peer ranks. Expected number of connected peer ranks is : 1
2026-03-20T23:30:57.1323537Z [Gloo] Rank 1 is connected to 1 peer ranks. Expected number of connected peer ranks is : 1
2026-03-20T23:30:57.1324132Z [Gloo] Rank 0 is connected to 1 peer ranks. Expected number of connected peer ranks is : 1
2026-03-20T23:30:57.1324725Z [Gloo] Rank 1 is connected to 1 peer ranks. Expected number of connected peer ranks is : 1
2026-03-20T23:30:57.1325318Z [Gloo] Rank 1 is connected to 1 peer ranks. Expected number of connected peer ranks is : 1
2026-03-20T23:30:57.1325913Z [Gloo] Rank 1 is connected to 1 peer ranks. Expected number of connected peer ranks is : 1
2026-03-20T23:30:57.1326497Z [Gloo] Rank 1 is connected to 1 peer ranks. Expected number of connected peer ranks is : 1
2026-03-20T23:30:57.1327082Z [Gloo] Rank 0 is connected to 1 peer ranks. Expected number of connected peer ranks is : 1
2026-03-20T23:30:57.1327678Z [Gloo] Rank 0 is connected to 1 peer ranks. Expected number of connected peer ranks is : 1
2026-03-20T23:30:57.1347096Z [Gloo] Rank 0 is connected to 1 peer ranks. Expected number of connected peer ranks is : 1
2026-03-20T23:30:57.1347683Z [Gloo] Rank 1 is connected to 1 peer ranks. Expected number of connected peer ranks is : 1
2026-03-20T23:30:57.1422100Z [Gloo] Rank 0 is connected to 15 peer ranks. Expected number of connected peer ranks is : 15
2026-03-20T23:30:57.1428864Z (Worker pid=1528) INFO 03-20 23:30:57 [parallel_state.py:1715] rank 0 in world size 16 is assigned as DP rank 0, PP rank 0, PCP rank 0, TP rank 0, EP rank 0, EPLB rank N/A
2026-03-20T23:30:57.2008556Z [Gloo] Rank 2 is connected to 15 peer ranks. Expected number of connected peer ranks is : 15
2026-03-20T23:30:57.2009910Z [Gloo] Rank 8 is connected to 15 peer ranks. Expected number of connected peer ranks is : 15
2026-03-20T23:30:57.2013311Z (Worker pid=1682) INFO 03-20 23:30:57 [parallel_state.py:1715] rank 2 in world size 16 is assigned as DP rank 0, PP rank 0, PCP rank 0, TP rank 2, EP rank 2, EPLB rank N/A
2026-03-20T23:30:57.2014878Z (Worker pid=1527) INFO 03-20 23:30:57 [parallel_state.py:1715] rank 8 in world size 16 is assigned as DP rank 1, PP rank 0, PCP rank 0, TP rank 0, EP rank 8, EPLB rank N/A
2026-03-20T23:30:57.2046970Z [Gloo] Rank 6 is connected to 15 peer ranks. Expected number of connected peer ranks is : 15
2026-03-20T23:30:57.2047580Z [Gloo] Rank 1 is connected to 15 peer ranks. Expected number of connected peer ranks is : 15
2026-03-20T23:30:57.2050331Z (Worker pid=2105) INFO 03-20 23:30:57 [parallel_state.py:1715] rank 6 in world size 16 is assigned as DP rank 0, PP rank 0, PCP rank 0, TP rank 6, EP rank 6, EPLB rank N/A
2026-03-20T23:30:57.2051894Z (Worker pid=1563) INFO 03-20 23:30:57 [parallel_state.py:1715] rank 1 in world size 16 is assigned as DP rank 0, PP rank 0, PCP rank 0, TP rank 1, EP rank 1, EPLB rank N/A
2026-03-20T23:30:57.2086505Z [Gloo] Rank 7 is connected to 15 peer ranks. Expected number of connected peer ranks is : 15
2026-03-20T23:30:57.2087112Z [Gloo] Rank 4 is connected to 15 peer ranks. Expected number of connected peer ranks is : 15
2026-03-20T23:30:57.2090459Z (Worker pid=2210) INFO 03-20 23:30:57 [parallel_state.py:1715] rank 7 in world size 16 is assigned as DP rank 0, PP rank 0, PCP rank 0, TP rank 7, EP rank 7, EPLB rank N/A
2026-03-20T23:30:57.2091550Z (Worker pid=1894) INFO 03-20 23:30:57 [parallel_state.py:1715] rank 4 in world size 16 is assigned as DP rank 0, PP rank 0, PCP rank 0, TP rank 4, EP rank 4, EPLB rank N/A
2026-03-20T23:30:57.2646029Z [Gloo] Rank 3 is connected to 15 peer ranks. Expected number of connected peer ranks is : 15
2026-03-20T23:30:57.2651027Z (Worker pid=1786) INFO 03-20 23:30:57 [parallel_state.py:1715] rank 3 in world size 16 is assigned as DP rank 0, PP rank 0, PCP rank 0, TP rank 3, EP rank 3, EPLB rank N/A
2026-03-20T23:30:57.2966421Z [Gloo] Rank 14 is connected to 15 peer ranks. Expected number of connected peer ranks is : 15
2026-03-20T23:30:57.2971578Z (Worker pid=2106) INFO 03-20 23:30:57 [parallel_state.py:1715] rank 14 in world size 16 is assigned as DP rank 1, PP rank 0, PCP rank 0, TP rank 6, EP rank 14, EPLB rank N/A
2026-03-20T23:30:57.3005958Z [Gloo] Rank 11 is connected to 15 peer ranks. Expected number of connected peer ranks is : 15
2026-03-20T23:30:57.3011322Z (Worker pid=1789) INFO 03-20 23:30:57 [parallel_state.py:1715] rank 11 in world size 16 is assigned as DP rank 1, PP rank 0, PCP rank 0, TP rank 3, EP rank 11, EPLB rank N/A
2026-03-20T23:30:57.3044431Z [Gloo] Rank 5 is connected to 15 peer ranks. Expected number of connected peer ranks is : 15
2026-03-20T23:30:57.3048396Z [Gloo] Rank 12 is connected to 15 peer ranks. Expected number of connected peer ranks is : 15
2026-03-20T23:30:57.3049003Z [Gloo] Rank 9 is connected to 15 peer ranks. Expected number of connected peer ranks is : 15
2026-03-20T23:30:57.3049612Z [Gloo] Rank 13 is connected to 15 peer ranks. Expected number of connected peer ranks is : 15
2026-03-20T23:30:57.3050216Z [Gloo] Rank 10 is connected to 15 peer ranks. Expected number of connected peer ranks is : 15
2026-03-20T23:30:57.3051280Z (Worker pid=1999) INFO 03-20 23:30:57 [parallel_state.py:1715] rank 5 in world size 16 is assigned as DP rank 0, PP rank 0, PCP rank 0, TP rank 5, EP rank 5, EPLB rank N/A
2026-03-20T23:30:57.3052143Z [Gloo] Rank 15 is connected to 15 peer ranks. Expected number of connected peer ranks is : 15
2026-03-20T23:30:57.3053002Z (Worker pid=1893) INFO 03-20 23:30:57 [parallel_state.py:1715] rank 12 in world size 16 is assigned as DP rank 1, PP rank 0, PCP rank 0, TP rank 4, EP rank 12, EPLB rank N/A
2026-03-20T23:30:57.3054282Z (Worker pid=1681) INFO 03-20 23:30:57 [parallel_state.py:1715] rank 10 in world size 16 is assigned as DP rank 1, PP rank 0, PCP rank 0, TP rank 2, EP rank 10, EPLB rank N/A
2026-03-20T23:30:57.3055367Z (Worker pid=1564) INFO 03-20 23:30:57 [parallel_state.py:1715] rank 9 in world size 16 is assigned as DP rank 1, PP rank 0, PCP rank 0, TP rank 1, EP rank 9, EPLB rank N/A
2026-03-20T23:30:57.3056709Z (Worker pid=2212) INFO 03-20 23:30:57 [parallel_state.py:1715] rank 15 in world size 16 is assigned as DP rank 1, PP rank 0, PCP rank 0, TP rank 7, EP rank 15, EPLB rank N/A
2026-03-20T23:30:57.3057802Z (Worker pid=2000) INFO 03-20 23:30:57 [parallel_state.py:1715] rank 13 in world size 16 is assigned as DP rank 1, PP rank 0, PCP rank 0, TP rank 5, EP rank 13, EPLB rank N/A
2026-03-20T23:30:57.3100157Z [Gloo] Rank 3 is connected to 15 peer ranks. Expected number of connected peer ranks is : 15
2026-03-20T23:30:57.3104114Z [Gloo] Rank 0 is connected to 15 peer ranks. Expected number of connected peer ranks is : 15
2026-03-20T23:30:57.3105055Z [Gloo] Rank 1 is connected to 15 peer ranks. Expected number of connected peer ranks is : 15
2026-03-20T23:30:57.3106166Z [Gloo] Rank 2 is connected to 15 peer ranks. Expected number of connected peer ranks is : 15
2026-03-20T23:30:57.3107418Z [Gloo] Rank 4 is connected to 15 peer ranks. Expected number of connected peer ranks is : 15
2026-03-20T23:30:57.3108028Z [Gloo] Rank 6 is connected to 15 peer ranks. Expected number of connected peer ranks is : 15
2026-03-20T23:30:57.3108627Z [Gloo] Rank 5 is connected to 15 peer ranks. Expected number of connected peer ranks is : 15
2026-03-20T23:30:57.3109231Z [Gloo] Rank 7 is connected to 15 peer ranks. Expected number of connected peer ranks is : 15
2026-03-20T23:30:57.3109832Z [Gloo] Rank 8 is connected to 15 peer ranks. Expected number of connected peer ranks is : 15
2026-03-20T23:30:57.3110431Z [Gloo] Rank 9 is connected to 15 peer ranks. Expected number of connected peer ranks is : 15
2026-03-20T23:30:57.3111827Z [Gloo] Rank 10 is connected to 15 peer ranks. Expected number of connected peer ranks is : 15
2026-03-20T23:30:57.3112451Z [Gloo] Rank 11 is connected to 15 peer ranks. Expected number of connected peer ranks is : 15
2026-03-20T23:30:57.3113061Z [Gloo] Rank 12 is connected to 15 peer ranks. Expected number of connected peer ranks is : 15
2026-03-20T23:30:57.3113664Z [Gloo] Rank 14 is connected to 15 peer ranks. Expected number of connected peer ranks is : 15
2026-03-20T23:30:57.3114275Z [Gloo] Rank 13 is connected to 15 peer ranks. Expected number of connected peer ranks is : 15
2026-03-20T23:30:57.3114876Z [Gloo] Rank 15 is connected to 15 peer ranks. Expected number of connected peer ranks is : 15
2026-03-20T23:30:57.3199265Z [Gloo] Rank 1 is connected to 1 peer ranks. Expected number of connected peer ranks is : 1
2026-03-20T23:30:57.3200261Z [Gloo] Rank 0 is connected to 1 peer ranks. Expected number of connected peer ranks is : 1
2026-03-20T23:30:57.3200912Z [Gloo] Rank 0 is connected to 1 peer ranks. Expected number of connected peer ranks is : 1
2026-03-20T23:30:57.3201548Z [Gloo] Rank 0 is connected to 1 peer ranks. Expected number of connected peer ranks is : 1
2026-03-20T23:30:57.3202163Z [Gloo] Rank 1 is connected to 1 peer ranks. Expected number of connected peer ranks is : 1
2026-03-20T23:30:57.3202757Z [Gloo] Rank 1 is connected to 1 peer ranks. Expected number of connected peer ranks is : 1
2026-03-20T23:30:57.3203395Z [Gloo] Rank 0 is connected to 1 peer ranks. Expected number of connected peer ranks is : 1
2026-03-20T23:30:57.3204214Z [Gloo] Rank 0 is connected to 1 peer ranks. Expected number of connected peer ranks is : 1
2026-03-20T23:30:57.3204816Z [Gloo] Rank 0 is connected to 1 peer ranks. Expected number of connected peer ranks is : 1
2026-03-20T23:30:57.3205413Z [Gloo] Rank 1 is connected to 1 peer ranks. Expected number of connected peer ranks is : 1
2026-03-20T23:30:57.3206023Z [Gloo] Rank 1 is connected to 1 peer ranks. Expected number of connected peer ranks is : 1
2026-03-20T23:30:57.3206632Z [Gloo] Rank 0 is connected to 1 peer ranks. Expected number of connected peer ranks is : 1
2026-03-20T23:30:57.3207225Z [Gloo] Rank 0 is connected to 1 peer ranks. Expected number of connected peer ranks is : 1
2026-03-20T23:30:57.3207824Z [Gloo] Rank 1 is connected to 1 peer ranks. Expected number of connected peer ranks is : 1
2026-03-20T23:30:57.3208918Z [Gloo] Rank 1 is connected to 1 peer ranks. Expected number of connected peer ranks is : 1
2026-03-20T23:30:57.3209526Z [Gloo] Rank 1 is connected to 1 peer ranks. Expected number of connected peer ranks is : 1
2026-03-20T23:31:01.0523059Z (Worker pid=2212) INFO 03-20 23:31:01 [cpu_binding.py:320] [cpu_bind_mode] mode=global_slice rank=7 visible_npus=[8, 9, 10, 11, 12, 13, 14, 15]
2026-03-20T23:31:01.0523944Z (Worker pid=2212) INFO 03-20 23:31:01 [cpu_binding.py:367] The CPU allocation plan is as follows:
2026-03-20T23:31:01.0524755Z (Worker pid=2212) INFO 03-20 23:31:01 [cpu_binding.py:372] NPU15: main=[302 303 304 305 306 307 308 309 310 311 312 313 314 315 316 317]  acl=[318]  release=[[319]]
2026-03-20T23:31:01.1332838Z (Worker pid=2212) INFO 03-20 23:31:01 [cpu_binding.py:383] The 'migratepages' command is not available, skipping memory binding.
2026-03-20T23:31:01.1909145Z (Worker pid=2212) WARNING 03-20 23:31:01 [__init__.py:204] min_p and logit_bias parameters won't work with speculative decoding.
2026-03-20T23:31:01.2032740Z (Worker pid=2212) INFO 03-20 23:31:01 [base.py:106] Offloader set to NoopOffloader
2026-03-20T23:31:01.2324191Z (Worker pid=1564) INFO 03-20 23:31:01 [cpu_binding.py:320] [cpu_bind_mode] mode=global_slice rank=1 visible_npus=[8, 9, 10, 11, 12, 13, 14, 15]
2026-03-20T23:31:01.2324985Z (Worker pid=1564) INFO 03-20 23:31:01 [cpu_binding.py:367] The CPU allocation plan is as follows:
2026-03-20T23:31:01.2325773Z (Worker pid=1564) INFO 03-20 23:31:01 [cpu_binding.py:372] NPU9: main=[182 183 184 185 186 187 188 189 190 191 192 193 194 195 196 197]  acl=[198]  release=[[199]]
2026-03-20T23:31:01.2375169Z (Worker pid=2212) WARNING 03-20 23:31:01 [__init__.py:204] min_p and logit_bias parameters won't work with speculative decoding.
2026-03-20T23:31:01.2393349Z (Worker pid=2212) (Worker_DP1_TP7_EP15 pid=2212) INFO 03-20 23:31:01 [model_runner_v1.py:2554] Starting to load model /root/.cache/modelscope/hub/models/vllm-ascend/DeepSeek-V3___2-W8A8...
2026-03-20T23:31:01.2859350Z (Worker pid=1564) INFO 03-20 23:31:01 [cpu_binding.py:383] The 'migratepages' command is not available, skipping memory binding.
2026-03-20T23:31:01.3207071Z (Worker pid=1564) WARNING 03-20 23:31:01 [__init__.py:204] min_p and logit_bias parameters won't work with speculative decoding.
2026-03-20T23:31:01.3302320Z (Worker pid=1564) INFO 03-20 23:31:01 [base.py:106] Offloader set to NoopOffloader
2026-03-20T23:31:01.3389450Z (Worker pid=1564) WARNING 03-20 23:31:01 [__init__.py:204] min_p and logit_bias parameters won't work with speculative decoding.
2026-03-20T23:31:01.3399847Z (Worker pid=1564) (Worker_DP1_TP1_EP9 pid=1564) INFO 03-20 23:31:01 [model_runner_v1.py:2554] Starting to load model /root/.cache/modelscope/hub/models/vllm-ascend/DeepSeek-V3___2-W8A8...
2026-03-20T23:31:01.6406225Z (Worker pid=1681) INFO 03-20 23:31:01 [cpu_binding.py:320] [cpu_bind_mode] mode=global_slice rank=2 visible_npus=[8, 9, 10, 11, 12, 13, 14, 15]
2026-03-20T23:31:01.6407035Z (Worker pid=1681) INFO 03-20 23:31:01 [cpu_binding.py:367] The CPU allocation plan is as follows:
2026-03-20T23:31:01.6407842Z (Worker pid=1681) INFO 03-20 23:31:01 [cpu_binding.py:372] NPU10: main=[202 203 204 205 206 207 208 209 210 211 212 213 214 215 216 217]  acl=[218]  release=[[219]]
2026-03-20T23:31:01.7005426Z (Worker pid=1681) INFO 03-20 23:31:01 [cpu_binding.py:383] The 'migratepages' command is not available, skipping memory binding.
2026-03-20T23:31:01.7352294Z (Worker pid=1681) WARNING 03-20 23:31:01 [__init__.py:204] min_p and logit_bias parameters won't work with speculative decoding.
2026-03-20T23:31:01.7446623Z (Worker pid=1681) INFO 03-20 23:31:01 [base.py:106] Offloader set to NoopOffloader
2026-03-20T23:31:01.7539333Z (Worker pid=1681) WARNING 03-20 23:31:01 [__init__.py:204] min_p and logit_bias parameters won't work with speculative decoding.
2026-03-20T23:31:01.7549953Z (Worker pid=1681) (Worker_DP1_TP2_EP10 pid=1681) INFO 03-20 23:31:01 [model_runner_v1.py:2554] Starting to load model /root/.cache/modelscope/hub/models/vllm-ascend/DeepSeek-V3___2-W8A8...
2026-03-20T23:31:01.7582710Z (Worker pid=1789) INFO 03-20 23:31:01 [cpu_binding.py:320] [cpu_bind_mode] mode=global_slice rank=3 visible_npus=[8, 9, 10, 11, 12, 13, 14, 15]
2026-03-20T23:31:01.7583499Z (Worker pid=1789) INFO 03-20 23:31:01 [cpu_binding.py:367] The CPU allocation plan is as follows:
2026-03-20T23:31:01.7584298Z (Worker pid=1789) INFO 03-20 23:31:01 [cpu_binding.py:372] NPU11: main=[222 223 224 225 226 227 228 229 230 231 232 233 234 235 236 237]  acl=[238]  release=[[239]]
2026-03-20T23:31:01.8113651Z (Worker pid=1789) INFO 03-20 23:31:01 [cpu_binding.py:383] The 'migratepages' command is not available, skipping memory binding.
2026-03-20T23:31:01.8499256Z (Worker pid=1789) WARNING 03-20 23:31:01 [__init__.py:204] min_p and logit_bias parameters won't work with speculative decoding.
2026-03-20T23:31:01.8526463Z (Worker pid=1528) INFO 03-20 23:31:01 [cpu_binding.py:320] [cpu_bind_mode] mode=global_slice rank=0 visible_npus=[0, 1, 2, 3, 4, 5, 6, 7]
2026-03-20T23:31:01.8527225Z (Worker pid=1528) INFO 03-20 23:31:01 [cpu_binding.py:367] The CPU allocation plan is as follows:
2026-03-20T23:31:01.8527941Z (Worker pid=1528) INFO 03-20 23:31:01 [cpu_binding.py:372] NPU0: main=[2 3 4 5 6 7 8 9 10 11 12 13 14 15 16 17]  acl=[18]  release=[[19]]
2026-03-20T23:31:01.8595020Z (Worker pid=1789) INFO 03-20 23:31:01 [base.py:106] Offloader set to NoopOffloader
2026-03-20T23:31:01.8690427Z (Worker pid=1789) WARNING 03-20 23:31:01 [__init__.py:204] min_p and logit_bias parameters won't work with speculative decoding.
2026-03-20T23:31:01.8702532Z (Worker pid=1789) (Worker_DP1_TP3_EP11 pid=1789) INFO 03-20 23:31:01 [model_runner_v1.py:2554] Starting to load model /root/.cache/modelscope/hub/models/vllm-ascend/DeepSeek-V3___2-W8A8...
2026-03-20T23:31:01.9102254Z (Worker pid=1528) INFO 03-20 23:31:01 [cpu_binding.py:383] The 'migratepages' command is not available, skipping memory binding.
2026-03-20T23:31:01.9413374Z (Worker pid=1528) WARNING 03-20 23:31:01 [__init__.py:204] min_p and logit_bias parameters won't work with speculative decoding.
2026-03-20T23:31:01.9524888Z (Worker pid=1528) INFO 03-20 23:31:01 [base.py:106] Offloader set to NoopOffloader
2026-03-20T23:31:01.9646645Z (Worker pid=1528) WARNING 03-20 23:31:01 [__init__.py:204] min_p and logit_bias parameters won't work with speculative decoding.
2026-03-20T23:31:01.9659304Z (Worker pid=1528) (Worker_DP0_TP0_EP0 pid=1528) INFO 03-20 23:31:01 [model_runner_v1.py:2554] Starting to load model /root/.cache/modelscope/hub/models/vllm-ascend/DeepSeek-V3___2-W8A8...
2026-03-20T23:31:02.1143580Z (Worker pid=1564) (Worker_DP1_TP1_EP9 pid=1564) INFO 03-20 23:31:02 [layer.py:456] [EP Rank 9/16] Expert parallelism is enabled. Expert placement strategy: linear. Local/global number of experts: 16/256. Experts local to global index map: 0->144, 1->145, 2->146, 3->147, 4->148, 5->149, 6->150, 7->151, 8->152, 9->153, 10->154, 11->155, 12->156, 13->157, 14->158, 15->159.
2026-03-20T23:31:02.3080012Z (Worker pid=2212) (Worker_DP1_TP7_EP15 pid=2212) INFO 03-20 23:31:02 [layer.py:456] [EP Rank 15/16] Expert parallelism is enabled. Expert placement strategy: linear. Local/global number of experts: 16/256. Experts local to global index map: 0->240, 1->241, 2->242, 3->243, 4->244, 5->245, 6->246, 7->247, 8->248, 9->249, 10->250, 11->251, 12->252, 13->253, 14->254, 15->255.
2026-03-20T23:31:02.4560291Z (Worker pid=1681) (Worker_DP1_TP2_EP10 pid=1681) INFO 03-20 23:31:02 [layer.py:456] [EP Rank 10/16] Expert parallelism is enabled. Expert placement strategy: linear. Local/global number of experts: 16/256. Experts local to global index map: 0->160, 1->161, 2->162, 3->163, 4->164, 5->165, 6->166, 7->167, 8->168, 9->169, 10->170, 11->171, 12->172, 13->173, 14->174, 15->175.
2026-03-20T23:31:02.5495575Z (Worker pid=1893) INFO 03-20 23:31:02 [cpu_binding.py:320] [cpu_bind_mode] mode=global_slice rank=4 visible_npus=[8, 9, 10, 11, 12, 13, 14, 15]
2026-03-20T23:31:02.5496367Z (Worker pid=1893) INFO 03-20 23:31:02 [cpu_binding.py:367] The CPU allocation plan is as follows:
2026-03-20T23:31:02.5497625Z (Worker pid=1893) INFO 03-20 23:31:02 [cpu_binding.py:372] NPU12: main=[242 243 244 245 246 247 248 249 250 251 252 253 254 255 256 257]  acl=[258]  release=[[259]]
2026-03-20T23:31:02.5923844Z (Worker pid=1563) INFO 03-20 23:31:02 [cpu_binding.py:320] [cpu_bind_mode] mode=global_slice rank=1 visible_npus=[0, 1, 2, 3, 4, 5, 6, 7]
2026-03-20T23:31:02.5924597Z (Worker pid=1563) INFO 03-20 23:31:02 [cpu_binding.py:367] The CPU allocation plan is as follows:
2026-03-20T23:31:02.5925314Z (Worker pid=1563) INFO 03-20 23:31:02 [cpu_binding.py:372] NPU1: main=[22 23 24 25 26 27 28 29 30 31 32 33 34 35 36 37]  acl=[38]  release=[[39]]
2026-03-20T23:31:02.6014768Z (Worker pid=1893) INFO 03-20 23:31:02 [cpu_binding.py:383] The 'migratepages' command is not available, skipping memory binding.
2026-03-20T23:31:02.6326304Z (Worker pid=1789) (Worker_DP1_TP3_EP11 pid=1789) INFO 03-20 23:31:02 [layer.py:456] [EP Rank 11/16] Expert parallelism is enabled. Expert placement strategy: linear. Local/global number of experts: 16/256. Experts local to global index map: 0->176, 1->177, 2->178, 3->179, 4->180, 5->181, 6->182, 7->183, 8->184, 9->185, 10->186, 11->187, 12->188, 13->189, 14->190, 15->191.
2026-03-20T23:31:02.6406844Z (Worker pid=1893) WARNING 03-20 23:31:02 [__init__.py:204] min_p and logit_bias parameters won't work with speculative decoding.
2026-03-20T23:31:02.6456856Z (Worker pid=1563) INFO 03-20 23:31:02 [cpu_binding.py:383] The 'migratepages' command is not available, skipping memory binding.
2026-03-20T23:31:02.6506783Z (Worker pid=1893) INFO 03-20 23:31:02 [base.py:106] Offloader set to NoopOffloader
2026-03-20T23:31:02.6610217Z (Worker pid=1893) WARNING 03-20 23:31:02 [__init__.py:204] min_p and logit_bias parameters won't work with speculative decoding.
2026-03-20T23:31:02.6620736Z (Worker pid=1893) (Worker_DP1_TP4_EP12 pid=1893) INFO 03-20 23:31:02 [model_runner_v1.py:2554] Starting to load model /root/.cache/modelscope/hub/models/vllm-ascend/DeepSeek-V3___2-W8A8...
2026-03-20T23:31:02.6821800Z (Worker pid=1563) WARNING 03-20 23:31:02 [__init__.py:204] min_p and logit_bias parameters won't work with speculative decoding.
2026-03-20T23:31:02.6930892Z (Worker pid=1563) INFO 03-20 23:31:02 [base.py:106] Offloader set to NoopOffloader
2026-03-20T23:31:02.7079826Z (Worker pid=1563) WARNING 03-20 23:31:02 [__init__.py:204] min_p and logit_bias parameters won't work with speculative decoding.
2026-03-20T23:31:02.7095271Z (Worker pid=1563) (Worker_DP0_TP1_EP1 pid=1563) INFO 03-20 23:31:02 [model_runner_v1.py:2554] Starting to load model /root/.cache/modelscope/hub/models/vllm-ascend/DeepSeek-V3___2-W8A8...
2026-03-20T23:31:02.7287148Z (Worker pid=1682) INFO 03-20 23:31:02 [cpu_binding.py:320] [cpu_bind_mode] mode=global_slice rank=2 visible_npus=[0, 1, 2, 3, 4, 5, 6, 7]
2026-03-20T23:31:02.7287915Z (Worker pid=1682) INFO 03-20 23:31:02 [cpu_binding.py:367] The CPU allocation plan is as follows:
2026-03-20T23:31:02.7288647Z (Worker pid=1682) INFO 03-20 23:31:02 [cpu_binding.py:372] NPU2: main=[42 43 44 45 46 47 48 49 50 51 52 53 54 55 56 57]  acl=[58]  release=[[59]]
2026-03-20T23:31:02.7962806Z (Worker pid=1682) INFO 03-20 23:31:02 [cpu_binding.py:383] The 'migratepages' command is not available, skipping memory binding.
2026-03-20T23:31:02.8277161Z (Worker pid=1682) WARNING 03-20 23:31:02 [__init__.py:204] min_p and logit_bias parameters won't work with speculative decoding.
2026-03-20T23:31:02.8383428Z (Worker pid=1682) INFO 03-20 23:31:02 [base.py:106] Offloader set to NoopOffloader
2026-03-20T23:31:02.8461997Z (Worker pid=1786) INFO 03-20 23:31:02 [cpu_binding.py:320] [cpu_bind_mode] mode=global_slice rank=3 visible_npus=[0, 1, 2, 3, 4, 5, 6, 7]
2026-03-20T23:31:02.8462771Z (Worker pid=1786) INFO 03-20 23:31:02 [cpu_binding.py:367] The CPU allocation plan is as follows:
2026-03-20T23:31:02.8463528Z (Worker pid=1786) INFO 03-20 23:31:02 [cpu_binding.py:372] NPU3: main=[62 63 64 65 66 67 68 69 70 71 72 73 74 75 76 77]  acl=[78]  release=[[79]]
2026-03-20T23:31:02.8499751Z (Worker pid=1682) WARNING 03-20 23:31:02 [__init__.py:204] min_p and logit_bias parameters won't work with speculative decoding.
2026-03-20T23:31:02.8513601Z (Worker pid=1682) (Worker_DP0_TP2_EP2 pid=1682) INFO 03-20 23:31:02 [model_runner_v1.py:2554] Starting to load model /root/.cache/modelscope/hub/models/vllm-ascend/DeepSeek-V3___2-W8A8...
2026-03-20T23:31:02.8962779Z (Worker pid=1786) INFO 03-20 23:31:02 [cpu_binding.py:383] The 'migratepages' command is not available, skipping memory binding.
2026-03-20T23:31:02.9281318Z (Worker pid=1786) WARNING 03-20 23:31:02 [__init__.py:204] min_p and logit_bias parameters won't work with speculative decoding.
2026-03-20T23:31:02.9384959Z (Worker pid=1786) INFO 03-20 23:31:02 [base.py:106] Offloader set to NoopOffloader
2026-03-20T23:31:02.9510959Z (Worker pid=1786) WARNING 03-20 23:31:02 [__init__.py:204] min_p and logit_bias parameters won't work with speculative decoding.
2026-03-20T23:31:02.9525633Z (Worker pid=1786) (Worker_DP0_TP3_EP3 pid=1786) INFO 03-20 23:31:02 [model_runner_v1.py:2554] Starting to load model /root/.cache/modelscope/hub/models/vllm-ascend/DeepSeek-V3___2-W8A8...
2026-03-20T23:31:03.0217982Z (Worker pid=2000) INFO 03-20 23:31:03 [cpu_binding.py:320] [cpu_bind_mode] mode=global_slice rank=5 visible_npus=[8, 9, 10, 11, 12, 13, 14, 15]
2026-03-20T23:31:03.0218837Z (Worker pid=2000) INFO 03-20 23:31:03 [cpu_binding.py:367] The CPU allocation plan is as follows:
2026-03-20T23:31:03.0219647Z (Worker pid=2000) INFO 03-20 23:31:03 [cpu_binding.py:372] NPU13: main=[262 263 264 265 266 267 268 269 270 271 272 273 274 275 276 277]  acl=[278]  release=[[279]]
2026-03-20T23:31:03.0520721Z (Worker pid=1528) (Worker_DP0_TP0_EP0 pid=1528) INFO 03-20 23:31:03 [layer.py:456] [EP Rank 0/16] Expert parallelism is enabled. Expert placement strategy: linear. Local/global number of experts: 16/256. Experts local to global index map: 0->0, 1->1, 2->2, 3->3, 4->4, 5->5, 6->6, 7->7, 8->8, 9->9, 10->10, 11->11, 12->12, 13->13, 14->14, 15->15.
2026-03-20T23:31:03.0766664Z (Worker pid=2000) INFO 03-20 23:31:03 [cpu_binding.py:383] The 'migratepages' command is not available, skipping memory binding.
2026-03-20T23:31:03.1103982Z (Worker pid=2000) WARNING 03-20 23:31:03 [__init__.py:204] min_p and logit_bias parameters won't work with speculative decoding.
2026-03-20T23:31:03.1206161Z (Worker pid=2000) INFO 03-20 23:31:03 [base.py:106] Offloader set to NoopOffloader
2026-03-20T23:31:03.1317694Z (Worker pid=2000) WARNING 03-20 23:31:03 [__init__.py:204] min_p and logit_bias parameters won't work with speculative decoding.
2026-03-20T23:31:03.1329915Z (Worker pid=2000) (Worker_DP1_TP5_EP13 pid=2000) INFO 03-20 23:31:03 [model_runner_v1.py:2554] Starting to load model /root/.cache/modelscope/hub/models/vllm-ascend/DeepSeek-V3___2-W8A8...
2026-03-20T23:31:03.1685194Z (Worker pid=1894) INFO 03-20 23:31:03 [cpu_binding.py:320] [cpu_bind_mode] mode=global_slice rank=4 visible_npus=[0, 1, 2, 3, 4, 5, 6, 7]
2026-03-20T23:31:03.1685956Z (Worker pid=1894) INFO 03-20 23:31:03 [cpu_binding.py:367] The CPU allocation plan is as follows:
2026-03-20T23:31:03.1686699Z (Worker pid=1894) INFO 03-20 23:31:03 [cpu_binding.py:372] NPU4: main=[82 83 84 85 86 87 88 89 90 91 92 93 94 95 96 97]  acl=[98]  release=[[99]]
2026-03-20T23:31:03.2134241Z (Worker pid=1527) INFO 03-20 23:31:03 [cpu_binding.py:320] [cpu_bind_mode] mode=global_slice rank=0 visible_npus=[8, 9, 10, 11, 12, 13, 14, 15]
2026-03-20T23:31:03.2135042Z (Worker pid=1527) INFO 03-20 23:31:03 [cpu_binding.py:367] The CPU allocation plan is as follows:
2026-03-20T23:31:03.2135839Z (Worker pid=1527) INFO 03-20 23:31:03 [cpu_binding.py:372] NPU8: main=[162 163 164 165 166 167 168 169 170 171 172 173 174 175 176 177]  acl=[178]  release=[[179]]
2026-03-20T23:31:03.2179470Z (Worker pid=1894) INFO 03-20 23:31:03 [cpu_binding.py:383] The 'migratepages' command is not available, skipping memory binding.
2026-03-20T23:31:03.2525956Z (Worker pid=1894) WARNING 03-20 23:31:03 [__init__.py:204] min_p and logit_bias parameters won't work with speculative decoding.
2026-03-20T23:31:03.2626359Z (Worker pid=1527) INFO 03-20 23:31:03 [cpu_binding.py:383] The 'migratepages' command is not available, skipping memory binding.
2026-03-20T23:31:03.2627116Z (Worker pid=1894) INFO 03-20 23:31:03 [base.py:106] Offloader set to NoopOffloader
2026-03-20T23:31:03.2742087Z (Worker pid=1894) WARNING 03-20 23:31:03 [__init__.py:204] min_p and logit_bias parameters won't work with speculative decoding.
2026-03-20T23:31:03.2753503Z (Worker pid=1894) (Worker_DP0_TP4_EP4 pid=1894) INFO 03-20 23:31:03 [model_runner_v1.py:2554] Starting to load model /root/.cache/modelscope/hub/models/vllm-ascend/DeepSeek-V3___2-W8A8...
2026-03-20T23:31:03.2988005Z (Worker pid=1527) WARNING 03-20 23:31:03 [__init__.py:204] min_p and logit_bias parameters won't work with speculative decoding.
2026-03-20T23:31:03.3084360Z (Worker pid=1527) INFO 03-20 23:31:03 [base.py:106] Offloader set to NoopOffloader
2026-03-20T23:31:03.3179530Z (Worker pid=1527) WARNING 03-20 23:31:03 [__init__.py:204] min_p and logit_bias parameters won't work with speculative decoding.
2026-03-20T23:31:03.3189773Z (Worker pid=1527) (Worker_DP1_TP0_EP8 pid=1527) INFO 03-20 23:31:03 [model_runner_v1.py:2554] Starting to load model /root/.cache/modelscope/hub/models/vllm-ascend/DeepSeek-V3___2-W8A8...
2026-03-20T23:31:03.7120177Z (Worker pid=1893) (Worker_DP1_TP4_EP12 pid=1893) INFO 03-20 23:31:03 [layer.py:456] [EP Rank 12/16] Expert parallelism is enabled. Expert placement strategy: linear. Local/global number of experts: 16/256. Experts local to global index map: 0->192, 1->193, 2->194, 3->195, 4->196, 5->197, 6->198, 7->199, 8->200, 9->201, 10->202, 11->203, 12->204, 13->205, 14->206, 15->207.
2026-03-20T23:31:03.8320725Z (Worker pid=1563) (Worker_DP0_TP1_EP1 pid=1563) INFO 03-20 23:31:03 [layer.py:456] [EP Rank 1/16] Expert parallelism is enabled. Expert placement strategy: linear. Local/global number of experts: 16/256. Experts local to global index map: 0->16, 1->17, 2->18, 3->19, 4->20, 5->21, 6->22, 7->23, 8->24, 9->25, 10->26, 11->27, 12->28, 13->29, 14->30, 15->31.
2026-03-20T23:31:03.8322456Z (Worker pid=2105) INFO 03-20 23:31:03 [cpu_binding.py:320] [cpu_bind_mode] mode=global_slice rank=6 visible_npus=[0, 1, 2, 3, 4, 5, 6, 7]
2026-03-20T23:31:03.8323249Z (Worker pid=2105) INFO 03-20 23:31:03 [cpu_binding.py:367] The CPU allocation plan is as follows:
2026-03-20T23:31:03.8324055Z (Worker pid=2105) INFO 03-20 23:31:03 [cpu_binding.py:372] NPU6: main=[122 123 124 125 126 127 128 129 130 131 132 133 134 135 136 137]  acl=[138]  release=[[139]]
2026-03-20T23:31:03.8385741Z (Worker pid=2106) INFO 03-20 23:31:03 [cpu_binding.py:320] [cpu_bind_mode] mode=global_slice rank=6 visible_npus=[8, 9, 10, 11, 12, 13, 14, 15]
2026-03-20T23:31:03.8386727Z (Worker pid=2106) INFO 03-20 23:31:03 [cpu_binding.py:367] The CPU allocation plan is as follows:
2026-03-20T23:31:03.8387551Z (Worker pid=2106) INFO 03-20 23:31:03 [cpu_binding.py:372] NPU14: main=[282 283 284 285 286 287 288 289 290 291 292 293 294 295 296 297]  acl=[298]  release=[[299]]
2026-03-20T23:31:03.8858645Z (Worker pid=2105) INFO 03-20 23:31:03 [cpu_binding.py:383] The 'migratepages' command is not available, skipping memory binding.
2026-03-20T23:31:03.9000902Z (Worker pid=2106) INFO 03-20 23:31:03 [cpu_binding.py:383] The 'migratepages' command is not available, skipping memory binding.
2026-03-20T23:31:03.9182852Z (Worker pid=2105) WARNING 03-20 23:31:03 [__init__.py:204] min_p and logit_bias parameters won't work with speculative decoding.
2026-03-20T23:31:03.9294659Z (Worker pid=2105) INFO 03-20 23:31:03 [base.py:106] Offloader set to NoopOffloader
2026-03-20T23:31:03.9382380Z (Worker pid=2106) WARNING 03-20 23:31:03 [__init__.py:204] min_p and logit_bias parameters won't work with speculative decoding.
2026-03-20T23:31:03.9414933Z (Worker pid=2105) WARNING 03-20 23:31:03 [__init__.py:204] min_p and logit_bias parameters won't work with speculative decoding.
2026-03-20T23:31:03.9426708Z (Worker pid=2105) (Worker_DP0_TP6_EP6 pid=2105) INFO 03-20 23:31:03 [model_runner_v1.py:2554] Starting to load model /root/.cache/modelscope/hub/models/vllm-ascend/DeepSeek-V3___2-W8A8...
2026-03-20T23:31:03.9553819Z (Worker pid=2106) INFO 03-20 23:31:03 [base.py:106] Offloader set to NoopOffloader
2026-03-20T23:31:03.9698367Z (Worker pid=2106) WARNING 03-20 23:31:03 [__init__.py:204] min_p and logit_bias parameters won't work with speculative decoding.
2026-03-20T23:31:03.9714786Z (Worker pid=2106) (Worker_DP1_TP6_EP14 pid=2106) INFO 03-20 23:31:03 [model_runner_v1.py:2554] Starting to load model /root/.cache/modelscope/hub/models/vllm-ascend/DeepSeek-V3___2-W8A8...
2026-03-20T23:31:04.0500549Z (Worker pid=1527) (Worker_DP1_TP0_EP8 pid=1527) INFO 03-20 23:31:04 [layer.py:456] [EP Rank 8/16] Expert parallelism is enabled. Expert placement strategy: linear. Local/global number of experts: 16/256. Experts local to global index map: 0->128, 1->129, 2->130, 3->131, 4->132, 5->133, 6->134, 7->135, 8->136, 9->137, 10->138, 11->139, 12->140, 13->141, 14->142, 15->143.
2026-03-20T23:31:04.0561151Z (Worker pid=1999) INFO 03-20 23:31:04 [cpu_binding.py:320] [cpu_bind_mode] mode=global_slice rank=5 visible_npus=[0, 1, 2, 3, 4, 5, 6, 7]
2026-03-20T23:31:04.0561924Z (Worker pid=1999) INFO 03-20 23:31:04 [cpu_binding.py:367] The CPU allocation plan is as follows:
2026-03-20T23:31:04.0562721Z (Worker pid=1999) INFO 03-20 23:31:04 [cpu_binding.py:372] NPU5: main=[102 103 104 105 106 107 108 109 110 111 112 113 114 115 116 117]  acl=[118]  release=[[119]]
2026-03-20T23:31:04.0821263Z (Worker pid=2210) INFO 03-20 23:31:04 [cpu_binding.py:320] [cpu_bind_mode] mode=global_slice rank=7 visible_npus=[0, 1, 2, 3, 4, 5, 6, 7]
2026-03-20T23:31:04.0823932Z (Worker pid=2210) INFO 03-20 23:31:04 [cpu_binding.py:367] The CPU allocation plan is as follows:
2026-03-20T23:31:04.0825072Z (Worker pid=2210) INFO 03-20 23:31:04 [cpu_binding.py:372] NPU7: main=[142 143 144 145 146 147 148 149 150 151 152 153 154 155 156 157]  acl=[158]  release=[[159]]
2026-03-20T23:31:04.0855282Z (Worker pid=1682) (Worker_DP0_TP2_EP2 pid=1682) INFO 03-20 23:31:04 [layer.py:456] [EP Rank 2/16] Expert parallelism is enabled. Expert placement strategy: linear. Local/global number of experts: 16/256. Experts local to global index map: 0->32, 1->33, 2->34, 3->35, 4->36, 5->37, 6->38, 7->39, 8->40, 9->41, 10->42, 11->43, 12->44, 13->45, 14->46, 15->47.
2026-03-20T23:31:04.1073580Z (Worker pid=1999) INFO 03-20 23:31:04 [cpu_binding.py:383] The 'migratepages' command is not available, skipping memory binding.
2026-03-20T23:31:04.1424169Z (Worker pid=2210) INFO 03-20 23:31:04 [cpu_binding.py:383] The 'migratepages' command is not available, skipping memory binding.
2026-03-20T23:31:04.1600899Z (Worker pid=1786) (Worker_DP0_TP3_EP3 pid=1786) INFO 03-20 23:31:04 [layer.py:456] [EP Rank 3/16] Expert parallelism is enabled. Expert placement strategy: linear. Local/global number of experts: 16/256. Experts local to global index map: 0->48, 1->49, 2->50, 3->51, 4->52, 5->53, 6->54, 7->55, 8->56, 9->57, 10->58, 11->59, 12->60, 13->61, 14->62, 15->63.
2026-03-20T23:31:04.1785293Z (Worker pid=2210) WARNING 03-20 23:31:04 [__init__.py:204] min_p and logit_bias parameters won't work with speculative decoding.
2026-03-20T23:31:04.1903305Z (Worker pid=2210) INFO 03-20 23:31:04 [base.py:106] Offloader set to NoopOffloader
2026-03-20T23:31:04.1917730Z (Worker pid=2000) (Worker_DP1_TP5_EP13 pid=2000) INFO 03-20 23:31:04 [layer.py:456] [EP Rank 13/16] Expert parallelism is enabled. Expert placement strategy: linear. Local/global number of experts: 16/256. Experts local to global index map: 0->208, 1->209, 2->210, 3->211, 4->212, 5->213, 6->214, 7->215, 8->216, 9->217, 10->218, 11->219, 12->220, 13->221, 14->222, 15->223.
2026-03-20T23:31:04.2012266Z (Worker pid=1999) WARNING 03-20 23:31:04 [__init__.py:204] min_p and logit_bias parameters won't work with speculative decoding.
2026-03-20T23:31:04.2080797Z (Worker pid=2210) WARNING 03-20 23:31:04 [__init__.py:204] min_p and logit_bias parameters won't work with speculative decoding.
2026-03-20T23:31:04.2099098Z (Worker pid=2210) (Worker_DP0_TP7_EP7 pid=2210) INFO 03-20 23:31:04 [model_runner_v1.py:2554] Starting to load model /root/.cache/modelscope/hub/models/vllm-ascend/DeepSeek-V3___2-W8A8...
2026-03-20T23:31:04.2161233Z (Worker pid=1999) INFO 03-20 23:31:04 [base.py:106] Offloader set to NoopOffloader
2026-03-20T23:31:04.2307309Z (Worker pid=1999) WARNING 03-20 23:31:04 [__init__.py:204] min_p and logit_bias parameters won't work with speculative decoding.
2026-03-20T23:31:04.2324615Z (Worker pid=1999) (Worker_DP0_TP5_EP5 pid=1999) INFO 03-20 23:31:04 [model_runner_v1.py:2554] Starting to load model /root/.cache/modelscope/hub/models/vllm-ascend/DeepSeek-V3___2-W8A8...
2026-03-20T23:31:04.3206518Z (Worker pid=1894) (Worker_DP0_TP4_EP4 pid=1894) INFO 03-20 23:31:04 [layer.py:456] [EP Rank 4/16] Expert parallelism is enabled. Expert placement strategy: linear. Local/global number of experts: 16/256. Experts local to global index map: 0->64, 1->65, 2->66, 3->67, 4->68, 5->69, 6->70, 7->71, 8->72, 9->73, 10->74, 11->75, 12->76, 13->77, 14->78, 15->79.
2026-03-20T23:31:05.0702256Z (Worker pid=2106) (Worker_DP1_TP6_EP14 pid=2106) INFO 03-20 23:31:05 [layer.py:456] [EP Rank 14/16] Expert parallelism is enabled. Expert placement strategy: linear. Local/global number of experts: 16/256. Experts local to global index map: 0->224, 1->225, 2->226, 3->227, 4->228, 5->229, 6->230, 7->231, 8->232, 9->233, 10->234, 11->235, 12->236, 13->237, 14->238, 15->239.
2026-03-20T23:31:05.1153636Z (Worker pid=2105) (Worker_DP0_TP6_EP6 pid=2105) INFO 03-20 23:31:05 [layer.py:456] [EP Rank 6/16] Expert parallelism is enabled. Expert placement strategy: linear. Local/global number of experts: 16/256. Experts local to global index map: 0->96, 1->97, 2->98, 3->99, 4->100, 5->101, 6->102, 7->103, 8->104, 9->105, 10->106, 11->107, 12->108, 13->109, 14->110, 15->111.
2026-03-20T23:31:05.3650491Z (Worker pid=2210) (Worker_DP0_TP7_EP7 pid=2210) INFO 03-20 23:31:05 [layer.py:456] [EP Rank 7/16] Expert parallelism is enabled. Expert placement strategy: linear. Local/global number of experts: 16/256. Experts local to global index map: 0->112, 1->113, 2->114, 3->115, 4->116, 5->117, 6->118, 7->119, 8->120, 9->121, 10->122, 11->123, 12->124, 13->125, 14->126, 15->127.
2026-03-20T23:31:05.4048751Z (Worker pid=1999) (Worker_DP0_TP5_EP5 pid=1999) INFO 03-20 23:31:05 [layer.py:456] [EP Rank 5/16] Expert parallelism is enabled. Expert placement strategy: linear. Local/global number of experts: 16/256. Experts local to global index map: 0->80, 1->81, 2->82, 3->83, 4->84, 5->85, 6->86, 7->87, 8->88, 9->89, 10->90, 11->91, 12->92, 13->93, 14->94, 15->95.
2026-03-20T23:31:05.9004928Z (Worker pid=2000) (Worker_DP1_TP5_EP13 pid=2000) INFO 03-20 23:31:05 [fused_moe.py:321] [EP Rank 13/16] Expert parallelism is enabled. Local/global number of experts: 16/256. Experts local to global index map: 0->208, 1->209, 2->210, 3->211, 4->212, 5->213, 6->214, 7->215, 8->216, 9->217, 10->218, 11->219, 12->220, 13->221, 14->222, 15->223.
2026-03-20T23:31:05.9248578Z (Worker pid=2106) (Worker_DP1_TP6_EP14 pid=2106) INFO 03-20 23:31:05 [fused_moe.py:321] [EP Rank 14/16] Expert parallelism is enabled. Local/global number of experts: 16/256. Experts local to global index map: 0->224, 1->225, 2->226, 3->227, 4->228, 5->229, 6->230, 7->231, 8->232, 9->233, 10->234, 11->235, 12->236, 13->237, 14->238, 15->239.
2026-03-20T23:31:05.9411530Z (Worker pid=1527) (Worker_DP1_TP0_EP8 pid=1527) INFO 03-20 23:31:05 [fused_moe.py:321] [EP Rank 8/16] Expert parallelism is enabled. Local/global number of experts: 16/256. Experts local to global index map: 0->128, 1->129, 2->130, 3->131, 4->132, 5->133, 6->134, 7->135, 8->136, 9->137, 10->138, 11->139, 12->140, 13->141, 14->142, 15->143.
2026-03-20T23:31:06.0013930Z (Worker pid=1682) (Worker_DP0_TP2_EP2 pid=1682) INFO 03-20 23:31:06 [fused_moe.py:321] [EP Rank 2/16] Expert parallelism is enabled. Local/global number of experts: 16/256. Experts local to global index map: 0->32, 1->33, 2->34, 3->35, 4->36, 5->37, 6->38, 7->39, 8->40, 9->41, 10->42, 11->43, 12->44, 13->45, 14->46, 15->47.
2026-03-20T23:31:06.0029124Z (Worker pid=1528) (Worker_DP0_TP0_EP0 pid=1528) INFO 03-20 23:31:06 [fused_moe.py:321] [EP Rank 0/16] Expert parallelism is enabled. Local/global number of experts: 16/256. Experts local to global index map: 0->0, 1->1, 2->2, 3->3, 4->4, 5->5, 6->6, 7->7, 8->8, 9->9, 10->10, 11->11, 12->12, 13->13, 14->14, 15->15.
2026-03-20T23:31:06.0031092Z (Worker pid=1563) (Worker_DP0_TP1_EP1 pid=1563) INFO 03-20 23:31:06 [fused_moe.py:321] [EP Rank 1/16] Expert parallelism is enabled. Local/global number of experts: 16/256. Experts local to global index map: 0->16, 1->17, 2->18, 3->19, 4->20, 5->21, 6->22, 7->23, 8->24, 9->25, 10->26, 11->27, 12->28, 13->29, 14->30, 15->31.
2026-03-20T23:31:06.0034175Z (Worker pid=1894) (Worker_DP0_TP4_EP4 pid=1894) INFO 03-20 23:31:06 [fused_moe.py:321] [EP Rank 4/16] Expert parallelism is enabled. Local/global number of experts: 16/256. Experts local to global index map: 0->64, 1->65, 2->66, 3->67, 4->68, 5->69, 6->70, 7->71, 8->72, 9->73, 10->74, 11->75, 12->76, 13->77, 14->78, 15->79.
2026-03-20T23:31:06.0246070Z (Worker pid=2105) (Worker_DP0_TP6_EP6 pid=2105) INFO 03-20 23:31:06 [fused_moe.py:321] [EP Rank 6/16] Expert parallelism is enabled. Local/global number of experts: 16/256. Experts local to global index map: 0->96, 1->97, 2->98, 3->99, 4->100, 5->101, 6->102, 7->103, 8->104, 9->105, 10->106, 11->107, 12->108, 13->109, 14->110, 15->111.
2026-03-20T23:31:06.0255491Z (Worker pid=2210) (Worker_DP0_TP7_EP7 pid=2210) INFO 03-20 23:31:06 [fused_moe.py:321] [EP Rank 7/16] Expert parallelism is enabled. Local/global number of experts: 16/256. Experts local to global index map: 0->112, 1->113, 2->114, 3->115, 4->116, 5->117, 6->118, 7->119, 8->120, 9->121, 10->122, 11->123, 12->124, 13->125, 14->126, 15->127.
2026-03-20T23:31:06.0453213Z (Worker pid=2212) (Worker_DP1_TP7_EP15 pid=2212) INFO 03-20 23:31:06 [fused_moe.py:321] [EP Rank 15/16] Expert parallelism is enabled. Local/global number of experts: 16/256. Experts local to global index map: 0->240, 1->241, 2->242, 3->243, 4->244, 5->245, 6->246, 7->247, 8->248, 9->249, 10->250, 11->251, 12->252, 13->253, 14->254, 15->255.
2026-03-20T23:31:06.0474693Z (Worker pid=1564) (Worker_DP1_TP1_EP9 pid=1564) INFO 03-20 23:31:06 [fused_moe.py:321] [EP Rank 9/16] Expert parallelism is enabled. Local/global number of experts: 16/256. Experts local to global index map: 0->144, 1->145, 2->146, 3->147, 4->148, 5->149, 6->150, 7->151, 8->152, 9->153, 10->154, 11->155, 12->156, 13->157, 14->158, 15->159.
2026-03-20T23:31:06.0782628Z (Worker pid=1893) (Worker_DP1_TP4_EP12 pid=1893) INFO 03-20 23:31:06 [fused_moe.py:321] [EP Rank 12/16] Expert parallelism is enabled. Local/global number of experts: 16/256. Experts local to global index map: 0->192, 1->193, 2->194, 3->195, 4->196, 5->197, 6->198, 7->199, 8->200, 9->201, 10->202, 11->203, 12->204, 13->205, 14->206, 15->207.
2026-03-20T23:31:06.1132127Z (Worker pid=1786) (Worker_DP0_TP3_EP3 pid=1786) INFO 03-20 23:31:06 [fused_moe.py:321] [EP Rank 3/16] Expert parallelism is enabled. Local/global number of experts: 16/256. Experts local to global index map: 0->48, 1->49, 2->50, 3->51, 4->52, 5->53, 6->54, 7->55, 8->56, 9->57, 10->58, 11->59, 12->60, 13->61, 14->62, 15->63.
2026-03-20T23:31:06.1137536Z (Worker pid=1999) (Worker_DP0_TP5_EP5 pid=1999) INFO 03-20 23:31:06 [fused_moe.py:321] [EP Rank 5/16] Expert parallelism is enabled. Local/global number of experts: 16/256. Experts local to global index map: 0->80, 1->81, 2->82, 3->83, 4->84, 5->85, 6->86, 7->87, 8->88, 9->89, 10->90, 11->91, 12->92, 13->93, 14->94, 15->95.
2026-03-20T23:31:06.1213317Z (Worker pid=1789) (Worker_DP1_TP3_EP11 pid=1789) INFO 03-20 23:31:06 [fused_moe.py:321] [EP Rank 11/16] Expert parallelism is enabled. Local/global number of experts: 16/256. Experts local to global index map: 0->176, 1->177, 2->178, 3->179, 4->180, 5->181, 6->182, 7->183, 8->184, 9->185, 10->186, 11->187, 12->188, 13->189, 14->190, 15->191.
2026-03-20T23:31:06.1218960Z (Worker pid=1681) (Worker_DP1_TP2_EP10 pid=1681) INFO 03-20 23:31:06 [fused_moe.py:321] [EP Rank 10/16] Expert parallelism is enabled. Local/global number of experts: 16/256. Experts local to global index map: 0->160, 1->161, 2->162, 3->163, 4->164, 5->165, 6->166, 7->167, 8->168, 9->169, 10->170, 11->171, 12->172, 13->173, 14->174, 15->175.
2026-03-20T23:31:06.3264502Z (Worker pid=1528) (Worker_DP0_TP0_EP0 pid=1528) INFO 03-20 23:31:06 [fused_moe.py:576] Sequence parallelism is enabled, shared experts are replicated for best performance.
2026-03-20T23:31:06.3280438Z (Worker pid=2212) (Worker_DP1_TP7_EP15 pid=2212) INFO 03-20 23:31:06 [fused_moe.py:576] Sequence parallelism is enabled, shared experts are replicated for best performance.
2026-03-20T23:31:06.3283485Z (Worker pid=2106) (Worker_DP1_TP6_EP14 pid=2106) INFO 03-20 23:31:06 [fused_moe.py:576] Sequence parallelism is enabled, shared experts are replicated for best performance.
2026-03-20T23:31:06.3284672Z (Worker pid=2000) (Worker_DP1_TP5_EP13 pid=2000) INFO 03-20 23:31:06 [fused_moe.py:576] Sequence parallelism is enabled, shared experts are replicated for best performance.
2026-03-20T23:31:06.3285845Z (Worker pid=1527) (Worker_DP1_TP0_EP8 pid=1527) INFO 03-20 23:31:06 [fused_moe.py:576] Sequence parallelism is enabled, shared experts are replicated for best performance.
2026-03-20T23:31:06.3287004Z (Worker pid=1563) (Worker_DP0_TP1_EP1 pid=1563) INFO 03-20 23:31:06 [fused_moe.py:576] Sequence parallelism is enabled, shared experts are replicated for best performance.
2026-03-20T23:31:06.3497299Z (Worker pid=2105) (Worker_DP0_TP6_EP6 pid=2105) INFO 03-20 23:31:06 [fused_moe.py:576] Sequence parallelism is enabled, shared experts are replicated for best performance.
2026-03-20T23:31:06.3499998Z (Worker pid=1564) (Worker_DP1_TP1_EP9 pid=1564) INFO 03-20 23:31:06 [fused_moe.py:576] Sequence parallelism is enabled, shared experts are replicated for best performance.
2026-03-20T23:31:06.3501193Z (Worker pid=2210) (Worker_DP0_TP7_EP7 pid=2210) INFO 03-20 23:31:06 [fused_moe.py:576] Sequence parallelism is enabled, shared experts are replicated for best performance.
