2026-03-20T18:54:23.1236338Z [Gloo] Rank 1 is connected to 3 peer ranks. Expected number of connected peer ranks is : 3
2026-03-20T18:54:23.1246245Z [Gloo] Rank 0 is connected to 0 peer ranks. Expected number of connected peer ranks is : 0
2026-03-20T18:54:23.1255971Z [Gloo] Rank 0 is connected to 3 peer ranks. Expected number of connected peer ranks is : 3
2026-03-20T18:54:23.1265901Z [Gloo] Rank 1 is connected to 3 peer ranks. Expected number of connected peer ranks is : 3
2026-03-20T18:54:23.1323517Z [Gloo] Rank 0 is connected to 3 peer ranks. Expected number of connected peer ranks is : 3
2026-03-20T18:54:23.1336526Z [Gloo] Rank 1 is connected to 3 peer ranks. Expected number of connected peer ranks is : 3
2026-03-20T18:54:23.1346392Z [Gloo] Rank 0 is connected to 3 peer ranks. Expected number of connected peer ranks is : 3
2026-03-20T18:54:23.1356203Z [Gloo] Rank 0 is connected to 3 peer ranks. Expected number of connected peer ranks is : 3
2026-03-20T18:54:23.1366069Z [Gloo] Rank 0 is connected to 3 peer ranks. Expected number of connected peer ranks is : 3
2026-03-20T18:54:23.1375781Z [Gloo] Rank 1 is connected to 3 peer ranks. Expected number of connected peer ranks is : 3
2026-03-20T18:54:23.1386132Z [Gloo] Rank 0 is connected to 3 peer ranks. Expected number of connected peer ranks is : 3
2026-03-20T18:54:23.1395334Z [Gloo] Rank 1 is connected to 3 peer ranks. Expected number of connected peer ranks is : 3
2026-03-20T18:54:23.1404652Z [Gloo] Rank 1 is connected to 3 peer ranks. Expected number of connected peer ranks is : 3
2026-03-20T18:54:23.1414700Z [Gloo] Rank 1 is connected to 3 peer ranks. Expected number of connected peer ranks is : 3
2026-03-20T18:54:23.1650833Z [Gloo] Rank 0 is connected to 31 peer ranks. Expected number of connected peer ranks is : 31
2026-03-20T18:54:23.1656685Z [Gloo] Rank 1 is connected to 31 peer ranks. Expected number of connected peer ranks is : 31
2026-03-20T18:54:23.1682271Z [Gloo] Rank 2 is connected to 31 peer ranks. Expected number of connected peer ranks is : 31
2026-03-20T18:54:23.1692749Z (Worker pid=240) INFO 03-20 18:54:23 [parallel_state.py:1715] rank 0 in world size 32 is assigned as DP rank 0, PP rank 0, PCP rank 0, TP rank 0, EP rank 0, EPLB rank N/A
2026-03-20T18:54:23.1704534Z [Gloo] Rank 3 is connected to 31 peer ranks. Expected number of connected peer ranks is : 31
2026-03-20T18:54:23.1712463Z [Gloo] Rank 5 is connected to 31 peer ranks. Expected number of connected peer ranks is : 31
2026-03-20T18:54:23.1721126Z [Gloo] Rank 4 is connected to 31 peer ranks. Expected number of connected peer ranks is : 31
2026-03-20T18:54:23.1732777Z (Worker pid=310) INFO 03-20 18:54:23 [parallel_state.py:1715] rank 1 in world size 32 is assigned as DP rank 0, PP rank 0, PCP rank 0, TP rank 1, EP rank 1, EPLB rank N/A
2026-03-20T18:54:23.1742827Z (Worker pid=414) INFO 03-20 18:54:23 [parallel_state.py:1715] rank 2 in world size 32 is assigned as DP rank 0, PP rank 0, PCP rank 0, TP rank 2, EP rank 2, EPLB rank N/A
2026-03-20T18:54:23.1752257Z [Gloo] Rank 7 is connected to 31 peer ranks. Expected number of connected peer ranks is : 31
2026-03-20T18:54:23.1777920Z (Worker pid=519) INFO 03-20 18:54:23 [parallel_state.py:1715] rank 3 in world size 32 is assigned as DP rank 0, PP rank 0, PCP rank 0, TP rank 3, EP rank 3, EPLB rank N/A
2026-03-20T18:54:23.1778727Z [Gloo] Rank 6 is connected to 31 peer ranks. Expected number of connected peer ranks is : 31
2026-03-20T18:54:23.1782919Z (Worker pid=729) INFO 03-20 18:54:23 [parallel_state.py:1715] rank 5 in world size 32 is assigned as DP rank 0, PP rank 0, PCP rank 0, TP rank 5, EP rank 5, EPLB rank N/A
2026-03-20T18:54:23.1792056Z [Gloo] Rank 8 is connected to 31 peer ranks. Expected number of connected peer ranks is : 31
2026-03-20T18:54:23.1802665Z (Worker pid=941) INFO 03-20 18:54:23 [parallel_state.py:1715] rank 7 in world size 32 is assigned as DP rank 0, PP rank 0, PCP rank 0, TP rank 7, EP rank 7, EPLB rank N/A
2026-03-20T18:54:23.1812292Z [Gloo] Rank 9 is connected to 31 peer ranks. Expected number of connected peer ranks is : 31
2026-03-20T18:54:23.1822379Z (Worker pid=623) INFO 03-20 18:54:23 [parallel_state.py:1715] rank 4 in world size 32 is assigned as DP rank 0, PP rank 0, PCP rank 0, TP rank 4, EP rank 4, EPLB rank N/A
2026-03-20T18:54:23.1833090Z (Worker pid=241) INFO 03-20 18:54:23 [parallel_state.py:1715] rank 8 in world size 32 is assigned as DP rank 1, PP rank 0, PCP rank 0, TP rank 0, EP rank 8, EPLB rank N/A
2026-03-20T18:54:23.1843078Z [Gloo] Rank 10 is connected to 31 peer ranks. Expected number of connected peer ranks is : 31
2026-03-20T18:54:23.1852692Z (Worker pid=835) INFO 03-20 18:54:23 [parallel_state.py:1715] rank 6 in world size 32 is assigned as DP rank 0, PP rank 0, PCP rank 0, TP rank 6, EP rank 6, EPLB rank N/A
2026-03-20T18:54:23.1861837Z [Gloo] Rank 11 is connected to 31 peer ranks. Expected number of connected peer ranks is : 31
2026-03-20T18:54:23.1872169Z (Worker pid=307) INFO 03-20 18:54:23 [parallel_state.py:1715] rank 9 in world size 32 is assigned as DP rank 1, PP rank 0, PCP rank 0, TP rank 1, EP rank 9, EPLB rank N/A
2026-03-20T18:54:23.1882097Z [Gloo] Rank 12 is connected to 31 peer ranks. Expected number of connected peer ranks is : 31
2026-03-20T18:54:23.1891504Z [Gloo] Rank 14 is connected to 31 peer ranks. Expected number of connected peer ranks is : 31
2026-03-20T18:54:23.1901094Z [Gloo] Rank 13 is connected to 31 peer ranks. Expected number of connected peer ranks is : 31
2026-03-20T18:54:23.1911349Z (Worker pid=411) INFO 03-20 18:54:23 [parallel_state.py:1715] rank 10 in world size 32 is assigned as DP rank 1, PP rank 0, PCP rank 0, TP rank 2, EP rank 10, EPLB rank N/A
2026-03-20T18:54:23.1921976Z (Worker pid=518) INFO 03-20 18:54:23 [parallel_state.py:1715] rank 11 in world size 32 is assigned as DP rank 1, PP rank 0, PCP rank 0, TP rank 3, EP rank 11, EPLB rank N/A
2026-03-20T18:54:23.1932230Z (Worker pid=626) INFO 03-20 18:54:23 [parallel_state.py:1715] rank 12 in world size 32 is assigned as DP rank 1, PP rank 0, PCP rank 0, TP rank 4, EP rank 12, EPLB rank N/A
2026-03-20T18:54:23.1941695Z [Gloo] Rank 15 is connected to 31 peer ranks. Expected number of connected peer ranks is : 31
2026-03-20T18:54:23.1952149Z (Worker pid=838) INFO 03-20 18:54:23 [parallel_state.py:1715] rank 14 in world size 32 is assigned as DP rank 1, PP rank 0, PCP rank 0, TP rank 6, EP rank 14, EPLB rank N/A
2026-03-20T18:54:23.1962553Z (Worker pid=732) INFO 03-20 18:54:23 [parallel_state.py:1715] rank 13 in world size 32 is assigned as DP rank 1, PP rank 0, PCP rank 0, TP rank 5, EP rank 13, EPLB rank N/A
2026-03-20T18:54:23.1972856Z (Worker pid=945) INFO 03-20 18:54:23 [parallel_state.py:1715] rank 15 in world size 32 is assigned as DP rank 1, PP rank 0, PCP rank 0, TP rank 7, EP rank 15, EPLB rank N/A
2026-03-20T18:54:23.2068963Z [Gloo] Rank 0 is connected to 31 peer ranks. Expected number of connected peer ranks is : 31
2026-03-20T18:54:23.2094618Z [Gloo] Rank 1 is connected to 31 peer ranks. Expected number of connected peer ranks is : 31
2026-03-20T18:54:23.2104193Z [Gloo] Rank 2 is connected to 31 peer ranks. Expected number of connected peer ranks is : 31
2026-03-20T18:54:23.2114397Z [Gloo] Rank 3 is connected to 31 peer ranks. Expected number of connected peer ranks is : 31
2026-03-20T18:54:23.2123706Z [Gloo] Rank 4 is connected to 31 peer ranks. Expected number of connected peer ranks is : 31
2026-03-20T18:54:23.2133476Z [Gloo] Rank 5 is connected to 31 peer ranks. Expected number of connected peer ranks is : 31
2026-03-20T18:54:23.2142860Z [Gloo] Rank 6 is connected to 31 peer ranks. Expected number of connected peer ranks is : 31
2026-03-20T18:54:23.2152251Z [Gloo] Rank 7 is connected to 31 peer ranks. Expected number of connected peer ranks is : 31
2026-03-20T18:54:23.2162719Z [Gloo] Rank 8 is connected to 31 peer ranks. Expected number of connected peer ranks is : 31
2026-03-20T18:54:23.2172220Z [Gloo] Rank 9 is connected to 31 peer ranks. Expected number of connected peer ranks is : 31
2026-03-20T18:54:23.2182196Z [Gloo] Rank 10 is connected to 31 peer ranks. Expected number of connected peer ranks is : 31
2026-03-20T18:54:23.2192333Z [Gloo] Rank 11 is connected to 31 peer ranks. Expected number of connected peer ranks is : 31
2026-03-20T18:54:23.2202704Z [Gloo] Rank 12 is connected to 31 peer ranks. Expected number of connected peer ranks is : 31
2026-03-20T18:54:23.2212086Z [Gloo] Rank 13 is connected to 31 peer ranks. Expected number of connected peer ranks is : 31
2026-03-20T18:54:23.2221850Z [Gloo] Rank 14 is connected to 31 peer ranks. Expected number of connected peer ranks is : 31
2026-03-20T18:54:23.2231832Z [Gloo] Rank 15 is connected to 31 peer ranks. Expected number of connected peer ranks is : 31
2026-03-20T18:54:23.2241891Z [Gloo] Rank 0 is connected to 3 peer ranks. Expected number of connected peer ranks is : 3
2026-03-20T18:54:23.2251430Z [Gloo] Rank 0 is connected to 3 peer ranks. Expected number of connected peer ranks is : 3
2026-03-20T18:54:23.2260876Z [Gloo] Rank 0 is connected to 3 peer ranks. Expected number of connected peer ranks is : 3
2026-03-20T18:54:23.2270302Z [Gloo] Rank 0 is connected to 3 peer ranks. Expected number of connected peer ranks is : 3
2026-03-20T18:54:23.2280590Z [Gloo] Rank 1 is connected to 3 peer ranks. Expected number of connected peer ranks is : 3
2026-03-20T18:54:23.2290125Z [Gloo] Rank 1 is connected to 3 peer ranks. Expected number of connected peer ranks is : 3
2026-03-20T18:54:23.2300583Z [Gloo] Rank 0 is connected to 3 peer ranks. Expected number of connected peer ranks is : 3
2026-03-20T18:54:23.2309053Z [Gloo] Rank 1 is connected to 3 peer ranks. Expected number of connected peer ranks is : 3
2026-03-20T18:54:23.2319069Z [Gloo] Rank 1 is connected to 3 peer ranks. Expected number of connected peer ranks is : 3
2026-03-20T18:54:23.2328683Z [Gloo] Rank 1 is connected to 3 peer ranks. Expected number of connected peer ranks is : 3
2026-03-20T18:54:23.2339088Z [Gloo] Rank 0 is connected to 3 peer ranks. Expected number of connected peer ranks is : 3
2026-03-20T18:54:23.2348392Z [Gloo] Rank 0 is connected to 3 peer ranks. Expected number of connected peer ranks is : 3
2026-03-20T18:54:23.2358288Z [Gloo] Rank 1 is connected to 3 peer ranks. Expected number of connected peer ranks is : 3
2026-03-20T18:54:23.2368180Z [Gloo] Rank 1 is connected to 3 peer ranks. Expected number of connected peer ranks is : 3
2026-03-20T18:54:23.2378066Z [Gloo] Rank 1 is connected to 3 peer ranks. Expected number of connected peer ranks is : 3
2026-03-20T18:54:23.3858180Z [Gloo] Rank 0 is connected to 3 peer ranks. Expected number of connected peer ranks is : 3
2026-03-20T18:54:26.6208517Z (Worker pid=941) INFO 03-20 18:54:26 [cpu_binding.py:320] [cpu_bind_mode] mode=global_slice rank=7 visible_npus=[0, 1, 2, 3, 4, 5, 6, 7]
2026-03-20T18:54:26.6220481Z (Worker pid=941) INFO 03-20 18:54:26 [cpu_binding.py:367] The CPU allocation plan is as follows:
2026-03-20T18:54:26.6232479Z (Worker pid=941) INFO 03-20 18:54:26 [cpu_binding.py:372] NPU7: main=[142 143 144 145 146 147 148 149 150 151 152 153 154 155 156 157]  acl=[158]  release=[[159]]
2026-03-20T18:54:26.6746980Z (Worker pid=941) INFO 03-20 18:54:26 [cpu_binding.py:383] The 'migratepages' command is not available, skipping memory binding.
2026-03-20T18:54:26.7243938Z (Worker pid=941) WARNING 03-20 18:54:26 [__init__.py:204] min_p and logit_bias parameters won't work with speculative decoding.
2026-03-20T18:54:26.7336398Z (Worker pid=941) INFO 03-20 18:54:26 [base.py:106] Offloader set to NoopOffloader
2026-03-20T18:54:26.7673756Z (Worker pid=941) WARNING 03-20 18:54:26 [__init__.py:204] min_p and logit_bias parameters won't work with speculative decoding.
2026-03-20T18:54:26.7698836Z (Worker pid=941) (Worker_DP0_TP7_EP7 pid=941) INFO 03-20 18:54:26 [model_runner_v1.py:2554] Starting to load model /root/.cache/modelscope/hub/models/vllm-ascend/DeepSeek-V3___2-W8A8...
2026-03-20T18:54:26.7973995Z (Worker pid=626) INFO 03-20 18:54:26 [cpu_binding.py:320] [cpu_bind_mode] mode=global_slice rank=4 visible_npus=[8, 9, 10, 11, 12, 13, 14, 15]
2026-03-20T18:54:26.7984360Z (Worker pid=626) INFO 03-20 18:54:26 [cpu_binding.py:367] The CPU allocation plan is as follows:
2026-03-20T18:54:26.7994575Z (Worker pid=626) INFO 03-20 18:54:26 [cpu_binding.py:372] NPU12: main=[242 243 244 245 246 247 248 249 250 251 252 253 254 255 256 257]  acl=[258]  release=[[259]]
2026-03-20T18:54:26.8416075Z (Worker pid=626) INFO 03-20 18:54:26 [cpu_binding.py:383] The 'migratepages' command is not available, skipping memory binding.
2026-03-20T18:54:26.8792990Z (Worker pid=626) WARNING 03-20 18:54:26 [__init__.py:204] min_p and logit_bias parameters won't work with speculative decoding.
2026-03-20T18:54:26.8859369Z (Worker pid=626) INFO 03-20 18:54:26 [base.py:106] Offloader set to NoopOffloader
2026-03-20T18:54:26.8980985Z (Worker pid=626) WARNING 03-20 18:54:26 [__init__.py:204] min_p and logit_bias parameters won't work with speculative decoding.
2026-03-20T18:54:26.9001560Z (Worker pid=626) (Worker_DP1_TP4_EP12 pid=626) INFO 03-20 18:54:26 [model_runner_v1.py:2554] Starting to load model /root/.cache/modelscope/hub/models/vllm-ascend/DeepSeek-V3___2-W8A8...
2026-03-20T18:54:27.3115537Z (Worker pid=241) INFO 03-20 18:54:27 [cpu_binding.py:320] [cpu_bind_mode] mode=global_slice rank=0 visible_npus=[8, 9, 10, 11, 12, 13, 14, 15]
2026-03-20T18:54:27.3125729Z (Worker pid=241) INFO 03-20 18:54:27 [cpu_binding.py:367] The CPU allocation plan is as follows:
2026-03-20T18:54:27.3136164Z (Worker pid=241) INFO 03-20 18:54:27 [cpu_binding.py:372] NPU8: main=[162 163 164 165 166 167 168 169 170 171 172 173 174 175 176 177]  acl=[178]  release=[[179]]
2026-03-20T18:54:27.3705520Z (Worker pid=241) INFO 03-20 18:54:27 [cpu_binding.py:383] The 'migratepages' command is not available, skipping memory binding.
2026-03-20T18:54:27.4261405Z (Worker pid=241) WARNING 03-20 18:54:27 [__init__.py:204] min_p and logit_bias parameters won't work with speculative decoding.
2026-03-20T18:54:27.4350746Z (Worker pid=241) INFO 03-20 18:54:27 [base.py:106] Offloader set to NoopOffloader
2026-03-20T18:54:27.4434394Z (Worker pid=518) INFO 03-20 18:54:27 [cpu_binding.py:320] [cpu_bind_mode] mode=global_slice rank=3 visible_npus=[8, 9, 10, 11, 12, 13, 14, 15]
2026-03-20T18:54:27.4452279Z (Worker pid=518) INFO 03-20 18:54:27 [cpu_binding.py:367] The CPU allocation plan is as follows:
2026-03-20T18:54:27.4461867Z (Worker pid=518) INFO 03-20 18:54:27 [cpu_binding.py:372] NPU11: main=[222 223 224 225 226 227 228 229 230 231 232 233 234 235 236 237]  acl=[238]  release=[[239]]
2026-03-20T18:54:27.4489120Z (Worker pid=241) WARNING 03-20 18:54:27 [__init__.py:204] min_p and logit_bias parameters won't work with speculative decoding.
2026-03-20T18:54:27.4537966Z (Worker pid=241) (Worker_DP1_TP0_EP8 pid=241) INFO 03-20 18:54:27 [model_runner_v1.py:2554] Starting to load model /root/.cache/modelscope/hub/models/vllm-ascend/DeepSeek-V3___2-W8A8...
2026-03-20T18:54:27.4954284Z (Worker pid=518) INFO 03-20 18:54:27 [cpu_binding.py:383] The 'migratepages' command is not available, skipping memory binding.
2026-03-20T18:54:27.5351184Z (Worker pid=518) WARNING 03-20 18:54:27 [__init__.py:204] min_p and logit_bias parameters won't work with speculative decoding.
2026-03-20T18:54:27.5431140Z (Worker pid=518) INFO 03-20 18:54:27 [base.py:106] Offloader set to NoopOffloader
2026-03-20T18:54:27.5544105Z (Worker pid=518) WARNING 03-20 18:54:27 [__init__.py:204] min_p and logit_bias parameters won't work with speculative decoding.
2026-03-20T18:54:27.5564875Z (Worker pid=518) (Worker_DP1_TP3_EP11 pid=518) INFO 03-20 18:54:27 [model_runner_v1.py:2554] Starting to load model /root/.cache/modelscope/hub/models/vllm-ascend/DeepSeek-V3___2-W8A8...
2026-03-20T18:54:27.8881571Z (Worker pid=310) INFO 03-20 18:54:27 [cpu_binding.py:320] [cpu_bind_mode] mode=global_slice rank=1 visible_npus=[0, 1, 2, 3, 4, 5, 6, 7]
2026-03-20T18:54:27.8956390Z (Worker pid=310) INFO 03-20 18:54:27 [cpu_binding.py:367] The CPU allocation plan is as follows:
2026-03-20T18:54:27.8965781Z (Worker pid=310) INFO 03-20 18:54:27 [cpu_binding.py:372] NPU1: main=[22 23 24 25 26 27 28 29 30 31 32 33 34 35 36 37]  acl=[38]  release=[[39]]
2026-03-20T18:54:27.9285284Z (Worker pid=941) (Worker_DP0_TP7_EP7 pid=941) INFO 03-20 18:54:27 [layer.py:456] [EP Rank 7/32] Expert parallelism is enabled. Expert placement strategy: linear. Local/global number of experts: 8/256. Experts local to global index map: 0->56, 1->57, 2->58, 3->59, 4->60, 5->61, 6->62, 7->63.
2026-03-20T18:54:27.9534300Z (Worker pid=310) INFO 03-20 18:54:27 [cpu_binding.py:383] The 'migratepages' command is not available, skipping memory binding.
2026-03-20T18:54:27.9742185Z (Worker pid=310) WARNING 03-20 18:54:27 [__init__.py:204] min_p and logit_bias parameters won't work with speculative decoding.
2026-03-20T18:54:27.9799196Z (Worker pid=414) INFO 03-20 18:54:27 [cpu_binding.py:320] [cpu_bind_mode] mode=global_slice rank=2 visible_npus=[0, 1, 2, 3, 4, 5, 6, 7]
2026-03-20T18:54:27.9808883Z (Worker pid=414) INFO 03-20 18:54:27 [cpu_binding.py:367] The CPU allocation plan is as follows:
2026-03-20T18:54:27.9818559Z (Worker pid=414) INFO 03-20 18:54:27 [cpu_binding.py:372] NPU2: main=[42 43 44 45 46 47 48 49 50 51 52 53 54 55 56 57]  acl=[58]  release=[[59]]
2026-03-20T18:54:27.9828883Z (Worker pid=310) INFO 03-20 18:54:27 [base.py:106] Offloader set to NoopOffloader
2026-03-20T18:54:27.9900433Z (Worker pid=310) WARNING 03-20 18:54:27 [__init__.py:204] min_p and logit_bias parameters won't work with speculative decoding.
2026-03-20T18:54:27.9962008Z (Worker pid=626) (Worker_DP1_TP4_EP12 pid=626) INFO 03-20 18:54:27 [layer.py:456] [EP Rank 12/32] Expert parallelism is enabled. Expert placement strategy: linear. Local/global number of experts: 8/256. Experts local to global index map: 0->96, 1->97, 2->98, 3->99, 4->100, 5->101, 6->102, 7->103.
2026-03-20T18:54:27.9972202Z (Worker pid=310) (Worker_DP0_TP1_EP1 pid=310) INFO 03-20 18:54:27 [model_runner_v1.py:2554] Starting to load model /root/.cache/modelscope/hub/models/vllm-ascend/DeepSeek-V3___2-W8A8...
2026-03-20T18:54:28.0410169Z (Worker pid=414) INFO 03-20 18:54:28 [cpu_binding.py:383] The 'migratepages' command is not available, skipping memory binding.
2026-03-20T18:54:28.0771632Z (Worker pid=414) WARNING 03-20 18:54:28 [__init__.py:204] min_p and logit_bias parameters won't work with speculative decoding.
2026-03-20T18:54:28.0871015Z (Worker pid=519) INFO 03-20 18:54:28 [cpu_binding.py:320] [cpu_bind_mode] mode=global_slice rank=3 visible_npus=[0, 1, 2, 3, 4, 5, 6, 7]
2026-03-20T18:54:28.0881020Z (Worker pid=519) INFO 03-20 18:54:28 [cpu_binding.py:367] The CPU allocation plan is as follows:
2026-03-20T18:54:28.0890845Z (Worker pid=519) INFO 03-20 18:54:28 [cpu_binding.py:372] NPU3: main=[62 63 64 65 66 67 68 69 70 71 72 73 74 75 76 77]  acl=[78]  release=[[79]]
2026-03-20T18:54:28.0919766Z (Worker pid=414) INFO 03-20 18:54:28 [base.py:106] Offloader set to NoopOffloader
2026-03-20T18:54:28.1072993Z (Worker pid=414) WARNING 03-20 18:54:28 [__init__.py:204] min_p and logit_bias parameters won't work with speculative decoding.
2026-03-20T18:54:28.1108689Z (Worker pid=414) (Worker_DP0_TP2_EP2 pid=414) INFO 03-20 18:54:28 [model_runner_v1.py:2554] Starting to load model /root/.cache/modelscope/hub/models/vllm-ascend/DeepSeek-V3___2-W8A8...
2026-03-20T18:54:28.1402638Z (Worker pid=519) INFO 03-20 18:54:28 [cpu_binding.py:383] The 'migratepages' command is not available, skipping memory binding.
2026-03-20T18:54:28.1795008Z (Worker pid=519) WARNING 03-20 18:54:28 [__init__.py:204] min_p and logit_bias parameters won't work with speculative decoding.
2026-03-20T18:54:28.1979263Z (Worker pid=519) INFO 03-20 18:54:28 [base.py:106] Offloader set to NoopOffloader
2026-03-20T18:54:28.2211366Z (Worker pid=519) WARNING 03-20 18:54:28 [__init__.py:204] min_p and logit_bias parameters won't work with speculative decoding.
2026-03-20T18:54:28.2241641Z (Worker pid=519) (Worker_DP0_TP3_EP3 pid=519) INFO 03-20 18:54:28 [model_runner_v1.py:2554] Starting to load model /root/.cache/modelscope/hub/models/vllm-ascend/DeepSeek-V3___2-W8A8...
2026-03-20T18:54:28.2465540Z (Worker pid=732) INFO 03-20 18:54:28 [cpu_binding.py:320] [cpu_bind_mode] mode=global_slice rank=5 visible_npus=[8, 9, 10, 11, 12, 13, 14, 15]
2026-03-20T18:54:28.2474696Z (Worker pid=732) INFO 03-20 18:54:28 [cpu_binding.py:367] The CPU allocation plan is as follows:
2026-03-20T18:54:28.2489085Z (Worker pid=732) INFO 03-20 18:54:28 [cpu_binding.py:372] NPU13: main=[262 263 264 265 266 267 268 269 270 271 272 273 274 275 276 277]  acl=[278]  release=[[279]]
2026-03-20T18:54:28.3086272Z (Worker pid=732) INFO 03-20 18:54:28 [cpu_binding.py:383] The 'migratepages' command is not available, skipping memory binding.
2026-03-20T18:54:28.3442646Z (Worker pid=732) WARNING 03-20 18:54:28 [__init__.py:204] min_p and logit_bias parameters won't work with speculative decoding.
2026-03-20T18:54:28.3534042Z (Worker pid=732) INFO 03-20 18:54:28 [base.py:106] Offloader set to NoopOffloader
2026-03-20T18:54:28.3653560Z (Worker pid=732) WARNING 03-20 18:54:28 [__init__.py:204] min_p and logit_bias parameters won't work with speculative decoding.
2026-03-20T18:54:28.3677818Z (Worker pid=732) (Worker_DP1_TP5_EP13 pid=732) INFO 03-20 18:54:28 [model_runner_v1.py:2554] Starting to load model /root/.cache/modelscope/hub/models/vllm-ascend/DeepSeek-V3___2-W8A8...
2026-03-20T18:54:28.4155966Z (Worker pid=838) INFO 03-20 18:54:28 [cpu_binding.py:320] [cpu_bind_mode] mode=global_slice rank=6 visible_npus=[8, 9, 10, 11, 12, 13, 14, 15]
2026-03-20T18:54:28.4183300Z (Worker pid=838) INFO 03-20 18:54:28 [cpu_binding.py:367] The CPU allocation plan is as follows:
2026-03-20T18:54:28.4192864Z (Worker pid=838) INFO 03-20 18:54:28 [cpu_binding.py:372] NPU14: main=[282 283 284 285 286 287 288 289 290 291 292 293 294 295 296 297]  acl=[298]  release=[[299]]
2026-03-20T18:54:28.4744087Z (Worker pid=838) INFO 03-20 18:54:28 [cpu_binding.py:383] The 'migratepages' command is not available, skipping memory binding.
2026-03-20T18:54:28.4995083Z (Worker pid=241) (Worker_DP1_TP0_EP8 pid=241) INFO 03-20 18:54:28 [layer.py:456] [EP Rank 8/32] Expert parallelism is enabled. Expert placement strategy: linear. Local/global number of experts: 8/256. Experts local to global index map: 0->64, 1->65, 2->66, 3->67, 4->68, 5->69, 6->70, 7->71.
2026-03-20T18:54:28.5243128Z (Worker pid=838) WARNING 03-20 18:54:28 [__init__.py:204] min_p and logit_bias parameters won't work with speculative decoding.
2026-03-20T18:54:28.5326649Z (Worker pid=838) INFO 03-20 18:54:28 [base.py:106] Offloader set to NoopOffloader
2026-03-20T18:54:28.5708357Z (Worker pid=838) WARNING 03-20 18:54:28 [__init__.py:204] min_p and logit_bias parameters won't work with speculative decoding.
2026-03-20T18:54:28.5752310Z (Worker pid=838) (Worker_DP1_TP6_EP14 pid=838) INFO 03-20 18:54:28 [model_runner_v1.py:2554] Starting to load model /root/.cache/modelscope/hub/models/vllm-ascend/DeepSeek-V3___2-W8A8...
2026-03-20T18:54:28.5946805Z (Worker pid=623) INFO 03-20 18:54:28 [cpu_binding.py:320] [cpu_bind_mode] mode=global_slice rank=4 visible_npus=[0, 1, 2, 3, 4, 5, 6, 7]
2026-03-20T18:54:28.5967449Z (Worker pid=623) INFO 03-20 18:54:28 [cpu_binding.py:367] The CPU allocation plan is as follows:
2026-03-20T18:54:28.5979211Z (Worker pid=623) INFO 03-20 18:54:28 [cpu_binding.py:372] NPU4: main=[82 83 84 85 86 87 88 89 90 91 92 93 94 95 96 97]  acl=[98]  release=[[99]]
2026-03-20T18:54:28.6543124Z (Worker pid=623) INFO 03-20 18:54:28 [cpu_binding.py:383] The 'migratepages' command is not available, skipping memory binding.
2026-03-20T18:54:28.6901258Z (Worker pid=623) WARNING 03-20 18:54:28 [__init__.py:204] min_p and logit_bias parameters won't work with speculative decoding.
2026-03-20T18:54:28.6942076Z (Worker pid=310) (Worker_DP0_TP1_EP1 pid=310) INFO 03-20 18:54:28 [layer.py:456] [EP Rank 1/32] Expert parallelism is enabled. Expert placement strategy: linear. Local/global number of experts: 8/256. Experts local to global index map: 0->8, 1->9, 2->10, 3->11, 4->12, 5->13, 6->14, 7->15.
2026-03-20T18:54:28.6980794Z (Worker pid=623) INFO 03-20 18:54:28 [base.py:106] Offloader set to NoopOffloader
2026-03-20T18:54:28.7014617Z (Worker pid=518) (Worker_DP1_TP3_EP11 pid=518) INFO 03-20 18:54:28 [layer.py:456] [EP Rank 11/32] Expert parallelism is enabled. Expert placement strategy: linear. Local/global number of experts: 8/256. Experts local to global index map: 0->88, 1->89, 2->90, 3->91, 4->92, 5->93, 6->94, 7->95.
2026-03-20T18:54:28.7088069Z (Worker pid=623) WARNING 03-20 18:54:28 [__init__.py:204] min_p and logit_bias parameters won't work with speculative decoding.
2026-03-20T18:54:28.7120670Z (Worker pid=623) (Worker_DP0_TP4_EP4 pid=623) INFO 03-20 18:54:28 [model_runner_v1.py:2554] Starting to load model /root/.cache/modelscope/hub/models/vllm-ascend/DeepSeek-V3___2-W8A8...
2026-03-20T18:54:28.7325239Z (Worker pid=729) INFO 03-20 18:54:28 [cpu_binding.py:320] [cpu_bind_mode] mode=global_slice rank=5 visible_npus=[0, 1, 2, 3, 4, 5, 6, 7]
2026-03-20T18:54:28.7346869Z (Worker pid=729) INFO 03-20 18:54:28 [cpu_binding.py:367] The CPU allocation plan is as follows:
2026-03-20T18:54:28.7357331Z (Worker pid=729) INFO 03-20 18:54:28 [cpu_binding.py:372] NPU5: main=[102 103 104 105 106 107 108 109 110 111 112 113 114 115 116 117]  acl=[118]  release=[[119]]
2026-03-20T18:54:28.7905635Z (Worker pid=729) INFO 03-20 18:54:28 [cpu_binding.py:383] The 'migratepages' command is not available, skipping memory binding.
2026-03-20T18:54:28.8364126Z (Worker pid=729) WARNING 03-20 18:54:28 [__init__.py:204] min_p and logit_bias parameters won't work with speculative decoding.
2026-03-20T18:54:28.8462653Z (Worker pid=729) INFO 03-20 18:54:28 [base.py:106] Offloader set to NoopOffloader
2026-03-20T18:54:28.8628043Z (Worker pid=729) WARNING 03-20 18:54:28 [__init__.py:204] min_p and logit_bias parameters won't work with speculative decoding.
2026-03-20T18:54:28.8651756Z (Worker pid=729) (Worker_DP0_TP5_EP5 pid=729) INFO 03-20 18:54:28 [model_runner_v1.py:2554] Starting to load model /root/.cache/modelscope/hub/models/vllm-ascend/DeepSeek-V3___2-W8A8...
2026-03-20T18:54:28.9303471Z (Worker pid=945) INFO 03-20 18:54:28 [cpu_binding.py:320] [cpu_bind_mode] mode=global_slice rank=7 visible_npus=[8, 9, 10, 11, 12, 13, 14, 15]
2026-03-20T18:54:28.9313331Z (Worker pid=945) INFO 03-20 18:54:28 [cpu_binding.py:367] The CPU allocation plan is as follows:
2026-03-20T18:54:28.9323077Z (Worker pid=945) INFO 03-20 18:54:28 [cpu_binding.py:372] NPU15: main=[302 303 304 305 306 307 308 309 310 311 312 313 314 315 316 317]  acl=[318]  release=[[319]]
2026-03-20T18:54:28.9854701Z (Worker pid=945) INFO 03-20 18:54:28 [cpu_binding.py:383] The 'migratepages' command is not available, skipping memory binding.
2026-03-20T18:54:29.0195414Z (Worker pid=945) WARNING 03-20 18:54:29 [__init__.py:204] min_p and logit_bias parameters won't work with speculative decoding.
2026-03-20T18:54:29.0277860Z (Worker pid=945) INFO 03-20 18:54:29 [base.py:106] Offloader set to NoopOffloader
2026-03-20T18:54:29.0392745Z (Worker pid=945) WARNING 03-20 18:54:29 [__init__.py:204] min_p and logit_bias parameters won't work with speculative decoding.
2026-03-20T18:54:29.0415917Z (Worker pid=945) (Worker_DP1_TP7_EP15 pid=945) INFO 03-20 18:54:29 [model_runner_v1.py:2554] Starting to load model /root/.cache/modelscope/hub/models/vllm-ascend/DeepSeek-V3___2-W8A8...
2026-03-20T18:54:29.0441038Z (Worker pid=307) INFO 03-20 18:54:29 [cpu_binding.py:320] [cpu_bind_mode] mode=global_slice rank=1 visible_npus=[8, 9, 10, 11, 12, 13, 14, 15]
2026-03-20T18:54:29.0450812Z (Worker pid=307) INFO 03-20 18:54:29 [cpu_binding.py:367] The CPU allocation plan is as follows:
2026-03-20T18:54:29.0460594Z (Worker pid=307) INFO 03-20 18:54:29 [cpu_binding.py:372] NPU9: main=[182 183 184 185 186 187 188 189 190 191 192 193 194 195 196 197]  acl=[198]  release=[[199]]
2026-03-20T18:54:29.0982821Z (Worker pid=307) INFO 03-20 18:54:29 [cpu_binding.py:383] The 'migratepages' command is not available, skipping memory binding.
2026-03-20T18:54:29.1356174Z (Worker pid=307) WARNING 03-20 18:54:29 [__init__.py:204] min_p and logit_bias parameters won't work with speculative decoding.
2026-03-20T18:54:29.1435037Z (Worker pid=307) INFO 03-20 18:54:29 [base.py:106] Offloader set to NoopOffloader
2026-03-20T18:54:29.1556863Z (Worker pid=307) WARNING 03-20 18:54:29 [__init__.py:204] min_p and logit_bias parameters won't work with speculative decoding.
2026-03-20T18:54:29.1569196Z (Worker pid=307) (Worker_DP1_TP1_EP9 pid=307) INFO 03-20 18:54:29 [model_runner_v1.py:2554] Starting to load model /root/.cache/modelscope/hub/models/vllm-ascend/DeepSeek-V3___2-W8A8...
2026-03-20T18:54:29.3378822Z (Worker pid=835) INFO 03-20 18:54:29 [cpu_binding.py:320] [cpu_bind_mode] mode=global_slice rank=6 visible_npus=[0, 1, 2, 3, 4, 5, 6, 7]
2026-03-20T18:54:29.3388675Z (Worker pid=835) INFO 03-20 18:54:29 [cpu_binding.py:367] The CPU allocation plan is as follows:
2026-03-20T18:54:29.3399709Z (Worker pid=835) INFO 03-20 18:54:29 [cpu_binding.py:372] NPU6: main=[122 123 124 125 126 127 128 129 130 131 132 133 134 135 136 137]  acl=[138]  release=[[139]]
2026-03-20T18:54:29.3780277Z (Worker pid=414) (Worker_DP0_TP2_EP2 pid=414) INFO 03-20 18:54:29 [layer.py:456] [EP Rank 2/32] Expert parallelism is enabled. Expert placement strategy: linear. Local/global number of experts: 8/256. Experts local to global index map: 0->16, 1->17, 2->18, 3->19, 4->20, 5->21, 6->22, 7->23.
2026-03-20T18:54:29.3944918Z (Worker pid=835) INFO 03-20 18:54:29 [cpu_binding.py:383] The 'migratepages' command is not available, skipping memory binding.
2026-03-20T18:54:29.4490110Z (Worker pid=835) WARNING 03-20 18:54:29 [__init__.py:204] min_p and logit_bias parameters won't work with speculative decoding.
2026-03-20T18:54:29.4584051Z (Worker pid=835) INFO 03-20 18:54:29 [base.py:106] Offloader set to NoopOffloader
2026-03-20T18:54:29.4772619Z (Worker pid=835) WARNING 03-20 18:54:29 [__init__.py:204] min_p and logit_bias parameters won't work with speculative decoding.
2026-03-20T18:54:29.4804113Z (Worker pid=835) (Worker_DP0_TP6_EP6 pid=835) INFO 03-20 18:54:29 [model_runner_v1.py:2554] Starting to load model /root/.cache/modelscope/hub/models/vllm-ascend/DeepSeek-V3___2-W8A8...
2026-03-20T18:54:29.4940929Z (Worker pid=732) (Worker_DP1_TP5_EP13 pid=732) INFO 03-20 18:54:29 [layer.py:456] [EP Rank 13/32] Expert parallelism is enabled. Expert placement strategy: linear. Local/global number of experts: 8/256. Experts local to global index map: 0->104, 1->105, 2->106, 3->107, 4->108, 5->109, 6->110, 7->111.
2026-03-20T18:54:29.6418618Z (Worker pid=411) INFO 03-20 18:54:29 [cpu_binding.py:320] [cpu_bind_mode] mode=global_slice rank=2 visible_npus=[8, 9, 10, 11, 12, 13, 14, 15]
2026-03-20T18:54:29.6468553Z (Worker pid=411) INFO 03-20 18:54:29 [cpu_binding.py:367] The CPU allocation plan is as follows:
2026-03-20T18:54:29.6480814Z (Worker pid=411) INFO 03-20 18:54:29 [cpu_binding.py:372] NPU10: main=[202 203 204 205 206 207 208 209 210 211 212 213 214 215 216 217]  acl=[218]  release=[[219]]
2026-03-20T18:54:29.7085571Z (Worker pid=411) INFO 03-20 18:54:29 [cpu_binding.py:383] The 'migratepages' command is not available, skipping memory binding.
2026-03-20T18:54:29.7108996Z (Worker pid=240) INFO 03-20 18:54:29 [cpu_binding.py:320] [cpu_bind_mode] mode=global_slice rank=0 visible_npus=[0, 1, 2, 3, 4, 5, 6, 7]
2026-03-20T18:54:29.7129236Z (Worker pid=240) INFO 03-20 18:54:29 [cpu_binding.py:367] The CPU allocation plan is as follows:
2026-03-20T18:54:29.7140275Z (Worker pid=240) INFO 03-20 18:54:29 [cpu_binding.py:372] NPU0: main=[2 3 4 5 6 7 8 9 10 11 12 13 14 15 16 17]  acl=[18]  release=[[19]]
2026-03-20T18:54:29.7435945Z (Worker pid=411) WARNING 03-20 18:54:29 [__init__.py:204] min_p and logit_bias parameters won't work with speculative decoding.
2026-03-20T18:54:29.7582670Z (Worker pid=411) INFO 03-20 18:54:29 [base.py:106] Offloader set to NoopOffloader
2026-03-20T18:54:29.7602562Z (Worker pid=838) (Worker_DP1_TP6_EP14 pid=838) INFO 03-20 18:54:29 [layer.py:456] [EP Rank 14/32] Expert parallelism is enabled. Expert placement strategy: linear. Local/global number of experts: 8/256. Experts local to global index map: 0->112, 1->113, 2->114, 3->115, 4->116, 5->117, 6->118, 7->119.
2026-03-20T18:54:29.7648425Z (Worker pid=240) INFO 03-20 18:54:29 [cpu_binding.py:383] The 'migratepages' command is not available, skipping memory binding.
2026-03-20T18:54:29.7866931Z (Worker pid=411) WARNING 03-20 18:54:29 [__init__.py:204] min_p and logit_bias parameters won't work with speculative decoding.
2026-03-20T18:54:29.7895328Z (Worker pid=411) (Worker_DP1_TP2_EP10 pid=411) INFO 03-20 18:54:29 [model_runner_v1.py:2554] Starting to load model /root/.cache/modelscope/hub/models/vllm-ascend/DeepSeek-V3___2-W8A8...
2026-03-20T18:54:29.7979265Z (Worker pid=623) (Worker_DP0_TP4_EP4 pid=623) INFO 03-20 18:54:29 [layer.py:456] [EP Rank 4/32] Expert parallelism is enabled. Expert placement strategy: linear. Local/global number of experts: 8/256. Experts local to global index map: 0->32, 1->33, 2->34, 3->35, 4->36, 5->37, 6->38, 7->39.
2026-03-20T18:54:29.7980595Z (Worker pid=240) WARNING 03-20 18:54:29 [__init__.py:204] min_p and logit_bias parameters won't work with speculative decoding.
2026-03-20T18:54:29.8060442Z (Worker pid=240) INFO 03-20 18:54:29 [base.py:106] Offloader set to NoopOffloader
2026-03-20T18:54:29.8161231Z (Worker pid=240) WARNING 03-20 18:54:29 [__init__.py:204] min_p and logit_bias parameters won't work with speculative decoding.
2026-03-20T18:54:29.8190212Z (Worker pid=240) (Worker_DP0_TP0_EP0 pid=240) INFO 03-20 18:54:29 [model_runner_v1.py:2554] Starting to load model /root/.cache/modelscope/hub/models/vllm-ascend/DeepSeek-V3___2-W8A8...
2026-03-20T18:54:29.9766244Z (Worker pid=519) (Worker_DP0_TP3_EP3 pid=519) INFO 03-20 18:54:29 [layer.py:456] [EP Rank 3/32] Expert parallelism is enabled. Expert placement strategy: linear. Local/global number of experts: 8/256. Experts local to global index map: 0->24, 1->25, 2->26, 3->27, 4->28, 5->29, 6->30, 7->31.
2026-03-20T18:54:30.2459598Z (Worker pid=307) (Worker_DP1_TP1_EP9 pid=307) INFO 03-20 18:54:30 [layer.py:456] [EP Rank 9/32] Expert parallelism is enabled. Expert placement strategy: linear. Local/global number of experts: 8/256. Experts local to global index map: 0->72, 1->73, 2->74, 3->75, 4->76, 5->77, 6->78, 7->79.
2026-03-20T18:54:30.2468534Z (Worker pid=945) (Worker_DP1_TP7_EP15 pid=945) INFO 03-20 18:54:30 [layer.py:456] [EP Rank 15/32] Expert parallelism is enabled. Expert placement strategy: linear. Local/global number of experts: 8/256. Experts local to global index map: 0->120, 1->121, 2->122, 3->123, 4->124, 5->125, 6->126, 7->127.
2026-03-20T18:54:30.6648487Z (Worker pid=835) (Worker_DP0_TP6_EP6 pid=835) INFO 03-20 18:54:30 [layer.py:456] [EP Rank 6/32] Expert parallelism is enabled. Expert placement strategy: linear. Local/global number of experts: 8/256. Experts local to global index map: 0->48, 1->49, 2->50, 3->51, 4->52, 5->53, 6->54, 7->55.
2026-03-20T18:54:30.7423638Z (Worker pid=729) (Worker_DP0_TP5_EP5 pid=729) INFO 03-20 18:54:30 [layer.py:456] [EP Rank 5/32] Expert parallelism is enabled. Expert placement strategy: linear. Local/global number of experts: 8/256. Experts local to global index map: 0->40, 1->41, 2->42, 3->43, 4->44, 5->45, 6->46, 7->47.
2026-03-20T18:54:30.8172082Z (Worker pid=240) (Worker_DP0_TP0_EP0 pid=240) INFO 03-20 18:54:30 [layer.py:456] [EP Rank 0/32] Expert parallelism is enabled. Expert placement strategy: linear. Local/global number of experts: 8/256. Experts local to global index map: 0->0, 1->1, 2->2, 3->3, 4->4, 5->5, 6->6, 7->7.
2026-03-20T18:54:30.8892657Z (Worker pid=411) (Worker_DP1_TP2_EP10 pid=411) INFO 03-20 18:54:30 [layer.py:456] [EP Rank 10/32] Expert parallelism is enabled. Expert placement strategy: linear. Local/global number of experts: 8/256. Experts local to global index map: 0->80, 1->81, 2->82, 3->83, 4->84, 5->85, 6->86, 7->87.
2026-03-20T18:54:31.4445609Z (Worker pid=240) (Worker_DP0_TP0_EP0 pid=240) INFO 03-20 18:54:31 [fused_moe.py:321] [EP Rank 0/32] Expert parallelism is enabled. Local/global number of experts: 8/256. Experts local to global index map: 0->0, 1->1, 2->2, 3->3, 4->4, 5->5, 6->6, 7->7.
2026-03-20T18:54:31.5444319Z (Worker pid=519) (Worker_DP0_TP3_EP3 pid=519) INFO 03-20 18:54:31 [fused_moe.py:321] [EP Rank 3/32] Expert parallelism is enabled. Local/global number of experts: 8/256. Experts local to global index map: 0->24, 1->25, 2->26, 3->27, 4->28, 5->29, 6->30, 7->31.
2026-03-20T18:54:31.5559785Z (Worker pid=945) (Worker_DP1_TP7_EP15 pid=945) INFO 03-20 18:54:31 [fused_moe.py:321] [EP Rank 15/32] Expert parallelism is enabled. Local/global number of experts: 8/256. Experts local to global index map: 0->120, 1->121, 2->122, 3->123, 4->124, 5->125, 6->126, 7->127.
2026-03-20T18:54:31.5581042Z (Worker pid=518) (Worker_DP1_TP3_EP11 pid=518) INFO 03-20 18:54:31 [fused_moe.py:321] [EP Rank 11/32] Expert parallelism is enabled. Local/global number of experts: 8/256. Experts local to global index map: 0->88, 1->89, 2->90, 3->91, 4->92, 5->93, 6->94, 7->95.
2026-03-20T18:54:31.5924349Z (Worker pid=732) (Worker_DP1_TP5_EP13 pid=732) INFO 03-20 18:54:31 [fused_moe.py:321] [EP Rank 13/32] Expert parallelism is enabled. Local/global number of experts: 8/256. Experts local to global index map: 0->104, 1->105, 2->106, 3->107, 4->108, 5->109, 6->110, 7->111.
2026-03-20T18:54:31.5942766Z (Worker pid=310) (Worker_DP0_TP1_EP1 pid=310) INFO 03-20 18:54:31 [fused_moe.py:321] [EP Rank 1/32] Expert parallelism is enabled. Local/global number of experts: 8/256. Experts local to global index map: 0->8, 1->9, 2->10, 3->11, 4->12, 5->13, 6->14, 7->15.
2026-03-20T18:54:31.5965589Z (Worker pid=307) (Worker_DP1_TP1_EP9 pid=307) INFO 03-20 18:54:31 [fused_moe.py:321] [EP Rank 9/32] Expert parallelism is enabled. Local/global number of experts: 8/256. Experts local to global index map: 0->72, 1->73, 2->74, 3->75, 4->76, 5->77, 6->78, 7->79.
2026-03-20T18:54:31.6065069Z (Worker pid=835) (Worker_DP0_TP6_EP6 pid=835) INFO 03-20 18:54:31 [fused_moe.py:321] [EP Rank 6/32] Expert parallelism is enabled. Local/global number of experts: 8/256. Experts local to global index map: 0->48, 1->49, 2->50, 3->51, 4->52, 5->53, 6->54, 7->55.
2026-03-20T18:54:31.6112952Z (Worker pid=414) (Worker_DP0_TP2_EP2 pid=414) INFO 03-20 18:54:31 [fused_moe.py:321] [EP Rank 2/32] Expert parallelism is enabled. Local/global number of experts: 8/256. Experts local to global index map: 0->16, 1->17, 2->18, 3->19, 4->20, 5->21, 6->22, 7->23.
2026-03-20T18:54:31.6159453Z (Worker pid=838) (Worker_DP1_TP6_EP14 pid=838) INFO 03-20 18:54:31 [fused_moe.py:321] [EP Rank 14/32] Expert parallelism is enabled. Local/global number of experts: 8/256. Experts local to global index map: 0->112, 1->113, 2->114, 3->115, 4->116, 5->117, 6->118, 7->119.
2026-03-20T18:54:31.6203189Z (Worker pid=623) (Worker_DP0_TP4_EP4 pid=623) INFO 03-20 18:54:31 [fused_moe.py:321] [EP Rank 4/32] Expert parallelism is enabled. Local/global number of experts: 8/256. Experts local to global index map: 0->32, 1->33, 2->34, 3->35, 4->36, 5->37, 6->38, 7->39.
2026-03-20T18:54:31.6276513Z (Worker pid=411) (Worker_DP1_TP2_EP10 pid=411) INFO 03-20 18:54:31 [fused_moe.py:321] [EP Rank 10/32] Expert parallelism is enabled. Local/global number of experts: 8/256. Experts local to global index map: 0->80, 1->81, 2->82, 3->83, 4->84, 5->85, 6->86, 7->87.
2026-03-20T18:54:31.6501732Z (Worker pid=941) (Worker_DP0_TP7_EP7 pid=941) INFO 03-20 18:54:31 [fused_moe.py:321] [EP Rank 7/32] Expert parallelism is enabled. Local/global number of experts: 8/256. Experts local to global index map: 0->56, 1->57, 2->58, 3->59, 4->60, 5->61, 6->62, 7->63.
2026-03-20T18:54:31.6522134Z (Worker pid=626) (Worker_DP1_TP4_EP12 pid=626) INFO 03-20 18:54:31 [fused_moe.py:321] [EP Rank 12/32] Expert parallelism is enabled. Local/global number of experts: 8/256. Experts local to global index map: 0->96, 1->97, 2->98, 3->99, 4->100, 5->101, 6->102, 7->103.
2026-03-20T18:54:31.6599081Z (Worker pid=241) (Worker_DP1_TP0_EP8 pid=241) INFO 03-20 18:54:31 [fused_moe.py:321] [EP Rank 8/32] Expert parallelism is enabled. Local/global number of experts: 8/256. Experts local to global index map: 0->64, 1->65, 2->66, 3->67, 4->68, 5->69, 6->70, 7->71.
2026-03-20T18:54:31.6989148Z (Worker pid=729) (Worker_DP0_TP5_EP5 pid=729) INFO 03-20 18:54:31 [fused_moe.py:321] [EP Rank 5/32] Expert parallelism is enabled. Local/global number of experts: 8/256. Experts local to global index map: 0->40, 1->41, 2->42, 3->43, 4->44, 5->45, 6->46, 7->47.
2026-03-20T18:54:31.8597169Z (Worker pid=518) (Worker_DP1_TP3_EP11 pid=518) INFO 03-20 18:54:31 [fused_moe.py:576] Sequence parallelism is enabled, shared experts are replicated for best performance.
2026-03-20T18:54:31.8823337Z (Worker pid=240) (Worker_DP0_TP0_EP0 pid=240) INFO 03-20 18:54:31 [fused_moe.py:576] Sequence parallelism is enabled, shared experts are replicated for best performance.
2026-03-20T18:54:31.8990444Z (Worker pid=310) (Worker_DP0_TP1_EP1 pid=310) INFO 03-20 18:54:31 [fused_moe.py:576] Sequence parallelism is enabled, shared experts are replicated for best performance.
2026-03-20T18:54:31.9226725Z (Worker pid=838) (Worker_DP1_TP6_EP14 pid=838) INFO 03-20 18:54:31 [fused_moe.py:576] Sequence parallelism is enabled, shared experts are replicated for best performance.
2026-03-20T18:54:31.9237121Z (Worker pid=945) (Worker_DP1_TP7_EP15 pid=945) INFO 03-20 18:54:31 [fused_moe.py:576] Sequence parallelism is enabled, shared experts are replicated for best performance.
2026-03-20T18:54:31.9259386Z (Worker pid=411) (Worker_DP1_TP2_EP10 pid=411) INFO 03-20 18:54:31 [fused_moe.py:576] Sequence parallelism is enabled, shared experts are replicated for best performance.
2026-03-20T18:54:31.9270437Z (Worker pid=623) (Worker_DP0_TP4_EP4 pid=623) INFO 03-20 18:54:31 [fused_moe.py:576] Sequence parallelism is enabled, shared experts are replicated for best performance.
2026-03-20T18:54:31.9281280Z (Worker pid=414) (Worker_DP0_TP2_EP2 pid=414) INFO 03-20 18:54:31 [fused_moe.py:576] Sequence parallelism is enabled, shared experts are replicated for best performance.
2026-03-20T18:54:31.9428465Z (Worker pid=626) (Worker_DP1_TP4_EP12 pid=626) INFO 03-20 18:54:31 [fused_moe.py:576] Sequence parallelism is enabled, shared experts are replicated for best performance.
2026-03-20T18:54:31.9453815Z (Worker pid=835) (Worker_DP0_TP6_EP6 pid=835) INFO 03-20 18:54:31 [fused_moe.py:576] Sequence parallelism is enabled, shared experts are replicated for best performance.
2026-03-20T18:54:31.9465500Z (Worker pid=732) (Worker_DP1_TP5_EP13 pid=732) INFO 03-20 18:54:31 [fused_moe.py:576] Sequence parallelism is enabled, shared experts are replicated for best performance.
2026-03-20T18:54:31.9623583Z (Worker pid=241) (Worker_DP1_TP0_EP8 pid=241) INFO 03-20 18:54:31 [fused_moe.py:576] Sequence parallelism is enabled, shared experts are replicated for best performance.
2026-03-20T18:54:31.9651651Z (Worker pid=941) (Worker_DP0_TP7_EP7 pid=941) INFO 03-20 18:54:31 [fused_moe.py:576] Sequence parallelism is enabled, shared experts are replicated for best performance.
2026-03-20T18:54:31.9674624Z (Worker pid=307) (Worker_DP1_TP1_EP9 pid=307) INFO 03-20 18:54:31 [fused_moe.py:576] Sequence parallelism is enabled, shared experts are replicated for best performance.
2026-03-20T18:54:32.0012343Z (Worker pid=729) (Worker_DP0_TP5_EP5 pid=729) INFO 03-20 18:54:31 [fused_moe.py:576] Sequence parallelism is enabled, shared experts are replicated for best performance.
2026-03-20T18:54:32.0571454Z (Worker pid=519) (Worker_DP0_TP3_EP3 pid=519) INFO 03-20 18:54:32 [fused_moe.py:576] Sequence parallelism is enabled, shared experts are replicated for best performance.
2026-03-20T18:54:39.5195502Z (Worker pid=519) (Worker_DP0_TP3_EP3 pid=519) INFO 03-20 18:54:39 [compilation.py:937] Using OOT custom backend for compilation.
2026-03-20T18:54:39.6133096Z (Worker pid=414) (Worker_DP0_TP2_EP2 pid=414) INFO 03-20 18:54:39 [compilation.py:937] Using OOT custom backend for compilation.
2026-03-20T18:54:39.6387400Z (Worker pid=518) (Worker_DP1_TP3_EP11 pid=518) INFO 03-20 18:54:39 [compilation.py:937] Using OOT custom backend for compilation.
2026-03-20T18:54:39.6930114Z (Worker pid=411) (Worker_DP1_TP2_EP10 pid=411) INFO 03-20 18:54:39 [compilation.py:937] Using OOT custom backend for compilation.
2026-03-20T18:54:39.9409922Z (Worker pid=241) (Worker_DP1_TP0_EP8 pid=241) INFO 03-20 18:54:39 [compilation.py:937] Using OOT custom backend for compilation.
2026-03-20T18:54:39.9910072Z (Worker pid=945) (Worker_DP1_TP7_EP15 pid=945) INFO 03-20 18:54:39 [compilation.py:937] Using OOT custom backend for compilation.
2026-03-20T18:54:40.0177251Z (Worker pid=307) (Worker_DP1_TP1_EP9 pid=307) INFO 03-20 18:54:40 [compilation.py:937] Using OOT custom backend for compilation.
2026-03-20T18:54:40.0532301Z (Worker pid=729) (Worker_DP0_TP5_EP5 pid=729) INFO 03-20 18:54:40 [compilation.py:937] Using OOT custom backend for compilation.
2026-03-20T18:54:40.0677216Z (Worker pid=240) (Worker_DP0_TP0_EP0 pid=240) INFO 03-20 18:54:40 [compilation.py:937] Using OOT custom backend for compilation.
2026-03-20T18:54:40.0948058Z (Worker pid=838) (Worker_DP1_TP6_EP14 pid=838) INFO 03-20 18:54:40 [compilation.py:937] Using OOT custom backend for compilation.
2026-03-20T18:54:40.0981764Z (Worker pid=732) (Worker_DP1_TP5_EP13 pid=732) INFO 03-20 18:54:40 [compilation.py:937] Using OOT custom backend for compilation.
2026-03-20T18:54:40.1232315Z (Worker pid=310) (Worker_DP0_TP1_EP1 pid=310) INFO 03-20 18:54:40 [compilation.py:937] Using OOT custom backend for compilation.
2026-03-20T18:54:40.1496294Z (Worker pid=623) (Worker_DP0_TP4_EP4 pid=623) INFO 03-20 18:54:40 [compilation.py:937] Using OOT custom backend for compilation.
2026-03-20T18:54:40.1962961Z (Worker pid=626) (Worker_DP1_TP4_EP12 pid=626) INFO 03-20 18:54:40 [compilation.py:937] Using OOT custom backend for compilation.
2026-03-20T18:54:40.2154919Z (Worker pid=240) (Worker_DP0_TP0_EP0 pid=240)
2026-03-20T18:54:40.2155393Z Loading safetensors checkpoint shards:   0% Completed | 0/163 [00:00<?, ?it/s]
2026-03-20T18:54:40.3548467Z (Worker pid=835) (Worker_DP0_TP6_EP6 pid=835) INFO 03-20 18:54:40 [compilation.py:937] Using OOT custom backend for compilation.
2026-03-20T18:54:40.4052019Z (Worker pid=941) (Worker_DP0_TP7_EP7 pid=941) INFO 03-20 18:54:40 [compilation.py:937] Using OOT custom backend for compilation.
2026-03-20T18:54:45.5442308Z (Worker pid=240) (Worker_DP0_TP0_EP0 pid=240)
2026-03-20T18:54:45.5443186Z Loading safetensors checkpoint shards:   1% Completed | 1/163 [00:05<14:23,  5.33s/it]
2026-03-20T18:54:46.6511747Z (Worker pid=240) (Worker_DP0_TP0_EP0 pid=240)
2026-03-20T18:54:46.6512293Z Loading safetensors checkpoint shards:   1% Completed | 2/163 [00:06<07:38,  2.85s/it]
2026-03-20T18:54:47.9752492Z (Worker pid=240) (Worker_DP0_TP0_EP0 pid=240)
2026-03-20T18:54:47.9753043Z Loading safetensors checkpoint shards:   2% Completed | 3/163 [00:07<05:44,  2.15s/it]
2026-03-20T18:54:50.9172627Z (Worker pid=240) (Worker_DP0_TP0_EP0 pid=240)
2026-03-20T18:54:50.9173185Z Loading safetensors checkpoint shards:   2% Completed | 4/163 [00:10<06:31,  2.46s/it]
2026-03-20T18:54:52.1788984Z (Worker pid=240) (Worker_DP0_TP0_EP0 pid=240)
2026-03-20T18:54:52.1789924Z Loading safetensors checkpoint shards:   3% Completed | 5/163 [00:11<05:20,  2.03s/it]
2026-03-20T18:54:54.4786344Z (Worker pid=240) (Worker_DP0_TP0_EP0 pid=240)
2026-03-20T18:54:54.4786898Z Loading safetensors checkpoint shards:   4% Completed | 6/163 [00:14<05:33,  2.12s/it]
2026-03-20T18:54:55.8017998Z (Worker pid=240) (Worker_DP0_TP0_EP0 pid=240)
2026-03-20T18:54:55.8018537Z Loading safetensors checkpoint shards:   4% Completed | 7/163 [00:15<04:50,  1.86s/it]
2026-03-20T18:54:57.1078502Z (Worker pid=240) (Worker_DP0_TP0_EP0 pid=240)
2026-03-20T18:54:57.1079042Z Loading safetensors checkpoint shards:   5% Completed | 8/163 [00:16<04:21,  1.68s/it]
2026-03-20T18:54:59.7012253Z (Worker pid=240) (Worker_DP0_TP0_EP0 pid=240)
2026-03-20T18:54:59.7012795Z Loading safetensors checkpoint shards:   6% Completed | 9/163 [00:19<05:03,  1.97s/it]
2026-03-20T18:55:01.0974788Z (Worker pid=240) (Worker_DP0_TP0_EP0 pid=240)
2026-03-20T18:55:01.0975333Z Loading safetensors checkpoint shards:   6% Completed | 10/163 [00:20<04:34,  1.79s/it]
2026-03-20T18:55:02.4486898Z (Worker pid=240) (Worker_DP0_TP0_EP0 pid=240)
2026-03-20T18:55:02.4487446Z Loading safetensors checkpoint shards:   7% Completed | 11/163 [00:22<04:11,  1.66s/it]
2026-03-20T18:55:05.2278756Z (Worker pid=240) (Worker_DP0_TP0_EP0 pid=240)
2026-03-20T18:55:05.2279309Z Loading safetensors checkpoint shards:   7% Completed | 12/163 [00:25<05:01,  2.00s/it]
2026-03-20T18:55:06.5430449Z (Worker pid=240) (Worker_DP0_TP0_EP0 pid=240)
2026-03-20T18:55:06.5430997Z Loading safetensors checkpoint shards:   8% Completed | 13/163 [00:26<04:28,  1.79s/it]
2026-03-20T18:55:08.3651405Z (Worker pid=240) (Worker_DP0_TP0_EP0 pid=240)
2026-03-20T18:55:08.3651935Z Loading safetensors checkpoint shards:   9% Completed | 14/163 [00:28<04:28,  1.80s/it]
2026-03-20T18:55:10.7750068Z (Worker pid=240) (Worker_DP0_TP0_EP0 pid=240)
2026-03-20T18:55:10.7750607Z Loading safetensors checkpoint shards:   9% Completed | 15/163 [00:30<04:53,  1.98s/it]
2026-03-20T18:55:11.7996484Z (Worker pid=240) (Worker_DP0_TP0_EP0 pid=240)
2026-03-20T18:55:11.7997137Z Loading safetensors checkpoint shards:  10% Completed | 16/163 [00:31<04:09,  1.70s/it]
