2026-03-16T20:26:42.6405795Z [Gloo] Rank 0 is connected to 0 peer ranks. Expected number of connected peer ranks is : 0
2026-03-16T20:26:42.6406352Z [Gloo] Rank 0 is connected to 0 peer ranks. Expected number of connected peer ranks is : 0
2026-03-16T20:26:42.6406999Z [Gloo] Rank 0 is connected to 0 peer ranks. Expected number of connected peer ranks is : 0
2026-03-16T20:26:42.6410338Z [Gloo] Rank 0 is connected to 0 peer ranks. Expected number of connected peer ranks is : 0
2026-03-16T20:26:42.6426554Z [Gloo] Rank 0 is connected to 0 peer ranks. Expected number of connected peer ranks is : 0
2026-03-16T20:26:42.6427137Z [Gloo] Rank 0 is connected to 0 peer ranks. Expected number of connected peer ranks is : 0
2026-03-16T20:26:42.6427719Z [Gloo] Rank 0 is connected to 0 peer ranks. Expected number of connected peer ranks is : 0
2026-03-16T20:26:42.6428273Z [Gloo] Rank 0 is connected to 0 peer ranks. Expected number of connected peer ranks is : 0
2026-03-16T20:26:42.6428835Z [Gloo] Rank 0 is connected to 0 peer ranks. Expected number of connected peer ranks is : 0
2026-03-16T20:26:42.6429398Z [Gloo] Rank 0 is connected to 0 peer ranks. Expected number of connected peer ranks is : 0
2026-03-16T20:26:42.6430060Z [Gloo] Rank 0 is connected to 0 peer ranks. Expected number of connected peer ranks is : 0
2026-03-16T20:26:42.6794926Z [Gloo] Rank 0 is connected to 0 peer ranks. Expected number of connected peer ranks is : 0
2026-03-16T20:26:42.6806222Z [Gloo] Rank 0 is connected to 0 peer ranks. Expected number of connected peer ranks is : 0
2026-03-16T20:26:42.6806807Z [Gloo] Rank 0 is connected to 0 peer ranks. Expected number of connected peer ranks is : 0
2026-03-16T20:26:42.6807395Z [Gloo] Rank 0 is connected to 0 peer ranks. Expected number of connected peer ranks is : 0
2026-03-16T20:26:42.6807952Z [Gloo] Rank 0 is connected to 0 peer ranks. Expected number of connected peer ranks is : 0
2026-03-16T20:26:42.6808501Z [Gloo] Rank 0 is connected to 0 peer ranks. Expected number of connected peer ranks is : 0
2026-03-16T20:26:42.6809045Z [Gloo] Rank 0 is connected to 0 peer ranks. Expected number of connected peer ranks is : 0
2026-03-16T20:26:42.6809744Z [Gloo] Rank 0 is connected to 0 peer ranks. Expected number of connected peer ranks is : 0
2026-03-16T20:26:42.6816224Z [Gloo] Rank 0 is connected to 0 peer ranks. Expected number of connected peer ranks is : 0
2026-03-16T20:26:42.6822790Z [Gloo] Rank 0 is connected to 0 peer ranks. Expected number of connected peer ranks is : 0
2026-03-16T20:26:42.6823338Z [Gloo] Rank 0 is connected to 0 peer ranks. Expected number of connected peer ranks is : 0
2026-03-16T20:26:42.6828666Z [Gloo] Rank 0 is connected to 0 peer ranks. Expected number of connected peer ranks is : 0
2026-03-16T20:26:42.6829216Z [Gloo] Rank 0 is connected to 0 peer ranks. Expected number of connected peer ranks is : 0
2026-03-16T20:26:42.6829766Z [Gloo] Rank 0 is connected to 0 peer ranks. Expected number of connected peer ranks is : 0
2026-03-16T20:26:42.6830552Z [Gloo] Rank 0 is connected to 0 peer ranks. Expected number of connected peer ranks is : 0
2026-03-16T20:26:42.6831144Z [Gloo] Rank 0 is connected to 0 peer ranks. Expected number of connected peer ranks is : 0
2026-03-16T20:26:42.6833309Z [Gloo] Rank 0 is connected to 0 peer ranks. Expected number of connected peer ranks is : 0
2026-03-16T20:26:42.6838298Z [Gloo] Rank 0 is connected to 0 peer ranks. Expected number of connected peer ranks is : 0
2026-03-16T20:26:42.6914267Z [Gloo] Rank 0 is connected to 0 peer ranks. Expected number of connected peer ranks is : 0
2026-03-16T20:26:42.6914934Z [Gloo] Rank 0 is connected to 0 peer ranks. Expected number of connected peer ranks is : 0
2026-03-16T20:26:42.6915486Z [Gloo] Rank 0 is connected to 0 peer ranks. Expected number of connected peer ranks is : 0
2026-03-16T20:26:42.6916057Z [Gloo] Rank 0 is connected to 0 peer ranks. Expected number of connected peer ranks is : 0
2026-03-16T20:26:42.6916612Z [Gloo] Rank 0 is connected to 0 peer ranks. Expected number of connected peer ranks is : 0
2026-03-16T20:26:42.6917155Z [Gloo] Rank 0 is connected to 0 peer ranks. Expected number of connected peer ranks is : 0
2026-03-16T20:26:42.6917700Z [Gloo] Rank 1 is connected to 1 peer ranks. Expected number of connected peer ranks is : 1
2026-03-16T20:26:42.6918236Z [Gloo] Rank 0 is connected to 1 peer ranks. Expected number of connected peer ranks is : 1
2026-03-16T20:26:42.6918975Z [Gloo] Rank 1 is connected to 1 peer ranks. Expected number of connected peer ranks is : 1
2026-03-16T20:26:42.6919517Z [Gloo] Rank 0 is connected to 1 peer ranks. Expected number of connected peer ranks is : 1
2026-03-16T20:26:42.6920317Z [Gloo] Rank 1 is connected to 1 peer ranks. Expected number of connected peer ranks is : 1
2026-03-16T20:26:42.6920870Z [Gloo] Rank 0 is connected to 1 peer ranks. Expected number of connected peer ranks is : 1
2026-03-16T20:26:42.6921475Z [Gloo] Rank 0 is connected to 1 peer ranks. Expected number of connected peer ranks is : 1
2026-03-16T20:26:42.6922019Z [Gloo] Rank 1 is connected to 1 peer ranks. Expected number of connected peer ranks is : 1
2026-03-16T20:26:42.6922560Z [Gloo] Rank 0 is connected to 1 peer ranks. Expected number of connected peer ranks is : 1
2026-03-16T20:26:42.6923102Z [Gloo] Rank 1 is connected to 1 peer ranks. Expected number of connected peer ranks is : 1
2026-03-16T20:26:42.6923650Z [Gloo] Rank 1 is connected to 1 peer ranks. Expected number of connected peer ranks is : 1
2026-03-16T20:26:42.6924188Z [Gloo] Rank 1 is connected to 1 peer ranks. Expected number of connected peer ranks is : 1
2026-03-16T20:26:42.6924725Z [Gloo] Rank 0 is connected to 1 peer ranks. Expected number of connected peer ranks is : 1
2026-03-16T20:26:42.6925264Z [Gloo] Rank 1 is connected to 1 peer ranks. Expected number of connected peer ranks is : 1
2026-03-16T20:26:42.6925811Z [Gloo] Rank 0 is connected to 1 peer ranks. Expected number of connected peer ranks is : 1
2026-03-16T20:26:42.6926351Z [Gloo] Rank 0 is connected to 1 peer ranks. Expected number of connected peer ranks is : 1
2026-03-16T20:26:42.6967057Z [Gloo] Rank 0 is connected to 15 peer ranks. Expected number of connected peer ranks is : 15
2026-03-16T20:26:42.6971140Z (Worker pid=1530) INFO 03-16 20:26:42 [parallel_state.py:1715] rank 0 in world size 16 is assigned as DP rank 0, PP rank 0, PCP rank 0, TP rank 0, EP rank 0, EPLB rank N/A
2026-03-16T20:26:42.7784864Z [Gloo] Rank 1 is connected to 15 peer ranks. Expected number of connected peer ranks is : 15
2026-03-16T20:26:42.7785465Z [Gloo] Rank 2 is connected to 15 peer ranks. Expected number of connected peer ranks is : 15
2026-03-16T20:26:42.7787372Z [Gloo] Rank 7 is connected to 15 peer ranks. Expected number of connected peer ranks is : 15
2026-03-16T20:26:42.7788296Z (Worker pid=1567) INFO 03-16 20:26:42 [parallel_state.py:1715] rank 1 in world size 16 is assigned as DP rank 0, PP rank 0, PCP rank 0, TP rank 1, EP rank 1, EPLB rank N/A
2026-03-16T20:26:42.7790518Z (Worker pid=1684) INFO 03-16 20:26:42 [parallel_state.py:1715] rank 2 in world size 16 is assigned as DP rank 0, PP rank 0, PCP rank 0, TP rank 2, EP rank 2, EPLB rank N/A
2026-03-16T20:26:42.7792266Z (Worker pid=2212) INFO 03-16 20:26:42 [parallel_state.py:1715] rank 7 in world size 16 is assigned as DP rank 0, PP rank 0, PCP rank 0, TP rank 7, EP rank 7, EPLB rank N/A
2026-03-16T20:26:42.7823672Z [Gloo] Rank 4 is connected to 15 peer ranks. Expected number of connected peer ranks is : 15
2026-03-16T20:26:42.7830872Z (Worker pid=1895) INFO 03-16 20:26:42 [parallel_state.py:1715] rank 4 in world size 16 is assigned as DP rank 0, PP rank 0, PCP rank 0, TP rank 4, EP rank 4, EPLB rank N/A
2026-03-16T20:26:42.8584629Z [Gloo] Rank 13 is connected to 15 peer ranks. Expected number of connected peer ranks is : 15
2026-03-16T20:26:42.8588071Z (Worker pid=2002) INFO 03-16 20:26:42 [parallel_state.py:1715] rank 13 in world size 16 is assigned as DP rank 1, PP rank 0, PCP rank 0, TP rank 5, EP rank 13, EPLB rank N/A
2026-03-16T20:26:42.8702253Z [Gloo] Rank 8 is connected to 15 peer ranks. Expected number of connected peer ranks is : 15
2026-03-16T20:26:42.8703754Z [Gloo] Rank 14 is connected to 15 peer ranks. Expected number of connected peer ranks is : 15
2026-03-16T20:26:42.8708132Z (Worker pid=1529) INFO 03-16 20:26:42 [parallel_state.py:1715] rank 8 in world size 16 is assigned as DP rank 1, PP rank 0, PCP rank 0, TP rank 0, EP rank 8, EPLB rank N/A
2026-03-16T20:26:42.8709258Z (Worker pid=2109) INFO 03-16 20:26:42 [parallel_state.py:1715] rank 14 in world size 16 is assigned as DP rank 1, PP rank 0, PCP rank 0, TP rank 6, EP rank 14, EPLB rank N/A
2026-03-16T20:26:42.8745449Z [Gloo] Rank 9 is connected to 15 peer ranks. Expected number of connected peer ranks is : 15
2026-03-16T20:26:42.8746063Z [Gloo] Rank 10 is connected to 15 peer ranks. Expected number of connected peer ranks is : 15
2026-03-16T20:26:42.8746663Z [Gloo] Rank 11 is connected to 15 peer ranks. Expected number of connected peer ranks is : 15
2026-03-16T20:26:42.8747458Z (Worker pid=1683) INFO 03-16 20:26:42 [parallel_state.py:1715] rank 10 in world size 16 is assigned as DP rank 1, PP rank 0, PCP rank 0, TP rank 2, EP rank 10, EPLB rank N/A
2026-03-16T20:26:42.8748547Z (Worker pid=1791) INFO 03-16 20:26:42 [parallel_state.py:1715] rank 11 in world size 16 is assigned as DP rank 1, PP rank 0, PCP rank 0, TP rank 3, EP rank 11, EPLB rank N/A
2026-03-16T20:26:42.8749533Z (Worker pid=1564) INFO 03-16 20:26:42 [parallel_state.py:1715] rank 9 in world size 16 is assigned as DP rank 1, PP rank 0, PCP rank 0, TP rank 1, EP rank 9, EPLB rank N/A
2026-03-16T20:26:42.8822984Z [Gloo] Rank 3 is connected to 15 peer ranks. Expected number of connected peer ranks is : 15
2026-03-16T20:26:42.8829563Z (Worker pid=1788) INFO 03-16 20:26:42 [parallel_state.py:1715] rank 3 in world size 16 is assigned as DP rank 0, PP rank 0, PCP rank 0, TP rank 3, EP rank 3, EPLB rank N/A
2026-03-16T20:26:42.9262653Z [Gloo] Rank 5 is connected to 15 peer ranks. Expected number of connected peer ranks is : 15
2026-03-16T20:26:42.9263277Z [Gloo] Rank 12 is connected to 15 peer ranks. Expected number of connected peer ranks is : 15
2026-03-16T20:26:42.9264009Z [Gloo] Rank 6 is connected to 15 peer ranks. Expected number of connected peer ranks is : 15
2026-03-16T20:26:42.9264695Z [Gloo] Rank 15 is connected to 15 peer ranks. Expected number of connected peer ranks is : 15
2026-03-16T20:26:42.9266552Z (Worker pid=2001) INFO 03-16 20:26:42 [parallel_state.py:1715] rank 5 in world size 16 is assigned as DP rank 0, PP rank 0, PCP rank 0, TP rank 5, EP rank 5, EPLB rank N/A
2026-03-16T20:26:42.9268611Z (Worker pid=1896) INFO 03-16 20:26:42 [parallel_state.py:1715] rank 12 in world size 16 is assigned as DP rank 1, PP rank 0, PCP rank 0, TP rank 4, EP rank 12, EPLB rank N/A
2026-03-16T20:26:42.9273231Z (Worker pid=2106) INFO 03-16 20:26:42 [parallel_state.py:1715] rank 6 in world size 16 is assigned as DP rank 0, PP rank 0, PCP rank 0, TP rank 6, EP rank 6, EPLB rank N/A
2026-03-16T20:26:42.9274191Z (Worker pid=2215) INFO 03-16 20:26:42 [parallel_state.py:1715] rank 15 in world size 16 is assigned as DP rank 1, PP rank 0, PCP rank 0, TP rank 7, EP rank 15, EPLB rank N/A
2026-03-16T20:26:42.9322768Z [Gloo] Rank 0 is connected to 15 peer ranks. Expected number of connected peer ranks is : 15
2026-03-16T20:26:42.9325401Z [Gloo] Rank 1 is connected to 15 peer ranks. Expected number of connected peer ranks is : 15
2026-03-16T20:26:42.9325969Z [Gloo] Rank 4 is connected to 15 peer ranks. Expected number of connected peer ranks is : 15
2026-03-16T20:26:42.9326526Z [Gloo] Rank 2 is connected to 15 peer ranks. Expected number of connected peer ranks is : 15
2026-03-16T20:26:42.9327072Z [Gloo] Rank 3 is connected to 15 peer ranks. Expected number of connected peer ranks is : 15
2026-03-16T20:26:42.9328058Z [Gloo] Rank 5 is connected to 15 peer ranks. Expected number of connected peer ranks is : 15
2026-03-16T20:26:42.9328613Z [Gloo] Rank 6 is connected to 15 peer ranks. Expected number of connected peer ranks is : 15
2026-03-16T20:26:42.9329415Z [Gloo] Rank 7 is connected to 15 peer ranks. Expected number of connected peer ranks is : 15
2026-03-16T20:26:42.9330125Z [Gloo] Rank 8 is connected to 15 peer ranks. Expected number of connected peer ranks is : 15
2026-03-16T20:26:42.9330677Z [Gloo] Rank 14 is connected to 15 peer ranks. Expected number of connected peer ranks is : 15
2026-03-16T20:26:42.9331409Z [Gloo] Rank 9 is connected to 15 peer ranks. Expected number of connected peer ranks is : 15
2026-03-16T20:26:42.9331975Z [Gloo] Rank 10 is connected to 15 peer ranks. Expected number of connected peer ranks is : 15
2026-03-16T20:26:42.9332532Z [Gloo] Rank 11 is connected to 15 peer ranks. Expected number of connected peer ranks is : 15
2026-03-16T20:26:42.9333094Z [Gloo] Rank 13 is connected to 15 peer ranks. Expected number of connected peer ranks is : 15
2026-03-16T20:26:42.9333647Z [Gloo] Rank 12 is connected to 15 peer ranks. Expected number of connected peer ranks is : 15
2026-03-16T20:26:42.9334212Z [Gloo] Rank 15 is connected to 15 peer ranks. Expected number of connected peer ranks is : 15
2026-03-16T20:26:42.9416163Z [Gloo] Rank 0 is connected to 1 peer ranks. Expected number of connected peer ranks is : 1
2026-03-16T20:26:42.9416742Z [Gloo] Rank 1 is connected to 1 peer ranks. Expected number of connected peer ranks is : 1
2026-03-16T20:26:42.9417323Z [Gloo] Rank 1 is connected to 1 peer ranks. Expected number of connected peer ranks is : 1
2026-03-16T20:26:42.9417902Z [Gloo] Rank 0 is connected to 1 peer ranks. Expected number of connected peer ranks is : 1
2026-03-16T20:26:42.9418436Z [Gloo] Rank 0 is connected to 1 peer ranks. Expected number of connected peer ranks is : 1
2026-03-16T20:26:42.9418980Z [Gloo] Rank 1 is connected to 1 peer ranks. Expected number of connected peer ranks is : 1
2026-03-16T20:26:42.9419529Z [Gloo] Rank 1 is connected to 1 peer ranks. Expected number of connected peer ranks is : 1
2026-03-16T20:26:42.9420188Z [Gloo] Rank 0 is connected to 1 peer ranks. Expected number of connected peer ranks is : 1
2026-03-16T20:26:42.9420731Z [Gloo] Rank 1 is connected to 1 peer ranks. Expected number of connected peer ranks is : 1
2026-03-16T20:26:42.9421322Z [Gloo] Rank 1 is connected to 1 peer ranks. Expected number of connected peer ranks is : 1
2026-03-16T20:26:42.9421863Z [Gloo] Rank 1 is connected to 1 peer ranks. Expected number of connected peer ranks is : 1
2026-03-16T20:26:42.9422404Z [Gloo] Rank 0 is connected to 1 peer ranks. Expected number of connected peer ranks is : 1
2026-03-16T20:26:42.9422950Z [Gloo] Rank 0 is connected to 1 peer ranks. Expected number of connected peer ranks is : 1
2026-03-16T20:26:42.9423490Z [Gloo] Rank 1 is connected to 1 peer ranks. Expected number of connected peer ranks is : 1
2026-03-16T20:26:42.9424190Z [Gloo] Rank 0 is connected to 1 peer ranks. Expected number of connected peer ranks is : 1
2026-03-16T20:26:42.9424738Z [Gloo] Rank 0 is connected to 1 peer ranks. Expected number of connected peer ranks is : 1
2026-03-16T20:26:46.5013295Z (Worker pid=1683) INFO 03-16 20:26:46 [cpu_binding.py:320] [cpu_bind_mode] mode=global_slice rank=2 visible_npus=[8, 9, 10, 11, 12, 13, 14, 15]
2026-03-16T20:26:46.5014099Z (Worker pid=1683) INFO 03-16 20:26:46 [cpu_binding.py:367] The CPU allocation plan is as follows:
2026-03-16T20:26:46.5014860Z (Worker pid=1683) INFO 03-16 20:26:46 [cpu_binding.py:372] NPU10: main=[202 203 204 205 206 207 208 209 210 211 212 213 214 215 216 217]  acl=[218]  release=[[219]]
2026-03-16T20:26:46.5721686Z (Worker pid=1683) INFO 03-16 20:26:46 [cpu_binding.py:383] The 'migratepages' command is not available, skipping memory binding.
2026-03-16T20:26:46.6372115Z (Worker pid=1683) WARNING 03-16 20:26:46 [__init__.py:204] min_p and logit_bias parameters won't work with speculative decoding.
2026-03-16T20:26:46.6488898Z (Worker pid=1683) INFO 03-16 20:26:46 [base.py:106] Offloader set to NoopOffloader
2026-03-16T20:26:46.6810732Z (Worker pid=1683) WARNING 03-16 20:26:46 [__init__.py:204] min_p and logit_bias parameters won't work with speculative decoding.
2026-03-16T20:26:46.6829099Z (Worker pid=1683) (Worker_DP1_TP2_EP10 pid=1683) INFO 03-16 20:26:46 [model_runner_v1.py:2521] Starting to load model /root/.cache/modelscope/hub/models/vllm-ascend/DeepSeek-V3___2-W8A8...
2026-03-16T20:26:46.8046871Z (Worker pid=1529) INFO 03-16 20:26:46 [cpu_binding.py:320] [cpu_bind_mode] mode=global_slice rank=0 visible_npus=[8, 9, 10, 11, 12, 13, 14, 15]
2026-03-16T20:26:46.8048015Z (Worker pid=1529) INFO 03-16 20:26:46 [cpu_binding.py:367] The CPU allocation plan is as follows:
2026-03-16T20:26:46.8048741Z (Worker pid=1529) INFO 03-16 20:26:46 [cpu_binding.py:372] NPU8: main=[162 163 164 165 166 167 168 169 170 171 172 173 174 175 176 177]  acl=[178]  release=[[179]]
2026-03-16T20:26:46.8528485Z (Worker pid=1529) INFO 03-16 20:26:46 [cpu_binding.py:383] The 'migratepages' command is not available, skipping memory binding.
2026-03-16T20:26:46.9001591Z (Worker pid=1529) WARNING 03-16 20:26:46 [__init__.py:204] min_p and logit_bias parameters won't work with speculative decoding.
2026-03-16T20:26:46.9130271Z (Worker pid=1529) INFO 03-16 20:26:46 [base.py:106] Offloader set to NoopOffloader
2026-03-16T20:26:46.9234634Z (Worker pid=1529) WARNING 03-16 20:26:46 [__init__.py:204] min_p and logit_bias parameters won't work with speculative decoding.
2026-03-16T20:26:46.9249490Z (Worker pid=1529) (Worker_DP1_TP0_EP8 pid=1529) INFO 03-16 20:26:46 [model_runner_v1.py:2521] Starting to load model /root/.cache/modelscope/hub/models/vllm-ascend/DeepSeek-V3___2-W8A8...
2026-03-16T20:26:47.0275009Z (Worker pid=1895) INFO 03-16 20:26:47 [cpu_binding.py:320] [cpu_bind_mode] mode=global_slice rank=4 visible_npus=[0, 1, 2, 3, 4, 5, 6, 7]
2026-03-16T20:26:47.0275758Z (Worker pid=1895) INFO 03-16 20:26:47 [cpu_binding.py:367] The CPU allocation plan is as follows:
2026-03-16T20:26:47.0276418Z (Worker pid=1895) INFO 03-16 20:26:47 [cpu_binding.py:372] NPU4: main=[82 83 84 85 86 87 88 89 90 91 92 93 94 95 96 97]  acl=[98]  release=[[99]]
2026-03-16T20:26:47.0831362Z (Worker pid=1895) INFO 03-16 20:26:47 [cpu_binding.py:383] The 'migratepages' command is not available, skipping memory binding.
2026-03-16T20:26:47.1198000Z (Worker pid=1895) WARNING 03-16 20:26:47 [__init__.py:204] min_p and logit_bias parameters won't work with speculative decoding.
2026-03-16T20:26:47.1299444Z (Worker pid=1895) INFO 03-16 20:26:47 [base.py:106] Offloader set to NoopOffloader
2026-03-16T20:26:47.1415882Z (Worker pid=1895) WARNING 03-16 20:26:47 [__init__.py:204] min_p and logit_bias parameters won't work with speculative decoding.
2026-03-16T20:26:47.1428438Z (Worker pid=1895) (Worker_DP0_TP4_EP4 pid=1895) INFO 03-16 20:26:47 [model_runner_v1.py:2521] Starting to load model /root/.cache/modelscope/hub/models/vllm-ascend/DeepSeek-V3___2-W8A8...
2026-03-16T20:26:47.1842519Z (Worker pid=1530) INFO 03-16 20:26:47 [cpu_binding.py:320] [cpu_bind_mode] mode=global_slice rank=0 visible_npus=[0, 1, 2, 3, 4, 5, 6, 7]
2026-03-16T20:26:47.1843262Z (Worker pid=1530) INFO 03-16 20:26:47 [cpu_binding.py:367] The CPU allocation plan is as follows:
2026-03-16T20:26:47.1843899Z (Worker pid=1530) INFO 03-16 20:26:47 [cpu_binding.py:372] NPU0: main=[2 3 4 5 6 7 8 9 10 11 12 13 14 15 16 17]  acl=[18]  release=[[19]]
2026-03-16T20:26:47.2423792Z (Worker pid=1530) INFO 03-16 20:26:47 [cpu_binding.py:383] The 'migratepages' command is not available, skipping memory binding.
2026-03-16T20:26:47.2741071Z (Worker pid=1530) WARNING 03-16 20:26:47 [__init__.py:204] min_p and logit_bias parameters won't work with speculative decoding.
2026-03-16T20:26:47.2848048Z (Worker pid=1530) INFO 03-16 20:26:47 [base.py:106] Offloader set to NoopOffloader
2026-03-16T20:26:47.2959660Z (Worker pid=1530) WARNING 03-16 20:26:47 [__init__.py:204] min_p and logit_bias parameters won't work with speculative decoding.
2026-03-16T20:26:47.2971860Z (Worker pid=1530) (Worker_DP0_TP0_EP0 pid=1530) INFO 03-16 20:26:47 [model_runner_v1.py:2521] Starting to load model /root/.cache/modelscope/hub/models/vllm-ascend/DeepSeek-V3___2-W8A8...
2026-03-16T20:26:47.3466025Z (Worker pid=2215) INFO 03-16 20:26:47 [cpu_binding.py:320] [cpu_bind_mode] mode=global_slice rank=7 visible_npus=[8, 9, 10, 11, 12, 13, 14, 15]
2026-03-16T20:26:47.3466954Z (Worker pid=2215) INFO 03-16 20:26:47 [cpu_binding.py:367] The CPU allocation plan is as follows:
2026-03-16T20:26:47.3467690Z (Worker pid=2215) INFO 03-16 20:26:47 [cpu_binding.py:372] NPU15: main=[302 303 304 305 306 307 308 309 310 311 312 313 314 315 316 317]  acl=[318]  release=[[319]]
2026-03-16T20:26:47.3991944Z (Worker pid=2215) INFO 03-16 20:26:47 [cpu_binding.py:383] The 'migratepages' command is not available, skipping memory binding.
2026-03-16T20:26:47.4751859Z (Worker pid=2215) WARNING 03-16 20:26:47 [__init__.py:204] min_p and logit_bias parameters won't work with speculative decoding.
2026-03-16T20:26:47.4859694Z (Worker pid=2215) INFO 03-16 20:26:47 [base.py:106] Offloader set to NoopOffloader
2026-03-16T20:26:47.4985503Z (Worker pid=2215) WARNING 03-16 20:26:47 [__init__.py:204] min_p and logit_bias parameters won't work with speculative decoding.
2026-03-16T20:26:47.4999447Z (Worker pid=2215) (Worker_DP1_TP7_EP15 pid=2215) INFO 03-16 20:26:47 [model_runner_v1.py:2521] Starting to load model /root/.cache/modelscope/hub/models/vllm-ascend/DeepSeek-V3___2-W8A8...
2026-03-16T20:26:47.5859609Z (Worker pid=1684) INFO 03-16 20:26:47 [cpu_binding.py:320] [cpu_bind_mode] mode=global_slice rank=2 visible_npus=[0, 1, 2, 3, 4, 5, 6, 7]
2026-03-16T20:26:47.5860522Z (Worker pid=1684) INFO 03-16 20:26:47 [cpu_binding.py:367] The CPU allocation plan is as follows:
2026-03-16T20:26:47.5861216Z (Worker pid=1684) INFO 03-16 20:26:47 [cpu_binding.py:372] NPU2: main=[42 43 44 45 46 47 48 49 50 51 52 53 54 55 56 57]  acl=[58]  release=[[59]]
2026-03-16T20:26:47.6395524Z (Worker pid=1684) INFO 03-16 20:26:47 [cpu_binding.py:383] The 'migratepages' command is not available, skipping memory binding.
2026-03-16T20:26:47.6705018Z (Worker pid=1684) WARNING 03-16 20:26:47 [__init__.py:204] min_p and logit_bias parameters won't work with speculative decoding.
2026-03-16T20:26:47.6813777Z (Worker pid=1684) INFO 03-16 20:26:47 [base.py:106] Offloader set to NoopOffloader
2026-03-16T20:26:47.6939516Z (Worker pid=1684) WARNING 03-16 20:26:47 [__init__.py:204] min_p and logit_bias parameters won't work with speculative decoding.
2026-03-16T20:26:47.6953814Z (Worker pid=1684) (Worker_DP0_TP2_EP2 pid=1684) INFO 03-16 20:26:47 [model_runner_v1.py:2521] Starting to load model /root/.cache/modelscope/hub/models/vllm-ascend/DeepSeek-V3___2-W8A8...
2026-03-16T20:26:47.7837198Z (Worker pid=1529) (Worker_DP1_TP0_EP8 pid=1529) INFO 03-16 20:26:47 [layer.py:456] [EP Rank 8/16] Expert parallelism is enabled. Expert placement strategy: linear. Local/global number of experts: 16/256. Experts local to global index map: 0->128, 1->129, 2->130, 3->131, 4->132, 5->133, 6->134, 7->135, 8->136, 9->137, 10->138, 11->139, 12->140, 13->141, 14->142, 15->143.
2026-03-16T20:26:47.7839906Z (Worker pid=1683) (Worker_DP1_TP2_EP10 pid=1683) INFO 03-16 20:26:47 [layer.py:456] [EP Rank 10/16] Expert parallelism is enabled. Expert placement strategy: linear. Local/global number of experts: 16/256. Experts local to global index map: 0->160, 1->161, 2->162, 3->163, 4->164, 5->165, 6->166, 7->167, 8->168, 9->169, 10->170, 11->171, 12->172, 13->173, 14->174, 15->175.
2026-03-16T20:26:47.8024153Z (Worker pid=1896) INFO 03-16 20:26:47 [cpu_binding.py:320] [cpu_bind_mode] mode=global_slice rank=4 visible_npus=[8, 9, 10, 11, 12, 13, 14, 15]
2026-03-16T20:26:47.8025267Z (Worker pid=1896) INFO 03-16 20:26:47 [cpu_binding.py:367] The CPU allocation plan is as follows:
2026-03-16T20:26:47.8025987Z (Worker pid=1896) INFO 03-16 20:26:47 [cpu_binding.py:372] NPU12: main=[242 243 244 245 246 247 248 249 250 251 252 253 254 255 256 257]  acl=[258]  release=[[259]]
2026-03-16T20:26:47.8666702Z (Worker pid=1896) INFO 03-16 20:26:47 [cpu_binding.py:383] The 'migratepages' command is not available, skipping memory binding.
2026-03-16T20:26:47.9073135Z (Worker pid=2106) INFO 03-16 20:26:47 [cpu_binding.py:320] [cpu_bind_mode] mode=global_slice rank=6 visible_npus=[0, 1, 2, 3, 4, 5, 6, 7]
2026-03-16T20:26:47.9075725Z (Worker pid=2106) INFO 03-16 20:26:47 [cpu_binding.py:367] The CPU allocation plan is as follows:
2026-03-16T20:26:47.9076830Z (Worker pid=2106) INFO 03-16 20:26:47 [cpu_binding.py:372] NPU6: main=[122 123 124 125 126 127 128 129 130 131 132 133 134 135 136 137]  acl=[138]  release=[[139]]
2026-03-16T20:26:47.9187834Z (Worker pid=1896) WARNING 03-16 20:26:47 [__init__.py:204] min_p and logit_bias parameters won't work with speculative decoding.
2026-03-16T20:26:47.9294694Z (Worker pid=1896) INFO 03-16 20:26:47 [base.py:106] Offloader set to NoopOffloader
2026-03-16T20:26:47.9413235Z (Worker pid=1896) WARNING 03-16 20:26:47 [__init__.py:204] min_p and logit_bias parameters won't work with speculative decoding.
2026-03-16T20:26:47.9427279Z (Worker pid=1896) (Worker_DP1_TP4_EP12 pid=1896) INFO 03-16 20:26:47 [model_runner_v1.py:2521] Starting to load model /root/.cache/modelscope/hub/models/vllm-ascend/DeepSeek-V3___2-W8A8...
2026-03-16T20:26:47.9603234Z (Worker pid=2106) INFO 03-16 20:26:47 [cpu_binding.py:383] The 'migratepages' command is not available, skipping memory binding.
2026-03-16T20:26:47.9960454Z (Worker pid=2106) WARNING 03-16 20:26:47 [__init__.py:204] min_p and logit_bias parameters won't work with speculative decoding.
2026-03-16T20:26:48.0063662Z (Worker pid=2106) INFO 03-16 20:26:48 [base.py:106] Offloader set to NoopOffloader
2026-03-16T20:26:48.0182598Z (Worker pid=2106) WARNING 03-16 20:26:48 [__init__.py:204] min_p and logit_bias parameters won't work with speculative decoding.
2026-03-16T20:26:48.0195759Z (Worker pid=2106) (Worker_DP0_TP6_EP6 pid=2106) INFO 03-16 20:26:48 [model_runner_v1.py:2521] Starting to load model /root/.cache/modelscope/hub/models/vllm-ascend/DeepSeek-V3___2-W8A8...
2026-03-16T20:26:48.0961297Z (Worker pid=2002) INFO 03-16 20:26:48 [cpu_binding.py:320] [cpu_bind_mode] mode=global_slice rank=5 visible_npus=[8, 9, 10, 11, 12, 13, 14, 15]
2026-03-16T20:26:48.0962466Z (Worker pid=2002) INFO 03-16 20:26:48 [cpu_binding.py:367] The CPU allocation plan is as follows:
2026-03-16T20:26:48.0963195Z (Worker pid=2002) INFO 03-16 20:26:48 [cpu_binding.py:372] NPU13: main=[262 263 264 265 266 267 268 269 270 271 272 273 274 275 276 277]  acl=[278]  release=[[279]]
2026-03-16T20:26:48.1433363Z (Worker pid=1895) (Worker_DP0_TP4_EP4 pid=1895) INFO 03-16 20:26:48 [layer.py:456] [EP Rank 4/16] Expert parallelism is enabled. Expert placement strategy: linear. Local/global number of experts: 16/256. Experts local to global index map: 0->64, 1->65, 2->66, 3->67, 4->68, 5->69, 6->70, 7->71, 8->72, 9->73, 10->74, 11->75, 12->76, 13->77, 14->78, 15->79.
2026-03-16T20:26:48.1478516Z (Worker pid=2002) INFO 03-16 20:26:48 [cpu_binding.py:383] The 'migratepages' command is not available, skipping memory binding.
2026-03-16T20:26:48.2052756Z (Worker pid=2002) WARNING 03-16 20:26:48 [__init__.py:204] min_p and logit_bias parameters won't work with speculative decoding.
2026-03-16T20:26:48.2152126Z (Worker pid=2002) INFO 03-16 20:26:48 [base.py:106] Offloader set to NoopOffloader
2026-03-16T20:26:48.2244663Z (Worker pid=2002) WARNING 03-16 20:26:48 [__init__.py:204] min_p and logit_bias parameters won't work with speculative decoding.
2026-03-16T20:26:48.2256584Z (Worker pid=2002) (Worker_DP1_TP5_EP13 pid=2002) INFO 03-16 20:26:48 [model_runner_v1.py:2521] Starting to load model /root/.cache/modelscope/hub/models/vllm-ascend/DeepSeek-V3___2-W8A8...
2026-03-16T20:26:48.3381826Z (Worker pid=1530) (Worker_DP0_TP0_EP0 pid=1530) INFO 03-16 20:26:48 [layer.py:456] [EP Rank 0/16] Expert parallelism is enabled. Expert placement strategy: linear. Local/global number of experts: 16/256. Experts local to global index map: 0->0, 1->1, 2->2, 3->3, 4->4, 5->5, 6->6, 7->7, 8->8, 9->9, 10->10, 11->11, 12->12, 13->13, 14->14, 15->15.
2026-03-16T20:26:48.4646782Z (Worker pid=1791) INFO 03-16 20:26:48 [cpu_binding.py:320] [cpu_bind_mode] mode=global_slice rank=3 visible_npus=[8, 9, 10, 11, 12, 13, 14, 15]
2026-03-16T20:26:48.4647745Z (Worker pid=1791) INFO 03-16 20:26:48 [cpu_binding.py:367] The CPU allocation plan is as follows:
2026-03-16T20:26:48.4648477Z (Worker pid=1791) INFO 03-16 20:26:48 [cpu_binding.py:372] NPU11: main=[222 223 224 225 226 227 228 229 230 231 232 233 234 235 236 237]  acl=[238]  release=[[239]]
2026-03-16T20:26:48.5207967Z (Worker pid=1791) INFO 03-16 20:26:48 [cpu_binding.py:383] The 'migratepages' command is not available, skipping memory binding.
2026-03-16T20:26:48.5721958Z (Worker pid=1791) WARNING 03-16 20:26:48 [__init__.py:204] min_p and logit_bias parameters won't work with speculative decoding.
2026-03-16T20:26:48.5784561Z (Worker pid=2109) INFO 03-16 20:26:48 [cpu_binding.py:320] [cpu_bind_mode] mode=global_slice rank=6 visible_npus=[8, 9, 10, 11, 12, 13, 14, 15]
2026-03-16T20:26:48.5785938Z (Worker pid=2109) INFO 03-16 20:26:48 [cpu_binding.py:367] The CPU allocation plan is as follows:
2026-03-16T20:26:48.5787105Z (Worker pid=2109) INFO 03-16 20:26:48 [cpu_binding.py:372] NPU14: main=[282 283 284 285 286 287 288 289 290 291 292 293 294 295 296 297]  acl=[298]  release=[[299]]
2026-03-16T20:26:48.5814956Z (Worker pid=1791) INFO 03-16 20:26:48 [base.py:106] Offloader set to NoopOffloader
2026-03-16T20:26:48.5905689Z (Worker pid=1791) WARNING 03-16 20:26:48 [__init__.py:204] min_p and logit_bias parameters won't work with speculative decoding.
2026-03-16T20:26:48.5917586Z (Worker pid=1791) (Worker_DP1_TP3_EP11 pid=1791) INFO 03-16 20:26:48 [model_runner_v1.py:2521] Starting to load model /root/.cache/modelscope/hub/models/vllm-ascend/DeepSeek-V3___2-W8A8...
2026-03-16T20:26:48.6337936Z (Worker pid=2109) INFO 03-16 20:26:48 [cpu_binding.py:383] The 'migratepages' command is not available, skipping memory binding.
2026-03-16T20:26:48.6836163Z (Worker pid=2109) WARNING 03-16 20:26:48 [__init__.py:204] min_p and logit_bias parameters won't work with speculative decoding.
2026-03-16T20:26:48.6952713Z (Worker pid=2109) INFO 03-16 20:26:48 [base.py:106] Offloader set to NoopOffloader
2026-03-16T20:26:48.7080732Z (Worker pid=2109) WARNING 03-16 20:26:48 [__init__.py:204] min_p and logit_bias parameters won't work with speculative decoding.
2026-03-16T20:26:48.7090587Z (Worker pid=2109) (Worker_DP1_TP6_EP14 pid=2109) INFO 03-16 20:26:48 [model_runner_v1.py:2521] Starting to load model /root/.cache/modelscope/hub/models/vllm-ascend/DeepSeek-V3___2-W8A8...
2026-03-16T20:26:48.7794461Z (Worker pid=1684) (Worker_DP0_TP2_EP2 pid=1684) INFO 03-16 20:26:48 [layer.py:456] [EP Rank 2/16] Expert parallelism is enabled. Expert placement strategy: linear. Local/global number of experts: 16/256. Experts local to global index map: 0->32, 1->33, 2->34, 3->35, 4->36, 5->37, 6->38, 7->39, 8->40, 9->41, 10->42, 11->43, 12->44, 13->45, 14->46, 15->47.
2026-03-16T20:26:48.8604042Z (Worker pid=1567) INFO 03-16 20:26:48 [cpu_binding.py:320] [cpu_bind_mode] mode=global_slice rank=1 visible_npus=[0, 1, 2, 3, 4, 5, 6, 7]
2026-03-16T20:26:48.8605158Z (Worker pid=1567) INFO 03-16 20:26:48 [cpu_binding.py:367] The CPU allocation plan is as follows:
2026-03-16T20:26:48.8605816Z (Worker pid=1567) INFO 03-16 20:26:48 [cpu_binding.py:372] NPU1: main=[22 23 24 25 26 27 28 29 30 31 32 33 34 35 36 37]  acl=[38]  release=[[39]]
2026-03-16T20:26:48.8642963Z (Worker pid=2001) INFO 03-16 20:26:48 [cpu_binding.py:320] [cpu_bind_mode] mode=global_slice rank=5 visible_npus=[0, 1, 2, 3, 4, 5, 6, 7]
2026-03-16T20:26:48.8644043Z (Worker pid=2001) INFO 03-16 20:26:48 [cpu_binding.py:367] The CPU allocation plan is as follows:
2026-03-16T20:26:48.8645063Z (Worker pid=2001) INFO 03-16 20:26:48 [cpu_binding.py:372] NPU5: main=[102 103 104 105 106 107 108 109 110 111 112 113 114 115 116 117]  acl=[118]  release=[[119]]
2026-03-16T20:26:48.9133583Z (Worker pid=2001) INFO 03-16 20:26:48 [cpu_binding.py:383] The 'migratepages' command is not available, skipping memory binding.
2026-03-16T20:26:48.9134636Z (Worker pid=1567) INFO 03-16 20:26:48 [cpu_binding.py:383] The 'migratepages' command is not available, skipping memory binding.
2026-03-16T20:26:48.9455788Z (Worker pid=2215) (Worker_DP1_TP7_EP15 pid=2215) INFO 03-16 20:26:48 [layer.py:456] [EP Rank 15/16] Expert parallelism is enabled. Expert placement strategy: linear. Local/global number of experts: 16/256. Experts local to global index map: 0->240, 1->241, 2->242, 3->243, 4->244, 5->245, 6->246, 7->247, 8->248, 9->249, 10->250, 11->251, 12->252, 13->253, 14->254, 15->255.
2026-03-16T20:26:48.9481575Z (Worker pid=1567) WARNING 03-16 20:26:48 [__init__.py:204] min_p and logit_bias parameters won't work with speculative decoding.
2026-03-16T20:26:48.9513608Z (Worker pid=2001) WARNING 03-16 20:26:48 [__init__.py:204] min_p and logit_bias parameters won't work with speculative decoding.
2026-03-16T20:26:48.9594381Z (Worker pid=1567) INFO 03-16 20:26:48 [base.py:106] Offloader set to NoopOffloader
2026-03-16T20:26:48.9618602Z (Worker pid=2001) INFO 03-16 20:26:48 [base.py:106] Offloader set to NoopOffloader
2026-03-16T20:26:48.9714742Z (Worker pid=1567) WARNING 03-16 20:26:48 [__init__.py:204] min_p and logit_bias parameters won't work with speculative decoding.
2026-03-16T20:26:48.9727995Z (Worker pid=1567) (Worker_DP0_TP1_EP1 pid=1567) INFO 03-16 20:26:48 [model_runner_v1.py:2521] Starting to load model /root/.cache/modelscope/hub/models/vllm-ascend/DeepSeek-V3___2-W8A8...
2026-03-16T20:26:48.9734882Z (Worker pid=2001) WARNING 03-16 20:26:48 [__init__.py:204] min_p and logit_bias parameters won't work with speculative decoding.
2026-03-16T20:26:48.9748632Z (Worker pid=2001) (Worker_DP0_TP5_EP5 pid=2001) INFO 03-16 20:26:48 [model_runner_v1.py:2521] Starting to load model /root/.cache/modelscope/hub/models/vllm-ascend/DeepSeek-V3___2-W8A8...
2026-03-16T20:26:48.9913675Z (Worker pid=1896) (Worker_DP1_TP4_EP12 pid=1896) INFO 03-16 20:26:48 [layer.py:456] [EP Rank 12/16] Expert parallelism is enabled. Expert placement strategy: linear. Local/global number of experts: 16/256. Experts local to global index map: 0->192, 1->193, 2->194, 3->195, 4->196, 5->197, 6->198, 7->199, 8->200, 9->201, 10->202, 11->203, 12->204, 13->205, 14->206, 15->207.
2026-03-16T20:26:49.0021998Z (Worker pid=1564) INFO 03-16 20:26:49 [cpu_binding.py:320] [cpu_bind_mode] mode=global_slice rank=1 visible_npus=[8, 9, 10, 11, 12, 13, 14, 15]
2026-03-16T20:26:49.0022744Z (Worker pid=1564) INFO 03-16 20:26:49 [cpu_binding.py:367] The CPU allocation plan is as follows:
2026-03-16T20:26:49.0023473Z (Worker pid=1564) INFO 03-16 20:26:49 [cpu_binding.py:372] NPU9: main=[182 183 184 185 186 187 188 189 190 191 192 193 194 195 196 197]  acl=[198]  release=[[199]]
2026-03-16T20:26:49.0066486Z (Worker pid=2002) (Worker_DP1_TP5_EP13 pid=2002) INFO 03-16 20:26:49 [layer.py:456] [EP Rank 13/16] Expert parallelism is enabled. Expert placement strategy: linear. Local/global number of experts: 16/256. Experts local to global index map: 0->208, 1->209, 2->210, 3->211, 4->212, 5->213, 6->214, 7->215, 8->216, 9->217, 10->218, 11->219, 12->220, 13->221, 14->222, 15->223.
2026-03-16T20:26:49.0418860Z (Worker pid=1564) INFO 03-16 20:26:49 [cpu_binding.py:383] The 'migratepages' command is not available, skipping memory binding.
2026-03-16T20:26:49.0881294Z (Worker pid=2106) (Worker_DP0_TP6_EP6 pid=2106) INFO 03-16 20:26:49 [layer.py:456] [EP Rank 6/16] Expert parallelism is enabled. Expert placement strategy: linear. Local/global number of experts: 16/256. Experts local to global index map: 0->96, 1->97, 2->98, 3->99, 4->100, 5->101, 6->102, 7->103, 8->104, 9->105, 10->106, 11->107, 12->108, 13->109, 14->110, 15->111.
2026-03-16T20:26:49.0902449Z (Worker pid=1564) WARNING 03-16 20:26:49 [__init__.py:204] min_p and logit_bias parameters won't work with speculative decoding.
2026-03-16T20:26:49.0995527Z (Worker pid=1564) INFO 03-16 20:26:49 [base.py:106] Offloader set to NoopOffloader
2026-03-16T20:26:49.1084714Z (Worker pid=1564) WARNING 03-16 20:26:49 [__init__.py:204] min_p and logit_bias parameters won't work with speculative decoding.
2026-03-16T20:26:49.1095203Z (Worker pid=1564) (Worker_DP1_TP1_EP9 pid=1564) INFO 03-16 20:26:49 [model_runner_v1.py:2521] Starting to load model /root/.cache/modelscope/hub/models/vllm-ascend/DeepSeek-V3___2-W8A8...
2026-03-16T20:26:49.3318037Z (Worker pid=1788) INFO 03-16 20:26:49 [cpu_binding.py:320] [cpu_bind_mode] mode=global_slice rank=3 visible_npus=[0, 1, 2, 3, 4, 5, 6, 7]
2026-03-16T20:26:49.3318774Z (Worker pid=1788) INFO 03-16 20:26:49 [cpu_binding.py:367] The CPU allocation plan is as follows:
2026-03-16T20:26:49.3319605Z (Worker pid=1788) INFO 03-16 20:26:49 [cpu_binding.py:372] NPU3: main=[62 63 64 65 66 67 68 69 70 71 72 73 74 75 76 77]  acl=[78]  release=[[79]]
2026-03-16T20:26:49.3709316Z (Worker pid=1791) (Worker_DP1_TP3_EP11 pid=1791) INFO 03-16 20:26:49 [layer.py:456] [EP Rank 11/16] Expert parallelism is enabled. Expert placement strategy: linear. Local/global number of experts: 16/256. Experts local to global index map: 0->176, 1->177, 2->178, 3->179, 4->180, 5->181, 6->182, 7->183, 8->184, 9->185, 10->186, 11->187, 12->188, 13->189, 14->190, 15->191.
2026-03-16T20:26:49.3872670Z (Worker pid=1788) INFO 03-16 20:26:49 [cpu_binding.py:383] The 'migratepages' command is not available, skipping memory binding.
2026-03-16T20:26:49.3943672Z (Worker pid=2212) INFO 03-16 20:26:49 [cpu_binding.py:320] [cpu_bind_mode] mode=global_slice rank=7 visible_npus=[0, 1, 2, 3, 4, 5, 6, 7]
2026-03-16T20:26:49.3944395Z (Worker pid=2212) INFO 03-16 20:26:49 [cpu_binding.py:367] The CPU allocation plan is as follows:
2026-03-16T20:26:49.3945138Z (Worker pid=2212) INFO 03-16 20:26:49 [cpu_binding.py:372] NPU7: main=[142 143 144 145 146 147 148 149 150 151 152 153 154 155 156 157]  acl=[158]  release=[[159]]
2026-03-16T20:26:49.4174682Z (Worker pid=1788) WARNING 03-16 20:26:49 [__init__.py:204] min_p and logit_bias parameters won't work with speculative decoding.
2026-03-16T20:26:49.4278627Z (Worker pid=1788) INFO 03-16 20:26:49 [base.py:106] Offloader set to NoopOffloader
2026-03-16T20:26:49.4389326Z (Worker pid=1788) WARNING 03-16 20:26:49 [__init__.py:204] min_p and logit_bias parameters won't work with speculative decoding.
2026-03-16T20:26:49.4402602Z (Worker pid=1788) (Worker_DP0_TP3_EP3 pid=1788) INFO 03-16 20:26:49 [model_runner_v1.py:2521] Starting to load model /root/.cache/modelscope/hub/models/vllm-ascend/DeepSeek-V3___2-W8A8...
2026-03-16T20:26:49.4440692Z (Worker pid=2212) INFO 03-16 20:26:49 [cpu_binding.py:383] The 'migratepages' command is not available, skipping memory binding.
2026-03-16T20:26:49.4755181Z (Worker pid=2212) WARNING 03-16 20:26:49 [__init__.py:204] min_p and logit_bias parameters won't work with speculative decoding.
2026-03-16T20:26:49.4868558Z (Worker pid=2212) INFO 03-16 20:26:49 [base.py:106] Offloader set to NoopOffloader
2026-03-16T20:26:49.4990952Z (Worker pid=2212) WARNING 03-16 20:26:49 [__init__.py:204] min_p and logit_bias parameters won't work with speculative decoding.
2026-03-16T20:26:49.5004199Z (Worker pid=2212) (Worker_DP0_TP7_EP7 pid=2212) INFO 03-16 20:26:49 [model_runner_v1.py:2521] Starting to load model /root/.cache/modelscope/hub/models/vllm-ascend/DeepSeek-V3___2-W8A8...
2026-03-16T20:26:49.7669551Z (Worker pid=2109) (Worker_DP1_TP6_EP14 pid=2109) INFO 03-16 20:26:49 [layer.py:456] [EP Rank 14/16] Expert parallelism is enabled. Expert placement strategy: linear. Local/global number of experts: 16/256. Experts local to global index map: 0->224, 1->225, 2->226, 3->227, 4->228, 5->229, 6->230, 7->231, 8->232, 9->233, 10->234, 11->235, 12->236, 13->237, 14->238, 15->239.
2026-03-16T20:26:49.8123841Z (Worker pid=1564) (Worker_DP1_TP1_EP9 pid=1564) INFO 03-16 20:26:49 [layer.py:456] [EP Rank 9/16] Expert parallelism is enabled. Expert placement strategy: linear. Local/global number of experts: 16/256. Experts local to global index map: 0->144, 1->145, 2->146, 3->147, 4->148, 5->149, 6->150, 7->151, 8->152, 9->153, 10->154, 11->155, 12->156, 13->157, 14->158, 15->159.
2026-03-16T20:26:50.0001743Z (Worker pid=2001) (Worker_DP0_TP5_EP5 pid=2001) INFO 03-16 20:26:49 [layer.py:456] [EP Rank 5/16] Expert parallelism is enabled. Expert placement strategy: linear. Local/global number of experts: 16/256. Experts local to global index map: 0->80, 1->81, 2->82, 3->83, 4->84, 5->85, 6->86, 7->87, 8->88, 9->89, 10->90, 11->91, 12->92, 13->93, 14->94, 15->95.
2026-03-16T20:26:50.0047213Z (Worker pid=1567) (Worker_DP0_TP1_EP1 pid=1567) INFO 03-16 20:26:50 [layer.py:456] [EP Rank 1/16] Expert parallelism is enabled. Expert placement strategy: linear. Local/global number of experts: 16/256. Experts local to global index map: 0->16, 1->17, 2->18, 3->19, 4->20, 5->21, 6->22, 7->23, 8->24, 9->25, 10->26, 11->27, 12->28, 13->29, 14->30, 15->31.
2026-03-16T20:26:50.5036583Z (Worker pid=1788) (Worker_DP0_TP3_EP3 pid=1788) INFO 03-16 20:26:50 [layer.py:456] [EP Rank 3/16] Expert parallelism is enabled. Expert placement strategy: linear. Local/global number of experts: 16/256. Experts local to global index map: 0->48, 1->49, 2->50, 3->51, 4->52, 5->53, 6->54, 7->55, 8->56, 9->57, 10->58, 11->59, 12->60, 13->61, 14->62, 15->63.
2026-03-16T20:26:50.6065156Z (Worker pid=2212) (Worker_DP0_TP7_EP7 pid=2212) INFO 03-16 20:26:50 [layer.py:456] [EP Rank 7/16] Expert parallelism is enabled. Expert placement strategy: linear. Local/global number of experts: 16/256. Experts local to global index map: 0->112, 1->113, 2->114, 3->115, 4->116, 5->117, 6->118, 7->119, 8->120, 9->121, 10->122, 11->123, 12->124, 13->125, 14->126, 15->127.
2026-03-16T20:26:51.1068816Z (Worker pid=1895) (Worker_DP0_TP4_EP4 pid=1895) INFO 03-16 20:26:51 [fused_moe.py:285] [EP Rank 4/16] Expert parallelism is enabled. Local/global number of experts: 16/256. Experts local to global index map: 0->64, 1->65, 2->66, 3->67, 4->68, 5->69, 6->70, 7->71, 8->72, 9->73, 10->74, 11->75, 12->76, 13->77, 14->78, 15->79.
2026-03-16T20:26:51.1070786Z (Worker pid=1529) (Worker_DP1_TP0_EP8 pid=1529) INFO 03-16 20:26:51 [fused_moe.py:285] [EP Rank 8/16] Expert parallelism is enabled. Local/global number of experts: 16/256. Experts local to global index map: 0->128, 1->129, 2->130, 3->131, 4->132, 5->133, 6->134, 7->135, 8->136, 9->137, 10->138, 11->139, 12->140, 13->141, 14->142, 15->143.
2026-03-16T20:26:51.1183469Z (Worker pid=1683) (Worker_DP1_TP2_EP10 pid=1683) INFO 03-16 20:26:51 [fused_moe.py:285] [EP Rank 10/16] Expert parallelism is enabled. Local/global number of experts: 16/256. Experts local to global index map: 0->160, 1->161, 2->162, 3->163, 4->164, 5->165, 6->166, 7->167, 8->168, 9->169, 10->170, 11->171, 12->172, 13->173, 14->174, 15->175.
2026-03-16T20:26:51.1576787Z (Worker pid=1896) (Worker_DP1_TP4_EP12 pid=1896) INFO 03-16 20:26:51 [fused_moe.py:285] [EP Rank 12/16] Expert parallelism is enabled. Local/global number of experts: 16/256. Experts local to global index map: 0->192, 1->193, 2->194, 3->195, 4->196, 5->197, 6->198, 7->199, 8->200, 9->201, 10->202, 11->203, 12->204, 13->205, 14->206, 15->207.
2026-03-16T20:26:51.1613444Z (Worker pid=2002) (Worker_DP1_TP5_EP13 pid=2002) INFO 03-16 20:26:51 [fused_moe.py:285] [EP Rank 13/16] Expert parallelism is enabled. Local/global number of experts: 16/256. Experts local to global index map: 0->208, 1->209, 2->210, 3->211, 4->212, 5->213, 6->214, 7->215, 8->216, 9->217, 10->218, 11->219, 12->220, 13->221, 14->222, 15->223.
2026-03-16T20:26:51.1711919Z (Worker pid=1684) (Worker_DP0_TP2_EP2 pid=1684) INFO 03-16 20:26:51 [fused_moe.py:285] [EP Rank 2/16] Expert parallelism is enabled. Local/global number of experts: 16/256. Experts local to global index map: 0->32, 1->33, 2->34, 3->35, 4->36, 5->37, 6->38, 7->39, 8->40, 9->41, 10->42, 11->43, 12->44, 13->45, 14->46, 15->47.
2026-03-16T20:26:51.1720848Z (Worker pid=1788) (Worker_DP0_TP3_EP3 pid=1788) INFO 03-16 20:26:51 [fused_moe.py:285] [EP Rank 3/16] Expert parallelism is enabled. Local/global number of experts: 16/256. Experts local to global index map: 0->48, 1->49, 2->50, 3->51, 4->52, 5->53, 6->54, 7->55, 8->56, 9->57, 10->58, 11->59, 12->60, 13->61, 14->62, 15->63.
2026-03-16T20:26:51.2387936Z (Worker pid=2106) (Worker_DP0_TP6_EP6 pid=2106) INFO 03-16 20:26:51 [fused_moe.py:285] [EP Rank 6/16] Expert parallelism is enabled. Local/global number of experts: 16/256. Experts local to global index map: 0->96, 1->97, 2->98, 3->99, 4->100, 5->101, 6->102, 7->103, 8->104, 9->105, 10->106, 11->107, 12->108, 13->109, 14->110, 15->111.
2026-03-16T20:26:51.2399158Z (Worker pid=2212) (Worker_DP0_TP7_EP7 pid=2212) INFO 03-16 20:26:51 [fused_moe.py:285] [EP Rank 7/16] Expert parallelism is enabled. Local/global number of experts: 16/256. Experts local to global index map: 0->112, 1->113, 2->114, 3->115, 4->116, 5->117, 6->118, 7->119, 8->120, 9->121, 10->122, 11->123, 12->124, 13->125, 14->126, 15->127.
2026-03-16T20:26:51.2493322Z (Worker pid=1791) (Worker_DP1_TP3_EP11 pid=1791) INFO 03-16 20:26:51 [fused_moe.py:285] [EP Rank 11/16] Expert parallelism is enabled. Local/global number of experts: 16/256. Experts local to global index map: 0->176, 1->177, 2->178, 3->179, 4->180, 5->181, 6->182, 7->183, 8->184, 9->185, 10->186, 11->187, 12->188, 13->189, 14->190, 15->191.
2026-03-16T20:26:51.2879284Z (Worker pid=2001) (Worker_DP0_TP5_EP5 pid=2001) INFO 03-16 20:26:51 [fused_moe.py:285] [EP Rank 5/16] Expert parallelism is enabled. Local/global number of experts: 16/256. Experts local to global index map: 0->80, 1->81, 2->82, 3->83, 4->84, 5->85, 6->86, 7->87, 8->88, 9->89, 10->90, 11->91, 12->92, 13->93, 14->94, 15->95.
2026-03-16T20:26:51.2971436Z (Worker pid=1530) (Worker_DP0_TP0_EP0 pid=1530) INFO 03-16 20:26:51 [fused_moe.py:285] [EP Rank 0/16] Expert parallelism is enabled. Local/global number of experts: 16/256. Experts local to global index map: 0->0, 1->1, 2->2, 3->3, 4->4, 5->5, 6->6, 7->7, 8->8, 9->9, 10->10, 11->11, 12->12, 13->13, 14->14, 15->15.
2026-03-16T20:26:51.2981647Z (Worker pid=1567) (Worker_DP0_TP1_EP1 pid=1567) INFO 03-16 20:26:51 [fused_moe.py:285] [EP Rank 1/16] Expert parallelism is enabled. Local/global number of experts: 16/256. Experts local to global index map: 0->16, 1->17, 2->18, 3->19, 4->20, 5->21, 6->22, 7->23, 8->24, 9->25, 10->26, 11->27, 12->28, 13->29, 14->30, 15->31.
2026-03-16T20:26:51.3022442Z (Worker pid=1564) (Worker_DP1_TP1_EP9 pid=1564) INFO 03-16 20:26:51 [fused_moe.py:285] [EP Rank 9/16] Expert parallelism is enabled. Local/global number of experts: 16/256. Experts local to global index map: 0->144, 1->145, 2->146, 3->147, 4->148, 5->149, 6->150, 7->151, 8->152, 9->153, 10->154, 11->155, 12->156, 13->157, 14->158, 15->159.
2026-03-16T20:26:51.3105026Z (Worker pid=2109) (Worker_DP1_TP6_EP14 pid=2109) INFO 03-16 20:26:51 [fused_moe.py:285] [EP Rank 14/16] Expert parallelism is enabled. Local/global number of experts: 16/256. Experts local to global index map: 0->224, 1->225, 2->226, 3->227, 4->228, 5->229, 6->230, 7->231, 8->232, 9->233, 10->234, 11->235, 12->236, 13->237, 14->238, 15->239.
2026-03-16T20:26:51.3123683Z (Worker pid=2215) (Worker_DP1_TP7_EP15 pid=2215) INFO 03-16 20:26:51 [fused_moe.py:285] [EP Rank 15/16] Expert parallelism is enabled. Local/global number of experts: 16/256. Experts local to global index map: 0->240, 1->241, 2->242, 3->243, 4->244, 5->245, 6->246, 7->247, 8->248, 9->249, 10->250, 11->251, 12->252, 13->253, 14->254, 15->255.
2026-03-16T20:26:51.6202965Z (Worker pid=1530) (Worker_DP0_TP0_EP0 pid=1530) INFO 03-16 20:26:51 [fused_moe.py:540] Sequence parallelism is enabled, shared experts are replicated for best performance.
2026-03-16T20:26:51.6361587Z (Worker pid=1895) (Worker_DP0_TP4_EP4 pid=1895) INFO 03-16 20:26:51 [fused_moe.py:540] Sequence parallelism is enabled, shared experts are replicated for best performance.
2026-03-16T20:26:51.6508461Z (Worker pid=1683) (Worker_DP1_TP2_EP10 pid=1683) INFO 03-16 20:26:51 [fused_moe.py:540] Sequence parallelism is enabled, shared experts are replicated for best performance.
2026-03-16T20:26:51.6514385Z (Worker pid=2109) (Worker_DP1_TP6_EP14 pid=2109) INFO 03-16 20:26:51 [fused_moe.py:540] Sequence parallelism is enabled, shared experts are replicated for best performance.
2026-03-16T20:26:51.6515421Z (Worker pid=2001) (Worker_DP0_TP5_EP5 pid=2001) INFO 03-16 20:26:51 [fused_moe.py:540] Sequence parallelism is enabled, shared experts are replicated for best performance.
2026-03-16T20:26:51.6516693Z (Worker pid=2212) (Worker_DP0_TP7_EP7 pid=2212) INFO 03-16 20:26:51 [fused_moe.py:540] Sequence parallelism is enabled, shared experts are replicated for best performance.
2026-03-16T20:26:51.6517715Z (Worker pid=1791) (Worker_DP1_TP3_EP11 pid=1791) INFO 03-16 20:26:51 [fused_moe.py:540] Sequence parallelism is enabled, shared experts are replicated for best performance.
2026-03-16T20:26:51.6519012Z (Worker pid=2002) (Worker_DP1_TP5_EP13 pid=2002) INFO 03-16 20:26:51 [fused_moe.py:540] Sequence parallelism is enabled, shared experts are replicated for best performance.
2026-03-16T20:26:51.6520166Z (Worker pid=1529) (Worker_DP1_TP0_EP8 pid=1529) INFO 03-16 20:26:51 [fused_moe.py:540] Sequence parallelism is enabled, shared experts are replicated for best performance.
2026-03-16T20:26:51.6521195Z (Worker pid=1896) (Worker_DP1_TP4_EP12 pid=1896) INFO 03-16 20:26:51 [fused_moe.py:540] Sequence parallelism is enabled, shared experts are replicated for best performance.
