2026-03-16T17:37:17.0085763Z [Gloo] Rank 0 is connected to 0 peer ranks. Expected number of connected peer ranks is : 0
2026-03-16T17:37:17.0157047Z [Gloo] Rank 0 is connected to 3 peer ranks. Expected number of connected peer ranks is : 3
2026-03-16T17:37:17.0167954Z [Gloo] Rank 1 is connected to 3 peer ranks. Expected number of connected peer ranks is : 3
2026-03-16T17:37:17.0204742Z [Gloo] Rank 1 is connected to 3 peer ranks. Expected number of connected peer ranks is : 3
2026-03-16T17:37:17.0216022Z [Gloo] Rank 0 is connected to 3 peer ranks. Expected number of connected peer ranks is : 3
2026-03-16T17:37:17.0227264Z [Gloo] Rank 1 is connected to 3 peer ranks. Expected number of connected peer ranks is : 3
2026-03-16T17:37:17.0238228Z [Gloo] Rank 1 is connected to 3 peer ranks. Expected number of connected peer ranks is : 3
2026-03-16T17:37:17.0250172Z [Gloo] Rank 0 is connected to 3 peer ranks. Expected number of connected peer ranks is : 3
2026-03-16T17:37:17.0260558Z [Gloo] Rank 1 is connected to 3 peer ranks. Expected number of connected peer ranks is : 3
2026-03-16T17:37:17.0272350Z [Gloo] Rank 0 is connected to 3 peer ranks. Expected number of connected peer ranks is : 3
2026-03-16T17:37:17.0283289Z [Gloo] Rank 0 is connected to 3 peer ranks. Expected number of connected peer ranks is : 3
2026-03-16T17:37:17.0294468Z [Gloo] Rank 1 is connected to 3 peer ranks. Expected number of connected peer ranks is : 3
2026-03-16T17:37:17.0305540Z [Gloo] Rank 0 is connected to 3 peer ranks. Expected number of connected peer ranks is : 3
2026-03-16T17:37:17.0317454Z [Gloo] Rank 1 is connected to 3 peer ranks. Expected number of connected peer ranks is : 3
2026-03-16T17:37:17.0328185Z [Gloo] Rank 0 is connected to 3 peer ranks. Expected number of connected peer ranks is : 3
2026-03-16T17:37:17.0338914Z [Gloo] Rank 1 is connected to 3 peer ranks. Expected number of connected peer ranks is : 3
2026-03-16T17:37:17.0350260Z [Gloo] Rank 0 is connected to 3 peer ranks. Expected number of connected peer ranks is : 3
2026-03-16T17:37:17.0611873Z [Gloo] Rank 5 is connected to 31 peer ranks. Expected number of connected peer ranks is : 31
2026-03-16T17:37:17.0622709Z [Gloo] Rank 4 is connected to 31 peer ranks. Expected number of connected peer ranks is : 31
2026-03-16T17:37:17.0635172Z [Gloo] Rank 2 is connected to 31 peer ranks. Expected number of connected peer ranks is : 31
2026-03-16T17:37:17.0646520Z [Gloo] Rank 1 is connected to 31 peer ranks. Expected number of connected peer ranks is : 31
2026-03-16T17:37:17.0657550Z [Gloo] Rank 0 is connected to 31 peer ranks. Expected number of connected peer ranks is : 31
2026-03-16T17:37:17.0667972Z [Gloo] Rank 6 is connected to 31 peer ranks. Expected number of connected peer ranks is : 31
2026-03-16T17:37:17.0680226Z [Gloo] Rank 7 is connected to 31 peer ranks. Expected number of connected peer ranks is : 31
2026-03-16T17:37:17.0691398Z (Worker pid=717) INFO 03-16 17:37:17 [parallel_state.py:1715] rank 5 in world size 32 is assigned as DP rank 0, PP rank 0, PCP rank 0, TP rank 5, EP rank 5, EPLB rank N/A
2026-03-16T17:37:17.0703185Z (Worker pid=610) INFO 03-16 17:37:17 [parallel_state.py:1715] rank 4 in world size 32 is assigned as DP rank 0, PP rank 0, PCP rank 0, TP rank 4, EP rank 4, EPLB rank N/A
2026-03-16T17:37:17.0713846Z [Gloo] Rank 3 is connected to 31 peer ranks. Expected number of connected peer ranks is : 31
2026-03-16T17:37:17.0725106Z [Gloo] Rank 8 is connected to 31 peer ranks. Expected number of connected peer ranks is : 31
2026-03-16T17:37:17.0736462Z [Gloo] Rank 9 is connected to 31 peer ranks. Expected number of connected peer ranks is : 31
2026-03-16T17:37:17.0747937Z (Worker pid=928) INFO 03-16 17:37:17 [parallel_state.py:1715] rank 7 in world size 32 is assigned as DP rank 0, PP rank 0, PCP rank 0, TP rank 7, EP rank 7, EPLB rank N/A
2026-03-16T17:37:17.0764073Z [Gloo] Rank 11 is connected to 31 peer ranks. Expected number of connected peer ranks is : 31
2026-03-16T17:37:17.0780562Z (Worker pid=212) INFO 03-16 17:37:17 [parallel_state.py:1715] rank 0 in world size 32 is assigned as DP rank 0, PP rank 0, PCP rank 0, TP rank 0, EP rank 0, EPLB rank N/A
2026-03-16T17:37:17.0792689Z (Worker pid=398) INFO 03-16 17:37:17 [parallel_state.py:1715] rank 2 in world size 32 is assigned as DP rank 0, PP rank 0, PCP rank 0, TP rank 2, EP rank 2, EPLB rank N/A
2026-03-16T17:37:17.0803544Z [Gloo] Rank 14 is connected to 31 peer ranks. Expected number of connected peer ranks is : 31
2026-03-16T17:37:17.0814861Z [Gloo] Rank 10 is connected to 31 peer ranks. Expected number of connected peer ranks is : 31
2026-03-16T17:37:17.0826620Z [Gloo] Rank 12 is connected to 31 peer ranks. Expected number of connected peer ranks is : 31
2026-03-16T17:37:17.0837472Z [Gloo] Rank 13 is connected to 31 peer ranks. Expected number of connected peer ranks is : 31
2026-03-16T17:37:17.0848234Z [Gloo] Rank 15 is connected to 31 peer ranks. Expected number of connected peer ranks is : 31
2026-03-16T17:37:17.0860011Z (Worker pid=266) INFO 03-16 17:37:17 [parallel_state.py:1715] rank 1 in world size 32 is assigned as DP rank 0, PP rank 0, PCP rank 0, TP rank 1, EP rank 1, EPLB rank N/A
2026-03-16T17:37:17.0871783Z (Worker pid=505) INFO 03-16 17:37:17 [parallel_state.py:1715] rank 3 in world size 32 is assigned as DP rank 0, PP rank 0, PCP rank 0, TP rank 3, EP rank 3, EPLB rank N/A
2026-03-16T17:37:17.0883877Z (Worker pid=822) INFO 03-16 17:37:17 [parallel_state.py:1715] rank 6 in world size 32 is assigned as DP rank 0, PP rank 0, PCP rank 0, TP rank 6, EP rank 6, EPLB rank N/A
2026-03-16T17:37:17.0899326Z (Worker pid=213) INFO 03-16 17:37:17 [parallel_state.py:1715] rank 8 in world size 32 is assigned as DP rank 1, PP rank 0, PCP rank 0, TP rank 0, EP rank 8, EPLB rank N/A
2026-03-16T17:37:17.0911024Z (Worker pid=395) INFO 03-16 17:37:17 [parallel_state.py:1715] rank 10 in world size 32 is assigned as DP rank 1, PP rank 0, PCP rank 0, TP rank 2, EP rank 10, EPLB rank N/A
2026-03-16T17:37:17.0923126Z (Worker pid=263) INFO 03-16 17:37:17 [parallel_state.py:1715] rank 9 in world size 32 is assigned as DP rank 1, PP rank 0, PCP rank 0, TP rank 1, EP rank 9, EPLB rank N/A
2026-03-16T17:37:17.0938254Z (Worker pid=501) INFO 03-16 17:37:17 [parallel_state.py:1715] rank 11 in world size 32 is assigned as DP rank 1, PP rank 0, PCP rank 0, TP rank 3, EP rank 11, EPLB rank N/A
2026-03-16T17:37:17.0956856Z (Worker pid=713) INFO 03-16 17:37:17 [parallel_state.py:1715] rank 13 in world size 32 is assigned as DP rank 1, PP rank 0, PCP rank 0, TP rank 5, EP rank 13, EPLB rank N/A
2026-03-16T17:37:17.0969158Z (Worker pid=819) INFO 03-16 17:37:17 [parallel_state.py:1715] rank 14 in world size 32 is assigned as DP rank 1, PP rank 0, PCP rank 0, TP rank 6, EP rank 14, EPLB rank N/A
2026-03-16T17:37:17.0980982Z (Worker pid=925) INFO 03-16 17:37:17 [parallel_state.py:1715] rank 15 in world size 32 is assigned as DP rank 1, PP rank 0, PCP rank 0, TP rank 7, EP rank 15, EPLB rank N/A
2026-03-16T17:37:17.0993130Z (Worker pid=607) INFO 03-16 17:37:17 [parallel_state.py:1715] rank 12 in world size 32 is assigned as DP rank 1, PP rank 0, PCP rank 0, TP rank 4, EP rank 12, EPLB rank N/A
2026-03-16T17:37:17.1005195Z [Gloo] Rank 3 is connected to 31 peer ranks. Expected number of connected peer ranks is : 31
2026-03-16T17:37:17.1015104Z [Gloo] Rank 4 is connected to 31 peer ranks. Expected number of connected peer ranks is : 31
2026-03-16T17:37:17.1026941Z [Gloo] Rank 7 is connected to 31 peer ranks. Expected number of connected peer ranks is : 31
2026-03-16T17:37:17.1037614Z [Gloo] Rank 2 is connected to 31 peer ranks. Expected number of connected peer ranks is : 31
2026-03-16T17:37:17.1048666Z [Gloo] Rank 0 is connected to 31 peer ranks. Expected number of connected peer ranks is : 31
2026-03-16T17:37:17.1059994Z [Gloo] Rank 5 is connected to 31 peer ranks. Expected number of connected peer ranks is : 31
2026-03-16T17:37:17.1070813Z [Gloo] Rank 9 is connected to 31 peer ranks. Expected number of connected peer ranks is : 31
2026-03-16T17:37:17.1082351Z [Gloo] Rank 6 is connected to 31 peer ranks. Expected number of connected peer ranks is : 31
2026-03-16T17:37:17.1093006Z [Gloo] Rank 1 is connected to 31 peer ranks. Expected number of connected peer ranks is : 31
2026-03-16T17:37:17.1104247Z [Gloo] Rank 10 is connected to 31 peer ranks. Expected number of connected peer ranks is : 31
2026-03-16T17:37:17.1116121Z [Gloo] Rank 13 is connected to 31 peer ranks. Expected number of connected peer ranks is : 31
2026-03-16T17:37:17.1127725Z [Gloo] Rank 11 is connected to 31 peer ranks. Expected number of connected peer ranks is : 31
2026-03-16T17:37:17.1140678Z [Gloo] Rank 15 is connected to 31 peer ranks. Expected number of connected peer ranks is : 31
2026-03-16T17:37:17.1150350Z [Gloo] Rank 14 is connected to 31 peer ranks. Expected number of connected peer ranks is : 31
2026-03-16T17:37:17.1161042Z [Gloo] Rank 8 is connected to 31 peer ranks. Expected number of connected peer ranks is : 31
2026-03-16T17:37:17.1172248Z [Gloo] Rank 12 is connected to 31 peer ranks. Expected number of connected peer ranks is : 31
2026-03-16T17:37:17.1183451Z [Gloo] Rank 1 is connected to 3 peer ranks. Expected number of connected peer ranks is : 3
2026-03-16T17:37:17.1195490Z [Gloo] Rank 1 is connected to 3 peer ranks. Expected number of connected peer ranks is : 3
2026-03-16T17:37:17.1206265Z [Gloo] Rank 0 is connected to 3 peer ranks. Expected number of connected peer ranks is : 3
2026-03-16T17:37:17.1217188Z [Gloo] Rank 0 is connected to 3 peer ranks. Expected number of connected peer ranks is : 3
2026-03-16T17:37:17.1228049Z [Gloo] Rank 1 is connected to 3 peer ranks. Expected number of connected peer ranks is : 3
2026-03-16T17:37:17.1240018Z [Gloo] Rank 1 is connected to 3 peer ranks. Expected number of connected peer ranks is : 3
2026-03-16T17:37:17.1251278Z [Gloo] Rank 0 is connected to 3 peer ranks. Expected number of connected peer ranks is : 3
2026-03-16T17:37:17.1262502Z [Gloo] Rank 1 is connected to 3 peer ranks. Expected number of connected peer ranks is : 3
2026-03-16T17:37:17.1274471Z [Gloo] Rank 0 is connected to 3 peer ranks. Expected number of connected peer ranks is : 3
2026-03-16T17:37:17.1285577Z [Gloo] Rank 1 is connected to 3 peer ranks. Expected number of connected peer ranks is : 3
2026-03-16T17:37:17.1296757Z [Gloo] Rank 0 is connected to 3 peer ranks. Expected number of connected peer ranks is : 3
2026-03-16T17:37:17.1308069Z [Gloo] Rank 1 is connected to 3 peer ranks. Expected number of connected peer ranks is : 3
2026-03-16T17:37:17.1318843Z [Gloo] Rank 0 is connected to 3 peer ranks. Expected number of connected peer ranks is : 3
2026-03-16T17:37:17.1330867Z [Gloo] Rank 1 is connected to 3 peer ranks. Expected number of connected peer ranks is : 3
2026-03-16T17:37:17.1379954Z [Gloo] Rank 0 is connected to 3 peer ranks. Expected number of connected peer ranks is : 3
2026-03-16T17:37:17.2400994Z [Gloo] Rank 0 is connected to 3 peer ranks. Expected number of connected peer ranks is : 3
2026-03-16T17:37:20.6422687Z (Worker pid=213) INFO 03-16 17:37:20 [cpu_binding.py:320] [cpu_bind_mode] mode=global_slice rank=0 visible_npus=[8, 9, 10, 11, 12, 13, 14, 15]
2026-03-16T17:37:20.6436053Z (Worker pid=213) INFO 03-16 17:37:20 [cpu_binding.py:367] The CPU allocation plan is as follows:
2026-03-16T17:37:20.6449561Z (Worker pid=213) INFO 03-16 17:37:20 [cpu_binding.py:372] NPU8: main=[162 163 164 165 166 167 168 169 170 171 172 173 174 175 176 177]  acl=[178]  release=[[179]]
2026-03-16T17:37:20.7063643Z (Worker pid=213) INFO 03-16 17:37:20 [cpu_binding.py:383] The 'migratepages' command is not available, skipping memory binding.
2026-03-16T17:37:20.7548691Z (Worker pid=213) WARNING 03-16 17:37:20 [__init__.py:204] min_p and logit_bias parameters won't work with speculative decoding.
2026-03-16T17:37:20.7637984Z (Worker pid=213) INFO 03-16 17:37:20 [base.py:106] Offloader set to NoopOffloader
2026-03-16T17:37:20.7932003Z (Worker pid=213) WARNING 03-16 17:37:20 [__init__.py:204] min_p and logit_bias parameters won't work with speculative decoding.
2026-03-16T17:37:20.7961527Z (Worker pid=213) (Worker_DP1_TP0_EP8 pid=213) INFO 03-16 17:37:20 [model_runner_v1.py:2521] Starting to load model /root/.cache/modelscope/hub/models/vllm-ascend/DeepSeek-V3___2-W8A8...
2026-03-16T17:37:20.9482818Z (Worker pid=925) INFO 03-16 17:37:20 [cpu_binding.py:320] [cpu_bind_mode] mode=global_slice rank=7 visible_npus=[8, 9, 10, 11, 12, 13, 14, 15]
2026-03-16T17:37:20.9505466Z (Worker pid=925) INFO 03-16 17:37:20 [cpu_binding.py:367] The CPU allocation plan is as follows:
2026-03-16T17:37:20.9517721Z (Worker pid=925) INFO 03-16 17:37:20 [cpu_binding.py:372] NPU15: main=[302 303 304 305 306 307 308 309 310 311 312 313 314 315 316 317]  acl=[318]  release=[[319]]
2026-03-16T17:37:21.0098906Z (Worker pid=925) INFO 03-16 17:37:21 [cpu_binding.py:383] The 'migratepages' command is not available, skipping memory binding.
2026-03-16T17:37:21.0427486Z (Worker pid=925) WARNING 03-16 17:37:21 [__init__.py:204] min_p and logit_bias parameters won't work with speculative decoding.
2026-03-16T17:37:21.0501987Z (Worker pid=925) INFO 03-16 17:37:21 [base.py:106] Offloader set to NoopOffloader
2026-03-16T17:37:21.0606978Z (Worker pid=925) WARNING 03-16 17:37:21 [__init__.py:204] min_p and logit_bias parameters won't work with speculative decoding.
2026-03-16T17:37:21.0626608Z (Worker pid=925) (Worker_DP1_TP7_EP15 pid=925) INFO 03-16 17:37:21 [model_runner_v1.py:2521] Starting to load model /root/.cache/modelscope/hub/models/vllm-ascend/DeepSeek-V3___2-W8A8...
2026-03-16T17:37:21.4323926Z (Worker pid=505) INFO 03-16 17:37:21 [cpu_binding.py:320] [cpu_bind_mode] mode=global_slice rank=3 visible_npus=[0, 1, 2, 3, 4, 5, 6, 7]
2026-03-16T17:37:21.4334808Z (Worker pid=505) INFO 03-16 17:37:21 [cpu_binding.py:367] The CPU allocation plan is as follows:
2026-03-16T17:37:21.4347162Z (Worker pid=505) INFO 03-16 17:37:21 [cpu_binding.py:372] NPU3: main=[62 63 64 65 66 67 68 69 70 71 72 73 74 75 76 77]  acl=[78]  release=[[79]]
2026-03-16T17:37:21.4822662Z (Worker pid=505) INFO 03-16 17:37:21 [cpu_binding.py:383] The 'migratepages' command is not available, skipping memory binding.
2026-03-16T17:37:21.5115941Z (Worker pid=505) WARNING 03-16 17:37:21 [__init__.py:204] min_p and logit_bias parameters won't work with speculative decoding.
2026-03-16T17:37:21.5201166Z (Worker pid=505) INFO 03-16 17:37:21 [base.py:106] Offloader set to NoopOffloader
2026-03-16T17:37:21.5291778Z (Worker pid=505) WARNING 03-16 17:37:21 [__init__.py:204] min_p and logit_bias parameters won't work with speculative decoding.
2026-03-16T17:37:21.5315831Z (Worker pid=505) (Worker_DP0_TP3_EP3 pid=505) INFO 03-16 17:37:21 [model_runner_v1.py:2521] Starting to load model /root/.cache/modelscope/hub/models/vllm-ascend/DeepSeek-V3___2-W8A8...
2026-03-16T17:37:21.5683239Z (Worker pid=398) INFO 03-16 17:37:21 [cpu_binding.py:320] [cpu_bind_mode] mode=global_slice rank=2 visible_npus=[0, 1, 2, 3, 4, 5, 6, 7]
2026-03-16T17:37:21.5697396Z (Worker pid=398) INFO 03-16 17:37:21 [cpu_binding.py:367] The CPU allocation plan is as follows:
2026-03-16T17:37:21.5709744Z (Worker pid=398) INFO 03-16 17:37:21 [cpu_binding.py:372] NPU2: main=[42 43 44 45 46 47 48 49 50 51 52 53 54 55 56 57]  acl=[58]  release=[[59]]
2026-03-16T17:37:21.6208148Z (Worker pid=398) INFO 03-16 17:37:21 [cpu_binding.py:383] The 'migratepages' command is not available, skipping memory binding.
2026-03-16T17:37:21.6403246Z (Worker pid=717) INFO 03-16 17:37:21 [cpu_binding.py:320] [cpu_bind_mode] mode=global_slice rank=5 visible_npus=[0, 1, 2, 3, 4, 5, 6, 7]
2026-03-16T17:37:21.6423700Z (Worker pid=717) INFO 03-16 17:37:21 [cpu_binding.py:367] The CPU allocation plan is as follows:
2026-03-16T17:37:21.6436056Z (Worker pid=717) INFO 03-16 17:37:21 [cpu_binding.py:372] NPU5: main=[102 103 104 105 106 107 108 109 110 111 112 113 114 115 116 117]  acl=[118]  release=[[119]]
2026-03-16T17:37:21.6511387Z (Worker pid=398) WARNING 03-16 17:37:21 [__init__.py:204] min_p and logit_bias parameters won't work with speculative decoding.
2026-03-16T17:37:21.6592667Z (Worker pid=398) INFO 03-16 17:37:21 [base.py:106] Offloader set to NoopOffloader
2026-03-16T17:37:21.6708423Z (Worker pid=398) WARNING 03-16 17:37:21 [__init__.py:204] min_p and logit_bias parameters won't work with speculative decoding.
2026-03-16T17:37:21.6731201Z (Worker pid=398) (Worker_DP0_TP2_EP2 pid=398) INFO 03-16 17:37:21 [model_runner_v1.py:2521] Starting to load model /root/.cache/modelscope/hub/models/vllm-ascend/DeepSeek-V3___2-W8A8...
2026-03-16T17:37:21.6956764Z (Worker pid=717) INFO 03-16 17:37:21 [cpu_binding.py:383] The 'migratepages' command is not available, skipping memory binding.
2026-03-16T17:37:21.7300259Z (Worker pid=717) WARNING 03-16 17:37:21 [__init__.py:204] min_p and logit_bias parameters won't work with speculative decoding.
2026-03-16T17:37:21.7393186Z (Worker pid=717) INFO 03-16 17:37:21 [base.py:106] Offloader set to NoopOffloader
2026-03-16T17:37:21.7562831Z (Worker pid=717) WARNING 03-16 17:37:21 [__init__.py:204] min_p and logit_bias parameters won't work with speculative decoding.
2026-03-16T17:37:21.7581597Z (Worker pid=717) (Worker_DP0_TP5_EP5 pid=717) INFO 03-16 17:37:21 [model_runner_v1.py:2521] Starting to load model /root/.cache/modelscope/hub/models/vllm-ascend/DeepSeek-V3___2-W8A8...
2026-03-16T17:37:21.9274826Z (Worker pid=213) (Worker_DP1_TP0_EP8 pid=213) INFO 03-16 17:37:21 [layer.py:456] [EP Rank 8/32] Expert parallelism is enabled. Expert placement strategy: linear. Local/global number of experts: 8/256. Experts local to global index map: 0->64, 1->65, 2->66, 3->67, 4->68, 5->69, 6->70, 7->71.
2026-03-16T17:37:22.0625257Z (Worker pid=263) INFO 03-16 17:37:22 [cpu_binding.py:320] [cpu_bind_mode] mode=global_slice rank=1 visible_npus=[8, 9, 10, 11, 12, 13, 14, 15]
2026-03-16T17:37:22.0691853Z (Worker pid=263) INFO 03-16 17:37:22 [cpu_binding.py:367] The CPU allocation plan is as follows:
2026-03-16T17:37:22.0703981Z (Worker pid=263) INFO 03-16 17:37:22 [cpu_binding.py:372] NPU9: main=[182 183 184 185 186 187 188 189 190 191 192 193 194 195 196 197]  acl=[198]  release=[[199]]
2026-03-16T17:37:22.1252927Z (Worker pid=822) INFO 03-16 17:37:22 [cpu_binding.py:320] [cpu_bind_mode] mode=global_slice rank=6 visible_npus=[0, 1, 2, 3, 4, 5, 6, 7]
2026-03-16T17:37:22.1272365Z (Worker pid=822) INFO 03-16 17:37:22 [cpu_binding.py:367] The CPU allocation plan is as follows:
2026-03-16T17:37:22.1284190Z (Worker pid=822) INFO 03-16 17:37:22 [cpu_binding.py:372] NPU6: main=[122 123 124 125 126 127 128 129 130 131 132 133 134 135 136 137]  acl=[138]  release=[[139]]
2026-03-16T17:37:22.1295383Z (Worker pid=925) (Worker_DP1_TP7_EP15 pid=925) INFO 03-16 17:37:22 [layer.py:456] [EP Rank 15/32] Expert parallelism is enabled. Expert placement strategy: linear. Local/global number of experts: 8/256. Experts local to global index map: 0->120, 1->121, 2->122, 3->123, 4->124, 5->125, 6->126, 7->127.
2026-03-16T17:37:22.1391514Z (Worker pid=263) INFO 03-16 17:37:22 [cpu_binding.py:383] The 'migratepages' command is not available, skipping memory binding.
2026-03-16T17:37:22.1598989Z (Worker pid=263) WARNING 03-16 17:37:22 [__init__.py:204] min_p and logit_bias parameters won't work with speculative decoding.
2026-03-16T17:37:22.1672052Z (Worker pid=819) INFO 03-16 17:37:22 [cpu_binding.py:320] [cpu_bind_mode] mode=global_slice rank=6 visible_npus=[8, 9, 10, 11, 12, 13, 14, 15]
2026-03-16T17:37:22.1699060Z (Worker pid=819) INFO 03-16 17:37:22 [cpu_binding.py:367] The CPU allocation plan is as follows:
2026-03-16T17:37:22.1710487Z (Worker pid=819) INFO 03-16 17:37:22 [cpu_binding.py:372] NPU14: main=[282 283 284 285 286 287 288 289 290 291 292 293 294 295 296 297]  acl=[298]  release=[[299]]
2026-03-16T17:37:22.1721641Z (Worker pid=263) INFO 03-16 17:37:22 [base.py:106] Offloader set to NoopOffloader
2026-03-16T17:37:22.1785729Z (Worker pid=263) WARNING 03-16 17:37:22 [__init__.py:204] min_p and logit_bias parameters won't work with speculative decoding.
2026-03-16T17:37:22.1828367Z (Worker pid=263) (Worker_DP1_TP1_EP9 pid=263) INFO 03-16 17:37:22 [model_runner_v1.py:2521] Starting to load model /root/.cache/modelscope/hub/models/vllm-ascend/DeepSeek-V3___2-W8A8...
2026-03-16T17:37:22.1889488Z (Worker pid=822) INFO 03-16 17:37:22 [cpu_binding.py:383] The 'migratepages' command is not available, skipping memory binding.
2026-03-16T17:37:22.2231278Z (Worker pid=822) WARNING 03-16 17:37:22 [__init__.py:204] min_p and logit_bias parameters won't work with speculative decoding.
2026-03-16T17:37:22.2304853Z (Worker pid=819) INFO 03-16 17:37:22 [cpu_binding.py:383] The 'migratepages' command is not available, skipping memory binding.
2026-03-16T17:37:22.2332828Z (Worker pid=822) INFO 03-16 17:37:22 [base.py:106] Offloader set to NoopOffloader
2026-03-16T17:37:22.2424742Z (Worker pid=822) WARNING 03-16 17:37:22 [__init__.py:204] min_p and logit_bias parameters won't work with speculative decoding.
2026-03-16T17:37:22.2453889Z (Worker pid=505) (Worker_DP0_TP3_EP3 pid=505) INFO 03-16 17:37:22 [layer.py:456] [EP Rank 3/32] Expert parallelism is enabled. Expert placement strategy: linear. Local/global number of experts: 8/256. Experts local to global index map: 0->24, 1->25, 2->26, 3->27, 4->28, 5->29, 6->30, 7->31.
2026-03-16T17:37:22.2464809Z (Worker pid=822) (Worker_DP0_TP6_EP6 pid=822) INFO 03-16 17:37:22 [model_runner_v1.py:2521] Starting to load model /root/.cache/modelscope/hub/models/vllm-ascend/DeepSeek-V3___2-W8A8...
2026-03-16T17:37:22.2673098Z (Worker pid=819) WARNING 03-16 17:37:22 [__init__.py:204] min_p and logit_bias parameters won't work with speculative decoding.
2026-03-16T17:37:22.2724580Z (Worker pid=819) INFO 03-16 17:37:22 [base.py:106] Offloader set to NoopOffloader
2026-03-16T17:37:22.2841986Z (Worker pid=819) WARNING 03-16 17:37:22 [__init__.py:204] min_p and logit_bias parameters won't work with speculative decoding.
2026-03-16T17:37:22.2865262Z (Worker pid=819) (Worker_DP1_TP6_EP14 pid=819) INFO 03-16 17:37:22 [model_runner_v1.py:2521] Starting to load model /root/.cache/modelscope/hub/models/vllm-ascend/DeepSeek-V3___2-W8A8...
2026-03-16T17:37:22.3817499Z (Worker pid=266) INFO 03-16 17:37:22 [cpu_binding.py:320] [cpu_bind_mode] mode=global_slice rank=1 visible_npus=[0, 1, 2, 3, 4, 5, 6, 7]
2026-03-16T17:37:22.3843200Z (Worker pid=266) INFO 03-16 17:37:22 [cpu_binding.py:367] The CPU allocation plan is as follows:
2026-03-16T17:37:22.3858406Z (Worker pid=266) INFO 03-16 17:37:22 [cpu_binding.py:372] NPU1: main=[22 23 24 25 26 27 28 29 30 31 32 33 34 35 36 37]  acl=[38]  release=[[39]]
2026-03-16T17:37:22.4321559Z (Worker pid=266) INFO 03-16 17:37:22 [cpu_binding.py:383] The 'migratepages' command is not available, skipping memory binding.
2026-03-16T17:37:22.4607355Z (Worker pid=266) WARNING 03-16 17:37:22 [__init__.py:204] min_p and logit_bias parameters won't work with speculative decoding.
2026-03-16T17:37:22.4690909Z (Worker pid=266) INFO 03-16 17:37:22 [base.py:106] Offloader set to NoopOffloader
2026-03-16T17:37:22.4798151Z (Worker pid=266) WARNING 03-16 17:37:22 [__init__.py:204] min_p and logit_bias parameters won't work with speculative decoding.
2026-03-16T17:37:22.4809961Z (Worker pid=266) (Worker_DP0_TP1_EP1 pid=266) INFO 03-16 17:37:22 [model_runner_v1.py:2521] Starting to load model /root/.cache/modelscope/hub/models/vllm-ascend/DeepSeek-V3___2-W8A8...
2026-03-16T17:37:22.7245830Z (Worker pid=928) INFO 03-16 17:37:22 [cpu_binding.py:320] [cpu_bind_mode] mode=global_slice rank=7 visible_npus=[0, 1, 2, 3, 4, 5, 6, 7]
2026-03-16T17:37:22.7266290Z (Worker pid=928) INFO 03-16 17:37:22 [cpu_binding.py:367] The CPU allocation plan is as follows:
2026-03-16T17:37:22.7278723Z (Worker pid=928) INFO 03-16 17:37:22 [cpu_binding.py:372] NPU7: main=[142 143 144 145 146 147 148 149 150 151 152 153 154 155 156 157]  acl=[158]  release=[[159]]
2026-03-16T17:37:22.7846519Z (Worker pid=928) INFO 03-16 17:37:22 [cpu_binding.py:383] The 'migratepages' command is not available, skipping memory binding.
2026-03-16T17:37:22.7875660Z (Worker pid=398) (Worker_DP0_TP2_EP2 pid=398) INFO 03-16 17:37:22 [layer.py:456] [EP Rank 2/32] Expert parallelism is enabled. Expert placement strategy: linear. Local/global number of experts: 8/256. Experts local to global index map: 0->16, 1->17, 2->18, 3->19, 4->20, 5->21, 6->22, 7->23.
2026-03-16T17:37:22.8186574Z (Worker pid=928) WARNING 03-16 17:37:22 [__init__.py:204] min_p and logit_bias parameters won't work with speculative decoding.
2026-03-16T17:37:22.8274425Z (Worker pid=928) INFO 03-16 17:37:22 [base.py:106] Offloader set to NoopOffloader
2026-03-16T17:37:22.8412375Z (Worker pid=395) INFO 03-16 17:37:22 [cpu_binding.py:320] [cpu_bind_mode] mode=global_slice rank=2 visible_npus=[8, 9, 10, 11, 12, 13, 14, 15]
2026-03-16T17:37:22.8420616Z (Worker pid=928) WARNING 03-16 17:37:22 [__init__.py:204] min_p and logit_bias parameters won't work with speculative decoding.
2026-03-16T17:37:22.8436773Z (Worker pid=395) INFO 03-16 17:37:22 [cpu_binding.py:367] The CPU allocation plan is as follows:
2026-03-16T17:37:22.8446342Z (Worker pid=395) INFO 03-16 17:37:22 [cpu_binding.py:372] NPU10: main=[202 203 204 205 206 207 208 209 210 211 212 213 214 215 216 217]  acl=[218]  release=[[219]]
2026-03-16T17:37:22.8457771Z (Worker pid=928) (Worker_DP0_TP7_EP7 pid=928) INFO 03-16 17:37:22 [model_runner_v1.py:2521] Starting to load model /root/.cache/modelscope/hub/models/vllm-ascend/DeepSeek-V3___2-W8A8...
2026-03-16T17:37:22.9045534Z (Worker pid=607) INFO 03-16 17:37:22 [cpu_binding.py:320] [cpu_bind_mode] mode=global_slice rank=4 visible_npus=[8, 9, 10, 11, 12, 13, 14, 15]
2026-03-16T17:37:22.9056711Z (Worker pid=607) INFO 03-16 17:37:22 [cpu_binding.py:367] The CPU allocation plan is as follows:
2026-03-16T17:37:22.9068532Z (Worker pid=607) INFO 03-16 17:37:22 [cpu_binding.py:372] NPU12: main=[242 243 244 245 246 247 248 249 250 251 252 253 254 255 256 257]  acl=[258]  release=[[259]]
2026-03-16T17:37:22.9104285Z (Worker pid=395) INFO 03-16 17:37:22 [cpu_binding.py:383] The 'migratepages' command is not available, skipping memory binding.
2026-03-16T17:37:22.9429092Z (Worker pid=395) WARNING 03-16 17:37:22 [__init__.py:204] min_p and logit_bias parameters won't work with speculative decoding.
2026-03-16T17:37:22.9512333Z (Worker pid=395) INFO 03-16 17:37:22 [base.py:106] Offloader set to NoopOffloader
2026-03-16T17:37:22.9603847Z (Worker pid=607) INFO 03-16 17:37:22 [cpu_binding.py:383] The 'migratepages' command is not available, skipping memory binding.
2026-03-16T17:37:22.9640662Z (Worker pid=395) WARNING 03-16 17:37:22 [__init__.py:204] min_p and logit_bias parameters won't work with speculative decoding.
2026-03-16T17:37:22.9662546Z (Worker pid=395) (Worker_DP1_TP2_EP10 pid=395) INFO 03-16 17:37:22 [model_runner_v1.py:2521] Starting to load model /root/.cache/modelscope/hub/models/vllm-ascend/DeepSeek-V3___2-W8A8...
2026-03-16T17:37:22.9922609Z (Worker pid=607) WARNING 03-16 17:37:22 [__init__.py:204] min_p and logit_bias parameters won't work with speculative decoding.
2026-03-16T17:37:23.0005225Z (Worker pid=607) INFO 03-16 17:37:22 [base.py:106] Offloader set to NoopOffloader
2026-03-16T17:37:23.0028337Z (Worker pid=717) (Worker_DP0_TP5_EP5 pid=717) INFO 03-16 17:37:23 [layer.py:456] [EP Rank 5/32] Expert parallelism is enabled. Expert placement strategy: linear. Local/global number of experts: 8/256. Experts local to global index map: 0->40, 1->41, 2->42, 3->43, 4->44, 5->45, 6->46, 7->47.
2026-03-16T17:37:23.0120602Z (Worker pid=607) WARNING 03-16 17:37:23 [__init__.py:204] min_p and logit_bias parameters won't work with speculative decoding.
2026-03-16T17:37:23.0155008Z (Worker pid=607) (Worker_DP1_TP4_EP12 pid=607) INFO 03-16 17:37:23 [model_runner_v1.py:2521] Starting to load model /root/.cache/modelscope/hub/models/vllm-ascend/DeepSeek-V3___2-W8A8...
2026-03-16T17:37:23.0183301Z (Worker pid=610) INFO 03-16 17:37:23 [cpu_binding.py:320] [cpu_bind_mode] mode=global_slice rank=4 visible_npus=[0, 1, 2, 3, 4, 5, 6, 7]
2026-03-16T17:37:23.0208594Z (Worker pid=610) INFO 03-16 17:37:23 [cpu_binding.py:367] The CPU allocation plan is as follows:
2026-03-16T17:37:23.0220091Z (Worker pid=610) INFO 03-16 17:37:23 [cpu_binding.py:372] NPU4: main=[82 83 84 85 86 87 88 89 90 91 92 93 94 95 96 97]  acl=[98]  release=[[99]]
2026-03-16T17:37:23.0798539Z (Worker pid=610) INFO 03-16 17:37:23 [cpu_binding.py:383] The 'migratepages' command is not available, skipping memory binding.
2026-03-16T17:37:23.0825664Z (Worker pid=501) INFO 03-16 17:37:23 [cpu_binding.py:320] [cpu_bind_mode] mode=global_slice rank=3 visible_npus=[8, 9, 10, 11, 12, 13, 14, 15]
2026-03-16T17:37:23.0847477Z (Worker pid=501) INFO 03-16 17:37:23 [cpu_binding.py:367] The CPU allocation plan is as follows:
2026-03-16T17:37:23.0859656Z (Worker pid=501) INFO 03-16 17:37:23 [cpu_binding.py:372] NPU11: main=[222 223 224 225 226 227 228 229 230 231 232 233 234 235 236 237]  acl=[238]  release=[[239]]
2026-03-16T17:37:23.1152934Z (Worker pid=610) WARNING 03-16 17:37:23 [__init__.py:204] min_p and logit_bias parameters won't work with speculative decoding.
2026-03-16T17:37:23.1241227Z (Worker pid=610) INFO 03-16 17:37:23 [base.py:106] Offloader set to NoopOffloader
2026-03-16T17:37:23.1355637Z (Worker pid=610) WARNING 03-16 17:37:23 [__init__.py:204] min_p and logit_bias parameters won't work with speculative decoding.
2026-03-16T17:37:23.1377864Z (Worker pid=610) (Worker_DP0_TP4_EP4 pid=610) INFO 03-16 17:37:23 [model_runner_v1.py:2521] Starting to load model /root/.cache/modelscope/hub/models/vllm-ascend/DeepSeek-V3___2-W8A8...
2026-03-16T17:37:23.1412856Z (Worker pid=501) INFO 03-16 17:37:23 [cpu_binding.py:383] The 'migratepages' command is not available, skipping memory binding.
2026-03-16T17:37:23.1737932Z (Worker pid=501) WARNING 03-16 17:37:23 [__init__.py:204] min_p and logit_bias parameters won't work with speculative decoding.
2026-03-16T17:37:23.1821777Z (Worker pid=501) INFO 03-16 17:37:23 [base.py:106] Offloader set to NoopOffloader
2026-03-16T17:37:23.1941646Z (Worker pid=501) WARNING 03-16 17:37:23 [__init__.py:204] min_p and logit_bias parameters won't work with speculative decoding.
2026-03-16T17:37:23.1966241Z (Worker pid=501) (Worker_DP1_TP3_EP11 pid=501) INFO 03-16 17:37:23 [model_runner_v1.py:2521] Starting to load model /root/.cache/modelscope/hub/models/vllm-ascend/DeepSeek-V3___2-W8A8...
2026-03-16T17:37:23.2737357Z (Worker pid=266) (Worker_DP0_TP1_EP1 pid=266) INFO 03-16 17:37:23 [layer.py:456] [EP Rank 1/32] Expert parallelism is enabled. Expert placement strategy: linear. Local/global number of experts: 8/256. Experts local to global index map: 0->8, 1->9, 2->10, 3->11, 4->12, 5->13, 6->14, 7->15.
2026-03-16T17:37:23.2871067Z (Worker pid=263) (Worker_DP1_TP1_EP9 pid=263) INFO 03-16 17:37:23 [layer.py:456] [EP Rank 9/32] Expert parallelism is enabled. Expert placement strategy: linear. Local/global number of experts: 8/256. Experts local to global index map: 0->72, 1->73, 2->74, 3->75, 4->76, 5->77, 6->78, 7->79.
2026-03-16T17:37:23.4126346Z (Worker pid=713) INFO 03-16 17:37:23 [cpu_binding.py:320] [cpu_bind_mode] mode=global_slice rank=5 visible_npus=[8, 9, 10, 11, 12, 13, 14, 15]
2026-03-16T17:37:23.4136587Z (Worker pid=713) INFO 03-16 17:37:23 [cpu_binding.py:367] The CPU allocation plan is as follows:
2026-03-16T17:37:23.4149112Z (Worker pid=713) INFO 03-16 17:37:23 [cpu_binding.py:372] NPU13: main=[262 263 264 265 266 267 268 269 270 271 272 273 274 275 276 277]  acl=[278]  release=[[279]]
2026-03-16T17:37:23.4640041Z (Worker pid=713) INFO 03-16 17:37:23 [cpu_binding.py:383] The 'migratepages' command is not available, skipping memory binding.
2026-03-16T17:37:23.4771502Z (Worker pid=822) (Worker_DP0_TP6_EP6 pid=822) INFO 03-16 17:37:23 [layer.py:456] [EP Rank 6/32] Expert parallelism is enabled. Expert placement strategy: linear. Local/global number of experts: 8/256. Experts local to global index map: 0->48, 1->49, 2->50, 3->51, 4->52, 5->53, 6->54, 7->55.
2026-03-16T17:37:23.4943179Z (Worker pid=713) WARNING 03-16 17:37:23 [__init__.py:204] min_p and logit_bias parameters won't work with speculative decoding.
2026-03-16T17:37:23.5007383Z (Worker pid=212) INFO 03-16 17:37:23 [cpu_binding.py:320] [cpu_bind_mode] mode=global_slice rank=0 visible_npus=[0, 1, 2, 3, 4, 5, 6, 7]
2026-03-16T17:37:23.5018045Z (Worker pid=212) INFO 03-16 17:37:23 [cpu_binding.py:367] The CPU allocation plan is as follows:
2026-03-16T17:37:23.5030167Z (Worker pid=212) INFO 03-16 17:37:23 [cpu_binding.py:372] NPU0: main=[2 3 4 5 6 7 8 9 10 11 12 13 14 15 16 17]  acl=[18]  release=[[19]]
2026-03-16T17:37:23.5041500Z (Worker pid=713) INFO 03-16 17:37:23 [base.py:106] Offloader set to NoopOffloader
2026-03-16T17:37:23.5161877Z (Worker pid=713) WARNING 03-16 17:37:23 [__init__.py:204] min_p and logit_bias parameters won't work with speculative decoding.
2026-03-16T17:37:23.5174201Z (Worker pid=713) (Worker_DP1_TP5_EP13 pid=713) INFO 03-16 17:37:23 [model_runner_v1.py:2521] Starting to load model /root/.cache/modelscope/hub/models/vllm-ascend/DeepSeek-V3___2-W8A8...
2026-03-16T17:37:23.5360936Z (Worker pid=819) (Worker_DP1_TP6_EP14 pid=819) INFO 03-16 17:37:23 [layer.py:456] [EP Rank 14/32] Expert parallelism is enabled. Expert placement strategy: linear. Local/global number of experts: 8/256. Experts local to global index map: 0->112, 1->113, 2->114, 3->115, 4->116, 5->117, 6->118, 7->119.
2026-03-16T17:37:23.5541205Z (Worker pid=212) INFO 03-16 17:37:23 [cpu_binding.py:383] The 'migratepages' command is not available, skipping memory binding.
2026-03-16T17:37:23.5843700Z (Worker pid=212) WARNING 03-16 17:37:23 [__init__.py:204] min_p and logit_bias parameters won't work with speculative decoding.
2026-03-16T17:37:23.5924648Z (Worker pid=212) INFO 03-16 17:37:23 [base.py:106] Offloader set to NoopOffloader
2026-03-16T17:37:23.6031604Z (Worker pid=212) WARNING 03-16 17:37:23 [__init__.py:204] min_p and logit_bias parameters won't work with speculative decoding.
2026-03-16T17:37:23.6055433Z (Worker pid=212) (Worker_DP0_TP0_EP0 pid=212) INFO 03-16 17:37:23 [model_runner_v1.py:2521] Starting to load model /root/.cache/modelscope/hub/models/vllm-ascend/DeepSeek-V3___2-W8A8...
2026-03-16T17:37:23.9640298Z (Worker pid=928) (Worker_DP0_TP7_EP7 pid=928) INFO 03-16 17:37:23 [layer.py:456] [EP Rank 7/32] Expert parallelism is enabled. Expert placement strategy: linear. Local/global number of experts: 8/256. Experts local to global index map: 0->56, 1->57, 2->58, 3->59, 4->60, 5->61, 6->62, 7->63.
2026-03-16T17:37:24.1612475Z (Worker pid=607) (Worker_DP1_TP4_EP12 pid=607) INFO 03-16 17:37:24 [layer.py:456] [EP Rank 12/32] Expert parallelism is enabled. Expert placement strategy: linear. Local/global number of experts: 8/256. Experts local to global index map: 0->96, 1->97, 2->98, 3->99, 4->100, 5->101, 6->102, 7->103.
2026-03-16T17:37:24.1731762Z (Worker pid=395) (Worker_DP1_TP2_EP10 pid=395) INFO 03-16 17:37:24 [layer.py:456] [EP Rank 10/32] Expert parallelism is enabled. Expert placement strategy: linear. Local/global number of experts: 8/256. Experts local to global index map: 0->80, 1->81, 2->82, 3->83, 4->84, 5->85, 6->86, 7->87.
2026-03-16T17:37:24.4208200Z (Worker pid=501) (Worker_DP1_TP3_EP11 pid=501) INFO 03-16 17:37:24 [layer.py:456] [EP Rank 11/32] Expert parallelism is enabled. Expert placement strategy: linear. Local/global number of experts: 8/256. Experts local to global index map: 0->88, 1->89, 2->90, 3->91, 4->92, 5->93, 6->94, 7->95.
2026-03-16T17:37:24.5432861Z (Worker pid=610) (Worker_DP0_TP4_EP4 pid=610) INFO 03-16 17:37:24 [layer.py:456] [EP Rank 4/32] Expert parallelism is enabled. Expert placement strategy: linear. Local/global number of experts: 8/256. Experts local to global index map: 0->32, 1->33, 2->34, 3->35, 4->36, 5->37, 6->38, 7->39.
2026-03-16T17:37:24.6636827Z (Worker pid=212) (Worker_DP0_TP0_EP0 pid=212) INFO 03-16 17:37:24 [layer.py:456] [EP Rank 0/32] Expert parallelism is enabled. Expert placement strategy: linear. Local/global number of experts: 8/256. Experts local to global index map: 0->0, 1->1, 2->2, 3->3, 4->4, 5->5, 6->6, 7->7.
2026-03-16T17:37:24.6875941Z (Worker pid=713) (Worker_DP1_TP5_EP13 pid=713) INFO 03-16 17:37:24 [layer.py:456] [EP Rank 13/32] Expert parallelism is enabled. Expert placement strategy: linear. Local/global number of experts: 8/256. Experts local to global index map: 0->104, 1->105, 2->106, 3->107, 4->108, 5->109, 6->110, 7->111.
2026-03-16T17:37:25.4367209Z (Worker pid=212) (Worker_DP0_TP0_EP0 pid=212) INFO 03-16 17:37:25 [fused_moe.py:285] [EP Rank 0/32] Expert parallelism is enabled. Local/global number of experts: 8/256. Experts local to global index map: 0->0, 1->1, 2->2, 3->3, 4->4, 5->5, 6->6, 7->7.
2026-03-16T17:37:25.6151683Z (Worker pid=717) (Worker_DP0_TP5_EP5 pid=717) INFO 03-16 17:37:25 [fused_moe.py:285] [EP Rank 5/32] Expert parallelism is enabled. Local/global number of experts: 8/256. Experts local to global index map: 0->40, 1->41, 2->42, 3->43, 4->44, 5->45, 6->46, 7->47.
2026-03-16T17:37:25.6179607Z (Worker pid=819) (Worker_DP1_TP6_EP14 pid=819) INFO 03-16 17:37:25 [fused_moe.py:285] [EP Rank 14/32] Expert parallelism is enabled. Local/global number of experts: 8/256. Experts local to global index map: 0->112, 1->113, 2->114, 3->115, 4->116, 5->117, 6->118, 7->119.
2026-03-16T17:37:25.6219742Z (Worker pid=713) (Worker_DP1_TP5_EP13 pid=713) INFO 03-16 17:37:25 [fused_moe.py:285] [EP Rank 13/32] Expert parallelism is enabled. Local/global number of experts: 8/256. Experts local to global index map: 0->104, 1->105, 2->106, 3->107, 4->108, 5->109, 6->110, 7->111.
2026-03-16T17:37:25.6244353Z (Worker pid=263) (Worker_DP1_TP1_EP9 pid=263) INFO 03-16 17:37:25 [fused_moe.py:285] [EP Rank 9/32] Expert parallelism is enabled. Local/global number of experts: 8/256. Experts local to global index map: 0->72, 1->73, 2->74, 3->75, 4->76, 5->77, 6->78, 7->79.
2026-03-16T17:37:25.6340574Z (Worker pid=928) (Worker_DP0_TP7_EP7 pid=928) INFO 03-16 17:37:25 [fused_moe.py:285] [EP Rank 7/32] Expert parallelism is enabled. Local/global number of experts: 8/256. Experts local to global index map: 0->56, 1->57, 2->58, 3->59, 4->60, 5->61, 6->62, 7->63.
2026-03-16T17:37:25.6508097Z (Worker pid=395) (Worker_DP1_TP2_EP10 pid=395) INFO 03-16 17:37:25 [fused_moe.py:285] [EP Rank 10/32] Expert parallelism is enabled. Local/global number of experts: 8/256. Experts local to global index map: 0->80, 1->81, 2->82, 3->83, 4->84, 5->85, 6->86, 7->87.
2026-03-16T17:37:25.6601202Z (Worker pid=266) (Worker_DP0_TP1_EP1 pid=266) INFO 03-16 17:37:25 [fused_moe.py:285] [EP Rank 1/32] Expert parallelism is enabled. Local/global number of experts: 8/256. Experts local to global index map: 0->8, 1->9, 2->10, 3->11, 4->12, 5->13, 6->14, 7->15.
2026-03-16T17:37:25.6652469Z (Worker pid=610) (Worker_DP0_TP4_EP4 pid=610) INFO 03-16 17:37:25 [fused_moe.py:285] [EP Rank 4/32] Expert parallelism is enabled. Local/global number of experts: 8/256. Experts local to global index map: 0->32, 1->33, 2->34, 3->35, 4->36, 5->37, 6->38, 7->39.
2026-03-16T17:37:25.6693504Z (Worker pid=925) (Worker_DP1_TP7_EP15 pid=925) INFO 03-16 17:37:25 [fused_moe.py:285] [EP Rank 15/32] Expert parallelism is enabled. Local/global number of experts: 8/256. Experts local to global index map: 0->120, 1->121, 2->122, 3->123, 4->124, 5->125, 6->126, 7->127.
2026-03-16T17:37:25.6724753Z (Worker pid=213) (Worker_DP1_TP0_EP8 pid=213) INFO 03-16 17:37:25 [fused_moe.py:285] [EP Rank 8/32] Expert parallelism is enabled. Local/global number of experts: 8/256. Experts local to global index map: 0->64, 1->65, 2->66, 3->67, 4->68, 5->69, 6->70, 7->71.
2026-03-16T17:37:25.6849953Z (Worker pid=607) (Worker_DP1_TP4_EP12 pid=607) INFO 03-16 17:37:25 [fused_moe.py:285] [EP Rank 12/32] Expert parallelism is enabled. Local/global number of experts: 8/256. Experts local to global index map: 0->96, 1->97, 2->98, 3->99, 4->100, 5->101, 6->102, 7->103.
2026-03-16T17:37:25.6871426Z (Worker pid=505) (Worker_DP0_TP3_EP3 pid=505) INFO 03-16 17:37:25 [fused_moe.py:285] [EP Rank 3/32] Expert parallelism is enabled. Local/global number of experts: 8/256. Experts local to global index map: 0->24, 1->25, 2->26, 3->27, 4->28, 5->29, 6->30, 7->31.
2026-03-16T17:37:25.6883208Z (Worker pid=398) (Worker_DP0_TP2_EP2 pid=398) INFO 03-16 17:37:25 [fused_moe.py:285] [EP Rank 2/32] Expert parallelism is enabled. Local/global number of experts: 8/256. Experts local to global index map: 0->16, 1->17, 2->18, 3->19, 4->20, 5->21, 6->22, 7->23.
2026-03-16T17:37:25.6895606Z (Worker pid=822) (Worker_DP0_TP6_EP6 pid=822) INFO 03-16 17:37:25 [fused_moe.py:285] [EP Rank 6/32] Expert parallelism is enabled. Local/global number of experts: 8/256. Experts local to global index map: 0->48, 1->49, 2->50, 3->51, 4->52, 5->53, 6->54, 7->55.
2026-03-16T17:37:25.7063278Z (Worker pid=501) (Worker_DP1_TP3_EP11 pid=501) INFO 03-16 17:37:25 [fused_moe.py:285] [EP Rank 11/32] Expert parallelism is enabled. Local/global number of experts: 8/256. Experts local to global index map: 0->88, 1->89, 2->90, 3->91, 4->92, 5->93, 6->94, 7->95.
2026-03-16T17:37:25.9605587Z (Worker pid=819) (Worker_DP1_TP6_EP14 pid=819) INFO 03-16 17:37:25 [fused_moe.py:540] Sequence parallelism is enabled, shared experts are replicated for best performance.
2026-03-16T17:37:25.9628485Z (Worker pid=610) (Worker_DP0_TP4_EP4 pid=610) INFO 03-16 17:37:25 [fused_moe.py:540] Sequence parallelism is enabled, shared experts are replicated for best performance.
2026-03-16T17:37:25.9640324Z (Worker pid=266) (Worker_DP0_TP1_EP1 pid=266) INFO 03-16 17:37:25 [fused_moe.py:540] Sequence parallelism is enabled, shared experts are replicated for best performance.
2026-03-16T17:37:25.9651469Z (Worker pid=717) (Worker_DP0_TP5_EP5 pid=717) INFO 03-16 17:37:25 [fused_moe.py:540] Sequence parallelism is enabled, shared experts are replicated for best performance.
2026-03-16T17:37:25.9825034Z (Worker pid=607) (Worker_DP1_TP4_EP12 pid=607) INFO 03-16 17:37:25 [fused_moe.py:540] Sequence parallelism is enabled, shared experts are replicated for best performance.
2026-03-16T17:37:25.9837015Z (Worker pid=713) (Worker_DP1_TP5_EP13 pid=713) INFO 03-16 17:37:25 [fused_moe.py:540] Sequence parallelism is enabled, shared experts are replicated for best performance.
2026-03-16T17:37:25.9848323Z (Worker pid=928) (Worker_DP0_TP7_EP7 pid=928) INFO 03-16 17:37:25 [fused_moe.py:540] Sequence parallelism is enabled, shared experts are replicated for best performance.
2026-03-16T17:37:25.9860023Z (Worker pid=925) (Worker_DP1_TP7_EP15 pid=925) INFO 03-16 17:37:25 [fused_moe.py:540] Sequence parallelism is enabled, shared experts are replicated for best performance.
2026-03-16T17:37:25.9871096Z (Worker pid=213) (Worker_DP1_TP0_EP8 pid=213) INFO 03-16 17:37:25 [fused_moe.py:540] Sequence parallelism is enabled, shared experts are replicated for best performance.
2026-03-16T17:37:25.9883011Z (Worker pid=505) (Worker_DP0_TP3_EP3 pid=505) INFO 03-16 17:37:25 [fused_moe.py:540] Sequence parallelism is enabled, shared experts are replicated for best performance.
2026-03-16T17:37:25.9894033Z (Worker pid=263) (Worker_DP1_TP1_EP9 pid=263) INFO 03-16 17:37:25 [fused_moe.py:540] Sequence parallelism is enabled, shared experts are replicated for best performance.
2026-03-16T17:37:26.0025867Z (Worker pid=501) (Worker_DP1_TP3_EP11 pid=501) INFO 03-16 17:37:25 [fused_moe.py:540] Sequence parallelism is enabled, shared experts are replicated for best performance.
2026-03-16T17:37:26.0037827Z (Worker pid=395) (Worker_DP1_TP2_EP10 pid=395) INFO 03-16 17:37:25 [fused_moe.py:540] Sequence parallelism is enabled, shared experts are replicated for best performance.
2026-03-16T17:37:26.0108504Z (Worker pid=822) (Worker_DP0_TP6_EP6 pid=822) INFO 03-16 17:37:26 [fused_moe.py:540] Sequence parallelism is enabled, shared experts are replicated for best performance.
2026-03-16T17:37:26.0120289Z (Worker pid=398) (Worker_DP0_TP2_EP2 pid=398) INFO 03-16 17:37:26 [fused_moe.py:540] Sequence parallelism is enabled, shared experts are replicated for best performance.
2026-03-16T17:37:26.0769288Z (Worker pid=212) (Worker_DP0_TP0_EP0 pid=212) INFO 03-16 17:37:26 [fused_moe.py:540] Sequence parallelism is enabled, shared experts are replicated for best performance.
2026-03-16T17:37:33.4912602Z (Worker pid=212) (Worker_DP0_TP0_EP0 pid=212) INFO 03-16 17:37:33 [compilation.py:937] Using OOT custom backend for compilation.
2026-03-16T17:37:33.4951623Z (Worker pid=925) (Worker_DP1_TP7_EP15 pid=925) INFO 03-16 17:37:33 [compilation.py:937] Using OOT custom backend for compilation.
2026-03-16T17:37:33.4983274Z (Worker pid=266) (Worker_DP0_TP1_EP1 pid=266) INFO 03-16 17:37:33 [compilation.py:937] Using OOT custom backend for compilation.
2026-03-16T17:37:33.5696922Z (Worker pid=819) (Worker_DP1_TP6_EP14 pid=819) INFO 03-16 17:37:33 [compilation.py:937] Using OOT custom backend for compilation.
2026-03-16T17:37:33.7851287Z (Worker pid=212) (Worker_DP0_TP0_EP0 pid=212)
2026-03-16T17:37:33.7851782Z Loading safetensors checkpoint shards:   0% Completed | 0/163 [00:00<?, ?it/s]
2026-03-16T17:37:33.8317394Z (Worker pid=213) (Worker_DP1_TP0_EP8 pid=213) INFO 03-16 17:37:33 [compilation.py:937] Using OOT custom backend for compilation.
2026-03-16T17:37:33.8452684Z (Worker pid=713) (Worker_DP1_TP5_EP13 pid=713) INFO 03-16 17:37:33 [compilation.py:937] Using OOT custom backend for compilation.
2026-03-16T17:37:33.9457629Z (Worker pid=607) (Worker_DP1_TP4_EP12 pid=607) INFO 03-16 17:37:33 [compilation.py:937] Using OOT custom backend for compilation.
2026-03-16T17:37:33.9550099Z (Worker pid=263) (Worker_DP1_TP1_EP9 pid=263) INFO 03-16 17:37:33 [compilation.py:937] Using OOT custom backend for compilation.
2026-03-16T17:37:34.1968930Z (Worker pid=610) (Worker_DP0_TP4_EP4 pid=610) INFO 03-16 17:37:34 [compilation.py:937] Using OOT custom backend for compilation.
2026-03-16T17:37:34.3057715Z (Worker pid=717) (Worker_DP0_TP5_EP5 pid=717) INFO 03-16 17:37:34 [compilation.py:937] Using OOT custom backend for compilation.
2026-03-16T17:37:34.3136511Z (Worker pid=505) (Worker_DP0_TP3_EP3 pid=505) INFO 03-16 17:37:34 [compilation.py:937] Using OOT custom backend for compilation.
2026-03-16T17:37:34.3232746Z (Worker pid=501) (Worker_DP1_TP3_EP11 pid=501) INFO 03-16 17:37:34 [compilation.py:937] Using OOT custom backend for compilation.
2026-03-16T17:37:34.3244874Z (Worker pid=398) (Worker_DP0_TP2_EP2 pid=398) INFO 03-16 17:37:34 [compilation.py:937] Using OOT custom backend for compilation.
2026-03-16T17:37:34.3255678Z (Worker pid=395) (Worker_DP1_TP2_EP10 pid=395) INFO 03-16 17:37:34 [compilation.py:937] Using OOT custom backend for compilation.
2026-03-16T17:37:34.3714557Z (Worker pid=928) (Worker_DP0_TP7_EP7 pid=928) INFO 03-16 17:37:34 [compilation.py:937] Using OOT custom backend for compilation.
2026-03-16T17:37:34.3756656Z (Worker pid=822) (Worker_DP0_TP6_EP6 pid=822) INFO 03-16 17:37:34 [compilation.py:937] Using OOT custom backend for compilation.
2026-03-16T17:37:40.3037665Z (Worker pid=212) (Worker_DP0_TP0_EP0 pid=212)
2026-03-16T17:37:40.3038193Z Loading safetensors checkpoint shards:   1% Completed | 1/163 [00:06<17:35,  6.52s/it]
2026-03-16T17:37:41.4171206Z (Worker pid=212) (Worker_DP0_TP0_EP0 pid=212)
2026-03-16T17:37:41.4171751Z Loading safetensors checkpoint shards:   1% Completed | 2/163 [00:07<08:57,  3.34s/it]
2026-03-16T17:37:42.9401944Z (Worker pid=212) (Worker_DP0_TP0_EP0 pid=212)
2026-03-16T17:37:42.9402475Z Loading safetensors checkpoint shards:   2% Completed | 3/163 [00:09<06:41,  2.51s/it]
2026-03-16T17:37:46.7860701Z (Worker pid=212) (Worker_DP0_TP0_EP0 pid=212)
2026-03-16T17:37:46.7861230Z Loading safetensors checkpoint shards:   2% Completed | 4/163 [00:13<08:02,  3.04s/it]
2026-03-16T17:37:47.8987942Z (Worker pid=212) (Worker_DP0_TP0_EP0 pid=212)
2026-03-16T17:37:47.8988856Z Loading safetensors checkpoint shards:   3% Completed | 5/163 [00:14<06:10,  2.34s/it]
2026-03-16T17:37:50.2505982Z (Worker pid=212) (Worker_DP0_TP0_EP0 pid=212)
2026-03-16T17:37:50.2506584Z Loading safetensors checkpoint shards:   4% Completed | 6/163 [00:16<06:08,  2.35s/it]
2026-03-16T17:37:51.7441732Z (Worker pid=212) (Worker_DP0_TP0_EP0 pid=212)
2026-03-16T17:37:51.7442271Z Loading safetensors checkpoint shards:   4% Completed | 7/163 [00:17<05:22,  2.07s/it]
2026-03-16T17:37:53.6811182Z (Worker pid=212) (Worker_DP0_TP0_EP0 pid=212)
2026-03-16T17:37:53.6811672Z Loading safetensors checkpoint shards:   5% Completed | 8/163 [00:19<05:13,  2.03s/it]
2026-03-16T17:37:56.4383724Z (Worker pid=212) (Worker_DP0_TP0_EP0 pid=212)
2026-03-16T17:37:56.4384247Z Loading safetensors checkpoint shards:   6% Completed | 9/163 [00:22<05:47,  2.25s/it]
2026-03-16T17:37:57.6945235Z (Worker pid=212) (Worker_DP0_TP0_EP0 pid=212)
2026-03-16T17:37:57.6945810Z Loading safetensors checkpoint shards:   6% Completed | 10/163 [00:23<04:57,  1.95s/it]
2026-03-16T17:37:59.2854935Z (Worker pid=212) (Worker_DP0_TP0_EP0 pid=212)
2026-03-16T17:37:59.2855491Z Loading safetensors checkpoint shards:   7% Completed | 11/163 [00:25<04:39,  1.84s/it]
2026-03-16T17:38:02.5632702Z (Worker pid=212) (Worker_DP0_TP0_EP0 pid=212)
2026-03-16T17:38:02.5633236Z Loading safetensors checkpoint shards:   7% Completed | 12/163 [00:28<05:43,  2.28s/it]
2026-03-16T17:38:03.6140994Z (Worker pid=212) (Worker_DP0_TP0_EP0 pid=212)
2026-03-16T17:38:03.6141514Z Loading safetensors checkpoint shards:   8% Completed | 13/163 [00:29<04:45,  1.90s/it]
2026-03-16T17:38:05.5902238Z (Worker pid=212) (Worker_DP0_TP0_EP0 pid=212)
2026-03-16T17:38:05.5902788Z Loading safetensors checkpoint shards:   9% Completed | 14/163 [00:31<04:47,  1.93s/it]
